mipt_data/L16_p0.1600.npz k=    0 seed=   142716393: BIT-EXACT
mipt_data/L16_p0.1600.npz k=    1 seed=   142716394: BIT-EXACT
mipt_data/L16_p0.1600.npz k= 1999 seed=   142718392: BIT-EXACT
mipt_data/L16_p0.1600.npz k= 3999 seed=   142720392: BIT-EXACT
mipt_data/L24_p0.1550.npz k=    0 seed=   146756917: BIT-EXACT
mipt_data/L24_p0.1550.npz k=    1 seed=   146756918: BIT-EXACT
mipt_data/L24_p0.1550.npz k= 2000 seed=   146758917: BIT-EXACT
mipt_data/L24_p0.1550.npz k= 3999 seed=   146760916: BIT-EXACT
mipt_data/L32_p0.1500.npz k=    0 seed=   150797441: BIT-EXACT
mipt_data/L32_p0.1500.npz k=    1 seed=   150797442: BIT-EXACT
mipt_data/L32_p0.1500.npz k= 2000 seed=   150799441: BIT-EXACT
mipt_data/L32_p0.1500.npz k= 3999 seed=   150801440: BIT-EXACT
mipt_data/L48_p0.1650.npz k=    0 seed=   178675989: BIT-EXACT
mipt_data/L48_p0.1650.npz k=    1 seed=   178675990: BIT-EXACT
mipt_data/L48_p0.1650.npz k= 2000 seed=   178677989: BIT-EXACT
mipt_data/L48_p0.1650.npz k= 3999 seed=   178679988: BIT-EXACT
mipt_data/L64_p0.1700.npz k=    0 seed=   198635537: BIT-EXACT
mipt_data/L64_p0.1700.npz k=    1 seed=   198635538: BIT-EXACT
mipt_data/L64_p0.1700.npz k= 2000 seed=   198637537: BIT-EXACT
mipt_data/L64_p0.1700.npz k= 3999 seed=   198639536: BIT-EXACT
mipt_data/L96_p0.1500.npz k=    0 seed=   214797633: BIT-EXACT
mipt_data/L96_p0.1500.npz k=    1 seed=   214797634: BIT-EXACT
mipt_data/L96_p0.1500.npz k= 1499 seed=   214799132: BIT-EXACT
mipt_data/L96_p0.1500.npz k= 2999 seed=   214800632: BIT-EXACT
mipt_data/L128_p0.1600.npz k=    0 seed=   254716729: BIT-EXACT
mipt_data/L128_p0.1600.npz k=    1 seed=   254716730: BIT-EXACT
mipt_data/L128_p0.1600.npz k= 1499 seed=   254718228: BIT-EXACT
mipt_data/L128_p0.1600.npz k= 2999 seed=   254719728: BIT-EXACT
mipt_data/L192_p0.1450.npz k=    0 seed=   306838421: BIT-EXACT
mipt_data/L192_p0.1450.npz k=    1 seed=   306838422: BIT-EXACT
mipt_data/L192_p0.1450.npz k=  999 seed=   306839420: BIT-EXACT
mipt_data/L192_p0.1450.npz k= 1999 seed=   306840420: BIT-EXACT
mipt_data/L256_p0.1550.npz k=    0 seed=   378757613: BIT-EXACT
mipt_data/L256_p0.1550.npz k=    1 seed=   378757614: BIT-EXACT
mipt_data/L256_p0.1550.npz k=  999 seed=   378758612: BIT-EXACT
mipt_data/L256_p0.1550.npz k= 1999 seed=   378759612: BIT-EXACT
mipt_data/L384_p0.1800.npz k=    0 seed=   526555497: BIT-EXACT
mipt_data/L384_p0.1800.npz k=    1 seed=   526555498: BIT-EXACT
mipt_data/L384_p0.1800.npz k=  400 seed=   526555897: BIT-EXACT
mipt_data/L384_p0.1800.npz k=  799 seed=   526556296: BIT-EXACT
mipt_data/L512_p0.1600.npz k=    0 seed=   638717881: BIT-EXACT
mipt_data/L512_p0.1600.npz k=    1 seed=   638717882: BIT-EXACT
mipt_data/L512_p0.1600.npz k=  200 seed=   638718081: BIT-EXACT
mipt_data/L512_p0.1600.npz k=  399 seed=   638718280: BIT-EXACT

44/44 trajectories regenerate bit-exactly (5 s)
verdict: SEED CONTRACT VERIFIED
