sizes [16, 32, 64, 128, 256] p [0.14, 0.145, 0.15, 0.155, 0.16, 0.165, 0.17, 0.175, 0.18] taus [np.float64(0.25), np.float64(0.5), np.float64(1.0), np.float64(2.0), np.float64(4.0)]

=== tau = t/L = 0.25 ===
p      L=16            L=32            L=64            L=128           L=256           
0.140  6.2560(0.0273) 7.9345(0.0348) 10.0127(0.0459) 13.0175(0.0628) 18.4000(0.0736) 
0.145  6.0652(0.0279) 7.5412(0.0331) 9.2363(0.0435) 11.4000(0.0618) 15.2385(0.0687) 
0.150  5.8232(0.0283) 7.1030(0.0327) 8.4543(0.0435) 9.9115(0.0595) 12.3675(0.0649) 
0.155  5.6520(0.0271) 6.8180(0.0329) 7.6623(0.0425) 8.5370(0.0569) 9.7695(0.0629) 
0.160  5.4322(0.0276) 6.4290(0.0315) 7.0140(0.0417) 7.3800(0.0544) 7.5175(0.0552) 
0.165  5.2453(0.0278) 6.0598(0.0315) 6.2717(0.0392) 6.2265(0.0506) 5.6025(0.0511) 
0.170  5.0838(0.0265) 5.6792(0.0308) 5.7510(0.0388) 5.1410(0.0462) 4.0915(0.0425) 
0.175  4.9432(0.0261) 5.4020(0.0307) 5.1697(0.0370) 4.3630(0.0443) 2.8945(0.0375) 
0.180  4.7160(0.0263) 5.1100(0.0299) 4.6763(0.0355) 3.5770(0.0401) 1.9200(0.0312) 
crossings p*(L1,L2): [(16, 32, None), (32, 64, 0.16998), (64, 128, 0.16365), (128, 256, 0.16127)]
  collapse L>=16 |x|<=None: p_c=0.16634 nu=1.3956 chi2/dof=5460.7/36
   frozen-nu dchi2 (full set): {1.0: 1636.2, 1.2: 312.8, 1.24: 189.7, 1.28: 100.5, 1.3333: 27.7, 1.4: 0.1}
  collapse L>=16 |x|<=2.0: p_c=0.16641 nu=0.5953 chi2/dof=453.1/1
  collapse L>=32 |x|<=None: p_c=0.16347 nu=1.2862 chi2/dof=680.9/27
   frozen-nu dchi2 (full set): {1.0: 737.4, 1.2: 49.3, 1.24: 13.5, 1.28: 0.2, 1.3333: 12.7, 1.4: 69.4}
  collapse L>=32 |x|<=2.0: p_c=0.16323 nu=1.0328 chi2/dof=605.1/20
  collapse L>=64 |x|<=None: p_c=0.16191 nu=1.2808 chi2/dof=48.1/18
   frozen-nu dchi2 (full set): {1.0: 426.3, 1.2: 28.2, 1.24: 6.9, 1.28: 0.0, 1.3333: 10.7, 1.4: 52.3}
  collapse L>=64 |x|<=2.0: p_c=0.16191 nu=1.2808 chi2/dof=48.1/18

=== tau = t/L = 0.5 ===
p      L=16            L=32            L=64            L=128           L=256           
0.140  3.9253(0.0235) 4.9067(0.0281) 6.5177(0.0368) 9.1355(0.0505) 14.4100(0.0595) 
0.145  3.7645(0.0230) 4.5950(0.0268) 5.6783(0.0348) 7.5500(0.0495) 11.1985(0.0553) 
0.150  3.5850(0.0234) 4.1190(0.0259) 4.9530(0.0340) 6.0840(0.0462) 8.3960(0.0508) 
0.155  3.3640(0.0229) 3.8480(0.0258) 4.2397(0.0327) 4.8165(0.0425) 5.8565(0.0477) 
0.160  3.1800(0.0227) 3.4752(0.0245) 3.6237(0.0309) 3.7635(0.0396) 3.7215(0.0397) 
0.165  3.0002(0.0224) 3.1520(0.0242) 3.0570(0.0293) 2.8115(0.0353) 2.1865(0.0331) 
0.170  2.8098(0.0220) 2.8577(0.0231) 2.6097(0.0276) 1.9965(0.0305) 1.2165(0.0244) 
0.175  2.6662(0.0213) 2.6033(0.0232) 2.1780(0.0255) 1.4280(0.0264) 0.5995(0.0170) 
0.180  2.4893(0.0208) 2.3178(0.0217) 1.8037(0.0236) 0.9590(0.0223) 0.2380(0.0109) 
crossings p*(L1,L2): [(16, 32, 0.172), (32, 64, 0.16306), (64, 128, 0.16128), (128, 256, 0.16067)]
  collapse L>=16 |x|<=None: p_c=0.16188 nu=1.2898 chi2/dof=894.4/36
   frozen-nu dchi2 (full set): {1.0: 1360.6, 1.2: 94.8, 1.24: 27.6, 1.28: 1.0, 1.3333: 18.7, 1.4: 110.8}
  collapse L>=16 |x|<=2.0: p_c=0.16188 nu=1.2898 chi2/dof=894.4/36
  collapse L>=32 |x|<=None: p_c=0.16094 nu=1.2554 chi2/dof=133.0/27
   frozen-nu dchi2 (full set): {1.0: 777.7, 1.2: 27.2, 1.24: 2.0, 1.28: 4.9, 1.3333: 46.2, 1.4: 149.1}
  collapse L>=32 |x|<=2.0: p_c=0.16094 nu=1.2554 chi2/dof=133.0/27
  collapse L>=64 |x|<=None: p_c=0.16039 nu=1.2506 chi2/dof=15.5/18
   frozen-nu dchi2 (full set): {1.0: 453.1, 1.2: 14.9, 1.24: 0.6, 1.28: 4.7, 1.3333: 35.7, 1.4: 110.8}
  collapse L>=64 |x|<=2.0: p_c=0.16039 nu=1.2506 chi2/dof=15.5/18

=== tau = t/L = 1.0 ===
p      L=16            L=32            L=64            L=128           L=256           
0.140  2.2997(0.0192) 3.0270(0.0221) 4.3247(0.0292) 6.9010(0.0404) 11.9825(0.0474) 
0.145  2.1235(0.0184) 2.6790(0.0212) 3.5123(0.0276) 5.2715(0.0383) 8.9245(0.0445) 
0.150  1.9592(0.0183) 2.2807(0.0200) 2.8183(0.0255) 3.8750(0.0356) 6.0575(0.0414) 
0.155  1.7548(0.0174) 1.9695(0.0190) 2.2487(0.0244) 2.7310(0.0325) 3.5990(0.0364) 
0.160  1.6115(0.0172) 1.6860(0.0183) 1.7220(0.0220) 1.7525(0.0277) 1.7650(0.0276) 
0.165  1.4450(0.0163) 1.4418(0.0172) 1.3073(0.0203) 1.0410(0.0223) 0.6280(0.0177) 
0.170  1.3220(0.0159) 1.1958(0.0159) 0.9367(0.0171) 0.5230(0.0158) 0.1910(0.0098) 
0.175  1.1855(0.0156) 0.9792(0.0149) 0.6567(0.0146) 0.2460(0.0113) 0.0365(0.0043) 
0.180  1.0482(0.0144) 0.8147(0.0136) 0.4517(0.0124) 0.1080(0.0076) 0.0050(0.0016) 
crossings p*(L1,L2): [(16, 32, 0.16353), (32, 64, 0.16097), (64, 128, 0.16064), (128, 256, [0.16152356212374835, 0.17980890963555507])]
  collapse L>=16 |x|<=None: p_c=0.16058 nu=1.2790 chi2/dof=148.3/36
   frozen-nu dchi2 (full set): {1.0: 1589.4, 1.2: 93.8, 1.24: 21.7, 1.28: 0.0, 1.3333: 37.4, 1.4: 172.2}
  collapse L>=16 |x|<=2.0: p_c=0.16058 nu=1.2790 chi2/dof=148.3/36
  collapse L>=32 |x|<=None: p_c=0.16025 nu=1.2637 chi2/dof=32.5/27
   frozen-nu dchi2 (full set): {1.0: 1049.2, 1.2: 45.8, 1.24: 6.0, 1.28: 2.7, 1.3333: 47.0, 1.4: 169.1}
  collapse L>=32 |x|<=2.0: p_c=0.16025 nu=1.2637 chi2/dof=32.5/27
  collapse L>=64 |x|<=None: p_c=0.16009 nu=1.2486 chi2/dof=18.3/18
   frozen-nu dchi2 (full set): {1.0: 544.3, 1.2: 16.9, 1.24: 0.5, 1.28: 6.6, 1.3333: 45.8, 1.4: 138.6}
  collapse L>=64 |x|<=2.0: p_c=0.16009 nu=1.2486 chi2/dof=18.3/18
  bootstrap L>=32 (n=100): p_c=0.16025+-0.00007 nu=1.2646+-0.0091
  bootstrap L>=64 (n=100): p_c=0.16011+-0.00009 nu=1.2499+-0.0142

=== tau = t/L = 2.0 ===
p      L=16            L=32            L=64            L=128           L=256           
0.140  1.1173(0.0143) 1.6373(0.0167) 2.7590(0.0225) 5.2165(0.0330) 10.2750(0.0377) 
0.145  0.9775(0.0136) 1.3485(0.0158) 2.0467(0.0212) 3.6505(0.0305) 7.2105(0.0361) 
0.150  0.8313(0.0127) 1.0143(0.0143) 1.4773(0.0191) 2.4110(0.0281) 4.3465(0.0324) 
0.155  0.7055(0.0121) 0.8257(0.0131) 0.9837(0.0166) 1.3435(0.0235) 2.1275(0.0275) 
0.160  0.5875(0.0114) 0.6115(0.0115) 0.5983(0.0133) 0.6155(0.0172) 0.6155(0.0170) 
0.165  0.4785(0.0103) 0.4602(0.0103) 0.3500(0.0106) 0.2220(0.0103) 0.0905(0.0069) 
0.170  0.4175(0.0095) 0.3065(0.0084) 0.1900(0.0077) 0.0575(0.0053) 0.0045(0.0015) 
0.175  0.3307(0.0086) 0.2205(0.0072) 0.0927(0.0054) 0.0135(0.0026) 0.0000(0.0005) 
0.180  0.2585(0.0077) 0.1470(0.0060) 0.0423(0.0038) 0.0035(0.0013) 0.0000(0.0005) 
crossings p*(L1,L2): [(16, 32, 0.16147), (32, 64, 0.16032), (64, 128, 0.16148), (128, 256, [0.16283647865053336, 0.178014006177699])]
  collapse L>=16 |x|<=None: p_c=0.16046 nu=1.3276 chi2/dof=116.8/36
   frozen-nu dchi2 (full set): {1.0: 3271.9, 1.2: 362.6, 1.24: 160.7, 1.28: 44.6, 1.3333: 0.6, 1.4: 86.4}
  collapse L>=16 |x|<=2.0: p_c=0.16046 nu=1.3276 chi2/dof=116.8/36
  collapse L>=32 |x|<=None: p_c=0.16032 nu=1.3154 chi2/dof=98.3/27
   frozen-nu dchi2 (full set): {1.0: 2352.2, 1.2: 218.3, 1.24: 87.4, 1.28: 18.1, 1.3333: 4.3, 1.4: 87.0}
  collapse L>=32 |x|<=2.0: p_c=0.15984 nu=1.2063 chi2/dof=95.7/26
  collapse L>=64 |x|<=None: p_c=0.16027 nu=1.3096 chi2/dof=82.8/18
   frozen-nu dchi2 (full set): {1.0: 1206.8, 1.2: 102.0, 1.24: 38.9, 1.28: 6.7, 1.3333: 4.0, 1.4: 53.8}
  collapse L>=64 |x|<=2.0: p_c=0.15977 nu=1.2071 chi2/dof=52.5/17
  bootstrap L>=32 (n=100): p_c=0.16033+-0.00008 nu=1.3165+-0.0082
  bootstrap L>=64 (n=100): p_c=0.16028+-0.00008 nu=1.3103+-0.0113

=== tau = t/L = 4.0 ===
p      L=16            L=32            L=64            L=128           
0.140  0.3392(0.0086) 0.6735(0.0118) 1.5657(0.0180) 3.9065(0.0276) 
0.145  0.2610(0.0076) 0.4637(0.0099) 1.0007(0.0158) 2.4095(0.0254) 
0.150  0.1920(0.0066) 0.2785(0.0080) 0.5493(0.0123) 1.2310(0.0211) 
0.155  0.1365(0.0057) 0.1955(0.0068) 0.2623(0.0091) 0.4450(0.0140) 
0.160  0.0973(0.0048) 0.1035(0.0050) 0.0963(0.0056) 0.1115(0.0073) 
0.165  0.0688(0.0041) 0.0602(0.0039) 0.0300(0.0032) 0.0150(0.0027) 
0.170  0.0510(0.0035) 0.0220(0.0023) 0.0100(0.0018) 0.0020(0.0010) 
0.175  0.0333(0.0029) 0.0105(0.0017) 0.0027(0.0009) 0.0000(0.0005) 
0.180  0.0163(0.0021) 0.0050(0.0011) 0.0007(0.0005) 0.0000(0.0005) 
crossings p*(L1,L2): [(16, 32, 0.16089), (32, 64, [0.16015964828537038, 0.17867771129597387]), (64, 128, [0.16128022088482974, 0.17377771574307618])]
  collapse L>=16 |x|<=None: p_c=0.16041 nu=1.3346 chi2/dof=37.4/27
   frozen-nu dchi2 (full set): {1.0: 625.6, 1.2: 67.8, 1.24: 31.1, 1.28: 9.6, 1.3333: 0.0, 1.4: 11.2}
  collapse L>=16 |x|<=2.0: p_c=0.16041 nu=1.3346 chi2/dof=37.4/27
  collapse L>=32 |x|<=None: p_c=0.16038 nu=1.3393 chi2/dof=30.0/18
   frozen-nu dchi2 (full set): {1.0: 336.9, 1.2: 39.8, 1.24: 19.0, 1.28: 6.4, 1.3333: 0.1, 1.4: 5.6}
  collapse L>=32 |x|<=2.0: p_c=0.16038 nu=1.3393 chi2/dof=30.0/18

written mipt_results/purif_summary_rerun.json
