=== step 1: dense n=3 scan, L=4,6,8,10, 33 p-values ===
  L=4 p=0.050 lam1=0.75157229 lam_sig=0.73605462 (std.std,i+) lam_eps=0.08047642 X=0.08345 [0.04s]
  L=4 p=0.100 lam1=0.56135096 lam_sig=0.53584675 (std.std,i+) lam_eps=0.06266060 X=0.18599 [0.04s]
  L=4 p=0.150 lam1=0.41687618 lam_sig=0.38554166 (std.std,i+) lam_eps=0.04815189 X=0.31256 [0.04s]
  L=4 p=0.200 lam1=0.30803021 lam_sig=0.27393361 (std.std,i+) lam_eps=0.03638251 X=0.46925 [0.04s]
  L=4 p=0.220 lam1=0.27258423 lam_sig=0.23804477 (std.std,i+) lam_eps=0.03234202 X=0.54196 [0.04s]
  L=4 p=0.230 lam1=0.25636296 lam_sig=0.22172017 (std.std,i+) lam_eps=0.03045260 X=0.58071 [0.04s]
  L=4 p=0.240 lam1=0.24107304 lam_sig=0.20639865 (std.std,i+) lam_eps=0.02864670 X=0.62116 [0.04s]
  L=4 p=0.250 lam1=0.22666507 lam_sig=0.19202587 (std.std,i+) lam_eps=0.02692170 X=0.66337 [0.04s]
  L=4 p=0.260 lam1=0.21309193 lam_sig=0.17855006 (std.std,i+) lam_eps=0.02527505 X=0.70742 [0.04s]
  L=4 p=0.270 lam1=0.20030864 lam_sig=0.16592184 (std.std,i+) lam_eps=0.02370429 X=0.75337 [0.04s]
  L=4 p=0.280 lam1=0.18827237 lam_sig=0.15409418 (std.std,i+) lam_eps=0.02220704 X=0.80130 [0.04s]
  L=4 p=0.290 lam1=0.17694227 lam_sig=0.14302228 (std.std,i+) lam_eps=0.02078098 X=0.85129 [0.04s]
  L=4 p=0.300 lam1=0.16627945 lam_sig=0.13266352 (std.std,i+) lam_eps=0.01942388 X=0.90342 [0.04s]
  L=4 p=0.310 lam1=0.15624688 lam_sig=0.12297731 (std.std,i+) lam_eps=0.01813354 X=0.95775 [0.04s]
  L=4 p=0.320 lam1=0.14680935 lam_sig=0.11392508 (std.std,i+) lam_eps=0.01690781 X=1.01437 [0.04s]
  L=4 p=0.330 lam1=0.13793335 lam_sig=0.10547015 (std.std,i+) lam_eps=0.01574463 X=1.07337 [0.04s]
  L=4 p=0.340 lam1=0.12958705 lam_sig=0.09757766 (std.std,i+) lam_eps=0.01464193 X=1.13482 [0.04s]
  L=4 p=0.350 lam1=0.12174021 lam_sig=0.09021453 (std.std,i+) lam_eps=0.01359771 X=1.19880 [0.04s]
  L=4 p=0.360 lam1=0.11436414 lam_sig=0.08334933 (std.std,i+) lam_eps=0.01260999 X=1.26539 [0.04s]
  L=4 p=0.370 lam1=0.10743159 lam_sig=0.07695226 (std.std,i+) lam_eps=0.01167685 X=1.33468 [0.04s]
  L=4 p=0.380 lam1=0.10091674 lam_sig=0.07099505 (std.std,i+) lam_eps=0.01079635 X=1.40674 [0.04s]
  L=4 p=0.390 lam1=0.09479514 lam_sig=0.06545093 (std.std,i+) lam_eps=0.00996662 X=1.48167 [0.04s]
  L=4 p=0.400 lam1=0.08904362 lam_sig=0.06029451 (std.std,i+) lam_eps=0.00918579 X=1.55954 [0.04s]
  L=4 p=0.410 lam1=0.08364024 lam_sig=0.05550176 (std.std,i+) lam_eps=0.00845203 X=1.64044 [0.04s]
  L=4 p=0.450 lam1=0.06511035 lam_sig=0.03953102 (std.std,i+) lam_eps=0.00595150 X=1.99599 [0.04s]
  L=4 p=0.500 lam1=0.04760862 lam_sig=0.02536333 (std.std,i+) lam_eps=0.00367239 X=2.51884 [0.04s]
  L=4 p=0.550 lam1=0.03480058 lam_sig=0.01587390 (std.std,i+) lam_eps=0.00214020 X=3.13983 [0.04s]
  L=4 p=0.600 lam1=0.02540965 lam_sig=0.00964812 (std.std,i+) lam_eps=0.00116560 X=3.87347 [0.04s]
  L=4 p=0.650 lam1=0.01850845 lam_sig=0.00565879 (std.std,i+) lam_eps=0.00058484 X=4.74007 [0.04s]
  L=4 p=0.700 lam1=0.01342750 lam_sig=0.00317255 (std.std,i+) lam_eps=0.00026484 X=5.77107 [0.04s]
  L=4 p=0.750 lam1=0.00968407 lam_sig=0.00167500 (std.std,i+) lam_eps=0.00010487 X=7.01867 [0.04s]
  L=4 p=0.800 lam1=0.00692879 lam_sig=0.00081203 (std.std,i+) lam_eps=0.00003445 X=8.57559 [0.04s]
  L=4 p=0.850 lam1=0.00490708 lam_sig=0.00034469 (std.std,i+) lam_eps=0.00000851 X=10.62317 [0.04s]
  L=6 p=0.050 lam1=0.63837507 lam_sig=0.63293356 (std.std,i+) lam_eps=0.15618673 X=0.05136 [0.05s]
  L=6 p=0.100 lam1=0.40310028 lam_sig=0.39469548 (std.std,i+) lam_eps=0.10514796 X=0.12642 [0.05s]
  L=6 p=0.150 lam1=0.25214442 lam_sig=0.24241016 (std.std,i+) lam_eps=0.07007229 X=0.23623 [0.05s]
  L=6 p=0.200 lam1=0.15662267 lam_sig=0.14659518 (std.std,i+) lam_eps=0.04598820 X=0.39699 [0.05s]
  L=6 p=0.220 lam1=0.12930779 lam_sig=0.11935876 (std.std,i+) lam_eps=0.03863379 X=0.48037 [0.05s]
  L=6 p=0.230 lam1=0.11747852 lam_sig=0.10760082 (std.std,i+) lam_eps=0.03535722 X=0.52696 [0.05s]
  L=6 p=0.240 lam1=0.10672827 lam_sig=0.09694073 (std.std,i+) lam_eps=0.03232334 X=0.57712 [0.05s]
  L=6 p=0.250 lam1=0.09696260 lam_sig=0.08728238 (std.std,i+) lam_eps=0.02951557 X=0.63106 [0.05s]
  L=6 p=0.260 lam1=0.08809465 lam_sig=0.07853741 (std.std,i+) lam_eps=0.02691856 X=0.68902 [0.05s]
  L=6 p=0.270 lam1=0.08004459 lam_sig=0.07062468 (std.std,i+) lam_eps=0.02451809 X=0.75123 [0.05s]
  L=6 p=0.280 lam1=0.07273914 lam_sig=0.06346970 (std.std,i+) lam_eps=0.02230100 X=0.81790 [0.05s]
  L=6 p=0.290 lam1=0.06611103 lam_sig=0.05700418 (std.std,i+) lam_eps=0.02025505 X=0.88927 [0.05s]
  L=6 p=0.300 lam1=0.06009863 lam_sig=0.05116550 (std.std,i+) lam_eps=0.01836889 X=0.96553 [0.05s]
  L=6 p=0.310 lam1=0.05464548 lam_sig=0.04589632 (std.std,i+) lam_eps=0.01663193 X=1.04689 [0.05s]
  L=6 p=0.320 lam1=0.04969993 lam_sig=0.04114420 (std.std,i+) lam_eps=0.01503430 X=1.13352 [0.04s]
  L=6 p=0.330 lam1=0.04521480 lam_sig=0.03686117 (std.std,i+) lam_eps=0.01356677 X=1.22560 [0.05s]
  L=6 p=0.340 lam1=0.04114701 lam_sig=0.03300339 (std.std,i+) lam_eps=0.01222068 X=1.32325 [0.05s]
  L=6 p=0.350 lam1=0.03745730 lam_sig=0.02953086 (std.std,i+) lam_eps=0.01098789 X=1.42659 [0.05s]
  L=6 p=0.360 lam1=0.03410992 lam_sig=0.02640710 (std.std,i+) lam_eps=0.00986074 X=1.53573 [0.04s]
  L=6 p=0.370 lam1=0.03107238 lam_sig=0.02359884 (std.std,i+) lam_eps=0.00883200 X=1.65073 [0.05s]
  L=6 p=0.380 lam1=0.02831516 lam_sig=0.02107578 (std.std,i+) lam_eps=0.00789481 X=1.77164 [0.05s]
  L=6 p=0.390 lam1=0.02581151 lam_sig=0.01881038 (std.std,i+) lam_eps=0.00704268 X=1.89847 [0.05s]
  L=6 p=0.400 lam1=0.02353719 lam_sig=0.01677757 (std.std,i+) lam_eps=0.00626948 X=2.03123 [0.05s]
  L=6 p=0.410 lam1=0.02147027 lam_sig=0.01495458 (std.std,i+) lam_eps=0.00556935 X=2.16991 [0.05s]
  L=6 p=0.450 lam1=0.01490834 lam_sig=0.00937547 (std.std,i+) lam_eps=0.00339308 X=2.78295 [0.05s]
  L=6 p=0.500 lam1=0.00949304 lam_sig=0.00514391 (std.std,i+) lam_eps=0.00173429 X=3.67648 [0.05s]
  L=6 p=0.550 lam1=0.00605344 lam_sig=0.00276204 (std.std,i+) lam_eps=0.00083314 X=4.70794 [0.05s]
  L=6 p=0.600 lam1=0.00385012 lam_sig=0.00144402 (std.std,i+) lam_eps=0.00037346 X=5.88405 [0.05s]
  L=6 p=0.650 lam1=0.00243346 lam_sig=0.00072945 (std.std,i+) lam_eps=0.00015442 X=7.22865 [0.05s]
  L=6 p=0.700 lam1=0.00152348 lam_sig=0.00035207 (std.std,i+) lam_eps=0.00005783 X=8.78951 [0.05s]
  L=6 p=0.750 lam1=0.00094196 lam_sig=0.00015963 (std.std,i+) lam_eps=0.00001905 X=10.65049 [0.05s]
  L=6 p=0.800 lam1=0.00057359 lam_sig=0.00006616 (std.std,i+) lam_eps=0.00000525 X=12.95905 [0.05s]
  L=6 p=0.850 lam1=0.00034305 lam_sig=0.00002385 (std.std,i+) lam_eps=0.00000110 X=15.99655 [0.05s]
  L=8 p=0.050 lam1=0.54535262 lam_sig=0.54358561 (std.std,i+) lam_eps=0.17395203 X=0.02596 [0.8s]
  L=8 p=0.100 lam1=0.29247473 lam_sig=0.28983457 (std.std,i+) lam_eps=0.10058486 X=0.07254 [0.88s]
  L=8 p=0.150 lam1=0.15453687 lam_sig=0.15158345 (std.std,i+) lam_eps=0.05768919 X=0.15437 [0.8s]
  L=8 p=0.200 lam1=0.08075838 lam_sig=0.07780659 (std.std,i+) lam_eps=0.03269786 X=0.29788 [0.83s]
  L=8 p=0.220 lam1=0.06219227 lam_sig=0.05929222 (std.std,i+) lam_eps=0.02592172 X=0.38202 [0.87s]
  L=8 p=0.230 lam1=0.05457348 lam_sig=0.05170685 (std.std,i+) lam_eps=0.02304592 X=0.43166 [0.79s]
  L=8 p=0.240 lam1=0.04789128 lam_sig=0.04506242 (std.std,i+) lam_eps=0.02046588 X=0.48708 [0.81s]
  L=8 p=0.250 lam1=0.04203396 lam_sig=0.03924685 (std.std,i+) lam_eps=0.01815177 X=0.54885 [0.79s]
  L=8 p=0.260 lam1=0.03690236 lam_sig=0.03416073 (std.std,i+) lam_eps=0.01607698 X=0.61759 [0.8s]
  L=8 p=0.270 lam1=0.03240853 lam_sig=0.02971599 (std.std,i+) lam_eps=0.01421772 X=0.69389 [0.79s]
  L=8 p=0.280 lam1=0.02847457 lam_sig=0.02583466 (std.std,i+) lam_eps=0.01255273 X=0.77835 [0.8s]
  L=8 p=0.290 lam1=0.02503150 lam_sig=0.02244782 (std.std,i+) lam_eps=0.01106302 X=0.87153 [0.78s]
  L=8 p=0.300 lam1=0.02201837 lam_sig=0.01949454 (std.std,i+) lam_eps=0.00973156 X=0.97394 [0.8s]
  L=8 p=0.310 lam1=0.01938137 lam_sig=0.01692111 (std.std,i+) lam_eps=0.00854310 X=1.08600 [0.73s]
  L=8 p=0.320 lam1=0.01707307 lam_sig=0.01468012 (std.std,i+) lam_eps=0.00748390 X=1.20806 [0.73s]
  L=8 p=0.330 lam1=0.01505174 lam_sig=0.01272987 (std.std,i+) lam_eps=0.00654157 X=1.34034 [0.77s]
  L=8 p=0.340 lam1=0.01328077 lam_sig=0.01103365 (std.std,i+) lam_eps=0.00570487 X=1.48294 [0.76s]
  L=8 p=0.350 lam1=0.01172807 lam_sig=0.00955921 (std.std,i+) lam_eps=0.00496358 X=1.63584 [0.86s]
  L=8 p=0.360 lam1=0.01036560 lam_sig=0.00827823 (std.std,i+) lam_eps=0.00430836 X=1.79891 [0.73s]
  L=8 p=0.370 lam1=0.00916892 lam_sig=0.00716589 (std.std,i+) lam_eps=0.00373068 X=1.97190 [0.82s]
  L=8 p=0.380 lam1=0.00811675 lam_sig=0.00620044 (std.std,i+) lam_eps=0.00322268 X=2.15448 [0.81s]
  L=8 p=0.390 lam1=0.00719062 lam_sig=0.00536284 (std.std,i+) lam_eps=0.00277715 X=2.34626 [0.78s]
  L=8 p=0.400 lam1=0.00637448 lam_sig=0.00463647 (std.std,i+) lam_eps=0.00238747 X=2.54679 [0.71s]
  L=8 p=0.410 lam1=0.00565444 lam_sig=0.00400679 (std.std,i+) lam_eps=0.00204757 X=2.75561 [0.71s]
  L=8 p=0.450 lam1=0.00351742 lam_sig=0.00222471 (std.std,i+) lam_eps=0.00108197 X=3.66482 [0.75s]
  L=8 p=0.500 lam1=0.00195374 lam_sig=0.00105331 (std.std,i+) lam_eps=0.00046262 X=4.94246 [0.71s]
  L=8 p=0.550 lam1=0.00108409 lam_sig=0.00048944 (std.std,i+) lam_eps=0.00018638 X=6.36185 [0.79s]
  L=8 p=0.600 lam1=0.00059748 lam_sig=0.00022148 (std.std,i+) lam_eps=0.00007033 X=7.93905 [0.72s]
  L=8 p=0.650 lam1=0.00032564 lam_sig=0.00009663 (std.std,i+) lam_eps=0.00002458 X=9.71944 [0.76s]
  L=8 p=0.700 lam1=0.00017489 lam_sig=0.00004011 (std.std,i+) lam_eps=0.00000781 X=11.77911 [0.8s]
  L=8 p=0.750 lam1=0.00009225 lam_sig=0.00001556 (std.std,i+) lam_eps=0.00000219 X=14.23848 [0.77s]
  L=8 p=0.800 lam1=0.00004764 lam_sig=0.00000548 (std.std,i+) lam_eps=0.00000051 X=17.29890 [0.73s]
  L=8 p=0.850 lam1=0.00002401 lam_sig=0.00000167 (std.std,i+) lam_eps=0.00000009 X=21.33723 [0.77s]
  L=10 p=0.050 lam1=0.46732544 lam_sig=0.46676816 (std.std,i+) lam_eps=0.16809786 X=0.01193 [20.99s]
  L=10 p=0.100 lam1=0.21352759 lam_sig=0.21270467 (std.std,i+) lam_eps=0.08325461 X=0.03861 [18.74s]
  L=10 p=0.150 lam1=0.09555523 lam_sig=0.09465467 (std.std,i+) lam_eps=0.04084182 X=0.09469 [18.81s]
  L=10 p=0.200 lam1=0.04206878 lam_sig=0.04118717 (std.std,i+) lam_eps=0.01985519 X=0.21179 [20.78s]
  L=10 p=0.220 lam1=0.03022027 lam_sig=0.02935860 (std.std,i+) lam_eps=0.01482197 X=0.28927 [19.52s]
  L=10 p=0.230 lam1=0.02561008 lam_sig=0.02475973 (std.std,i+) lam_eps=0.01279010 X=0.33767 [19.15s]
  L=10 p=0.240 lam1=0.02170542 lam_sig=0.02086708 (std.std,i+) lam_eps=0.01102518 X=0.39389 [18.8s]
  L=10 p=0.250 lam1=0.01840094 lam_sig=0.01757526 (std.std,i+) lam_eps=0.00949207 X=0.45910 [19.63s]
  L=10 p=0.260 lam1=0.01560640 lam_sig=0.01479401 (std.std,i+) lam_eps=0.00816041 X=0.53458 [19.68s]
  L=10 p=0.270 lam1=0.01324449 lam_sig=0.01244618 (std.std,i+) lam_eps=0.00700400 X=0.62168 [21.48s]
  L=10 p=0.280 lam1=0.01124914 lam_sig=0.01046585 (std.std,i+) lam_eps=0.00600022 X=0.72174 [20.23s]
  L=10 p=0.290 lam1=0.00956387 lam_sig=0.00879680 (std.std,i+) lam_eps=0.00512957 X=0.83604 [21.81s]
  L=10 p=0.300 lam1=0.00814048 lam_sig=0.00739112 (std.std,i+) lam_eps=0.00437520 X=0.96570 [20.47s]
  L=10 p=0.310 lam1=0.00693793 lam_sig=0.00620803 (std.std,i+) lam_eps=0.00372255 X=1.11160 [19.9s]
  L=10 p=0.320 lam1=0.00592133 lam_sig=0.00521288 (std.std,i+) lam_eps=0.00315896 X=1.27428 [19.75s]
  L=10 p=0.330 lam1=0.00506111 lam_sig=0.00437627 (std.std,i+) lam_eps=0.00267340 X=1.45390 [19.16s]
  L=10 p=0.340 lam1=0.00433229 lam_sig=0.00367325 (std.std,i+) lam_eps=0.00225618 X=1.65019 [19.86s]
  L=10 p=0.350 lam1=0.00371382 lam_sig=0.00308271 (std.std,i+) lam_eps=0.00189874 X=1.86252 [20.8s]
  L=10 p=0.360 lam1=0.00318809 lam_sig=0.00258681 (std.std,i+) lam_eps=0.00159349 X=2.08994 [19.56s]
  L=10 p=0.370 lam1=0.00274032 lam_sig=0.00217048 (std.std,i+) lam_eps=0.00133366 X=2.33128 [20.11s]
  L=10 p=0.380 lam1=0.00235821 lam_sig=0.00182099 (std.std,i+) lam_eps=0.00111324 X=2.58523 [20.52s]
  L=10 p=0.390 lam1=0.00203149 lam_sig=0.00152764 (std.std,i+) lam_eps=0.00092686 X=2.85047 [20.19s]
  L=10 p=0.400 lam1=0.00175163 lam_sig=0.00128142 (std.std,i+) lam_eps=0.00076976 X=3.12572 [19.72s]
  L=10 p=0.410 lam1=0.00151147 lam_sig=0.00107476 (std.std,i+) lam_eps=0.00063776 X=3.40982 [21.26s]
  L=10 p=0.450 lam1=0.00084226 lam_sig=0.00053081 (std.std,i+) lam_eps=0.00029378 X=4.61682 [20.81s]
  L=10 p=0.500 lam1=0.00040704 lam_sig=0.00021786 (std.std,i+) lam_eps=0.00010624 X=6.25046 [19.82s]
  L=10 p=0.550 lam1=0.00019584 lam_sig=0.00008779 (std.std,i+) lam_eps=0.00003639 X=8.02286 [19.75s]
  L=10 p=0.600 lam1=0.00009323 lam_sig=0.00003438 (std.std,i+) lam_eps=0.00001172 X=9.97686 [19.77s]
  L=10 p=0.650 lam1=0.00004371 lam_sig=0.00001293 (std.std,i+) lam_eps=0.00000350 X=12.18308 [19.07s]
  L=10 p=0.700 lam1=0.00002011 lam_sig=0.00000460 (std.std,i+) lam_eps=0.00000095 X=14.74250 [19.94s]
  L=10 p=0.750 lam1=0.00000904 lam_sig=0.00000152 (std.std,i+) lam_eps=0.00000023 X=17.80687 [21.33s]
  L=10 p=0.800 lam1=0.00000396 lam_sig=0.00000046 (std.std,i+) lam_eps=0.00000005 X=21.62701 [20.93s]
  L=10 p=0.850 lam1=0.00000168 lam_sig=0.00000012 (std.std,i+) lam_eps=0.00000001 X=26.67252 [20.78s]
=== step 2: block12 n=3, 33 p-values ===
/home/z/.venv/lib/python3.12/site-packages/scipy/sparse/linalg/_eigen/arpack/arpack.py:723: ComplexWarning: Casting complex values to real discards the imaginary part
  results = self._arpack_solver(self.ido, self.bmat, self.which, self.k,
Traceback (most recent call last):
  File "/home/z/my-project/fuller-workspace/extracted/n3_annealed_runall_v1.py", line 189, in <module>
    step_block12()
  File "/home/z/my-project/fuller-workspace/extracted/n3_annealed_runall_v1.py", line 131, in step_block12
    r = block_records(3, 2, float(p), 6)
        ^^^^^^^^^^^^^^^^^^^^^^^^^^^^^^^^
  File "/home/z/my-project/fuller-workspace/extracted/n3_annealed_runall_v1.py", line 91, in block_records
    vf[conc] = np.real(vecs[:, j]) * np.real(phfull)
               ~~~~~~~~~~~~~~~~~~~~^~~~~~~~~~~~~~~~~
ValueError: operands could not be broadcast together with shapes (7826,) (46656,) 
