=== tau = 0.25 ===
  crossings: {'32x64': [np.float64(0.17139)], '64x128': [np.float64(0.16451)], '128x256': [np.float64(0.16077)]}
  collapse L>=16 (sextic): p_c=0.16635 nu=1.3956 chi2/dof=5462.4/36
  collapse L>=32 (sextic): p_c=0.16347 nu=1.2862 chi2/dof=681.0/27
  collapse L>=64 (sextic): p_c=0.16191 nu=1.2808 chi2/dof=48.1/18
  frozen-nu dchi2: {1.0: np.float64(426.4), 1.2: np.float64(28.2), 1.24: np.float64(6.9), 1.28: np.float64(0.0), 1.3333333333333333: np.float64(10.7), 1.4: np.float64(52.3)}
=== tau = 0.5 ===
  crossings: {'16x32': [np.float64(0.17218)], '32x64': [np.float64(0.16289)], '64x128': [np.float64(0.16176)], '128x256': [np.float64(0.15973)]}
  collapse L>=16 (sextic): p_c=0.16188 nu=1.2898 chi2/dof=893.7/36
  collapse L>=32 (sextic): p_c=0.16094 nu=1.2554 chi2/dof=133.1/27
  collapse L>=64 (sextic): p_c=0.16039 nu=1.2506 chi2/dof=15.5/18
  frozen-nu dchi2: {1.0: np.float64(452.7), 1.2: np.float64(14.9), 1.24: np.float64(0.6), 1.28: np.float64(4.7), 1.3333333333333333: np.float64(35.7), 1.4: np.float64(110.7)}
=== tau = 1.0 ===
  crossings: {'16x32': [np.float64(0.16483)], '32x64': [np.float64(0.16093)], '64x128': [np.float64(0.16043)], '128x256': [np.float64(0.16011)]}
  collapse L>=16 (sextic): p_c=0.16058 nu=1.2790 chi2/dof=148.3/36
  collapse L>=32 (sextic): p_c=0.16025 nu=1.2637 chi2/dof=32.4/27
  collapse L>=64 (sextic): p_c=0.16009 nu=1.2486 chi2/dof=18.3/18
  frozen-nu dchi2: {1.0: np.float64(543.8), 1.2: np.float64(16.8), 1.24: np.float64(0.5), 1.28: np.float64(6.6), 1.3333333333333333: np.float64(45.7), 1.4: np.float64(138.5)}
=== tau = 2.0 ===
  crossings: {'16x32': [np.float64(0.1629)], '32x64': [np.float64(0.15949)], '64x128': [np.float64(0.16042)], '128x256': [np.float64(0.16)]}
  collapse L>=16 (sextic): p_c=0.16046 nu=1.3277 chi2/dof=116.5/36
  collapse L>=32 (sextic): p_c=0.16033 nu=1.3156 chi2/dof=98.1/27
  collapse L>=64 (sextic): p_c=0.16027 nu=1.3099 chi2/dof=82.6/18
  frozen-nu dchi2: {1.0: np.float64(1204.1), 1.2: np.float64(102.2), 1.24: np.float64(39.1), 1.28: np.float64(6.8), 1.3333333333333333: np.float64(3.9), 1.4: np.float64(53.4)}
=== tau = 4.0 ===
  crossings: {'16x32': [np.float64(0.16174)], '32x64': [np.float64(0.15915)], '64x128': [np.float64(0.16164)]}
  collapse L>=16 (sextic): p_c=0.16041 nu=1.3340 chi2/dof=37.2/27
  collapse L>=32 (sextic): p_c=0.16038 nu=1.3395 chi2/dof=29.8/18
  collapse L>=64 (sextic): p_c=0.16062 nu=1.3642 chi2/dof=14.3/9
  frozen-nu dchi2: {1.0: np.float64(131.1), 1.2: np.float64(19.6), 1.24: np.float64(10.6), 1.28: np.float64(4.6), 1.3333333333333333: np.float64(0.6), 1.4: np.float64(0.7)}

=== bootstrap (tau = 1, L >= 64, B = 100) ===
  p_c = 0.16009 +- 0.00009, nu = 1.2488 +- 0.0134

=== verification against the deposited numbers ===
  tau=1 collapse: got pc=0.16009, nu=1.2486; deposited 0.16009/1.2486 -> True
  tau=0.5 collapse: got pc=0.16039, nu=1.2506; deposited 0.16039/1.251 -> True
  tau=1 frozen-nu dchi2 vs deposited {1: 544.3, 1.2: 16.9, 1.24: 0.5, 1.28: 6.6, 4/3: 45.8, 1.4: 138.6} -> True
  bootstrap: got (0.16009(1), 1.249(13)); deposited 0.16011(9)/1.250(14) -> True

ALL VERIFIED: True
written /home/z/my-project/quantum-circuits/research/scripts/../results/purif_summary.json
