bond table trace preservation: OK (all 9 columns)
init_state trace L=4: 1.000000000000 (target 1)
init_state trace L=8: 1.000000000000 (target 1)
== Z2(t), S~2(t) tables for t-convention diagnosis (p=0.16) ==
  L=8 t=  1: Z2=5.918833e-01  S~2=1.1500
  L=8 t=  2: Z2=1.815569e-01  S~2=1.7650
  L=8 t=  3: Z2=5.236995e-02  S~2=2.0420
  L=8 t=  4: Z2=1.479639e-02  S~2=2.1547
  L=8 t=  6: Z2=1.160467e-03  S~2=2.2146
  L=8 t=  8: Z2=9.054766e-05  S~2=2.2230
  L=8 t= 16: Z2=3.345712e-09  S~2=2.2243
  L=12 t=  1: Z2=4.553592e-01  S~2=1.1500
  L=12 t=  2: Z2=7.735839e-02  S~2=1.9366
  L=12 t=  3: Z2=1.196655e-02  S~2=2.4760
  L=12 t=  4: Z2=1.785745e-03  S~2=2.8175
  L=12 t=  6: Z2=3.817310e-05  S~2=3.1281
  L=12 t=  8: Z2=8.014741e-07  S~2=3.2175
  L=12 t= 16: Z2=1.523062e-13  S~2=3.2494
== calibration L=8 t=4 p=0.16 (deposit: Z2=0.014796, S~2=2.155) ==
  L=8 p=0.16 t=4: Z2=1.479639e-02 S~2=2.1547 (0.0s)
  -> Z2 = 1.4796e-02 (deposit 0.014796); S~2 = 2.1547 (deposit 2.155)
== calibration L=12 t=6 p=0.16 (deposit: Z2=None, S~2=3.128) ==
  L=12 p=0.16 t=4: Z2=1.785745e-03 S~2=2.8175 (0.3s)
  L=12 p=0.16 t=6: Z2=3.817310e-05 S~2=3.1281 (0.4s)
  -> Z2 = 3.8173e-05 (deposit None); S~2 = 3.1281 (deposit 3.128)
  L=8 p=0.22 t=4: Z2=3.096040e-03 S~2=1.8789 (0.0s)
  L=8 p=0.22 t=8: Z2=2.971399e-06 S~2=1.9253 (0.0s)
== lambda_1 anchors (closed form) ==
  L=  8 p=0.16: ln l1 = -1.275760, Xi(1,inf) = -7.973502e-02 nats/site
  L=  8 p=0.22: ln l1 = -1.739216, Xi(1,inf) = -1.087010e-01 nats/site
  L= 12 p=0.16: ln l1 = -1.934772, Xi(1,inf) = -8.061549e-02 nats/site
  L= 12 p=0.22: ln l1 = -2.638719, Xi(1,inf) = -1.099466e-01 nats/site
  L= 16 p=0.16: ln l1 = -2.587742, Xi(1,inf) = -8.086693e-02 nats/site
  L= 16 p=0.22: ln l1 = -3.532607, Xi(1,inf) = -1.103940e-01 nats/site
  L= 24 p=0.16: ln l1 = -3.887459, Xi(1,inf) = -8.098874e-02 nats/site
  L= 24 p=0.22: ln l1 = -5.314208, Xi(1,inf) = -1.107127e-01 nats/site
  L= 32 p=0.16: ln l1 = -5.184595, Xi(1,inf) = -8.100930e-02 nats/site
  L= 32 p=0.22: ln l1 = -7.092551, Xi(1,inf) = -1.108211e-01 nats/site
== Z2(t)/lambda1^t tail (L=8, p=0.16) ==
  t=8: Z2/l1^t = 2.450884
  t=12: Z2/l1^t = 2.451199
  t=16: Z2/l1^t = 2.451205
  t=24: Z2/l1^t = 2.451205
  t=32: Z2/l1^t = 2.451205
wrote ../results/scgf_exact.json
L=8 t=32 p=0.16: Z2=4.5666e-18, A=Z2/l1^t=2.4512, Xi(1)=-7.7984e-02, S~2=2.2243
L=12 t=48 p=0.16: Z2=1.9696e-40, A=Z2/l1^t=4.2354, Xi(1)=-7.9362e-02, S~2=3.2496
L=8 t=32 p=0.22: Z2=2.2134e-24, A=Z2/l1^t=3.2786, Xi(1)=-1.0638e-01, S~2=1.9262
L=12 t=48 p=0.22: Z2=6.7218e-55, A=Z2/l1^t=6.8326, Xi(1)=-1.0828e-01, S~2=2.6004
L=16 t=8 smoke: Z2 = 7.332202402682655e-09
L=16 t=64: Z2=8.5739e-72, A=7.2288, S~2=4.1291
wrote ../results/scgf_exact_addendum.json
