== Part A: Haar p=1 exact-enumeration profile family ==
   L=3 T= 6: v0=0.0582  rho=1.074(0.009)  kappa=-0.211(-0.211)  ESSmin=2061  identity 1.7e-06  [7.6s]
   L=3 T=12: v0=0.0531  rho=1.044(0.012)  kappa=-0.127(-0.127)  ESSmin=985  identity 1.1e-06  [14.4s]
   L=3 T=24: v0=0.0511  rho=1.045(0.013)  kappa=-0.135(-0.135)  ESSmin=398  identity 1.0e-06  [27.7s]
   L=4 T= 8: v0=0.1018  rho=1.036(0.011)  kappa=-0.107(-0.107)  ESSmin=883  identity 8.5e-07  [27.0s]
   L=4 T=16: v0=0.1031  rho=1.025(0.018)  kappa=-0.077(-0.077)  ESSmin=205  identity 5.2e-07  [54.0s]
   L=4 T=32: v0=0.0964  rho=1.021(0.025)  kappa=-0.065(-0.065)  ESSmin=29  identity 4.2e-07  [105.2s]
   L=5 T=10: v0=0.1044  rho=1.018(0.012)  kappa=-0.054(-0.054)  ESSmin=625  identity 4.7e-07  [63.6s]
   L=5 T=20: v0=0.1020  rho=1.001(0.017)  kappa=-0.003(-0.003)  ESSmin=133  identity 3.0e-08  [122.3s]
   L=5 T=40: v0=0.1014  rho=1.055(0.046)  kappa=-0.151(-0.151)  ESSmin=4  identity 1.5e-06  [231.5s]
   L=6 T=12: v0=0.1589  rho=1.092(0.040)  kappa=-0.242(-0.242)  ESSmin=20  identity 2.5e-06  [243.6s]
   L=6 T=24: v0=0.1518  rho=1.036(0.030)  kappa=-0.109(-0.109)  ESSmin=32  identity 6.3e-07  [426.1s]
   L=6 T=48: v0=0.1525  rho=0.972(0.031)  kappa=0.074(0.074)  ESSmin=10  identity 8.6e-07  [976.5s]
== Part B: Clifford disorder direction (deposited production npz, t = 4L) ==
   L= 8 p=0.16 B=40000: v0=0.0507  rho=0.789(0.023)  kappa=0.698(0.698)  ESSmin=2.6  identity 6.8e-06
   L= 8 p=0.22 B=40000: v0=0.0602  rho=0.760(0.015)  kappa=0.961(0.961)  ESSmin=5.1  identity 6.4e-06
   L=12 p=0.16 B=40000: v0=0.0502  rho=0.736(0.021)  kappa=1.241(1.241)  ESSmin=2.8  identity 6.8e-06
   L=12 p=0.22 B=40000: v0=0.0596  rho=0.652(0.022)  kappa=1.867(1.867)  ESSmin=1.6  identity 9.3e-06
   L=16 p=0.16 B=30000: v0=0.0508  rho=0.593(0.025)  kappa=3.011(3.011)  ESSmin=1.1  identity 1.0e-05
   L=16 p=0.22 B=30000: v0=0.0596  rho=0.578(0.031)  kappa=3.332(3.332)  ESSmin=1.0  identity 8.7e-06
   L=24 p=0.16 B=15000: v0=0.0504  rho=0.456(0.030)  kappa=7.459(7.459)  ESSmin=1.0  identity 1.2e-05
   L=24 p=0.22 B=15000: v0=0.0594  rho=0.442(0.021)  kappa=9.617(9.617)  ESSmin=1.0  identity 9.3e-06
done
