== phase run: the n=5 L=8 rung ==
   K = 3865 orbits; grid [0.44]
      [block p=0.44] chunk 1/8295  12s  (eta 101357s)
      [block p=0.44] chunk 9/8295  98s  (eta 89995s)
      [block p=0.44] chunk 17/8295  181s  (eta 87966s)
      [block p=0.44] chunk 25/8295  272s  (eta 89937s)
      [block p=0.44] chunk 33/8295  376s  (eta 94050s)
      [block p=0.44] chunk 41/8295  470s  (eta 94662s)
== phase run: the n=5 L=8 rung ==
   K = 3865 orbits; grid [0.44]
   [block p=0.44] RESUMED at chunk 42/8295 (state 06:20:03)
      [block p=0.44] chunk 49/8295  90s  (eta 15180s)
      [block p=0.44] chunk 57/8295  174s  (eta 25147s)
      [block p=0.44] chunk 65/8295  267s  (eta 33857s)
      [block p=0.44] chunk 73/8295  353s  (eta 39716s)
      [block p=0.44] chunk 81/8295  443s  (eta 44925s)
== phase run: the n=5 L=8 rung ==
   K = 3865 orbits; grid [0.44]
   [block p=0.44] RESUMED at chunk 82/8295 (state 06:55:06)
      [block p=0.44] chunk 89/8295  91s  (eta 8435s)
      [block p=0.44] chunk 97/8295  186s  (eta 15682s)
      [block p=0.44] chunk 105/8295  284s  (eta 22142s)
      [block p=0.44] chunk 113/8295  382s  (eta 27659s)
      [block p=0.44] chunk 121/8295  481s  (eta 32490s)
== phase run: the n=5 L=8 rung ==
   K = 3865 orbits; grid [0.44]
   [block p=0.44] RESUMED at chunk 122/8295 (state 07:04:29)
      [block p=0.44] chunk 129/8295  97s  (eta 6122s)
      [block p=0.44] chunk 137/8295  177s  (eta 10535s)
      [block p=0.44] chunk 145/8295  274s  (eta 15397s)
      [block p=0.44] chunk 153/8295  366s  (eta 19464s)
      [block p=0.44] chunk 161/8295  453s  (eta 22872s)
== phase run: the n=5 L=8 rung ==
   K = 3865 orbits; grid [0.44]
   [block p=0.44] RESUMED at chunk 162/8295 (state 07:12:44)
      [block p=0.44] chunk 169/8295  91s  (eta 4376s)
      [block p=0.44] chunk 177/8295  181s  (eta 8279s)
      [block p=0.44] chunk 185/8295  268s  (eta 11745s)
      [block p=0.44] chunk 193/8295  354s  (eta 14859s)
      [block p=0.44] chunk 201/8295  446s  (eta 17962s)
== phase run: the n=5 L=8 rung ==
   K = 3865 orbits; grid [0.44]
   [block p=0.44] RESUMED at chunk 202/8295 (state 07:22:43)
      [block p=0.44] chunk 209/8295  78s  (eta 3007s)
      [block p=0.44] chunk 217/8295  161s  (eta 5999s)
      [block p=0.44] chunk 225/8295  256s  (eta 9171s)
      [block p=0.44] chunk 233/8295  356s  (eta 12303s)
      [block p=0.44] chunk 241/8295  444s  (eta 14847s)
== phase run: the n=5 L=8 rung ==
   K = 3865 orbits; grid [0.44]
   [block p=0.44] RESUMED at chunk 242/8295 (state 07:44:28)
      [block p=0.44] chunk 249/8295  86s  (eta 2781s)
      [block p=0.44] chunk 257/8295  174s  (eta 5434s)
      [block p=0.44] chunk 265/8295  271s  (eta 8210s)
      [block p=0.44] chunk 273/8295  373s  (eta 10969s)
      [block p=0.44] chunk 281/8295  465s  (eta 13271s)
== phase run: the n=5 L=8 rung ==
   K = 3865 orbits; grid [0.44]
   [block p=0.44] RESUMED at chunk 282/8295 (state 07:53:34)
      [block p=0.44] chunk 289/8295  82s  (eta 2273s)
      [block p=0.44] chunk 297/8295  179s  (eta 4829s)
      [block p=0.44] chunk 305/8295  273s  (eta 7150s)
      [block p=0.44] chunk 313/8295  366s  (eta 9339s)
      [block p=0.44] chunk 321/8295  464s  (eta 11525s)
== phase run: the n=5 L=8 rung ==
   K = 3865 orbits; grid [0.44]
   [block p=0.44] RESUMED at chunk 322/8295 (state 08:17:44)
      [block p=0.44] chunk 329/8295  88s  (eta 2123s)
      [block p=0.44] chunk 337/8295  180s  (eta 4256s)
      [block p=0.44] chunk 345/8295  272s  (eta 6262s)
      [block p=0.44] chunk 353/8295  365s  (eta 8205s)
      [block p=0.44] chunk 361/8295  468s  (eta 10281s)
== phase run: the n=5 L=8 rung ==
   K = 3865 orbits; grid [0.44]
   [block p=0.44] RESUMED at chunk 362/8295 (state 08:26:34)
      [block p=0.44] chunk 369/8295  87s  (eta 1871s)
      [block p=0.44] chunk 377/8295  180s  (eta 3791s)
      [block p=0.44] chunk 385/8295  272s  (eta 5593s)
      [block p=0.44] chunk 393/8295  362s  (eta 7279s)
      [block p=0.44] chunk 401/8295  466s  (eta 9166s)
== phase run: the n=5 L=8 rung ==
   K = 3865 orbits; grid [0.44]
   [block p=0.44] RESUMED at chunk 402/8295 (state 08:46:11)
      [block p=0.44] chunk 409/8295  79s  (eta 1527s)
      [block p=0.44] chunk 417/8295  163s  (eta 3082s)
      [block p=0.44] chunk 425/8295  259s  (eta 4804s)
      [block p=0.44] chunk 433/8295  348s  (eta 6318s)
      [block p=0.44] chunk 441/8295  442s  (eta 7878s)
== phase run: the n=5 L=8 rung ==
   K = 3865 orbits; grid [0.44]
   [block p=0.44] RESUMED at chunk 442/8295 (state 08:54:32)
      [block p=0.44] chunk 449/8295  87s  (eta 1512s)
      [block p=0.44] chunk 457/8295  179s  (eta 3075s)
      [block p=0.44] chunk 465/8295  275s  (eta 4628s)
      [block p=0.44] chunk 473/8295  383s  (eta 6326s)
      [block p=0.44] chunk 481/8295  480s  (eta 7792s)
== phase run: the n=5 L=8 rung ==
   K = 3865 orbits; grid [0.44]
   [block p=0.44] RESUMED at chunk 482/8295 (state 09:25:49)
      [block p=0.44] chunk 489/8295  96s  (eta 1525s)
      [block p=0.44] chunk 497/8295  185s  (eta 2910s)
      [block p=0.44] chunk 505/8295  273s  (eta 4215s)
      [block p=0.44] chunk 513/8295  366s  (eta 5558s)
      [block p=0.44] chunk 521/8295  452s  (eta 6746s)
== phase run: the n=5 L=8 rung ==
   K = 3865 orbits; grid [0.44]
   [block p=0.44] RESUMED at chunk 522/8295 (state 09:50:51)
      [block p=0.44] chunk 529/8295  94s  (eta 1375s)
      [block p=0.44] chunk 537/8295  201s  (eta 2909s)
      [block p=0.44] chunk 545/8295  299s  (eta 4253s)
      [block p=0.44] chunk 553/8295  408s  (eta 5711s)
      [block p=0.44] chunk 561/8295  501s  (eta 6901s)
== phase run: the n=5 L=8 rung ==
   K = 3865 orbits; grid [0.44]
   [block p=0.44] RESUMED at chunk 562/8295 (state 10:00:24)
      [block p=0.44] chunk 569/8295  99s  (eta 1351s)
      [block p=0.44] chunk 577/8295  194s  (eta 2592s)
      [block p=0.44] chunk 585/8295  296s  (eta 3906s)
      [block p=0.44] chunk 593/8295  389s  (eta 5058s)
      [block p=0.44] chunk 601/8295  482s  (eta 6173s)
== phase run: the n=5 L=8 rung ==
   K = 3865 orbits; grid [0.44]
   [block p=0.44] RESUMED at chunk 602/8295 (state 10:08:49)
      [block p=0.44] chunk 609/8295  100s  (eta 1264s)
      [block p=0.44] chunk 617/8295  188s  (eta 2342s)
      [block p=0.44] chunk 625/8295  270s  (eta 3318s)
      [block p=0.44] chunk 633/8295  354s  (eta 4289s)
      [block p=0.44] chunk 641/8295  440s  (eta 5248s)
== phase run: the n=5 L=8 rung ==
   K = 3865 orbits; grid [0.44]
   [block p=0.44] RESUMED at chunk 642/8295 (state 10:20:01)
      [block p=0.44] chunk 649/8295  82s  (eta 969s)
      [block p=0.44] chunk 657/8295  179s  (eta 2081s)
      [block p=0.44] chunk 665/8295  264s  (eta 3033s)
      [block p=0.44] chunk 673/8295  362s  (eta 4097s)
      [block p=0.44] chunk 681/8295  449s  (eta 5016s)
== phase run: the n=5 L=8 rung ==
   K = 3865 orbits; grid [0.44]
   [block p=0.44] RESUMED at chunk 682/8295 (state 10:28:56)
      [block p=0.44] chunk 689/8295  101s  (eta 1114s)
      [block p=0.44] chunk 697/8295  187s  (eta 2041s)
      [block p=0.44] chunk 705/8295  296s  (eta 3186s)
      [block p=0.44] chunk 713/8295  394s  (eta 4186s)
      [block p=0.44] chunk 721/8295  492s  (eta 5164s)
== phase run: the n=5 L=8 rung ==
   K = 3865 orbits; grid [0.44]
   [block p=0.44] RESUMED at chunk 722/8295 (state 10:38:24)
      [block p=0.44] chunk 729/8295  85s  (eta 879s)
      [block p=0.44] chunk 737/8295  173s  (eta 1769s)
      [block p=0.44] chunk 745/8295  270s  (eta 2735s)
      [block p=0.44] chunk 753/8295  371s  (eta 3715s)
      [block p=0.44] chunk 761/8295  477s  (eta 4718s)
== phase run: the n=5 L=8 rung ==
   K = 3865 orbits; grid [0.44]
   [block p=0.44] RESUMED at chunk 762/8295 (state 10:51:01)
      [block p=0.44] chunk 769/8295  90s  (eta 882s)
      [block p=0.44] chunk 777/8295  192s  (eta 1859s)
      [block p=0.44] chunk 785/8295  287s  (eta 2744s)
      [block p=0.44] chunk 793/8295  392s  (eta 3705s)
      [block p=0.44] chunk 801/8295  492s  (eta 4606s)
== phase run: the n=5 L=8 rung ==
   K = 3865 orbits; grid [0.44]
   [block p=0.44] RESUMED at chunk 802/8295 (state 11:01:02)
      [block p=0.44] chunk 809/8295  88s  (eta 813s)
      [block p=0.44] chunk 817/8295  175s  (eta 1606s)
      [block p=0.44] chunk 825/8295  265s  (eta 2398s)
      [block p=0.44] chunk 833/8295  361s  (eta 3229s)
      [block p=0.44] chunk 841/8295  448s  (eta 3968s)
== phase run: the n=5 L=8 rung ==
   K = 3865 orbits; grid [0.44]
   [block p=0.44] RESUMED at chunk 842/8295 (state 11:09:04)
      [block p=0.44] chunk 849/8295  102s  (eta 891s)
      [block p=0.44] chunk 857/8295  198s  (eta 1720s)
      [block p=0.44] chunk 865/8295  290s  (eta 2493s)
      [block p=0.44] chunk 873/8295  376s  (eta 3198s)
      [block p=0.44] chunk 881/8295  474s  (eta 3993s)
== phase run: the n=5 L=8 rung ==
   K = 3865 orbits; grid [0.44]
   [block p=0.44] RESUMED at chunk 882/8295 (state 11:21:19)
      [block p=0.44] chunk 889/8295  96s  (eta 804s)
      [block p=0.44] chunk 897/8295  199s  (eta 1639s)
      [block p=0.44] chunk 905/8295  300s  (eta 2447s)
      [block p=0.44] chunk 913/8295  401s  (eta 3246s)
      [block p=0.44] chunk 921/8295  499s  (eta 3993s)
== phase run: the n=5 L=8 rung ==
   K = 3865 orbits; grid [0.44]
   [block p=0.44] RESUMED at chunk 922/8295 (state 11:48:07)
      [block p=0.44] chunk 929/8295  102s  (eta 810s)
      [block p=0.44] chunk 937/8295  214s  (eta 1683s)
      [block p=0.44] chunk 945/8295  303s  (eta 2356s)
      [block p=0.44] chunk 953/8295  390s  (eta 3002s)
      [block p=0.44] chunk 961/8295  479s  (eta 3659s)
== phase run: the n=5 L=8 rung ==
   K = 3865 orbits; grid [0.44]
   [block p=0.44] RESUMED at chunk 962/8295 (state 11:56:32)
      [block p=0.44] chunk 969/8295  87s  (eta 657s)
      [block p=0.44] chunk 977/8295  171s  (eta 1282s)
      [block p=0.44] chunk 985/8295  264s  (eta 1959s)
      [block p=0.44] chunk 993/8295  351s  (eta 2578s)
      [block p=0.44] chunk 1001/8295  435s  (eta 3170s)
== phase run: the n=5 L=8 rung ==
   K = 3865 orbits; grid [0.44]
   [block p=0.44] RESUMED at chunk 1002/8295 (state 12:14:00)
      [block p=0.44] chunk 1009/8295  84s  (eta 604s)
      [block p=0.44] chunk 1017/8295  188s  (eta 1347s)
      [block p=0.44] chunk 1025/8295  279s  (eta 1979s)
      [block p=0.44] chunk 1033/8295  370s  (eta 2601s)
      [block p=0.44] chunk 1041/8295  472s  (eta 3290s)
== phase run: the n=5 L=8 rung ==
   K = 3865 orbits; grid [0.44]
   [block p=0.44] RESUMED at chunk 1042/8295 (state 12:23:22)
      [block p=0.44] chunk 1049/8295  79s  (eta 544s)
      [block p=0.44] chunk 1057/8295  164s  (eta 1123s)
      [block p=0.44] chunk 1065/8295  241s  (eta 1637s)
      [block p=0.44] chunk 1073/8295  322s  (eta 2165s)
      [block p=0.44] chunk 1081/8295  424s  (eta 2828s)
== phase run: the n=5 L=8 rung ==
   K = 3865 orbits; grid [0.44]
   [block p=0.44] RESUMED at chunk 1082/8295 (state 12:31:17)
      [block p=0.44] chunk 1089/8295  102s  (eta 675s)
      [block p=0.44] chunk 1097/8295  203s  (eta 1332s)
      [block p=0.44] chunk 1105/8295  285s  (eta 1854s)
      [block p=0.44] chunk 1113/8295  368s  (eta 2376s)
      [block p=0.44] chunk 1121/8295  464s  (eta 2970s)
== phase run: the n=5 L=8 rung ==
   K = 3865 orbits; grid [0.44]
   [block p=0.44] RESUMED at chunk 1122/8295 (state 12:50:33)
      [block p=0.44] chunk 1129/8295  86s  (eta 543s)
      [block p=0.44] chunk 1137/8295  183s  (eta 1152s)
      [block p=0.44] chunk 1145/8295  280s  (eta 1750s)
      [block p=0.44] chunk 1153/8295  388s  (eta 2401s)
      [block p=0.44] chunk 1161/8295  489s  (eta 3005s)
== phase run: the n=5 L=8 rung ==
   K = 3865 orbits; grid [0.44]
   [block p=0.44] RESUMED at chunk 1162/8295 (state 13:02:04)
      [block p=0.44] chunk 1169/8295  81s  (eta 495s)
      [block p=0.44] chunk 1177/8295  175s  (eta 1057s)
      [block p=0.44] chunk 1185/8295  253s  (eta 1519s)
      [block p=0.44] chunk 1193/8295  344s  (eta 2045s)
      [block p=0.44] chunk 1201/8295  435s  (eta 2570s)
== phase run: the n=5 L=8 rung ==
   K = 3865 orbits; grid [0.44]
   [block p=0.44] RESUMED at chunk 1202/8295 (state 13:09:53)
      [block p=0.44] chunk 1209/8295  95s  (eta 559s)
      [block p=0.44] chunk 1217/8295  177s  (eta 1028s)
      [block p=0.44] chunk 1225/8295  268s  (eta 1549s)
      [block p=0.44] chunk 1233/8295  367s  (eta 2104s)
      [block p=0.44] chunk 1241/8295  451s  (eta 2566s)
== phase run: the n=5 L=8 rung ==
   K = 3865 orbits; grid [0.44]
   [block p=0.44] RESUMED at chunk 1242/8295 (state 13:22:53)
      [block p=0.44] chunk 1249/8295  92s  (eta 521s)
      [block p=0.44] chunk 1257/8295  191s  (eta 1070s)
      [block p=0.44] chunk 1265/8295  284s  (eta 1579s)
      [block p=0.44] chunk 1273/8295  380s  (eta 2099s)
      [block p=0.44] chunk 1281/8295  478s  (eta 2617s)
== phase run: the n=5 L=8 rung ==
   K = 3865 orbits; grid [0.44]
   [block p=0.44] RESUMED at chunk 1282/8295 (state 13:32:06)
      [block p=0.44] chunk 1289/8295  101s  (eta 548s)
      [block p=0.44] chunk 1297/8295  200s  (eta 1080s)
      [block p=0.44] chunk 1305/8295  300s  (eta 1606s)
      [block p=0.44] chunk 1313/8295  402s  (eta 2140s)
      [block p=0.44] chunk 1321/8295  493s  (eta 2603s)
== phase run: the n=5 L=8 rung ==
   K = 3865 orbits; grid [0.44]
   [block p=0.44] RESUMED at chunk 1322/8295 (state 13:41:05)
      [block p=0.44] chunk 1329/8295  79s  (eta 416s)
      [block p=0.44] chunk 1337/8295  164s  (eta 854s)
      [block p=0.44] chunk 1345/8295  254s  (eta 1315s)
      [block p=0.44] chunk 1353/8295  341s  (eta 1748s)
      [block p=0.44] chunk 1361/8295  453s  (eta 2309s)
== phase run: the n=5 L=8 rung ==
   K = 3865 orbits; grid [0.44]
   [block p=0.44] RESUMED at chunk 1362/8295 (state 13:51:19)
      [block p=0.44] chunk 1369/8295  94s  (eta 474s)
      [block p=0.44] chunk 1377/8295  191s  (eta 958s)
      [block p=0.44] chunk 1385/8295  300s  (eta 1497s)
      [block p=0.44] chunk 1393/8295  389s  (eta 1928s)
      [block p=0.44] chunk 1401/8295  481s  (eta 2368s)
== phase run: the n=5 L=8 rung ==
   K = 3865 orbits; grid [0.44]
   [block p=0.44] RESUMED at chunk 1402/8295 (state 14:00:31)
      [block p=0.44] chunk 1409/8295  86s  (eta 420s)
      [block p=0.44] chunk 1417/8295  171s  (eta 829s)
      [block p=0.44] chunk 1425/8295  256s  (eta 1236s)
      [block p=0.44] chunk 1433/8295  350s  (eta 1677s)
      [block p=0.44] chunk 1441/8295  433s  (eta 2060s)
== phase run: the n=5 L=8 rung ==
   K = 3865 orbits; grid [0.44]
   [block p=0.44] RESUMED at chunk 1442/8295 (state 14:08:27)
      [block p=0.44] chunk 1449/8295  96s  (eta 452s)
      [block p=0.44] chunk 1457/8295  180s  (eta 844s)
      [block p=0.44] chunk 1465/8295  261s  (eta 1216s)
      [block p=0.44] chunk 1473/8295  347s  (eta 1608s)
      [block p=0.44] chunk 1481/8295  433s  (eta 1993s)
== phase run: the n=5 L=8 rung ==
   K = 3865 orbits; grid [0.44]
   [block p=0.44] RESUMED at chunk 1482/8295 (state 14:19:54)
      [block p=0.44] chunk 1489/8295  99s  (eta 451s)
      [block p=0.44] chunk 1497/8295  193s  (eta 877s)
      [block p=0.44] chunk 1505/8295  291s  (eta 1311s)
      [block p=0.44] chunk 1513/8295  386s  (eta 1730s)
      [block p=0.44] chunk 1521/8295  475s  (eta 2116s)
== phase run: the n=5 L=8 rung ==
   K = 3865 orbits; grid [0.44]
   [block p=0.44] RESUMED at chunk 1522/8295 (state 14:29:20)
      [block p=0.44] chunk 1529/8295  82s  (eta 363s)
      [block p=0.44] chunk 1537/8295  178s  (eta 781s)
      [block p=0.44] chunk 1545/8295  275s  (eta 1200s)
      [block p=0.44] chunk 1553/8295  370s  (eta 1608s)
      [block p=0.44] chunk 1561/8295  471s  (eta 2030s)
== phase run: the n=5 L=8 rung ==
   K = 3865 orbits; grid [0.44]
   [block p=0.44] RESUMED at chunk 1562/8295 (state 14:38:04)
      [block p=0.44] chunk 1569/8295  87s  (eta 374s)
      [block p=0.44] chunk 1577/8295  172s  (eta 734s)
      [block p=0.44] chunk 1585/8295  252s  (eta 1066s)
      [block p=0.44] chunk 1593/8295  345s  (eta 1449s)
      [block p=0.44] chunk 1601/8295  429s  (eta 1792s)
== phase run: the n=5 L=8 rung ==
   K = 3865 orbits; grid [0.44]
   [block p=0.44] RESUMED at chunk 1602/8295 (state 14:49:49)
      [block p=0.44] chunk 1609/8295  88s  (eta 368s)
      [block p=0.44] chunk 1617/8295  171s  (eta 707s)
      [block p=0.44] chunk 1625/8295  265s  (eta 1088s)
      [block p=0.44] chunk 1633/8295  362s  (eta 1478s)
      [block p=0.44] chunk 1641/8295  450s  (eta 1824s)
== phase run: the n=5 L=8 rung ==
   K = 3865 orbits; grid [0.44]
   [block p=0.44] RESUMED at chunk 1642/8295 (state 14:58:57)
      [block p=0.44] chunk 1649/8295  91s  (eta 369s)
      [block p=0.44] chunk 1657/8295  195s  (eta 780s)
      [block p=0.44] chunk 1665/8295  288s  (eta 1145s)
      [block p=0.44] chunk 1673/8295  375s  (eta 1483s)
      [block p=0.44] chunk 1681/8295  453s  (eta 1784s)
== phase run: the n=5 L=8 rung ==
   K = 3865 orbits; grid [0.44]
   [block p=0.44] RESUMED at chunk 1682/8295 (state 15:08:01)
      [block p=0.44] chunk 1689/8295  96s  (eta 375s)
      [block p=0.44] chunk 1697/8295  187s  (eta 726s)
      [block p=0.44] chunk 1705/8295  287s  (eta 1108s)
      [block p=0.44] chunk 1713/8295  383s  (eta 1471s)
      [block p=0.44] chunk 1721/8295  482s  (eta 1841s)
== phase run: the n=5 L=8 rung ==
   K = 3865 orbits; grid [0.44]
   [block p=0.44] RESUMED at chunk 1722/8295 (state 15:20:50)
      [block p=0.44] chunk 1729/8295  82s  (eta 311s)
      [block p=0.44] chunk 1737/8295  177s  (eta 668s)
      [block p=0.44] chunk 1745/8295  262s  (eta 983s)
      [block p=0.44] chunk 1753/8295  346s  (eta 1293s)
      [block p=0.44] chunk 1761/8295  441s  (eta 1637s)
== phase run: the n=5 L=8 rung ==
   K = 3865 orbits; grid [0.44]
   [block p=0.44] RESUMED at chunk 1762/8295 (state 15:28:53)
      [block p=0.44] chunk 1769/8295  93s  (eta 343s)
      [block p=0.44] chunk 1777/8295  182s  (eta 667s)
      [block p=0.44] chunk 1785/8295  283s  (eta 1033s)
      [block p=0.44] chunk 1793/8295  397s  (eta 1441s)
      [block p=0.44] chunk 1801/8295  502s  (eta 1810s)
== phase run: the n=5 L=8 rung ==
   K = 3865 orbits; grid [0.44]
   [block p=0.44] RESUMED at chunk 1802/8295 (state 15:38:41)
      [block p=0.44] chunk 1809/8295  89s  (eta 319s)
      [block p=0.44] chunk 1817/8295  178s  (eta 636s)
      [block p=0.44] chunk 1825/8295  265s  (eta 941s)
      [block p=0.44] chunk 1833/8295  368s  (eta 1296s)
      [block p=0.44] chunk 1841/8295  467s  (eta 1639s)
== phase run: the n=5 L=8 rung ==
   K = 3865 orbits; grid [0.44]
   [block p=0.44] RESUMED at chunk 1842/8295 (state 15:50:49)
      [block p=0.44] chunk 1849/8295  91s  (eta 316s)
      [block p=0.44] chunk 1857/8295  174s  (eta 602s)
      [block p=0.44] chunk 1865/8295  272s  (eta 937s)
      [block p=0.44] chunk 1873/8295  380s  (eta 1304s)
      [block p=0.44] chunk 1881/8295  478s  (eta 1628s)
== phase run: the n=5 L=8 rung ==
   K = 3865 orbits; grid [0.44]
   [block p=0.44] RESUMED at chunk 1882/8295 (state 15:59:50)
      [block p=0.44] chunk 1889/8295  76s  (eta 256s)
      [block p=0.44] chunk 1897/8295  175s  (eta 590s)
      [block p=0.44] chunk 1905/8295  265s  (eta 890s)
      [block p=0.44] chunk 1913/8295  356s  (eta 1186s)
      [block p=0.44] chunk 1921/8295  448s  (eta 1486s)
== phase run: the n=5 L=8 rung ==
   K = 3865 orbits; grid [0.44]
   [block p=0.44] RESUMED at chunk 1922/8295 (state 16:08:07)
      [block p=0.44] chunk 1929/8295  94s  (eta 309s)
      [block p=0.44] chunk 1937/8295  182s  (eta 598s)
      [block p=0.44] chunk 1945/8295  281s  (eta 918s)
      [block p=0.44] chunk 1953/8295  377s  (eta 1225s)
      [block p=0.44] chunk 1961/8295  458s  (eta 1480s)
== phase run: the n=5 L=8 rung ==
   K = 3865 orbits; grid [0.44]
   [block p=0.44] RESUMED at chunk 1962/8295 (state 16:20:19)
      [block p=0.44] chunk 1969/8295  83s  (eta 267s)
      [block p=0.44] chunk 1977/8295  172s  (eta 548s)
      [block p=0.44] chunk 1985/8295  281s  (eta 895s)
      [block p=0.44] chunk 1993/8295  388s  (eta 1227s)
      [block p=0.44] chunk 2001/8295  492s  (eta 1549s)
== phase run: the n=5 L=8 rung ==
   K = 3865 orbits; grid [0.44]
   [block p=0.44] RESUMED at chunk 2002/8295 (state 16:29:42)
      [block p=0.44] chunk 2009/8295  97s  (eta 304s)
      [block p=0.44] chunk 2017/8295  194s  (eta 603s)
      [block p=0.44] chunk 2025/8295  287s  (eta 888s)
      [block p=0.44] chunk 2033/8295  370s  (eta 1138s)
      [block p=0.44] chunk 2041/8295  469s  (eta 1436s)
== phase run: the n=5 L=8 rung ==
   K = 3865 orbits; grid [0.44]
   [block p=0.44] RESUMED at chunk 2042/8295 (state 16:38:02)
      [block p=0.44] chunk 2049/8295  104s  (eta 318s)
      [block p=0.44] chunk 2057/8295  203s  (eta 616s)
      [block p=0.44] chunk 2065/8295  300s  (eta 906s)
      [block p=0.44] chunk 2073/8295  393s  (eta 1181s)
      [block p=0.44] chunk 2081/8295  475s  (eta 1419s)
== phase run: the n=5 L=8 rung ==
   K = 3865 orbits; grid [0.44]
   [block p=0.44] RESUMED at chunk 2082/8295 (state 16:50:39)
      [block p=0.44] chunk 2089/8295  89s  (eta 264s)
      [block p=0.44] chunk 2097/8295  175s  (eta 517s)
      [block p=0.44] chunk 2105/8295  264s  (eta 776s)
      [block p=0.44] chunk 2113/8295  356s  (eta 1042s)
      [block p=0.44] chunk 2121/8295  452s  (eta 1317s)
== phase run: the n=5 L=8 rung ==
   K = 3865 orbits; grid [0.44]
   [block p=0.44] RESUMED at chunk 2122/8295 (state 16:59:03)
      [block p=0.44] chunk 2129/8295  90s  (eta 261s)
      [block p=0.44] chunk 2137/8295  189s  (eta 546s)
      [block p=0.44] chunk 2145/8295  281s  (eta 806s)
      [block p=0.44] chunk 2153/8295  368s  (eta 1051s)
      [block p=0.44] chunk 2161/8295  468s  (eta 1330s)
== phase run: the n=5 L=8 rung ==
   K = 3865 orbits; grid [0.44]
   [block p=0.44] RESUMED at chunk 2162/8295 (state 17:08:10)
      [block p=0.44] chunk 2169/8295  95s  (eta 267s)
      [block p=0.44] chunk 2177/8295  188s  (eta 527s)
      [block p=0.44] chunk 2185/8295  297s  (eta 832s)
      [block p=0.44] chunk 2193/8295  395s  (eta 1098s)
      [block p=0.44] chunk 2201/8295  495s  (eta 1369s)
== phase run: the n=5 L=8 rung ==
   K = 3865 orbits; grid [0.44]
   [block p=0.44] RESUMED at chunk 2202/8295 (state 17:21:00)
      [block p=0.44] chunk 2209/8295  98s  (eta 269s)
      [block p=0.44] chunk 2217/8295  189s  (eta 517s)
      [block p=0.44] chunk 2225/8295  285s  (eta 777s)
      [block p=0.44] chunk 2233/8295  374s  (eta 1016s)
      [block p=0.44] chunk 2241/8295  479s  (eta 1294s)
== phase run: the n=5 L=8 rung ==
   K = 3865 orbits; grid [0.44]
   [block p=0.44] RESUMED at chunk 2242/8295 (state 17:29:32)
      [block p=0.44] chunk 2249/8295  100s  (eta 269s)
      [block p=0.44] chunk 2257/8295  187s  (eta 501s)
      [block p=0.44] chunk 2265/8295  288s  (eta 765s)
      [block p=0.44] chunk 2273/8295  380s  (eta 1007s)
      [block p=0.44] chunk 2281/8295  466s  (eta 1229s)
== phase run: the n=5 L=8 rung ==
   K = 3865 orbits; grid [0.44]
   [block p=0.44] RESUMED at chunk 2282/8295 (state 17:38:12)
      [block p=0.44] chunk 2289/8295  85s  (eta 223s)
      [block p=0.44] chunk 2297/8295  185s  (eta 482s)
      [block p=0.44] chunk 2305/8295  284s  (eta 739s)
      [block p=0.44] chunk 2313/8295  386s  (eta 998s)
      [block p=0.44] chunk 2321/8295  480s  (eta 1235s)
== phase run: the n=5 L=8 rung ==
   K = 3865 orbits; grid [0.44]
   [block p=0.44] RESUMED at chunk 2322/8295 (state 17:50:49)
      [block p=0.44] chunk 2329/8295  99s  (eta 253s)
      [block p=0.44] chunk 2337/8295  187s  (eta 477s)
      [block p=0.44] chunk 2345/8295  276s  (eta 701s)
      [block p=0.44] chunk 2353/8295  363s  (eta 915s)
      [block p=0.44] chunk 2361/8295  452s  (eta 1135s)
== phase run: the n=5 L=8 rung ==
   K = 3865 orbits; grid [0.44]
   [block p=0.44] RESUMED at chunk 2362/8295 (state 17:59:36)
      [block p=0.44] chunk 2369/8295  77s  (eta 193s)
      [block p=0.44] chunk 2377/8295  162s  (eta 403s)
      [block p=0.44] chunk 2385/8295  261s  (eta 646s)
      [block p=0.44] chunk 2393/8295  371s  (eta 914s)
      [block p=0.44] chunk 2401/8295  457s  (eta 1122s)
== phase run: the n=5 L=8 rung ==
   K = 3865 orbits; grid [0.44]
   [block p=0.44] RESUMED at chunk 2402/8295 (state 18:08:30)
      [block p=0.44] chunk 2409/8295  85s  (eta 207s)
      [block p=0.44] chunk 2417/8295  179s  (eta 436s)
      [block p=0.44] chunk 2425/8295  265s  (eta 641s)
      [block p=0.44] chunk 2433/8295  364s  (eta 876s)
      [block p=0.44] chunk 2441/8295  453s  (eta 1087s)
== phase run: the n=5 L=8 rung ==
   K = 3865 orbits; grid [0.44]
   [block p=0.44] RESUMED at chunk 2442/8295 (state 18:20:25)
      [block p=0.44] chunk 2449/8295  93s  (eta 222s)
      [block p=0.44] chunk 2457/8295  180s  (eta 428s)
      [block p=0.44] chunk 2465/8295  282s  (eta 666s)
      [block p=0.44] chunk 2473/8295  378s  (eta 890s)
      [block p=0.44] chunk 2481/8295  479s  (eta 1122s)
== phase run: the n=5 L=8 rung ==
   K = 3865 orbits; grid [0.44]
   [block p=0.44] RESUMED at chunk 2482/8295 (state 18:29:41)
      [block p=0.44] chunk 2489/8295  81s  (eta 189s)
      [block p=0.44] chunk 2497/8295  165s  (eta 382s)
      [block p=0.44] chunk 2505/8295  251s  (eta 579s)
      [block p=0.44] chunk 2513/8295  349s  (eta 804s)
      [block p=0.44] chunk 2521/8295  446s  (eta 1022s)
== phase run: the n=5 L=8 rung ==
   K = 3865 orbits; grid [0.44]
   [block p=0.44] RESUMED at chunk 2522/8295 (state 18:37:59)
      [block p=0.44] chunk 2529/8295  102s  (eta 232s)
      [block p=0.44] chunk 2537/8295  206s  (eta 467s)
      [block p=0.44] chunk 2545/8295  310s  (eta 700s)
      [block p=0.44] chunk 2553/8295  404s  (eta 909s)
      [block p=0.44] chunk 2561/8295  504s  (eta 1129s)
== phase run: the n=5 L=8 rung ==
   K = 3865 orbits; grid [0.44]
   [block p=0.44] RESUMED at chunk 2562/8295 (state 18:51:14)
      [block p=0.44] chunk 2569/8295  86s  (eta 191s)
      [block p=0.44] chunk 2577/8295  169s  (eta 375s)
      [block p=0.44] chunk 2585/8295  262s  (eta 578s)
      [block p=0.44] chunk 2593/8295  364s  (eta 801s)
      [block p=0.44] chunk 2601/8295  466s  (eta 1020s)
== phase run: the n=5 L=8 rung ==
   K = 3865 orbits; grid [0.44]
   [block p=0.44] RESUMED at chunk 2602/8295 (state 18:59:22)
      [block p=0.44] chunk 2609/8295  96s  (eta 208s)
      [block p=0.44] chunk 2617/8295  190s  (eta 413s)
      [block p=0.44] chunk 2625/8295  282s  (eta 609s)
      [block p=0.44] chunk 2633/8295  368s  (eta 790s)
      [block p=0.44] chunk 2641/8295  469s  (eta 1005s)
== phase run: the n=5 L=8 rung ==
   K = 3865 orbits; grid [0.44]
   [block p=0.44] RESUMED at chunk 2642/8295 (state 19:08:16)
      [block p=0.44] chunk 2649/8295  86s  (eta 184s)
      [block p=0.44] chunk 2657/8295  178s  (eta 379s)
      [block p=0.44] chunk 2665/8295  269s  (eta 568s)
      [block p=0.44] chunk 2673/8295  368s  (eta 775s)
      [block p=0.44] chunk 2681/8295  463s  (eta 970s)
== phase run: the n=5 L=8 rung ==
   K = 3865 orbits; grid [0.44]
   [block p=0.44] RESUMED at chunk 2682/8295 (state 19:20:38)
      [block p=0.44] chunk 2689/8295  79s  (eta 164s)
      [block p=0.44] chunk 2697/8295  161s  (eta 335s)
      [block p=0.44] chunk 2705/8295  259s  (eta 534s)
      [block p=0.44] chunk 2713/8295  366s  (eta 753s)
      [block p=0.44] chunk 2721/8295  455s  (eta 931s)
== phase run: the n=5 L=8 rung ==
   K = 3865 orbits; grid [0.44]
   [block p=0.44] RESUMED at chunk 2722/8295 (state 19:29:17)
      [block p=0.44] chunk 2729/8295  90s  (eta 183s)
      [block p=0.44] chunk 2737/8295  177s  (eta 359s)
      [block p=0.44] chunk 2745/8295  280s  (eta 566s)
      [block p=0.44] chunk 2753/8295  391s  (eta 786s)
      [block p=0.44] chunk 2761/8295  486s  (eta 974s)
== phase run: the n=5 L=8 rung ==
   K = 3865 orbits; grid [0.44]
   [block p=0.44] RESUMED at chunk 2762/8295 (state 19:38:37)
      [block p=0.44] chunk 2769/8295  79s  (eta 159s)
      [block p=0.44] chunk 2777/8295  172s  (eta 342s)
      [block p=0.44] chunk 2785/8295  258s  (eta 511s)
      [block p=0.44] chunk 2793/8295  344s  (eta 678s)
      [block p=0.44] chunk 2801/8295  426s  (eta 836s)
== phase run: the n=5 L=8 rung ==
   K = 3865 orbits; grid [0.44]
   [block p=0.44] RESUMED at chunk 2802/8295 (state 19:49:59)
      [block p=0.44] chunk 2809/8295  84s  (eta 163s)
      [block p=0.44] chunk 2817/8295  175s  (eta 339s)
      [block p=0.44] chunk 2825/8295  274s  (eta 530s)
      [block p=0.44] chunk 2833/8295  367s  (eta 707s)
      [block p=0.44] chunk 2841/8295  457s  (eta 877s)
== phase run: the n=5 L=8 rung ==
   K = 3865 orbits; grid [0.44]
   [block p=0.44] RESUMED at chunk 2842/8295 (state 19:59:17)
      [block p=0.44] chunk 2849/8295  85s  (eta 163s)
      [block p=0.44] chunk 2857/8295  179s  (eta 340s)
      [block p=0.44] chunk 2865/8295  262s  (eta 497s)
      [block p=0.44] chunk 2873/8295  352s  (eta 665s)
      [block p=0.44] chunk 2881/8295  454s  (eta 854s)
== phase run: the n=5 L=8 rung ==
   K = 3865 orbits; grid [0.44]
   [block p=0.44] RESUMED at chunk 2882/8295 (state 20:08:04)
      [block p=0.44] chunk 2889/8295  94s  (eta 175s)
      [block p=0.44] chunk 2897/8295  189s  (eta 352s)
      [block p=0.44] chunk 2905/8295  286s  (eta 531s)
      [block p=0.44] chunk 2913/8295  382s  (eta 706s)
      [block p=0.44] chunk 2921/8295  474s  (eta 871s)
== phase run: the n=5 L=8 rung ==
   K = 3865 orbits; grid [0.44]
   [block p=0.44] RESUMED at chunk 2922/8295 (state 20:20:38)
      [block p=0.44] chunk 2929/8295  97s  (eta 179s)
      [block p=0.44] chunk 2937/8295  183s  (eta 333s)
      [block p=0.44] chunk 2945/8295  276s  (eta 501s)
      [block p=0.44] chunk 2953/8295  365s  (eta 661s)
      [block p=0.44] chunk 2961/8295  454s  (eta 819s)
== phase run: the n=5 L=8 rung ==
   K = 3865 orbits; grid [0.44]
   [block p=0.44] RESUMED at chunk 2962/8295 (state 20:29:08)
      [block p=0.44] chunk 2969/8295  85s  (eta 152s)
      [block p=0.44] chunk 2977/8295  172s  (eta 308s)
      [block p=0.44] chunk 2985/8295  285s  (eta 507s)
      [block p=0.44] chunk 2993/8295  395s  (eta 699s)
      [block p=0.44] chunk 3001/8295  484s  (eta 853s)
== phase run: the n=5 L=8 rung ==
   K = 3865 orbits; grid [0.44]
   [block p=0.44] RESUMED at chunk 3002/8295 (state 20:38:21)
      [block p=0.44] chunk 3009/8295  91s  (eta 161s)
      [block p=0.44] chunk 3017/8295  179s  (eta 313s)
      [block p=0.44] chunk 3025/8295  262s  (eta 457s)
      [block p=0.44] chunk 3033/8295  354s  (eta 614s)
      [block p=0.44] chunk 3041/8295  446s  (eta 771s)
== phase run: the n=5 L=8 rung ==
   K = 3865 orbits; grid [0.44]
   [block p=0.44] RESUMED at chunk 3042/8295 (state 20:50:20)
      [block p=0.44] chunk 3049/8295  99s  (eta 170s)
      [block p=0.44] chunk 3057/8295  189s  (eta 323s)
      [block p=0.44] chunk 3065/8295  287s  (eta 490s)
      [block p=0.44] chunk 3073/8295  392s  (eta 667s)
      [block p=0.44] chunk 3081/8295  485s  (eta 821s)
== phase run: the n=5 L=8 rung ==
   K = 3865 orbits; grid [0.44]
   [block p=0.44] RESUMED at chunk 3082/8295 (state 20:59:43)
      [block p=0.44] chunk 3089/8295  91s  (eta 153s)
      [block p=0.44] chunk 3097/8295  189s  (eta 317s)
      [block p=0.44] chunk 3105/8295  275s  (eta 459s)
      [block p=0.44] chunk 3113/8295  377s  (eta 627s)
      [block p=0.44] chunk 3121/8295  468s  (eta 776s)
== phase run: the n=5 L=8 rung ==
   K = 3865 orbits; grid [0.44]
   [block p=0.44] RESUMED at chunk 3122/8295 (state 21:08:10)
      [block p=0.44] chunk 3129/8295  89s  (eta 147s)
      [block p=0.44] chunk 3137/8295  181s  (eta 297s)
      [block p=0.44] chunk 3145/8295  273s  (eta 448s)
      [block p=0.44] chunk 3153/8295  362s  (eta 590s)
      [block p=0.44] chunk 3161/8295  458s  (eta 743s)
== phase run: the n=5 L=8 rung ==
   K = 3865 orbits; grid [0.44]
   [block p=0.44] RESUMED at chunk 3162/8295 (state 21:20:24)
      [block p=0.44] chunk 3169/8295  100s  (eta 161s)
      [block p=0.44] chunk 3177/8295  206s  (eta 331s)
      [block p=0.44] chunk 3185/8295  288s  (eta 462s)
      [block p=0.44] chunk 3193/8295  374s  (eta 598s)
      [block p=0.44] chunk 3201/8295  462s  (eta 735s)
== phase run: the n=5 L=8 rung ==
   K = 3865 orbits; grid [0.44]
   [block p=0.44] RESUMED at chunk 3202/8295 (state 21:29:15)
      [block p=0.44] chunk 3209/8295  98s  (eta 156s)
      [block p=0.44] chunk 3217/8295  191s  (eta 302s)
      [block p=0.44] chunk 3225/8295  288s  (eta 453s)
      [block p=0.44] chunk 3233/8295  373s  (eta 583s)
      [block p=0.44] chunk 3241/8295  466s  (eta 727s)
== phase run: the n=5 L=8 rung ==
   K = 3865 orbits; grid [0.44]
   [block p=0.44] RESUMED at chunk 3242/8295 (state 21:38:07)
      [block p=0.44] chunk 3249/8295  87s  (eta 136s)
      [block p=0.44] chunk 3257/8295  183s  (eta 283s)
      [block p=0.44] chunk 3265/8295  269s  (eta 414s)
      [block p=0.44] chunk 3273/8295  353s  (eta 541s)
      [block p=0.44] chunk 3281/8295  448s  (eta 685s)
== phase run: the n=5 L=8 rung ==
   K = 3865 orbits; grid [0.44]
   [block p=0.44] RESUMED at chunk 3282/8295 (state 21:50:36)
      [block p=0.44] chunk 3289/8295  85s  (eta 129s)
      [block p=0.44] chunk 3297/8295  167s  (eta 253s)
      [block p=0.44] chunk 3305/8295  253s  (eta 382s)
      [block p=0.44] chunk 3313/8295  354s  (eta 532s)
      [block p=0.44] chunk 3321/8295  447s  (eta 670s)
== phase run: the n=5 L=8 rung ==
   K = 3865 orbits; grid [0.44]
   [block p=0.44] RESUMED at chunk 3322/8295 (state 21:59:22)
      [block p=0.44] chunk 3329/8295  90s  (eta 134s)
      [block p=0.44] chunk 3337/8295  188s  (eta 280s)
      [block p=0.44] chunk 3345/8295  279s  (eta 412s)
      [block p=0.44] chunk 3353/8295  374s  (eta 552s)
      [block p=0.44] chunk 3361/8295  462s  (eta 678s)
== phase run: the n=5 L=8 rung ==
   K = 3865 orbits; grid [0.44]
   [block p=0.44] RESUMED at chunk 3362/8295 (state 22:08:20)
      [block p=0.44] chunk 3369/8295  88s  (eta 129s)
      [block p=0.44] chunk 3377/8295  192s  (eta 280s)
      [block p=0.44] chunk 3385/8295  296s  (eta 430s)
      [block p=0.44] chunk 3393/8295  391s  (eta 565s)
      [block p=0.44] chunk 3401/8295  487s  (eta 701s)
== phase run: the n=5 L=8 rung ==
   K = 3865 orbits; grid [0.44]
   [block p=0.44] RESUMED at chunk 3402/8295 (state 22:20:50)
      [block p=0.44] chunk 3409/8295  92s  (eta 132s)
      [block p=0.44] chunk 3417/8295  185s  (eta 264s)
      [block p=0.44] chunk 3425/8295  283s  (eta 403s)
      [block p=0.44] chunk 3433/8295  388s  (eta 549s)
      [block p=0.44] chunk 3441/8295  492s  (eta 694s)
== phase run: the n=5 L=8 rung ==
   K = 3865 orbits; grid [0.44]
   [block p=0.44] RESUMED at chunk 3442/8295 (state 22:29:38)
      [block p=0.44] chunk 3449/8295  99s  (eta 139s)
      [block p=0.44] chunk 3457/8295  198s  (eta 277s)
      [block p=0.44] chunk 3465/8295  277s  (eta 386s)
      [block p=0.44] chunk 3473/8295  358s  (eta 497s)
      [block p=0.44] chunk 3481/8295  446s  (eta 617s)
== phase run: the n=5 L=8 rung ==
   K = 3865 orbits; grid [0.44]
   [block p=0.44] RESUMED at chunk 3482/8295 (state 22:37:40)
      [block p=0.44] chunk 3489/8295  82s  (eta 113s)
      [block p=0.44] chunk 3497/8295  174s  (eta 239s)
      [block p=0.44] chunk 3505/8295  263s  (eta 360s)
      [block p=0.44] chunk 3513/8295  359s  (eta 489s)
      [block p=0.44] chunk 3521/8295  458s  (eta 621s)
== phase run: the n=5 L=8 rung ==
   K = 3865 orbits; grid [0.44]
   [block p=0.44] RESUMED at chunk 3522/8295 (state 22:49:00)
      [block p=0.44] chunk 3529/8295  88s  (eta 119s)
      [block p=0.44] chunk 3537/8295  175s  (eta 235s)
      [block p=0.44] chunk 3545/8295  265s  (eta 355s)
      [block p=0.44] chunk 3553/8295  363s  (eta 485s)
      [block p=0.44] chunk 3561/8295  462s  (eta 615s)
== phase run: the n=5 L=8 rung ==
   K = 3865 orbits; grid [0.44]
   [block p=0.44] RESUMED at chunk 3562/8295 (state 22:57:48)
      [block p=0.44] chunk 3569/8295  85s  (eta 113s)
      [block p=0.44] chunk 3577/8295  184s  (eta 243s)
      [block p=0.44] chunk 3585/8295  280s  (eta 368s)
      [block p=0.44] chunk 3593/8295  388s  (eta 508s)
      [block p=0.44] chunk 3601/8295  484s  (eta 631s)
== phase run: the n=5 L=8 rung ==
   K = 3865 orbits; grid [0.44]
   [block p=0.44] RESUMED at chunk 3602/8295 (state 23:20:56)
      [block p=0.44] chunk 3609/8295  90s  (eta 117s)
      [block p=0.44] chunk 3617/8295  195s  (eta 253s)
      [block p=0.44] chunk 3625/8295  287s  (eta 369s)
      [block p=0.44] chunk 3633/8295  389s  (eta 499s)
      [block p=0.44] chunk 3641/8295  478s  (eta 612s)
== phase run: the n=5 L=8 rung ==
   K = 3865 orbits; grid [0.44]
   [block p=0.44] RESUMED at chunk 3642/8295 (state 23:29:34)
      [block p=0.44] chunk 3649/8295  82s  (eta 104s)
      [block p=0.44] chunk 3657/8295  158s  (eta 201s)
      [block p=0.44] chunk 3665/8295  263s  (eta 332s)
      [block p=0.44] chunk 3673/8295  359s  (eta 452s)
      [block p=0.44] chunk 3681/8295  453s  (eta 568s)
== phase run: the n=5 L=8 rung ==
   K = 3865 orbits; grid [0.44]
   [block p=0.44] RESUMED at chunk 3682/8295 (state 23:37:52)
      [block p=0.44] chunk 3689/8295  87s  (eta 108s)
      [block p=0.44] chunk 3697/8295  182s  (eta 227s)
      [block p=0.44] chunk 3705/8295  284s  (eta 352s)
      [block p=0.44] chunk 3713/8295  388s  (eta 479s)
      [block p=0.44] chunk 3721/8295  482s  (eta 593s)
== phase run: the n=5 L=8 rung ==
   K = 3865 orbits; grid [0.44]
   [block p=0.44] RESUMED at chunk 3722/8295 (state 23:50:47)
      [block p=0.44] chunk 3729/8295  101s  (eta 123s)
      [block p=0.44] chunk 3737/8295  192s  (eta 234s)
      [block p=0.44] chunk 3745/8295  288s  (eta 350s)
      [block p=0.44] chunk 3753/8295  379s  (eta 458s)
      [block p=0.44] chunk 3761/8295  484s  (eta 583s)
== phase run: the n=5 L=8 rung ==
   K = 3865 orbits; grid [0.44]
   [block p=0.44] RESUMED at chunk 3762/8295 (state 23:59:33)
      [block p=0.44] chunk 3769/8295  85s  (eta 102s)
      [block p=0.44] chunk 3777/8295  180s  (eta 215s)
      [block p=0.44] chunk 3785/8295  274s  (eta 327s)
      [block p=0.44] chunk 3793/8295  368s  (eta 436s)
      [block p=0.44] chunk 3801/8295  475s  (eta 561s)
== phase run: the n=5 L=8 rung ==
   K = 3865 orbits; grid [0.44]
   [block p=0.44] RESUMED at chunk 3802/8295 (state 00:08:06)
      [block p=0.44] chunk 3809/8295  103s  (eta 121s)
      [block p=0.44] chunk 3817/8295  189s  (eta 222s)
      [block p=0.44] chunk 3825/8295  277s  (eta 324s)
      [block p=0.44] chunk 3833/8295  371s  (eta 432s)
      [block p=0.44] chunk 3841/8295  457s  (eta 530s)
== phase run: the n=5 L=8 rung ==
   K = 3865 orbits; grid [0.44]
   [block p=0.44] RESUMED at chunk 3842/8295 (state 00:20:22)
      [block p=0.44] chunk 3849/8295  85s  (eta 99s)
      [block p=0.44] chunk 3857/8295  172s  (eta 197s)
      [block p=0.44] chunk 3865/8295  262s  (eta 300s)
      [block p=0.44] chunk 3873/8295  362s  (eta 413s)
      [block p=0.44] chunk 3881/8295  453s  (eta 515s)
== phase run: the n=5 L=8 rung ==
   K = 3865 orbits; grid [0.44]
   [block p=0.44] RESUMED at chunk 3882/8295 (state 00:29:00)
      [block p=0.44] chunk 3889/8295  86s  (eta 98s)
      [block p=0.44] chunk 3897/8295  187s  (eta 211s)
      [block p=0.44] chunk 3905/8295  282s  (eta 317s)
      [block p=0.44] chunk 3913/8295  388s  (eta 434s)
      [block p=0.44] chunk 3921/8295  490s  (eta 546s)
== phase run: the n=5 L=8 rung ==
   K = 3865 orbits; grid [0.44]
   [block p=0.44] RESUMED at chunk 3922/8295 (state 00:38:34)
      [block p=0.44] chunk 3929/8295  93s  (eta 103s)
      [block p=0.44] chunk 3937/8295  188s  (eta 208s)
      [block p=0.44] chunk 3945/8295  286s  (eta 315s)
      [block p=0.44] chunk 3953/8295  381s  (eta 418s)
      [block p=0.44] chunk 3961/8295  483s  (eta 528s)
== phase run: the n=5 L=8 rung ==
   K = 3865 orbits; grid [0.44]
   [block p=0.44] RESUMED at chunk 3962/8295 (state 00:50:51)
      [block p=0.44] chunk 3969/8295  102s  (eta 111s)
      [block p=0.44] chunk 3977/8295  198s  (eta 215s)
      [block p=0.44] chunk 3985/8295  282s  (eta 305s)
      [block p=0.44] chunk 3993/8295  384s  (eta 414s)
      [block p=0.44] chunk 4001/8295  466s  (eta 500s)
== phase run: the n=5 L=8 rung ==
   K = 3865 orbits; grid [0.44]
   [block p=0.44] RESUMED at chunk 4002/8295 (state 00:59:17)
      [block p=0.44] chunk 4009/8295  102s  (eta 109s)
      [block p=0.44] chunk 4017/8295  197s  (eta 210s)
      [block p=0.44] chunk 4025/8295  292s  (eta 309s)
      [block p=0.44] chunk 4033/8295  384s  (eta 406s)
      [block p=0.44] chunk 4041/8295  487s  (eta 513s)
== phase run: the n=5 L=8 rung ==
   K = 3865 orbits; grid [0.44]
   [block p=0.44] RESUMED at chunk 4042/8295 (state 01:08:25)
      [block p=0.44] chunk 4049/8295  94s  (eta 98s)
      [block p=0.44] chunk 4057/8295  177s  (eta 185s)
      [block p=0.44] chunk 4065/8295  267s  (eta 278s)
      [block p=0.44] chunk 4073/8295  373s  (eta 387s)
      [block p=0.44] chunk 4081/8295  486s  (eta 501s)
== phase run: the n=5 L=8 rung ==
   K = 3865 orbits; grid [0.44]
   [block p=0.44] RESUMED at chunk 4082/8295 (state 01:20:59)
      [block p=0.44] chunk 4089/8295  95s  (eta 98s)
      [block p=0.44] chunk 4097/8295  189s  (eta 194s)
      [block p=0.44] chunk 4105/8295  284s  (eta 289s)
      [block p=0.44] chunk 4113/8295  370s  (eta 376s)
      [block p=0.44] chunk 4121/8295  457s  (eta 462s)
== phase run: the n=5 L=8 rung ==
   K = 3865 orbits; grid [0.44]
   [block p=0.44] RESUMED at chunk 4122/8295 (state 01:29:15)
      [block p=0.44] chunk 4129/8295  95s  (eta 95s)
      [block p=0.44] chunk 4137/8295  183s  (eta 184s)
      [block p=0.44] chunk 4145/8295  271s  (eta 271s)
      [block p=0.44] chunk 4153/8295  356s  (eta 355s)
      [block p=0.44] chunk 4161/8295  450s  (eta 447s)
== phase run: the n=5 L=8 rung ==
   K = 3865 orbits; grid [0.44]
   [block p=0.44] RESUMED at chunk 4162/8295 (state 01:37:58)
      [block p=0.44] chunk 4169/8295  79s  (eta 78s)
      [block p=0.44] chunk 4177/8295  166s  (eta 164s)
      [block p=0.44] chunk 4185/8295  245s  (eta 240s)
      [block p=0.44] chunk 4193/8295  342s  (eta 334s)
      [block p=0.44] chunk 4201/8295  423s  (eta 412s)
      [block p=0.44] chunk 4209/8295  507s  (eta 492s)
== phase run: the n=5 L=8 rung ==
   K = 3865 orbits; grid [0.44]
   [block p=0.44] RESUMED at chunk 4210/8295 (state 01:51:16)
      [block p=0.44] chunk 4217/8295  87s  (eta 84s)
      [block p=0.44] chunk 4225/8295  183s  (eta 176s)
      [block p=0.44] chunk 4233/8295  289s  (eta 277s)
      [block p=0.44] chunk 4241/8295  388s  (eta 371s)
      [block p=0.44] chunk 4249/8295  478s  (eta 455s)
== phase run: the n=5 L=8 rung ==
   K = 3865 orbits; grid [0.44]
   [block p=0.44] RESUMED at chunk 4250/8295 (state 01:59:37)
      [block p=0.44] chunk 4257/8295  93s  (eta 88s)
      [block p=0.44] chunk 4265/8295  200s  (eta 189s)
      [block p=0.44] chunk 4273/8295  295s  (eta 278s)
      [block p=0.44] chunk 4281/8295  403s  (eta 378s)
      [block p=0.44] chunk 4289/8295  502s  (eta 469s)
== phase run: the n=5 L=8 rung ==
   K = 3865 orbits; grid [0.44]
   [block p=0.44] RESUMED at chunk 4290/8295 (state 02:09:11)
      [block p=0.44] chunk 4297/8295  86s  (eta 80s)
      [block p=0.44] chunk 4305/8295  179s  (eta 166s)
      [block p=0.44] chunk 4313/8295  271s  (eta 250s)
      [block p=0.44] chunk 4321/8295  371s  (eta 342s)
      [block p=0.44] chunk 4329/8295  467s  (eta 428s)
== phase run: the n=5 L=8 rung ==
   K = 3865 orbits; grid [0.44]
   [block p=0.44] RESUMED at chunk 4330/8295 (state 02:20:41)
      [block p=0.44] chunk 4337/8295  78s  (eta 71s)
      [block p=0.44] chunk 4345/8295  162s  (eta 148s)
      [block p=0.44] chunk 4353/8295  250s  (eta 226s)
      [block p=0.44] chunk 4361/8295  333s  (eta 300s)
      [block p=0.44] chunk 4369/8295  429s  (eta 386s)
      [block p=0.44] chunk 4377/8295  511s  (eta 457s)
== phase run: the n=5 L=8 rung ==
   K = 3865 orbits; grid [0.44]
   [block p=0.44] RESUMED at chunk 4378/8295 (state 02:30:07)
      [block p=0.44] chunk 4385/8295  93s  (eta 83s)
      [block p=0.44] chunk 4393/8295  173s  (eta 154s)
      [block p=0.44] chunk 4401/8295  265s  (eta 234s)
      [block p=0.44] chunk 4409/8295  366s  (eta 322s)
      [block p=0.44] chunk 4417/8295  468s  (eta 411s)
== phase run: the n=5 L=8 rung ==
   K = 3865 orbits; grid [0.44]
   [block p=0.44] RESUMED at chunk 4418/8295 (state 02:38:23)
      [block p=0.44] chunk 4425/8295  92s  (eta 80s)
      [block p=0.44] chunk 4433/8295  183s  (eta 159s)
      [block p=0.44] chunk 4441/8295  268s  (eta 233s)
      [block p=0.44] chunk 4449/8295  353s  (eta 305s)
      [block p=0.44] chunk 4457/8295  443s  (eta 382s)
== phase run: the n=5 L=8 rung ==
   K = 3865 orbits; grid [0.44]
   [block p=0.44] RESUMED at chunk 4458/8295 (state 02:50:23)
      [block p=0.44] chunk 4465/8295  89s  (eta 76s)
      [block p=0.44] chunk 4473/8295  184s  (eta 157s)
      [block p=0.44] chunk 4481/8295  271s  (eta 231s)
      [block p=0.44] chunk 4489/8295  366s  (eta 310s)
      [block p=0.44] chunk 4497/8295  451s  (eta 381s)
== phase run: the n=5 L=8 rung ==
   K = 3865 orbits; grid [0.44]
   [block p=0.44] RESUMED at chunk 4498/8295 (state 02:59:14)
      [block p=0.44] chunk 4505/8295  96s  (eta 81s)
      [block p=0.44] chunk 4513/8295  199s  (eta 166s)
      [block p=0.44] chunk 4521/8295  287s  (eta 239s)
      [block p=0.44] chunk 4529/8295  380s  (eta 316s)
      [block p=0.44] chunk 4537/8295  479s  (eta 397s)
== phase run: the n=5 L=8 rung ==
   K = 3865 orbits; grid [0.44]
   [block p=0.44] RESUMED at chunk 4538/8295 (state 03:08:31)
      [block p=0.44] chunk 4545/8295  101s  (eta 84s)
      [block p=0.44] chunk 4553/8295  201s  (eta 165s)
      [block p=0.44] chunk 4561/8295  307s  (eta 251s)
      [block p=0.44] chunk 4569/8295  416s  (eta 339s)
== phase run: the n=5 L=8 rung ==
   K = 3865 orbits; grid [0.44]
   [block p=0.44] RESUMED at chunk 4570/8295 (state 03:19:52)
      [block p=0.44] chunk 4577/8295  92s  (eta 75s)
      [block p=0.44] chunk 4585/8295  183s  (eta 148s)
      [block p=0.44] chunk 4593/8295  280s  (eta 225s)
      [block p=0.44] chunk 4601/8295  379s  (eta 304s)
      [block p=0.44] chunk 4609/8295  467s  (eta 374s)
== phase run: the n=5 L=8 rung ==
   K = 3865 orbits; grid [0.44]
   [block p=0.44] RESUMED at chunk 4610/8295 (state 03:29:31)
      [block p=0.44] chunk 4617/8295  81s  (eta 65s)
      [block p=0.44] chunk 4625/8295  177s  (eta 140s)
      [block p=0.44] chunk 4633/8295  281s  (eta 222s)
      [block p=0.44] chunk 4641/8295  370s  (eta 291s)
      [block p=0.44] chunk 4649/8295  466s  (eta 365s)
== phase run: the n=5 L=8 rung ==
   K = 3865 orbits; grid [0.44]
   [block p=0.44] RESUMED at chunk 4650/8295 (state 03:38:15)
      [block p=0.44] chunk 4657/8295  78s  (eta 61s)
      [block p=0.44] chunk 4665/8295  175s  (eta 136s)
      [block p=0.44] chunk 4673/8295  275s  (eta 213s)
      [block p=0.44] chunk 4681/8295  364s  (eta 281s)
      [block p=0.44] chunk 4689/8295  458s  (eta 352s)
== phase run: the n=5 L=8 rung ==
   K = 3865 orbits; grid [0.44]
   [block p=0.44] RESUMED at chunk 4690/8295 (state 03:50:32)
      [block p=0.44] chunk 4697/8295  108s  (eta 83s)
      [block p=0.44] chunk 4705/8295  212s  (eta 162s)
      [block p=0.44] chunk 4713/8295  300s  (eta 228s)
      [block p=0.44] chunk 4721/8295  394s  (eta 298s)
      [block p=0.44] chunk 4729/8295  491s  (eta 370s)
== phase run: the n=5 L=8 rung ==
   K = 3865 orbits; grid [0.44]
   [block p=0.44] RESUMED at chunk 4730/8295 (state 03:59:56)
      [block p=0.44] chunk 4737/8295  83s  (eta 63s)
      [block p=0.44] chunk 4745/8295  180s  (eta 135s)
      [block p=0.44] chunk 4753/8295  285s  (eta 212s)
      [block p=0.44] chunk 4761/8295  387s  (eta 287s)
      [block p=0.44] chunk 4769/8295  481s  (eta 355s)
== phase run: the n=5 L=8 rung ==
   K = 3865 orbits; grid [0.44]
   [block p=0.44] RESUMED at chunk 4770/8295 (state 04:21:25)
      [block p=0.44] chunk 4777/8295  90s  (eta 66s)
      [block p=0.44] chunk 4785/8295  184s  (eta 135s)
      [block p=0.44] chunk 4793/8295  282s  (eta 206s)
      [block p=0.44] chunk 4801/8295  373s  (eta 272s)
      [block p=0.44] chunk 4809/8295  462s  (eta 335s)
== phase run: the n=5 L=8 rung ==
   K = 3865 orbits; grid [0.44]
   [block p=0.44] RESUMED at chunk 4810/8295 (state 04:29:51)
      [block p=0.44] chunk 4817/8295  85s  (eta 61s)
      [block p=0.44] chunk 4825/8295  171s  (eta 123s)
      [block p=0.44] chunk 4833/8295  286s  (eta 205s)
      [block p=0.44] chunk 4841/8295  388s  (eta 277s)
      [block p=0.44] chunk 4849/8295  490s  (eta 349s)
== phase run: the n=5 L=8 rung ==
   K = 3865 orbits; grid [0.44]
   [block p=0.44] RESUMED at chunk 4850/8295 (state 04:39:03)
      [block p=0.44] chunk 4857/8295  80s  (eta 57s)
      [block p=0.44] chunk 4865/8295  160s  (eta 113s)
      [block p=0.44] chunk 4873/8295  250s  (eta 176s)
      [block p=0.44] chunk 4881/8295  354s  (eta 248s)
      [block p=0.44] chunk 4889/8295  455s  (eta 317s)
== phase run: the n=5 L=8 rung ==
   K = 3865 orbits; grid [0.44]
   [block p=0.44] RESUMED at chunk 4890/8295 (state 04:50:31)
      [block p=0.44] chunk 4897/8295  98s  (eta 68s)
      [block p=0.44] chunk 4905/8295  207s  (eta 143s)
      [block p=0.44] chunk 4913/8295  303s  (eta 209s)
      [block p=0.44] chunk 4921/8295  410s  (eta 281s)
      [block p=0.44] chunk 4929/8295  499s  (eta 341s)
== phase run: the n=5 L=8 rung ==
   K = 3865 orbits; grid [0.44]
   [block p=0.44] RESUMED at chunk 4930/8295 (state 05:00:05)
      [block p=0.44] chunk 4937/8295  99s  (eta 68s)
      [block p=0.44] chunk 4945/8295  180s  (eta 122s)
      [block p=0.44] chunk 4953/8295  277s  (eta 187s)
      [block p=0.44] chunk 4961/8295  375s  (eta 252s)
      [block p=0.44] chunk 4969/8295  469s  (eta 314s)
== phase run: the n=5 L=8 rung ==
   K = 3865 orbits; grid [0.44]
   [block p=0.44] RESUMED at chunk 4970/8295 (state 05:08:26)
      [block p=0.44] chunk 4977/8295  95s  (eta 63s)
      [block p=0.44] chunk 4985/8295  195s  (eta 129s)
      [block p=0.44] chunk 4993/8295  299s  (eta 197s)
      [block p=0.44] chunk 5001/8295  403s  (eta 266s)
      [block p=0.44] chunk 5009/8295  491s  (eta 322s)
== phase run: the n=5 L=8 rung ==
   K = 3865 orbits; grid [0.44]
   [block p=0.44] RESUMED at chunk 5010/8295 (state 05:22:09)
      [block p=0.44] chunk 5017/8295  98s  (eta 64s)
      [block p=0.44] chunk 5025/8295  188s  (eta 122s)
      [block p=0.44] chunk 5033/8295  285s  (eta 185s)
      [block p=0.44] chunk 5041/8295  379s  (eta 245s)
      [block p=0.44] chunk 5049/8295  466s  (eta 300s)
== phase run: the n=5 L=8 rung ==
   K = 3865 orbits; grid [0.44]
   [block p=0.44] RESUMED at chunk 5050/8295 (state 05:30:35)
      [block p=0.44] chunk 5057/8295  106s  (eta 68s)
      [block p=0.44] chunk 5065/8295  203s  (eta 129s)
      [block p=0.44] chunk 5073/8295  293s  (eta 186s)
      [block p=0.44] chunk 5081/8295  373s  (eta 236s)
      [block p=0.44] chunk 5089/8295  479s  (eta 302s)
== phase run: the n=5 L=8 rung ==
   K = 3865 orbits; grid [0.44]
   [block p=0.44] RESUMED at chunk 5090/8295 (state 05:39:45)
      [block p=0.44] chunk 5097/8295  76s  (eta 48s)
      [block p=0.44] chunk 5105/8295  165s  (eta 103s)
      [block p=0.44] chunk 5113/8295  258s  (eta 160s)
      [block p=0.44] chunk 5121/8295  364s  (eta 226s)
      [block p=0.44] chunk 5129/8295  454s  (eta 280s)
== phase run: the n=5 L=8 rung ==
   K = 3865 orbits; grid [0.44]
   [block p=0.44] RESUMED at chunk 5130/8295 (state 05:50:28)
      [block p=0.44] chunk 5137/8295  85s  (eta 52s)
      [block p=0.44] chunk 5145/8295  171s  (eta 105s)
      [block p=0.44] chunk 5153/8295  263s  (eta 161s)
      [block p=0.44] chunk 5161/8295  364s  (eta 221s)
      [block p=0.44] chunk 5169/8295  461s  (eta 279s)
== phase run: the n=5 L=8 rung ==
   K = 3865 orbits; grid [0.44]
   [block p=0.44] RESUMED at chunk 5170/8295 (state 05:59:20)
      [block p=0.44] chunk 5177/8295  93s  (eta 56s)
      [block p=0.44] chunk 5185/8295  182s  (eta 109s)
      [block p=0.44] chunk 5193/8295  270s  (eta 161s)
      [block p=0.44] chunk 5201/8295  360s  (eta 214s)
      [block p=0.44] chunk 5209/8295  443s  (eta 262s)
== phase run: the n=5 L=8 rung ==
   K = 3865 orbits; grid [0.44]
   [block p=0.44] RESUMED at chunk 5210/8295 (state 06:07:44)
      [block p=0.44] chunk 5217/8295  88s  (eta 52s)
      [block p=0.44] chunk 5225/8295  192s  (eta 113s)
      [block p=0.44] chunk 5233/8295  284s  (eta 166s)
      [block p=0.44] chunk 5241/8295  381s  (eta 222s)
      [block p=0.44] chunk 5249/8295  478s  (eta 277s)
== phase run: the n=5 L=8 rung ==
   K = 3865 orbits; grid [0.44]
   [block p=0.44] RESUMED at chunk 5250/8295 (state 06:20:48)
      [block p=0.44] chunk 5257/8295  105s  (eta 61s)
      [block p=0.44] chunk 5265/8295  212s  (eta 122s)
      [block p=0.44] chunk 5273/8295  306s  (eta 175s)
      [block p=0.44] chunk 5281/8295  405s  (eta 231s)
      [block p=0.44] chunk 5289/8295  488s  (eta 277s)
== phase run: the n=5 L=8 rung ==
   K = 3865 orbits; grid [0.44]
   [block p=0.44] RESUMED at chunk 5290/8295 (state 06:29:42)
      [block p=0.44] chunk 5297/8295  84s  (eta 48s)
      [block p=0.44] chunk 5305/8295  182s  (eta 102s)
      [block p=0.44] chunk 5313/8295  269s  (eta 151s)
      [block p=0.44] chunk 5321/8295  370s  (eta 207s)
      [block p=0.44] chunk 5329/8295  456s  (eta 254s)
== phase run: the n=5 L=8 rung ==
   K = 3865 orbits; grid [0.44]
   [block p=0.44] RESUMED at chunk 5330/8295 (state 06:37:57)
      [block p=0.44] chunk 5337/8295  98s  (eta 54s)
      [block p=0.44] chunk 5345/8295  193s  (eta 107s)
      [block p=0.44] chunk 5353/8295  299s  (eta 164s)
      [block p=0.44] chunk 5361/8295  407s  (eta 223s)
      [block p=0.44] chunk 5369/8295  506s  (eta 276s)
== phase run: the n=5 L=8 rung ==
   K = 3865 orbits; grid [0.44]
   [block p=0.44] RESUMED at chunk 5370/8295 (state 06:51:17)
      [block p=0.44] chunk 5377/8295  76s  (eta 41s)
      [block p=0.44] chunk 5385/8295  161s  (eta 87s)
      [block p=0.44] chunk 5393/8295  257s  (eta 138s)
      [block p=0.44] chunk 5401/8295  342s  (eta 183s)
      [block p=0.44] chunk 5409/8295  446s  (eta 238s)
== phase run: the n=5 L=8 rung ==
   K = 3865 orbits; grid [0.44]
   [block p=0.44] RESUMED at chunk 5410/8295 (state 06:59:04)
      [block p=0.44] chunk 5417/8295  79s  (eta 42s)
      [block p=0.44] chunk 5425/8295  167s  (eta 88s)
      [block p=0.44] chunk 5433/8295  270s  (eta 142s)
      [block p=0.44] chunk 5441/8295  373s  (eta 196s)
      [block p=0.44] chunk 5449/8295  470s  (eta 245s)
== phase run: the n=5 L=8 rung ==
   K = 3865 orbits; grid [0.44]
   [block p=0.44] RESUMED at chunk 5450/8295 (state 07:08:16)
      [block p=0.44] chunk 5457/8295  82s  (eta 43s)
      [block p=0.44] chunk 5465/8295  179s  (eta 92s)
      [block p=0.44] chunk 5473/8295  271s  (eta 140s)
      [block p=0.44] chunk 5481/8295  376s  (eta 193s)
      [block p=0.44] chunk 5489/8295  454s  (eta 232s)
== phase run: the n=5 L=8 rung ==
   K = 3865 orbits; grid [0.44]
   [block p=0.44] RESUMED at chunk 5490/8295 (state 07:20:25)
      [block p=0.44] chunk 5497/8295  96s  (eta 49s)
      [block p=0.44] chunk 5505/8295  199s  (eta 101s)
      [block p=0.44] chunk 5513/8295  284s  (eta 143s)
      [block p=0.44] chunk 5521/8295  377s  (eta 189s)
      [block p=0.44] chunk 5529/8295  473s  (eta 237s)
== phase run: the n=5 L=8 rung ==
   K = 3865 orbits; grid [0.44]
   [block p=0.44] RESUMED at chunk 5530/8295 (state 07:29:28)
      [block p=0.44] chunk 5537/8295  92s  (eta 46s)
      [block p=0.44] chunk 5545/8295  188s  (eta 93s)
      [block p=0.44] chunk 5553/8295  291s  (eta 144s)
      [block p=0.44] chunk 5561/8295  398s  (eta 196s)
      [block p=0.44] chunk 5569/8295  495s  (eta 242s)
== phase run: the n=5 L=8 rung ==
   K = 3865 orbits; grid [0.44]
   [block p=0.44] RESUMED at chunk 5570/8295 (state 07:38:34)
      [block p=0.44] chunk 5577/8295  97s  (eta 47s)
      [block p=0.44] chunk 5585/8295  191s  (eta 92s)
      [block p=0.44] chunk 5593/8295  288s  (eta 139s)
      [block p=0.44] chunk 5601/8295  380s  (eta 183s)
      [block p=0.44] chunk 5609/8295  462s  (eta 221s)
== phase run: the n=5 L=8 rung ==
   K = 3865 orbits; grid [0.44]
   [block p=0.44] RESUMED at chunk 5610/8295 (state 07:50:36)
      [block p=0.44] chunk 5617/8295  100s  (eta 47s)
      [block p=0.44] chunk 5625/8295  197s  (eta 94s)
      [block p=0.44] chunk 5633/8295  298s  (eta 141s)
      [block p=0.44] chunk 5641/8295  395s  (eta 186s)
      [block p=0.44] chunk 5649/8295  497s  (eta 233s)
== phase run: the n=5 L=8 rung ==
   K = 3865 orbits; grid [0.44]
   [block p=0.44] RESUMED at chunk 5650/8295 (state 07:59:56)
      [block p=0.44] chunk 5657/8295  87s  (eta 40s)
      [block p=0.44] chunk 5665/8295  183s  (eta 85s)
      [block p=0.44] chunk 5673/8295  274s  (eta 127s)
      [block p=0.44] chunk 5681/8295  363s  (eta 167s)
      [block p=0.44] chunk 5689/8295  447s  (eta 205s)
== phase run: the n=5 L=8 rung ==
   K = 3865 orbits; grid [0.44]
   [block p=0.44] RESUMED at chunk 5690/8295 (state 08:07:51)
      [block p=0.44] chunk 5697/8295  85s  (eta 39s)
      [block p=0.44] chunk 5705/8295  180s  (eta 82s)
      [block p=0.44] chunk 5713/8295  269s  (eta 121s)
      [block p=0.44] chunk 5721/8295  359s  (eta 162s)
      [block p=0.44] chunk 5729/8295  462s  (eta 207s)
== phase run: the n=5 L=8 rung ==
   K = 3865 orbits; grid [0.44]
   [block p=0.44] RESUMED at chunk 5730/8295 (state 08:20:34)
      [block p=0.44] chunk 5737/8295  85s  (eta 38s)
      [block p=0.44] chunk 5745/8295  176s  (eta 78s)
      [block p=0.44] chunk 5753/8295  286s  (eta 126s)
      [block p=0.44] chunk 5761/8295  380s  (eta 167s)
      [block p=0.44] chunk 5769/8295  482s  (eta 211s)
== phase run: the n=5 L=8 rung ==
   K = 3865 orbits; grid [0.44]
   [block p=0.44] RESUMED at chunk 5770/8295 (state 08:29:40)
      [block p=0.44] chunk 5777/8295  80s  (eta 35s)
      [block p=0.44] chunk 5785/8295  158s  (eta 69s)
      [block p=0.44] chunk 5793/8295  266s  (eta 115s)
      [block p=0.44] chunk 5801/8295  367s  (eta 158s)
      [block p=0.44] chunk 5809/8295  461s  (eta 197s)
== phase run: the n=5 L=8 rung ==
   K = 3865 orbits; grid [0.44]
   [block p=0.44] RESUMED at chunk 5810/8295 (state 08:38:08)
      [block p=0.44] chunk 5817/8295  102s  (eta 44s)
      [block p=0.44] chunk 5825/8295  189s  (eta 80s)
      [block p=0.44] chunk 5833/8295  268s  (eta 113s)
      [block p=0.44] chunk 5841/8295  354s  (eta 149s)
      [block p=0.44] chunk 5849/8295  465s  (eta 194s)
== phase run: the n=5 L=8 rung ==
   K = 3865 orbits; grid [0.44]
   [block p=0.44] RESUMED at chunk 5850/8295 (state 08:51:09)
      [block p=0.44] chunk 5857/8295  81s  (eta 34s)
      [block p=0.44] chunk 5865/8295  165s  (eta 69s)
      [block p=0.44] chunk 5873/8295  254s  (eta 105s)
      [block p=0.44] chunk 5881/8295  341s  (eta 140s)
      [block p=0.44] chunk 5889/8295  434s  (eta 177s)
== phase run: the n=5 L=8 rung ==
   K = 3865 orbits; grid [0.44]
   [block p=0.44] RESUMED at chunk 5890/8295 (state 08:59:27)
      [block p=0.44] chunk 5897/8295  81s  (eta 33s)
      [block p=0.44] chunk 5905/8295  165s  (eta 67s)
      [block p=0.44] chunk 5913/8295  264s  (eta 106s)
      [block p=0.44] chunk 5921/8295  358s  (eta 144s)
      [block p=0.44] chunk 5929/8295  448s  (eta 179s)
== phase run: the n=5 L=8 rung ==
   K = 3865 orbits; grid [0.44]
   [block p=0.44] RESUMED at chunk 5930/8295 (state 09:08:27)
      [block p=0.44] chunk 5937/8295  93s  (eta 37s)
      [block p=0.44] chunk 5945/8295  177s  (eta 70s)
      [block p=0.44] chunk 5953/8295  267s  (eta 105s)
      [block p=0.44] chunk 5961/8295  356s  (eta 139s)
      [block p=0.44] chunk 5969/8295  444s  (eta 173s)
== phase run: the n=5 L=8 rung ==
   K = 3865 orbits; grid [0.44]
   [block p=0.44] RESUMED at chunk 5970/8295 (state 09:20:27)
      [block p=0.44] chunk 5977/8295  93s  (eta 36s)
      [block p=0.44] chunk 5985/8295  188s  (eta 73s)
      [block p=0.44] chunk 5993/8295  279s  (eta 107s)
      [block p=0.44] chunk 6001/8295  387s  (eta 148s)
      [block p=0.44] chunk 6009/8295  478s  (eta 182s)
== phase run: the n=5 L=8 rung ==
   K = 3865 orbits; grid [0.44]
   [block p=0.44] RESUMED at chunk 6010/8295 (state 09:29:48)
      [block p=0.44] chunk 6017/8295  91s  (eta 35s)
      [block p=0.44] chunk 6025/8295  180s  (eta 68s)
      [block p=0.44] chunk 6033/8295  278s  (eta 104s)
      [block p=0.44] chunk 6041/8295  388s  (eta 145s)
      [block p=0.44] chunk 6049/8295  490s  (eta 182s)
== phase run: the n=5 L=8 rung ==
   K = 3865 orbits; grid [0.44]
   [block p=0.44] RESUMED at chunk 6050/8295 (state 09:38:48)
      [block p=0.44] chunk 6057/8295  105s  (eta 39s)
      [block p=0.44] chunk 6065/8295  205s  (eta 75s)
      [block p=0.44] chunk 6073/8295  293s  (eta 107s)
      [block p=0.44] chunk 6081/8295  385s  (eta 140s)
      [block p=0.44] chunk 6089/8295  478s  (eta 173s)
== phase run: the n=5 L=8 rung ==
   K = 3865 orbits; grid [0.44]
   [block p=0.44] RESUMED at chunk 6090/8295 (state 09:50:58)
      [block p=0.44] chunk 6097/8295  82s  (eta 30s)
      [block p=0.44] chunk 6105/8295  184s  (eta 66s)
      [block p=0.44] chunk 6113/8295  267s  (eta 95s)
      [block p=0.44] chunk 6121/8295  359s  (eta 127s)
      [block p=0.44] chunk 6129/8295  465s  (eta 164s)
== phase run: the n=5 L=8 rung ==
   K = 3865 orbits; grid [0.44]
   [block p=0.44] RESUMED at chunk 6130/8295 (state 09:59:32)
      [block p=0.44] chunk 6137/8295  89s  (eta 31s)
      [block p=0.44] chunk 6145/8295  184s  (eta 64s)
      [block p=0.44] chunk 6153/8295  275s  (eta 96s)
      [block p=0.44] chunk 6161/8295  363s  (eta 126s)
      [block p=0.44] chunk 6169/8295  455s  (eta 157s)
== phase run: the n=5 L=8 rung ==
   K = 3865 orbits; grid [0.44]
   [block p=0.44] RESUMED at chunk 6170/8295 (state 10:08:08)
      [block p=0.44] chunk 6177/8295  94s  (eta 32s)
      [block p=0.44] chunk 6185/8295  188s  (eta 64s)
      [block p=0.44] chunk 6193/8295  284s  (eta 96s)
      [block p=0.44] chunk 6201/8295  381s  (eta 129s)
      [block p=0.44] chunk 6209/8295  478s  (eta 161s)
== phase run: the n=5 L=8 rung ==
   K = 3865 orbits; grid [0.44]
   [block p=0.44] RESUMED at chunk 6210/8295 (state 10:20:55)
      [block p=0.44] chunk 6217/8295  91s  (eta 31s)
      [block p=0.44] chunk 6225/8295  194s  (eta 65s)
      [block p=0.44] chunk 6233/8295  291s  (eta 96s)
      [block p=0.44] chunk 6241/8295  390s  (eta 129s)
      [block p=0.44] chunk 6249/8295  484s  (eta 158s)
== phase run: the n=5 L=8 rung ==
   K = 3865 orbits; grid [0.44]
   [block p=0.44] RESUMED at chunk 6250/8295 (state 10:29:48)
      [block p=0.44] chunk 6257/8295  97s  (eta 31s)
      [block p=0.44] chunk 6265/8295  180s  (eta 58s)
      [block p=0.44] chunk 6273/8295  267s  (eta 86s)
      [block p=0.44] chunk 6281/8295  363s  (eta 116s)
      [block p=0.44] chunk 6289/8295  461s  (eta 147s)
== phase run: the n=5 L=8 rung ==
   K = 3865 orbits; grid [0.44]
   [block p=0.44] RESUMED at chunk 6290/8295 (state 10:38:13)
      [block p=0.44] chunk 6297/8295  93s  (eta 29s)
      [block p=0.44] chunk 6305/8295  189s  (eta 60s)
      [block p=0.44] chunk 6313/8295  297s  (eta 93s)
      [block p=0.44] chunk 6321/8295  396s  (eta 124s)
      [block p=0.44] chunk 6329/8295  501s  (eta 156s)
== phase run: the n=5 L=8 rung ==
   K = 3865 orbits; grid [0.44]
   [block p=0.44] RESUMED at chunk 6330/8295 (state 10:51:15)
      [block p=0.44] chunk 6337/8295  89s  (eta 27s)
      [block p=0.44] chunk 6345/8295  173s  (eta 53s)
      [block p=0.44] chunk 6353/8295  271s  (eta 83s)
      [block p=0.44] chunk 6361/8295  364s  (eta 111s)
      [block p=0.44] chunk 6369/8295  456s  (eta 138s)
== phase run: the n=5 L=8 rung ==
   K = 3865 orbits; grid [0.44]
   [block p=0.44] RESUMED at chunk 6370/8295 (state 10:59:14)
      [block p=0.44] chunk 6377/8295  88s  (eta 26s)
      [block p=0.44] chunk 6385/8295  170s  (eta 51s)
      [block p=0.44] chunk 6393/8295  258s  (eta 77s)
      [block p=0.44] chunk 6401/8295  348s  (eta 103s)
      [block p=0.44] chunk 6409/8295  434s  (eta 128s)
== phase run: the n=5 L=8 rung ==
   K = 3865 orbits; grid [0.44]
   [block p=0.44] RESUMED at chunk 6410/8295 (state 11:07:49)
      [block p=0.44] chunk 6417/8295  85s  (eta 25s)
      [block p=0.44] chunk 6425/8295  173s  (eta 50s)
      [block p=0.44] chunk 6433/8295  261s  (eta 76s)
      [block p=0.44] chunk 6441/8295  353s  (eta 101s)
      [block p=0.44] chunk 6449/8295  449s  (eta 129s)
== phase run: the n=5 L=8 rung ==
   K = 3865 orbits; grid [0.44]
   [block p=0.44] RESUMED at chunk 6450/8295 (state 11:20:24)
      [block p=0.44] chunk 6457/8295  99s  (eta 28s)
      [block p=0.44] chunk 6465/8295  187s  (eta 53s)
      [block p=0.44] chunk 6473/8295  280s  (eta 79s)
      [block p=0.44] chunk 6481/8295  372s  (eta 104s)
      [block p=0.44] chunk 6489/8295  461s  (eta 128s)
== phase run: the n=5 L=8 rung ==
   K = 3865 orbits; grid [0.44]
   [block p=0.44] RESUMED at chunk 6490/8295 (state 11:29:23)
      [block p=0.44] chunk 6497/8295  98s  (eta 27s)
      [block p=0.44] chunk 6505/8295  186s  (eta 51s)
      [block p=0.44] chunk 6513/8295  286s  (eta 78s)
      [block p=0.44] chunk 6521/8295  391s  (eta 106s)
      [block p=0.44] chunk 6529/8295  476s  (eta 129s)
== phase run: the n=5 L=8 rung ==
   K = 3865 orbits; grid [0.44]
   [block p=0.44] RESUMED at chunk 6530/8295 (state 11:38:31)
      [block p=0.44] chunk 6537/8295  88s  (eta 24s)
      [block p=0.44] chunk 6545/8295  180s  (eta 48s)
      [block p=0.44] chunk 6553/8295  262s  (eta 70s)
      [block p=0.44] chunk 6561/8295  363s  (eta 96s)
      [block p=0.44] chunk 6569/8295  472s  (eta 124s)
== phase run: the n=5 L=8 rung ==
   K = 3865 orbits; grid [0.44]
   [block p=0.44] RESUMED at chunk 6570/8295 (state 11:50:53)
      [block p=0.44] chunk 6577/8295  91s  (eta 24s)
      [block p=0.44] chunk 6585/8295  183s  (eta 47s)
      [block p=0.44] chunk 6593/8295  285s  (eta 73s)
      [block p=0.44] chunk 6601/8295  387s  (eta 99s)
      [block p=0.44] chunk 6609/8295  486s  (eta 124s)
== phase run: the n=5 L=8 rung ==
   K = 3865 orbits; grid [0.44]
   [block p=0.44] RESUMED at chunk 6610/8295 (state 11:59:54)
      [block p=0.44] chunk 6617/8295  92s  (eta 23s)
      [block p=0.44] chunk 6625/8295  194s  (eta 49s)
      [block p=0.44] chunk 6633/8295  300s  (eta 75s)
      [block p=0.44] chunk 6641/8295  395s  (eta 98s)
      [block p=0.44] chunk 6649/8295  492s  (eta 122s)
== phase run: the n=5 L=8 rung ==
   K = 3865 orbits; grid [0.44]
   [block p=0.44] RESUMED at chunk 6650/8295 (state 12:08:47)
      [block p=0.44] chunk 6657/8295  95s  (eta 23s)
      [block p=0.44] chunk 6665/8295  187s  (eta 46s)
      [block p=0.44] chunk 6673/8295  283s  (eta 69s)
      [block p=0.44] chunk 6681/8295  375s  (eta 91s)
      [block p=0.44] chunk 6689/8295  458s  (eta 110s)
== phase run: the n=5 L=8 rung ==
   K = 3865 orbits; grid [0.44]
   [block p=0.44] RESUMED at chunk 6690/8295 (state 12:20:40)
      [block p=0.44] chunk 6697/8295  78s  (eta 19s)
      [block p=0.44] chunk 6705/8295  165s  (eta 39s)
      [block p=0.44] chunk 6713/8295  273s  (eta 64s)
      [block p=0.44] chunk 6721/8295  372s  (eta 87s)
      [block p=0.44] chunk 6729/8295  472s  (eta 110s)
== phase run: the n=5 L=8 rung ==
   K = 3865 orbits; grid [0.44]
   [block p=0.44] RESUMED at chunk 6730/8295 (state 12:29:49)
      [block p=0.44] chunk 6737/8295  100s  (eta 23s)
      [block p=0.44] chunk 6745/8295  187s  (eta 43s)
      [block p=0.44] chunk 6753/8295  277s  (eta 63s)
      [block p=0.44] chunk 6761/8295  382s  (eta 87s)
      [block p=0.44] chunk 6769/8295  472s  (eta 106s)
== phase run: the n=5 L=8 rung ==
   K = 3865 orbits; grid [0.44]
   [block p=0.44] RESUMED at chunk 6770/8295 (state 12:38:36)
      [block p=0.44] chunk 6777/8295  92s  (eta 21s)
      [block p=0.44] chunk 6785/8295  178s  (eta 40s)
      [block p=0.44] chunk 6793/8295  280s  (eta 62s)
      [block p=0.44] chunk 6801/8295  382s  (eta 84s)
      [block p=0.44] chunk 6809/8295  486s  (eta 106s)
== phase run: the n=5 L=8 rung ==
   K = 3865 orbits; grid [0.44]
   [block p=0.44] RESUMED at chunk 6810/8295 (state 12:51:07)
      [block p=0.44] chunk 6817/8295  84s  (eta 18s)
      [block p=0.44] chunk 6825/8295  186s  (eta 40s)
      [block p=0.44] chunk 6833/8295  280s  (eta 60s)
      [block p=0.44] chunk 6841/8295  371s  (eta 79s)
      [block p=0.44] chunk 6849/8295  462s  (eta 97s)
== phase run: the n=5 L=8 rung ==
   K = 3865 orbits; grid [0.44]
   [block p=0.44] RESUMED at chunk 6850/8295 (state 12:59:30)
      [block p=0.44] chunk 6857/8295  105s  (eta 22s)
      [block p=0.44] chunk 6865/8295  194s  (eta 40s)
      [block p=0.44] chunk 6873/8295  282s  (eta 58s)
      [block p=0.44] chunk 6881/8295  375s  (eta 77s)
      [block p=0.44] chunk 6889/8295  482s  (eta 98s)
== phase run: the n=5 L=8 rung ==
   K = 3865 orbits; grid [0.44]
   [block p=0.44] RESUMED at chunk 6890/8295 (state 13:08:42)
      [block p=0.44] chunk 6897/8295  105s  (eta 21s)
      [block p=0.44] chunk 6905/8295  186s  (eta 37s)
      [block p=0.44] chunk 6913/8295  275s  (eta 55s)
      [block p=0.44] chunk 6921/8295  370s  (eta 73s)
      [block p=0.44] chunk 6929/8295  449s  (eta 89s)
== phase run: the n=5 L=8 rung ==
   K = 3865 orbits; grid [0.44]
   [block p=0.44] RESUMED at chunk 6930/8295 (state 13:20:34)
      [block p=0.44] chunk 6937/8295  99s  (eta 19s)
      [block p=0.44] chunk 6945/8295  200s  (eta 39s)
      [block p=0.44] chunk 6953/8295  284s  (eta 55s)
      [block p=0.44] chunk 6961/8295  365s  (eta 70s)
      [block p=0.44] chunk 6969/8295  460s  (eta 88s)
== phase run: the n=5 L=8 rung ==
   K = 3865 orbits; grid [0.44]
   [block p=0.44] RESUMED at chunk 6970/8295 (state 13:29:32)
      [block p=0.44] chunk 6977/8295  92s  (eta 17s)
      [block p=0.44] chunk 6985/8295  171s  (eta 32s)
      [block p=0.44] chunk 6993/8295  254s  (eta 47s)
      [block p=0.44] chunk 7001/8295  343s  (eta 63s)
      [block p=0.44] chunk 7009/8295  425s  (eta 78s)
== phase run: the n=5 L=8 rung ==
   K = 3865 orbits; grid [0.44]
   [block p=0.44] RESUMED at chunk 7010/8295 (state 13:37:52)
      [block p=0.44] chunk 7017/8295  88s  (eta 16s)
      [block p=0.44] chunk 7025/8295  184s  (eta 33s)
      [block p=0.44] chunk 7033/8295  279s  (eta 50s)
      [block p=0.44] chunk 7041/8295  364s  (eta 65s)
      [block p=0.44] chunk 7049/8295  456s  (eta 81s)
== phase run: the n=5 L=8 rung ==
   K = 3865 orbits; grid [0.44]
   [block p=0.44] RESUMED at chunk 7050/8295 (state 13:50:11)
      [block p=0.44] chunk 7057/8295  94s  (eta 17s)
      [block p=0.44] chunk 7065/8295  177s  (eta 31s)
      [block p=0.44] chunk 7073/8295  282s  (eta 49s)
      [block p=0.44] chunk 7081/8295  379s  (eta 65s)
      [block p=0.44] chunk 7089/8295  486s  (eta 83s)
== phase run: the n=5 L=8 rung ==
   K = 3865 orbits; grid [0.44]
   [block p=0.44] RESUMED at chunk 7090/8295 (state 13:59:24)
      [block p=0.44] chunk 7097/8295  92s  (eta 15s)
      [block p=0.44] chunk 7105/8295  175s  (eta 29s)
      [block p=0.44] chunk 7113/8295  274s  (eta 45s)
      [block p=0.44] chunk 7121/8295  367s  (eta 61s)
      [block p=0.44] chunk 7129/8295  475s  (eta 78s)
== phase run: the n=5 L=8 rung ==
   K = 3865 orbits; grid [0.44]
   [block p=0.44] RESUMED at chunk 7130/8295 (state 14:07:58)
      [block p=0.44] chunk 7137/8295  100s  (eta 16s)
      [block p=0.44] chunk 7145/8295  199s  (eta 32s)
      [block p=0.44] chunk 7153/8295  293s  (eta 47s)
      [block p=0.44] chunk 7161/8295  394s  (eta 62s)
      [block p=0.44] chunk 7169/8295  486s  (eta 76s)
== phase run: the n=5 L=8 rung ==
   K = 3865 orbits; grid [0.44]
   [block p=0.44] RESUMED at chunk 7170/8295 (state 14:22:46)
      [block p=0.44] chunk 7177/8295  95s  (eta 15s)
      [block p=0.44] chunk 7185/8295  194s  (eta 30s)
      [block p=0.44] chunk 7193/8295  301s  (eta 46s)
      [block p=0.44] chunk 7201/8295  395s  (eta 60s)
      [block p=0.44] chunk 7209/8295  490s  (eta 74s)
== phase run: the n=5 L=8 rung ==
   K = 3865 orbits; grid [0.44]
   [block p=0.44] RESUMED at chunk 7210/8295 (state 14:31:40)
      [block p=0.44] chunk 7217/8295  79s  (eta 12s)
      [block p=0.44] chunk 7225/8295  173s  (eta 26s)
      [block p=0.44] chunk 7233/8295  266s  (eta 39s)
      [block p=0.44] chunk 7241/8295  348s  (eta 51s)
      [block p=0.44] chunk 7249/8295  434s  (eta 63s)
== phase run: the n=5 L=8 rung ==
   K = 3865 orbits; grid [0.44]
   [block p=0.44] RESUMED at chunk 7250/8295 (state 14:39:33)
      [block p=0.44] chunk 7257/8295  90s  (eta 13s)
      [block p=0.44] chunk 7265/8295  186s  (eta 26s)
      [block p=0.44] chunk 7273/8295  291s  (eta 41s)
      [block p=0.44] chunk 7281/8295  381s  (eta 53s)
      [block p=0.44] chunk 7289/8295  464s  (eta 64s)
== phase run: the n=5 L=8 rung ==
   K = 3865 orbits; grid [0.44]
   [block p=0.44] RESUMED at chunk 7290/8295 (state 14:50:53)
      [block p=0.44] chunk 7297/8295  81s  (eta 11s)
      [block p=0.44] chunk 7305/8295  173s  (eta 23s)
      [block p=0.44] chunk 7313/8295  263s  (eta 35s)
      [block p=0.44] chunk 7321/8295  353s  (eta 47s)
      [block p=0.44] chunk 7329/8295  448s  (eta 59s)
== phase run: the n=5 L=8 rung ==
   K = 3865 orbits; grid [0.44]
   [block p=0.44] RESUMED at chunk 7330/8295 (state 14:59:31)
      [block p=0.44] chunk 7337/8295  92s  (eta 12s)
      [block p=0.44] chunk 7345/8295  185s  (eta 24s)
      [block p=0.44] chunk 7353/8295  299s  (eta 38s)
      [block p=0.44] chunk 7361/8295  386s  (eta 49s)
      [block p=0.44] chunk 7369/8295  481s  (eta 60s)
== phase run: the n=5 L=8 rung ==
   K = 3865 orbits; grid [0.44]
   [block p=0.44] RESUMED at chunk 7370/8295 (state 15:08:56)
      [block p=0.44] chunk 7377/8295  103s  (eta 13s)
      [block p=0.44] chunk 7385/8295  201s  (eta 25s)
      [block p=0.44] chunk 7393/8295  300s  (eta 37s)
      [block p=0.44] chunk 7401/8295  407s  (eta 49s)
      [block p=0.44] chunk 7409/8295  500s  (eta 60s)
== phase run: the n=5 L=8 rung ==
   K = 3865 orbits; grid [0.44]
   [block p=0.44] RESUMED at chunk 7410/8295 (state 15:22:07)
      [block p=0.44] chunk 7417/8295  96s  (eta 11s)
      [block p=0.44] chunk 7425/8295  192s  (eta 23s)
      [block p=0.44] chunk 7433/8295  291s  (eta 34s)
      [block p=0.44] chunk 7441/8295  401s  (eta 46s)
      [block p=0.44] chunk 7449/8295  507s  (eta 58s)
== phase run: the n=5 L=8 rung ==
   K = 3865 orbits; grid [0.44]
   [block p=0.44] RESUMED at chunk 7450/8295 (state 15:30:58)
      [block p=0.44] chunk 7457/8295  96s  (eta 11s)
      [block p=0.44] chunk 7465/8295  202s  (eta 23s)
      [block p=0.44] chunk 7473/8295  307s  (eta 34s)
      [block p=0.44] chunk 7481/8295  409s  (eta 45s)
      [block p=0.44] chunk 7489/8295  500s  (eta 54s)
== phase run: the n=5 L=8 rung ==
   K = 3865 orbits; grid [0.44]
   [block p=0.44] RESUMED at chunk 7490/8295 (state 15:39:35)
      [block p=0.44] chunk 7497/8295  81s  (eta 9s)
      [block p=0.44] chunk 7505/8295  182s  (eta 19s)
      [block p=0.44] chunk 7513/8295  289s  (eta 30s)
      [block p=0.44] chunk 7521/8295  378s  (eta 39s)
      [block p=0.44] chunk 7529/8295  488s  (eta 50s)
== phase run: the n=5 L=8 rung ==
   K = 3865 orbits; grid [0.44]
   [block p=0.44] RESUMED at chunk 7530/8295 (state 15:51:12)
      [block p=0.44] chunk 7537/8295  81s  (eta 8s)
      [block p=0.44] chunk 7545/8295  167s  (eta 17s)
      [block p=0.44] chunk 7553/8295  248s  (eta 24s)
      [block p=0.44] chunk 7561/8295  333s  (eta 32s)
      [block p=0.44] chunk 7569/8295  426s  (eta 41s)
== phase run: the n=5 L=8 rung ==
   K = 3865 orbits; grid [0.44]
   [block p=0.44] RESUMED at chunk 7570/8295 (state 15:58:59)
      [block p=0.44] chunk 7577/8295  91s  (eta 9s)
      [block p=0.44] chunk 7585/8295  185s  (eta 17s)
      [block p=0.44] chunk 7593/8295  285s  (eta 26s)
      [block p=0.44] chunk 7601/8295  377s  (eta 34s)
      [block p=0.44] chunk 7609/8295  478s  (eta 43s)
== phase run: the n=5 L=8 rung ==
   K = 3865 orbits; grid [0.44]
   [block p=0.44] RESUMED at chunk 7610/8295 (state 16:08:38)
      [block p=0.44] chunk 7617/8295  85s  (eta 8s)
      [block p=0.44] chunk 7625/8295  179s  (eta 16s)
      [block p=0.44] chunk 7633/8295  275s  (eta 24s)
      [block p=0.44] chunk 7641/8295  369s  (eta 32s)
      [block p=0.44] chunk 7649/8295  451s  (eta 38s)
== phase run: the n=5 L=8 rung ==
   K = 3865 orbits; grid [0.44]
   [block p=0.44] RESUMED at chunk 7650/8295 (state 16:20:33)
      [block p=0.44] chunk 7657/8295  94s  (eta 8s)
      [block p=0.44] chunk 7665/8295  177s  (eta 15s)
      [block p=0.44] chunk 7673/8295  265s  (eta 21s)
      [block p=0.44] chunk 7681/8295  364s  (eta 29s)
      [block p=0.44] chunk 7689/8295  460s  (eta 36s)
== phase run: the n=5 L=8 rung ==
   K = 3865 orbits; grid [0.44]
   [block p=0.44] RESUMED at chunk 7690/8295 (state 16:29:26)
      [block p=0.44] chunk 7697/8295  87s  (eta 7s)
      [block p=0.44] chunk 7705/8295  191s  (eta 15s)
      [block p=0.44] chunk 7713/8295  280s  (eta 21s)
      [block p=0.44] chunk 7721/8295  384s  (eta 29s)
      [block p=0.44] chunk 7729/8295  492s  (eta 36s)
== phase run: the n=5 L=8 rung ==
   K = 3865 orbits; grid [0.44]
   [block p=0.44] RESUMED at chunk 7730/8295 (state 16:38:41)
      [block p=0.44] chunk 7737/8295  92s  (eta 7s)
      [block p=0.44] chunk 7745/8295  174s  (eta 12s)
      [block p=0.44] chunk 7753/8295  263s  (eta 18s)
      [block p=0.44] chunk 7761/8295  361s  (eta 25s)
      [block p=0.44] chunk 7769/8295  450s  (eta 30s)
== phase run: the n=5 L=8 rung ==
   K = 3865 orbits; grid [0.44]
   [block p=0.44] RESUMED at chunk 7770/8295 (state 16:50:29)
      [block p=0.44] chunk 7777/8295  93s  (eta 6s)
      [block p=0.44] chunk 7785/8295  182s  (eta 12s)
      [block p=0.44] chunk 7793/8295  276s  (eta 18s)
      [block p=0.44] chunk 7801/8295  370s  (eta 23s)
      [block p=0.44] chunk 7809/8295  464s  (eta 29s)
== phase run: the n=5 L=8 rung ==
   K = 3865 orbits; grid [0.44]
   [block p=0.44] RESUMED at chunk 7810/8295 (state 16:59:34)
      [block p=0.44] chunk 7817/8295  100s  (eta 6s)
      [block p=0.44] chunk 7825/8295  199s  (eta 12s)
      [block p=0.44] chunk 7833/8295  282s  (eta 17s)
      [block p=0.44] chunk 7841/8295  372s  (eta 22s)
      [block p=0.44] chunk 7849/8295  464s  (eta 26s)
== phase run: the n=5 L=8 rung ==
   K = 3865 orbits; grid [0.44]
   [block p=0.44] RESUMED at chunk 7850/8295 (state 17:08:24)
      [block p=0.44] chunk 7857/8295  77s  (eta 4s)
      [block p=0.44] chunk 7865/8295  167s  (eta 9s)
      [block p=0.44] chunk 7873/8295  256s  (eta 14s)
      [block p=0.44] chunk 7881/8295  348s  (eta 18s)
      [block p=0.44] chunk 7889/8295  449s  (eta 23s)
== phase run: the n=5 L=8 rung ==
   K = 3865 orbits; grid [0.44]
   [block p=0.44] RESUMED at chunk 7890/8295 (state 17:20:39)
      [block p=0.44] chunk 7897/8295  84s  (eta 4s)
      [block p=0.44] chunk 7905/8295  181s  (eta 9s)
      [block p=0.44] chunk 7913/8295  278s  (eta 13s)
      [block p=0.44] chunk 7921/8295  376s  (eta 18s)
      [block p=0.44] chunk 7929/8295  461s  (eta 21s)
== phase run: the n=5 L=8 rung ==
   K = 3865 orbits; grid [0.44]
   [block p=0.44] RESUMED at chunk 7930/8295 (state 17:29:35)
      [block p=0.44] chunk 7937/8295  82s  (eta 4s)
      [block p=0.44] chunk 7945/8295  168s  (eta 7s)
      [block p=0.44] chunk 7953/8295  254s  (eta 11s)
      [block p=0.44] chunk 7961/8295  338s  (eta 14s)
      [block p=0.44] chunk 7969/8295  444s  (eta 18s)
== phase run: the n=5 L=8 rung ==
   K = 3865 orbits; grid [0.44]
   [block p=0.44] RESUMED at chunk 7970/8295 (state 17:38:03)
      [block p=0.44] chunk 7977/8295  103s  (eta 4s)
      [block p=0.44] chunk 7985/8295  193s  (eta 8s)
      [block p=0.44] chunk 7993/8295  287s  (eta 11s)
      [block p=0.44] chunk 8001/8295  390s  (eta 14s)
      [block p=0.44] chunk 8009/8295  483s  (eta 17s)
== phase run: the n=5 L=8 rung ==
   K = 3865 orbits; grid [0.44]
   [block p=0.44] RESUMED at chunk 8010/8295 (state 17:51:03)
      [block p=0.44] chunk 8017/8295  91s  (eta 3s)
      [block p=0.44] chunk 8025/8295  173s  (eta 6s)
      [block p=0.44] chunk 8033/8295  257s  (eta 8s)
      [block p=0.44] chunk 8041/8295  365s  (eta 12s)
      [block p=0.44] chunk 8049/8295  456s  (eta 14s)
== phase run: the n=5 L=8 rung ==
   K = 3865 orbits; grid [0.44]
   [block p=0.44] RESUMED at chunk 8050/8295 (state 17:59:18)
      [block p=0.44] chunk 8057/8295  96s  (eta 3s)
      [block p=0.44] chunk 8065/8295  198s  (eta 6s)
      [block p=0.44] chunk 8073/8295  295s  (eta 8s)
      [block p=0.44] chunk 8081/8295  394s  (eta 10s)
      [block p=0.44] chunk 8089/8295  494s  (eta 13s)
== phase run: the n=5 L=8 rung ==
   K = 3865 orbits; grid [0.44]
   [block p=0.44] RESUMED at chunk 8090/8295 (state 18:08:42)
      [block p=0.44] chunk 8097/8295  83s  (eta 2s)
      [block p=0.44] chunk 8105/8295  181s  (eta 4s)
      [block p=0.44] chunk 8113/8295  288s  (eta 6s)
      [block p=0.44] chunk 8121/8295  378s  (eta 8s)
      [block p=0.44] chunk 8129/8295  473s  (eta 10s)
== phase run: the n=5 L=8 rung ==
   K = 3865 orbits; grid [0.44]
   [block p=0.44] RESUMED at chunk 8130/8295 (state 18:20:56)
      [block p=0.44] chunk 8137/8295  80s  (eta 2s)
      [block p=0.44] chunk 8145/8295  164s  (eta 3s)
      [block p=0.44] chunk 8153/8295  261s  (eta 5s)
      [block p=0.44] chunk 8161/8295  345s  (eta 6s)
      [block p=0.44] chunk 8169/8295  439s  (eta 7s)
== phase run: the n=5 L=8 rung ==
   K = 3865 orbits; grid [0.44]
   [block p=0.44] RESUMED at chunk 8170/8295 (state 18:29:08)
      [block p=0.44] chunk 8177/8295  91s  (eta 1s)
      [block p=0.44] chunk 8185/8295  200s  (eta 3s)
      [block p=0.44] chunk 8193/8295  295s  (eta 4s)
      [block p=0.44] chunk 8201/8295  381s  (eta 4s)
      [block p=0.44] chunk 8209/8295  467s  (eta 5s)
== phase run: the n=5 L=8 rung ==
   K = 3865 orbits; grid [0.44]
   [block p=0.44] RESUMED at chunk 8210/8295 (state 18:38:21)
      [block p=0.44] chunk 8217/8295  97s  (eta 1s)
      [block p=0.44] chunk 8225/8295  186s  (eta 2s)
      [block p=0.44] chunk 8233/8295  280s  (eta 2s)
      [block p=0.44] chunk 8241/8295  392s  (eta 3s)
      [block p=0.44] chunk 8249/8295  481s  (eta 3s)
== phase run: the n=5 L=8 rung ==
   K = 3865 orbits; grid [0.44]
   [block p=0.44] RESUMED at chunk 8250/8295 (state 18:51:48)
      [block p=0.44] chunk 8257/8295  97s  (eta 0s)
      [block p=0.44] chunk 8265/8295  192s  (eta 1s)
      [block p=0.44] chunk 8273/8295  277s  (eta 1s)
      [block p=0.44] chunk 8281/8295  378s  (eta 1s)
      [block p=0.44] chunk 8289/8295  434s  (eta 0s)
   p=0.44: lam1=2.66072657e-04 lam2=1.60539883e-04 gap12=0.50523  [483.6s]
