== phase run-fine: d=2 L=8 grid [0.455] ==
   K = 3865 orbits; done = [0.465, 0.475]
      [block p=0.455] chunk 1/8295  9s  (eta 76937s)
      [block p=0.455] chunk 9/8295  72s  (eta 66378s)
      [block p=0.455] chunk 17/8295  131s  (eta 63923s)
      [block p=0.455] chunk 25/8295  192s  (eta 63601s)
      [block p=0.455] chunk 33/8295  254s  (eta 63478s)
      [block p=0.455] chunk 41/8295  314s  (eta 63238s)
      [block p=0.455] chunk 49/8295  374s  (eta 62946s)
      [block p=0.455] chunk 57/8295  443s  (eta 64001s)
      [block p=0.455] chunk 65/8295  513s  (eta 64925s)
== phase run-fine: d=2 L=8 grid [0.455] ==
   K = 3865 orbits; done = [0.465, 0.475]
   [block p=0.455] RESUMED at chunk 66/8295 (state 09:01:51)
      [block p=0.455] chunk 73/8295  56s  (eta 6298s)
      [block p=0.455] chunk 81/8295  118s  (eta 11922s)
      [block p=0.455] chunk 89/8295  184s  (eta 16962s)
      [block p=0.455] chunk 97/8295  254s  (eta 21483s)
      [block p=0.455] chunk 105/8295  326s  (eta 25451s)
      [block p=0.455] chunk 113/8295  398s  (eta 28838s)
      [block p=0.455] chunk 121/8295  469s  (eta 31711s)
== phase run-fine: d=2 L=8 grid [0.455] ==
   K = 3865 orbits; done = [0.465, 0.475]
   [block p=0.455] RESUMED at chunk 122/8295 (state 09:09:51)
      [block p=0.455] chunk 129/8295  54s  (eta 3426s)
      [block p=0.455] chunk 137/8295  123s  (eta 7325s)
      [block p=0.455] chunk 145/8295  189s  (eta 10626s)
      [block p=0.455] chunk 153/8295  260s  (eta 13835s)
      [block p=0.455] chunk 161/8295  329s  (eta 16641s)
      [block p=0.455] chunk 169/8295  401s  (eta 19277s)
      [block p=0.455] chunk 177/8295  468s  (eta 21464s)
== phase run-fine: d=2 L=8 grid [0.455] ==
   K = 3865 orbits; done = [0.465, 0.475]
   [block p=0.455] RESUMED at chunk 178/8295 (state 09:21:02)
      [block p=0.455] chunk 185/8295  64s  (eta 2791s)
      [block p=0.455] chunk 193/8295  131s  (eta 5487s)
      [block p=0.455] chunk 201/8295  197s  (eta 7939s)
      [block p=0.455] chunk 209/8295  264s  (eta 10200s)
      [block p=0.455] chunk 217/8295  326s  (eta 12139s)
      [block p=0.455] chunk 225/8295  389s  (eta 13953s)
      [block p=0.455] chunk 233/8295  464s  (eta 16072s)
== phase run-fine: d=2 L=8 grid [0.455] ==
   K = 3865 orbits; done = [0.465, 0.475]
   [block p=0.455] RESUMED at chunk 234/8295 (state 09:29:44)
      [block p=0.455] chunk 241/8295  64s  (eta 2153s)
      [block p=0.455] chunk 249/8295  136s  (eta 4390s)
      [block p=0.455] chunk 257/8295  204s  (eta 6373s)
      [block p=0.455] chunk 265/8295  273s  (eta 8262s)
      [block p=0.455] chunk 273/8295  347s  (eta 10191s)
      [block p=0.455] chunk 281/8295  419s  (eta 11944s)
      [block p=0.455] chunk 289/8295  490s  (eta 13575s)
== phase run-fine: d=2 L=8 grid [0.455] ==
   K = 3865 orbits; done = [0.465, 0.475]
   [block p=0.455] RESUMED at chunk 290/8295 (state 09:41:27)
      [block p=0.455] chunk 297/8295  65s  (eta 1754s)
      [block p=0.455] chunk 305/8295  137s  (eta 3587s)
      [block p=0.455] chunk 313/8295  204s  (eta 5201s)
      [block p=0.455] chunk 321/8295  270s  (eta 6715s)
      [block p=0.455] chunk 329/8295  342s  (eta 8275s)
      [block p=0.455] chunk 337/8295  409s  (eta 9667s)
      [block p=0.455] chunk 345/8295  478s  (eta 11006s)
== phase run-fine: d=2 L=8 grid [0.455] ==
   K = 3865 orbits; done = [0.465, 0.475]
   [block p=0.455] RESUMED at chunk 346/8295 (state 09:50:01)
      [block p=0.455] chunk 353/8295  61s  (eta 1375s)
      [block p=0.455] chunk 361/8295  120s  (eta 2629s)
      [block p=0.455] chunk 369/8295  184s  (eta 3944s)
      [block p=0.455] chunk 377/8295  248s  (eta 5213s)
      [block p=0.455] chunk 385/8295  311s  (eta 6393s)
      [block p=0.455] chunk 393/8295  384s  (eta 7712s)
      [block p=0.455] chunk 401/8295  457s  (eta 8998s)
== phase run-fine: d=2 L=8 grid [0.455] ==
   K = 3865 orbits; done = [0.465, 0.475]
   [block p=0.455] RESUMED at chunk 402/8295 (state 10:00:53)
      [block p=0.455] chunk 409/8295  59s  (eta 1135s)
      [block p=0.455] chunk 417/8295  123s  (eta 2322s)
      [block p=0.455] chunk 425/8295  190s  (eta 3523s)
      [block p=0.455] chunk 433/8295  260s  (eta 4721s)
      [block p=0.455] chunk 441/8295  331s  (eta 5898s)
      [block p=0.455] chunk 449/8295  404s  (eta 7062s)
      [block p=0.455] chunk 457/8295  465s  (eta 7978s)
== phase run-fine: d=2 L=8 grid [0.455] ==
   K = 3865 orbits; done = [0.465, 0.475]
   [block p=0.455] RESUMED at chunk 458/8295 (state 10:09:48)
      [block p=0.455] chunk 465/8295  67s  (eta 1134s)
      [block p=0.455] chunk 473/8295  132s  (eta 2179s)
      [block p=0.455] chunk 481/8295  192s  (eta 3125s)
      [block p=0.455] chunk 489/8295  262s  (eta 4176s)
      [block p=0.455] chunk 497/8295  331s  (eta 5190s)
      [block p=0.455] chunk 505/8295  395s  (eta 6100s)
      [block p=0.455] chunk 513/8295  470s  (eta 7131s)
== phase run-fine: d=2 L=8 grid [0.455] ==
   K = 3865 orbits; done = [0.465, 0.475]
   [block p=0.455] RESUMED at chunk 514/8295 (state 10:21:05)
      [block p=0.455] chunk 521/8295  56s  (eta 838s)
      [block p=0.455] chunk 529/8295  117s  (eta 1720s)
      [block p=0.455] chunk 537/8295  185s  (eta 2675s)
      [block p=0.455] chunk 545/8295  260s  (eta 3697s)
      [block p=0.455] chunk 553/8295  333s  (eta 4656s)
      [block p=0.455] chunk 561/8295  395s  (eta 5443s)
      [block p=0.455] chunk 569/8295  460s  (eta 6240s)
== phase run-fine: d=2 L=8 grid [0.455] ==
   K = 3865 orbits; done = [0.465, 0.475]
   [block p=0.455] RESUMED at chunk 570/8295 (state 10:29:41)
      [block p=0.455] chunk 577/8295  62s  (eta 834s)
      [block p=0.455] chunk 585/8295  129s  (eta 1705s)
      [block p=0.455] chunk 593/8295  201s  (eta 2604s)
      [block p=0.455] chunk 601/8295  275s  (eta 3524s)
      [block p=0.455] chunk 609/8295  346s  (eta 4373s)
      [block p=0.455] chunk 617/8295  421s  (eta 5239s)
      [block p=0.455] chunk 625/8295  492s  (eta 6038s)
== phase run-fine: d=2 L=8 grid [0.455] ==
   K = 3865 orbits; done = [0.465, 0.475]
   [block p=0.455] RESUMED at chunk 626/8295 (state 10:41:38)
      [block p=0.455] chunk 633/8295  59s  (eta 719s)
      [block p=0.455] chunk 641/8295  125s  (eta 1489s)
      [block p=0.455] chunk 649/8295  194s  (eta 2289s)
      [block p=0.455] chunk 657/8295  259s  (eta 3007s)
      [block p=0.455] chunk 665/8295  326s  (eta 3742s)
      [block p=0.455] chunk 673/8295  390s  (eta 4416s)
      [block p=0.455] chunk 681/8295  464s  (eta 5186s)
== phase run-fine: d=2 L=8 grid [0.455] ==
   K = 3865 orbits; done = [0.465, 0.475]
   [block p=0.455] RESUMED at chunk 682/8295 (state 10:49:55)
      [block p=0.455] chunk 689/8295  64s  (eta 703s)
      [block p=0.455] chunk 697/8295  133s  (eta 1450s)
      [block p=0.455] chunk 705/8295  206s  (eta 2219s)
      [block p=0.455] chunk 713/8295  282s  (eta 2997s)
      [block p=0.455] chunk 721/8295  352s  (eta 3693s)
      [block p=0.455] chunk 729/8295  421s  (eta 4373s)
      [block p=0.455] chunk 737/8295  490s  (eta 5021s)
== phase run-fine: d=2 L=8 grid [0.455] ==
   K = 3865 orbits; done = [0.465, 0.475]
   [block p=0.455] RESUMED at chunk 738/8295 (state 11:01:36)
      [block p=0.455] chunk 745/8295  68s  (eta 691s)
      [block p=0.455] chunk 753/8295  137s  (eta 1374s)
      [block p=0.455] chunk 761/8295  200s  (eta 1975s)
      [block p=0.455] chunk 769/8295  269s  (eta 2633s)
      [block p=0.455] chunk 777/8295  343s  (eta 3322s)
      [block p=0.455] chunk 785/8295  415s  (eta 3973s)
      [block p=0.455] chunk 793/8295  482s  (eta 4556s)
== phase run-fine: d=2 L=8 grid [0.455] ==
   K = 3865 orbits; done = [0.465, 0.475]
   [block p=0.455] RESUMED at chunk 794/8295 (state 11:10:13)
      [block p=0.455] chunk 801/8295  67s  (eta 629s)
      [block p=0.455] chunk 809/8295  134s  (eta 1239s)
      [block p=0.455] chunk 817/8295  204s  (eta 1869s)
      [block p=0.455] chunk 825/8295  276s  (eta 2499s)
      [block p=0.455] chunk 833/8295  349s  (eta 3128s)
      [block p=0.455] chunk 841/8295  421s  (eta 3735s)
      [block p=0.455] chunk 849/8295  490s  (eta 4301s)
== phase run-fine: d=2 L=8 grid [0.455] ==
   K = 3865 orbits; done = [0.465, 0.475]
   [block p=0.455] RESUMED at chunk 850/8295 (state 11:21:30)
      [block p=0.455] chunk 857/8295  64s  (eta 559s)
      [block p=0.455] chunk 865/8295  135s  (eta 1157s)
      [block p=0.455] chunk 873/8295  202s  (eta 1714s)
      [block p=0.455] chunk 881/8295  276s  (eta 2324s)
      [block p=0.455] chunk 889/8295  339s  (eta 2827s)
      [block p=0.455] chunk 897/8295  411s  (eta 3389s)
      [block p=0.455] chunk 905/8295  485s  (eta 3956s)
== phase run-fine: d=2 L=8 grid [0.455] ==
   K = 3865 orbits; done = [0.465, 0.475]
   [block p=0.455] RESUMED at chunk 906/8295 (state 11:30:09)
      [block p=0.455] chunk 913/8295  61s  (eta 495s)
      [block p=0.455] chunk 921/8295  130s  (eta 1038s)
      [block p=0.455] chunk 929/8295  198s  (eta 1567s)
      [block p=0.455] chunk 937/8295  272s  (eta 2132s)
      [block p=0.455] chunk 945/8295  341s  (eta 2654s)
      [block p=0.455] chunk 953/8295  405s  (eta 3117s)
      [block p=0.455] chunk 961/8295  481s  (eta 3668s)
== phase run-fine: d=2 L=8 grid [0.455] ==
   K = 3865 orbits; done = [0.465, 0.475]
   [block p=0.455] RESUMED at chunk 962/8295 (state 11:41:20)
      [block p=0.455] chunk 969/8295  65s  (eta 493s)
      [block p=0.455] chunk 977/8295  128s  (eta 958s)
      [block p=0.455] chunk 985/8295  202s  (eta 1496s)
      [block p=0.455] chunk 993/8295  272s  (eta 2000s)
      [block p=0.455] chunk 1001/8295  346s  (eta 2523s)
      [block p=0.455] chunk 1009/8295  419s  (eta 3029s)
      [block p=0.455] chunk 1017/8295  490s  (eta 3506s)
== phase run-fine: d=2 L=8 grid [0.455] ==
   K = 3865 orbits; done = [0.465, 0.475]
   [block p=0.455] RESUMED at chunk 1018/8295 (state 11:50:15)
      [block p=0.455] chunk 1025/8295  63s  (eta 446s)
      [block p=0.455] chunk 1033/8295  132s  (eta 927s)
      [block p=0.455] chunk 1041/8295  199s  (eta 1390s)
      [block p=0.455] chunk 1049/8295  261s  (eta 1804s)
      [block p=0.455] chunk 1057/8295  336s  (eta 2298s)
      [block p=0.455] chunk 1065/8295  408s  (eta 2767s)
      [block p=0.455] chunk 1073/8295  479s  (eta 3221s)
== phase run-fine: d=2 L=8 grid [0.455] ==
   K = 3865 orbits; done = [0.465, 0.475]
   [block p=0.455] RESUMED at chunk 1074/8295 (state 12:01:17)
      [block p=0.455] chunk 1081/8295  69s  (eta 461s)
      [block p=0.455] chunk 1089/8295  142s  (eta 941s)
      [block p=0.455] chunk 1097/8295  218s  (eta 1430s)
      [block p=0.455] chunk 1105/8295  290s  (eta 1887s)
      [block p=0.455] chunk 1113/8295  361s  (eta 2331s)
      [block p=0.455] chunk 1121/8295  426s  (eta 2729s)
      [block p=0.455] chunk 1129/8295  502s  (eta 3185s)
== phase run-fine: d=2 L=8 grid [0.455] ==
   K = 3865 orbits; done = [0.465, 0.475]
   [block p=0.455] RESUMED at chunk 1130/8295 (state 12:10:28)
      [block p=0.455] chunk 1137/8295  59s  (eta 371s)
      [block p=0.455] chunk 1145/8295  123s  (eta 767s)
      [block p=0.455] chunk 1153/8295  190s  (eta 1176s)
      [block p=0.455] chunk 1161/8295  263s  (eta 1616s)
      [block p=0.455] chunk 1169/8295  334s  (eta 2037s)
      [block p=0.455] chunk 1177/8295  409s  (eta 2472s)
      [block p=0.455] chunk 1185/8295  473s  (eta 2836s)
== phase run-fine: d=2 L=8 grid [0.455] ==
   K = 3865 orbits; done = [0.465, 0.475]
   [block p=0.455] RESUMED at chunk 1186/8295 (state 12:21:13)
      [block p=0.455] chunk 1193/8295  64s  (eta 383s)
      [block p=0.455] chunk 1201/8295  136s  (eta 803s)
      [block p=0.455] chunk 1209/8295  211s  (eta 1239s)
      [block p=0.455] chunk 1217/8295  284s  (eta 1651s)
      [block p=0.455] chunk 1225/8295  357s  (eta 2058s)
      [block p=0.455] chunk 1233/8295  429s  (eta 2455s)
      [block p=0.455] chunk 1241/8295  495s  (eta 2816s)
== phase run-fine: d=2 L=8 grid [0.455] ==
   K = 3865 orbits; done = [0.465, 0.475]
   [block p=0.455] RESUMED at chunk 1242/8295 (state 12:30:25)
      [block p=0.455] chunk 1249/8295  56s  (eta 318s)
      [block p=0.455] chunk 1257/8295  123s  (eta 689s)
      [block p=0.455] chunk 1265/8295  197s  (eta 1092s)
      [block p=0.455] chunk 1273/8295  269s  (eta 1484s)
      [block p=0.455] chunk 1281/8295  341s  (eta 1870s)
      [block p=0.455] chunk 1289/8295  416s  (eta 2259s)
      [block p=0.455] chunk 1297/8295  484s  (eta 2610s)
== phase run-fine: d=2 L=8 grid [0.455] ==
   K = 3865 orbits; done = [0.465, 0.475]
   [block p=0.455] RESUMED at chunk 1298/8295 (state 12:41:31)
      [block p=0.455] chunk 1305/8295  64s  (eta 344s)
      [block p=0.455] chunk 1313/8295  136s  (eta 721s)
      [block p=0.455] chunk 1321/8295  204s  (eta 1075s)
      [block p=0.455] chunk 1329/8295  273s  (eta 1429s)
      [block p=0.455] chunk 1337/8295  342s  (eta 1781s)
      [block p=0.455] chunk 1345/8295  411s  (eta 2126s)
      [block p=0.455] chunk 1353/8295  474s  (eta 2433s)
== phase run-fine: d=2 L=8 grid [0.455] ==
   K = 3865 orbits; done = [0.465, 0.475]
   [block p=0.455] RESUMED at chunk 1354/8295 (state 12:50:16)
      [block p=0.455] chunk 1361/8295  56s  (eta 287s)
      [block p=0.455] chunk 1369/8295  119s  (eta 601s)
      [block p=0.455] chunk 1377/8295  179s  (eta 900s)
      [block p=0.455] chunk 1385/8295  255s  (eta 1271s)
      [block p=0.455] chunk 1393/8295  323s  (eta 1599s)
      [block p=0.455] chunk 1401/8295  389s  (eta 1914s)
      [block p=0.455] chunk 1409/8295  459s  (eta 2242s)
== phase run-fine: d=2 L=8 grid [0.455] ==
   K = 3865 orbits; done = [0.465, 0.475]
   [block p=0.455] RESUMED at chunk 1410/8295 (state 13:01:00)
      [block p=0.455] chunk 1417/8295  64s  (eta 313s)
      [block p=0.455] chunk 1425/8295  115s  (eta 556s)
      [block p=0.455] chunk 1433/8295  164s  (eta 783s)
      [block p=0.455] chunk 1441/8295  209s  (eta 994s)
      [block p=0.455] chunk 1449/8295  252s  (eta 1191s)
      [block p=0.455] chunk 1457/8295  298s  (eta 1398s)
      [block p=0.455] chunk 1465/8295  347s  (eta 1617s)
      [block p=0.455] chunk 1473/8295  403s  (eta 1866s)
      [block p=0.455] chunk 1481/8295  463s  (eta 2128s)
== phase run-fine: d=2 L=8 grid [0.455] ==
   K = 3865 orbits; done = [0.465, 0.475]
   [block p=0.455] RESUMED at chunk 1482/8295 (state 13:09:49)
      [block p=0.455] chunk 1489/8295  62s  (eta 281s)
      [block p=0.455] chunk 1497/8295  117s  (eta 533s)
      [block p=0.455] chunk 1505/8295  172s  (eta 777s)
      [block p=0.455] chunk 1513/8295  229s  (eta 1024s)
      [block p=0.455] chunk 1521/8295  292s  (eta 1302s)
      [block p=0.455] chunk 1529/8295  356s  (eta 1575s)
      [block p=0.455] chunk 1537/8295  421s  (eta 1853s)
      [block p=0.455] chunk 1545/8295  488s  (eta 2130s)
== phase run-fine: d=2 L=8 grid [0.455] ==
   K = 3865 orbits; done = [0.465, 0.475]
   [block p=0.455] RESUMED at chunk 1546/8295 (state 13:21:36)
      [block p=0.455] chunk 1553/8295  58s  (eta 250s)
      [block p=0.455] chunk 1561/8295  116s  (eta 502s)
      [block p=0.455] chunk 1569/8295  180s  (eta 771s)
      [block p=0.455] chunk 1577/8295  244s  (eta 1041s)
      [block p=0.455] chunk 1585/8295  308s  (eta 1302s)
      [block p=0.455] chunk 1593/8295  373s  (eta 1567s)
      [block p=0.455] chunk 1601/8295  427s  (eta 1786s)
      [block p=0.455] chunk 1609/8295  485s  (eta 2014s)
== phase run-fine: d=2 L=8 grid [0.455] ==
   K = 3865 orbits; done = [0.465, 0.475]
   [block p=0.455] RESUMED at chunk 1610/8295 (state 13:30:28)
      [block p=0.455] chunk 1617/8295  62s  (eta 255s)
      [block p=0.455] chunk 1625/8295  119s  (eta 487s)
      [block p=0.455] chunk 1633/8295  174s  (eta 711s)
      [block p=0.455] chunk 1641/8295  233s  (eta 944s)
      [block p=0.455] chunk 1649/8295  288s  (eta 1160s)
      [block p=0.455] chunk 1657/8295  354s  (eta 1416s)
      [block p=0.455] chunk 1665/8295  422s  (eta 1679s)
      [block p=0.455] chunk 1673/8295  491s  (eta 1942s)
== phase run-fine: d=2 L=8 grid [0.455] ==
   K = 3865 orbits; done = [0.465, 0.475]
   [block p=0.455] RESUMED at chunk 1674/8295 (state 13:41:37)
      [block p=0.455] chunk 1681/8295  63s  (eta 249s)
      [block p=0.455] chunk 1689/8295  119s  (eta 465s)
      [block p=0.455] chunk 1697/8295  189s  (eta 735s)
      [block p=0.455] chunk 1705/8295  253s  (eta 978s)
      [block p=0.455] chunk 1713/8295  319s  (eta 1225s)
      [block p=0.455] chunk 1721/8295  386s  (eta 1475s)
      [block p=0.455] chunk 1729/8295  444s  (eta 1686s)
      [block p=0.455] chunk 1737/8295  501s  (eta 1891s)
== phase run-fine: d=2 L=8 grid [0.455] ==
   K = 3865 orbits; done = [0.465, 0.475]
   [block p=0.455] RESUMED at chunk 1738/8295 (state 13:50:37)
      [block p=0.455] chunk 1745/8295  61s  (eta 227s)
      [block p=0.455] chunk 1753/8295  115s  (eta 428s)
      [block p=0.455] chunk 1761/8295  171s  (eta 635s)
      [block p=0.455] chunk 1769/8295  229s  (eta 846s)
      [block p=0.455] chunk 1777/8295  290s  (eta 1063s)
      [block p=0.455] chunk 1785/8295  352s  (eta 1285s)
      [block p=0.455] chunk 1793/8295  416s  (eta 1508s)
      [block p=0.455] chunk 1801/8295  481s  (eta 1736s)
== phase run-fine: d=2 L=8 grid [0.455] ==
   K = 3865 orbits; done = [0.465, 0.475]
   [block p=0.455] RESUMED at chunk 1802/8295 (state 14:01:23)
      [block p=0.455] chunk 1809/8295  64s  (eta 230s)
      [block p=0.455] chunk 1817/8295  125s  (eta 444s)
      [block p=0.455] chunk 1825/8295  187s  (eta 663s)
      [block p=0.455] chunk 1833/8295  248s  (eta 874s)
      [block p=0.455] chunk 1841/8295  304s  (eta 1066s)
      [block p=0.455] chunk 1849/8295  361s  (eta 1258s)
      [block p=0.455] chunk 1857/8295  417s  (eta 1445s)
      [block p=0.455] chunk 1865/8295  471s  (eta 1623s)
== phase run-fine: d=2 L=8 grid [0.455] ==
   K = 3865 orbits; done = [0.465, 0.475]
   [block p=0.455] RESUMED at chunk 1866/8295 (state 14:09:57)
      [block p=0.455] chunk 1873/8295  54s  (eta 185s)
      [block p=0.455] chunk 1881/8295  114s  (eta 389s)
      [block p=0.455] chunk 1889/8295  172s  (eta 584s)
      [block p=0.455] chunk 1897/8295  228s  (eta 771s)
      [block p=0.455] chunk 1905/8295  286s  (eta 961s)
      [block p=0.455] chunk 1913/8295  354s  (eta 1181s)
      [block p=0.455] chunk 1921/8295  412s  (eta 1367s)
      [block p=0.455] chunk 1929/8295  466s  (eta 1538s)
== phase run-fine: d=2 L=8 grid [0.455] ==
   K = 3865 orbits; done = [0.465, 0.475]
   [block p=0.455] RESUMED at chunk 1930/8295 (state 14:21:04)
      [block p=0.455] chunk 1937/8295  54s  (eta 176s)
      [block p=0.455] chunk 1945/8295  109s  (eta 357s)
      [block p=0.455] chunk 1953/8295  165s  (eta 535s)
      [block p=0.455] chunk 1961/8295  221s  (eta 713s)
      [block p=0.455] chunk 1969/8295  276s  (eta 886s)
      [block p=0.455] chunk 1977/8295  332s  (eta 1060s)
      [block p=0.455] chunk 1985/8295  391s  (eta 1242s)
      [block p=0.455] chunk 1993/8295  455s  (eta 1440s)
      [block p=0.455] chunk 2001/8295  518s  (eta 1628s)
== phase run-fine: d=2 L=8 grid [0.455] ==
   K = 3865 orbits; done = [0.465, 0.475]
   [block p=0.455] RESUMED at chunk 2002/8295 (state 14:30:39)
      [block p=0.455] chunk 2009/8295  56s  (eta 175s)
      [block p=0.455] chunk 2017/8295  108s  (eta 336s)
      [block p=0.455] chunk 2025/8295  161s  (eta 499s)
      [block p=0.455] chunk 2033/8295  216s  (eta 665s)
      [block p=0.455] chunk 2041/8295  274s  (eta 839s)
      [block p=0.455] chunk 2049/8295  332s  (eta 1011s)
      [block p=0.455] chunk 2057/8295  386s  (eta 1169s)
      [block p=0.455] chunk 2065/8295  440s  (eta 1328s)
      [block p=0.455] chunk 2073/8295  500s  (eta 1501s)
== phase run-fine: d=2 L=8 grid [0.455] ==
   K = 3865 orbits; done = [0.465, 0.475]
   [block p=0.455] RESUMED at chunk 2074/8295 (state 14:41:50)
      [block p=0.455] chunk 2081/8295  61s  (eta 182s)
      [block p=0.455] chunk 2089/8295  125s  (eta 372s)
      [block p=0.455] chunk 2097/8295  185s  (eta 547s)
      [block p=0.455] chunk 2105/8295  249s  (eta 732s)
      [block p=0.455] chunk 2113/8295  305s  (eta 892s)
      [block p=0.455] chunk 2121/8295  362s  (eta 1054s)
      [block p=0.455] chunk 2129/8295  432s  (eta 1251s)
      [block p=0.455] chunk 2137/8295  497s  (eta 1433s)
== phase run-fine: d=2 L=8 grid [0.455] ==
   K = 3865 orbits; done = [0.465, 0.475]
   [block p=0.455] RESUMED at chunk 2138/8295 (state 14:50:34)
      [block p=0.455] chunk 2145/8295  54s  (eta 156s)
      [block p=0.455] chunk 2153/8295  108s  (eta 309s)
      [block p=0.455] chunk 2161/8295  166s  (eta 472s)
      [block p=0.455] chunk 2169/8295  232s  (eta 655s)
      [block p=0.455] chunk 2177/8295  298s  (eta 839s)
      [block p=0.455] chunk 2185/8295  366s  (eta 1024s)
      [block p=0.455] chunk 2193/8295  422s  (eta 1173s)
      [block p=0.455] chunk 2201/8295  476s  (eta 1319s)
== phase run-fine: d=2 L=8 grid [0.455] ==
   K = 3865 orbits; done = [0.465, 0.475]
   [block p=0.455] RESUMED at chunk 2202/8295 (state 15:01:13)
      [block p=0.455] chunk 2209/8295  61s  (eta 168s)
      [block p=0.455] chunk 2217/8295  118s  (eta 324s)
      [block p=0.455] chunk 2225/8295  184s  (eta 503s)
      [block p=0.455] chunk 2233/8295  250s  (eta 678s)
      [block p=0.455] chunk 2241/8295  308s  (eta 831s)
      [block p=0.455] chunk 2249/8295  367s  (eta 987s)
      [block p=0.455] chunk 2257/8295  427s  (eta 1142s)
      [block p=0.455] chunk 2265/8295  489s  (eta 1301s)
== phase run-fine: d=2 L=8 grid [0.455] ==
   K = 3865 orbits; done = [0.465, 0.475]
   [block p=0.455] RESUMED at chunk 2266/8295 (state 15:10:11)
      [block p=0.455] chunk 2273/8295  62s  (eta 165s)
      [block p=0.455] chunk 2281/8295  126s  (eta 332s)
      [block p=0.455] chunk 2289/8295  189s  (eta 497s)
      [block p=0.455] chunk 2297/8295  252s  (eta 657s)
      [block p=0.455] chunk 2305/8295  314s  (eta 817s)
      [block p=0.455] chunk 2313/8295  377s  (eta 975s)
      [block p=0.455] chunk 2321/8295  447s  (eta 1150s)
      [block p=0.455] chunk 2329/8295  509s  (eta 1305s)
== phase run-fine: d=2 L=8 grid [0.455] ==
   K = 3865 orbits; done = [0.465, 0.475]
   [block p=0.455] RESUMED at chunk 2330/8295 (state 15:21:41)
      [block p=0.455] chunk 2337/8295  62s  (eta 159s)
      [block p=0.455] chunk 2345/8295  118s  (eta 300s)
      [block p=0.455] chunk 2353/8295  172s  (eta 434s)
      [block p=0.455] chunk 2361/8295  228s  (eta 574s)
      [block p=0.455] chunk 2369/8295  283s  (eta 708s)
      [block p=0.455] chunk 2377/8295  338s  (eta 841s)
      [block p=0.455] chunk 2385/8295  397s  (eta 984s)
      [block p=0.455] chunk 2393/8295  456s  (eta 1126s)
== phase run-fine: d=2 L=8 grid [0.455] ==
   K = 3865 orbits; done = [0.465, 0.475]
   [block p=0.455] RESUMED at chunk 2394/8295 (state 15:29:35)
      [block p=0.455] chunk 2401/8295  61s  (eta 150s)
      [block p=0.455] chunk 2409/8295  115s  (eta 282s)
      [block p=0.455] chunk 2417/8295  182s  (eta 442s)
      [block p=0.455] chunk 2425/8295  246s  (eta 596s)
      [block p=0.455] chunk 2433/8295  312s  (eta 752s)
      [block p=0.455] chunk 2441/8295  374s  (eta 896s)
      [block p=0.455] chunk 2449/8295  436s  (eta 1040s)
      [block p=0.455] chunk 2457/8295  497s  (eta 1181s)
== phase run-fine: d=2 L=8 grid [0.455] ==
   K = 3865 orbits; done = [0.465, 0.475]
   [block p=0.455] RESUMED at chunk 2458/8295 (state 15:41:28)
      [block p=0.455] chunk 2465/8295  54s  (eta 128s)
      [block p=0.455] chunk 2473/8295  118s  (eta 278s)
      [block p=0.455] chunk 2481/8295  175s  (eta 411s)
      [block p=0.455] chunk 2489/8295  236s  (eta 550s)
      [block p=0.455] chunk 2497/8295  291s  (eta 675s)
      [block p=0.455] chunk 2505/8295  348s  (eta 803s)
      [block p=0.455] chunk 2513/8295  405s  (eta 933s)
      [block p=0.455] chunk 2521/8295  471s  (eta 1080s)
== phase run-fine: d=2 L=8 grid [0.455] ==
   K = 3865 orbits; done = [0.465, 0.475]
   [block p=0.455] RESUMED at chunk 2522/8295 (state 15:49:47)
      [block p=0.455] chunk 2529/8295  59s  (eta 136s)
      [block p=0.455] chunk 2537/8295  114s  (eta 260s)
      [block p=0.455] chunk 2545/8295  168s  (eta 379s)
      [block p=0.455] chunk 2553/8295  225s  (eta 506s)
      [block p=0.455] chunk 2561/8295  280s  (eta 627s)
      [block p=0.455] chunk 2569/8295  336s  (eta 750s)
      [block p=0.455] chunk 2577/8295  403s  (eta 894s)
      [block p=0.455] chunk 2585/8295  468s  (eta 1033s)
== phase run-fine: d=2 L=8 grid [0.455] ==
   K = 3865 orbits; done = [0.465, 0.475]
   [block p=0.455] RESUMED at chunk 2586/8295 (state 16:01:02)
      [block p=0.455] chunk 2593/8295  61s  (eta 135s)
      [block p=0.455] chunk 2601/8295  125s  (eta 274s)
      [block p=0.455] chunk 2609/8295  186s  (eta 406s)
      [block p=0.455] chunk 2617/8295  251s  (eta 544s)
      [block p=0.455] chunk 2625/8295  313s  (eta 676s)
      [block p=0.455] chunk 2633/8295  379s  (eta 815s)
      [block p=0.455] chunk 2641/8295  446s  (eta 954s)
      [block p=0.455] chunk 2649/8295  513s  (eta 1093s)
== phase run-fine: d=2 L=8 grid [0.455] ==
   K = 3865 orbits; done = [0.465, 0.475]
   [block p=0.455] RESUMED at chunk 2650/8295 (state 16:10:29)
      [block p=0.455] chunk 2657/8295  55s  (eta 116s)
      [block p=0.455] chunk 2665/8295  112s  (eta 236s)
      [block p=0.455] chunk 2673/8295  165s  (eta 347s)
      [block p=0.455] chunk 2681/8295  223s  (eta 466s)
      [block p=0.455] chunk 2689/8295  281s  (eta 585s)
      [block p=0.455] chunk 2697/8295  346s  (eta 718s)
      [block p=0.455] chunk 2705/8295  410s  (eta 847s)
      [block p=0.455] chunk 2713/8295  470s  (eta 966s)
== phase run-fine: d=2 L=8 grid [0.455] ==
   K = 3865 orbits; done = [0.465, 0.475]
   [block p=0.455] RESUMED at chunk 2714/8295 (state 16:21:07)
      [block p=0.455] chunk 2721/8295  57s  (eta 117s)
      [block p=0.455] chunk 2729/8295  120s  (eta 245s)
      [block p=0.455] chunk 2737/8295  183s  (eta 372s)
      [block p=0.455] chunk 2745/8295  239s  (eta 483s)
      [block p=0.455] chunk 2753/8295  301s  (eta 606s)
      [block p=0.455] chunk 2761/8295  364s  (eta 730s)
      [block p=0.455] chunk 2769/8295  427s  (eta 852s)
      [block p=0.455] chunk 2777/8295  494s  (eta 981s)
== phase run-fine: d=2 L=8 grid [0.455] ==
   K = 3865 orbits; done = [0.465, 0.475]
   [block p=0.455] RESUMED at chunk 2778/8295 (state 16:30:14)
      [block p=0.455] chunk 2785/8295  66s  (eta 131s)
      [block p=0.455] chunk 2793/8295  137s  (eta 270s)
      [block p=0.455] chunk 2801/8295  202s  (eta 396s)
      [block p=0.455] chunk 2809/8295  265s  (eta 518s)
      [block p=0.455] chunk 2817/8295  328s  (eta 639s)
      [block p=0.455] chunk 2825/8295  395s  (eta 765s)
      [block p=0.455] chunk 2833/8295  457s  (eta 882s)
      [block p=0.455] chunk 2841/8295  514s  (eta 987s)
== phase run-fine: d=2 L=8 grid [0.455] ==
   K = 3865 orbits; done = [0.465, 0.475]
   [block p=0.455] RESUMED at chunk 2842/8295 (state 16:41:56)
      [block p=0.455] chunk 2849/8295  60s  (eta 115s)
      [block p=0.455] chunk 2857/8295  120s  (eta 228s)
      [block p=0.455] chunk 2865/8295  184s  (eta 349s)
      [block p=0.455] chunk 2873/8295  241s  (eta 456s)
      [block p=0.455] chunk 2881/8295  306s  (eta 574s)
      [block p=0.455] chunk 2889/8295  363s  (eta 679s)
      [block p=0.455] chunk 2897/8295  420s  (eta 782s)
      [block p=0.455] chunk 2905/8295  474s  (eta 879s)
== phase run-fine: d=2 L=8 grid [0.455] ==
   K = 3865 orbits; done = [0.465, 0.475]
   [block p=0.455] RESUMED at chunk 2906/8295 (state 16:50:06)
      [block p=0.455] chunk 2913/8295  65s  (eta 120s)
      [block p=0.455] chunk 2921/8295  132s  (eta 243s)
      [block p=0.455] chunk 2929/8295  194s  (eta 355s)
      [block p=0.455] chunk 2937/8295  253s  (eta 461s)
      [block p=0.455] chunk 2945/8295  309s  (eta 562s)
      [block p=0.455] chunk 2953/8295  366s  (eta 662s)
      [block p=0.455] chunk 2961/8295  420s  (eta 757s)
      [block p=0.455] chunk 2969/8295  486s  (eta 871s)
== phase run-fine: d=2 L=8 grid [0.455] ==
   K = 3865 orbits; done = [0.465, 0.475]
   [block p=0.455] RESUMED at chunk 2970/8295 (state 17:01:25)
      [block p=0.455] chunk 2977/8295  61s  (eta 109s)
      [block p=0.455] chunk 2985/8295  116s  (eta 207s)
      [block p=0.455] chunk 2993/8295  177s  (eta 314s)
      [block p=0.455] chunk 3001/8295  240s  (eta 424s)
      [block p=0.455] chunk 3009/8295  299s  (eta 526s)
      [block p=0.455] chunk 3017/8295  357s  (eta 625s)
      [block p=0.455] chunk 3025/8295  426s  (eta 742s)
      [block p=0.455] chunk 3033/8295  493s  (eta 855s)
== phase run-fine: d=2 L=8 grid [0.455] ==
   K = 3865 orbits; done = [0.465, 0.475]
   [block p=0.455] RESUMED at chunk 3034/8295 (state 17:10:17)
      [block p=0.455] chunk 3041/8295  64s  (eta 110s)
      [block p=0.455] chunk 3049/8295  127s  (eta 218s)
      [block p=0.455] chunk 3057/8295  192s  (eta 329s)
      [block p=0.455] chunk 3065/8295  257s  (eta 439s)
      [block p=0.455] chunk 3073/8295  318s  (eta 541s)
      [block p=0.455] chunk 3081/8295  378s  (eta 641s)
      [block p=0.455] chunk 3089/8295  444s  (eta 748s)
      [block p=0.455] chunk 3097/8295  506s  (eta 850s)
== phase run-fine: d=2 L=8 grid [0.455] ==
   K = 3865 orbits; done = [0.465, 0.475]
   [block p=0.455] RESUMED at chunk 3098/8295 (state 17:21:38)
      [block p=0.455] chunk 3105/8295  52s  (eta 87s)
      [block p=0.455] chunk 3113/8295  107s  (eta 179s)
      [block p=0.455] chunk 3121/8295  169s  (eta 281s)
      [block p=0.455] chunk 3129/8295  234s  (eta 386s)
      [block p=0.455] chunk 3137/8295  293s  (eta 482s)
      [block p=0.455] chunk 3145/8295  356s  (eta 584s)
      [block p=0.455] chunk 3153/8295  418s  (eta 682s)
      [block p=0.455] chunk 3161/8295  476s  (eta 774s)
== phase run-fine: d=2 L=8 grid [0.455] ==
   K = 3865 orbits; done = [0.465, 0.475]
   [block p=0.455] RESUMED at chunk 3162/8295 (state 17:29:52)
      [block p=0.455] chunk 3169/8295  66s  (eta 107s)
      [block p=0.455] chunk 3177/8295  130s  (eta 209s)
      [block p=0.455] chunk 3185/8295  195s  (eta 312s)
      [block p=0.455] chunk 3193/8295  254s  (eta 406s)
      [block p=0.455] chunk 3201/8295  319s  (eta 508s)
      [block p=0.455] chunk 3209/8295  381s  (eta 603s)
      [block p=0.455] chunk 3217/8295  444s  (eta 701s)
      [block p=0.455] chunk 3225/8295  511s  (eta 803s)
== phase run-fine: d=2 L=8 grid [0.455] ==
   K = 3865 orbits; done = [0.465, 0.475]
   [block p=0.455] RESUMED at chunk 3226/8295 (state 17:41:44)
      [block p=0.455] chunk 3233/8295  58s  (eta 91s)
      [block p=0.455] chunk 3241/8295  116s  (eta 180s)
      [block p=0.455] chunk 3249/8295  175s  (eta 271s)
      [block p=0.455] chunk 3257/8295  235s  (eta 364s)
      [block p=0.455] chunk 3265/8295  295s  (eta 455s)
      [block p=0.455] chunk 3273/8295  359s  (eta 551s)
      [block p=0.455] chunk 3281/8295  425s  (eta 650s)
      [block p=0.455] chunk 3289/8295  488s  (eta 743s)
== phase run-fine: d=2 L=8 grid [0.455] ==
   K = 3865 orbits; done = [0.465, 0.475]
   [block p=0.455] RESUMED at chunk 3290/8295 (state 17:50:07)
      [block p=0.455] chunk 3297/8295  58s  (eta 88s)
      [block p=0.455] chunk 3305/8295  123s  (eta 185s)
      [block p=0.455] chunk 3313/8295  184s  (eta 277s)
      [block p=0.455] chunk 3321/8295  242s  (eta 362s)
      [block p=0.455] chunk 3329/8295  297s  (eta 443s)
      [block p=0.455] chunk 3337/8295  353s  (eta 525s)
      [block p=0.455] chunk 3345/8295  410s  (eta 607s)
      [block p=0.455] chunk 3353/8295  466s  (eta 688s)
== phase run-fine: d=2 L=8 grid [0.455] ==
   K = 3865 orbits; done = [0.465, 0.475]
   [block p=0.455] RESUMED at chunk 3354/8295 (state 18:01:04)
      [block p=0.455] chunk 3361/8295  62s  (eta 92s)
      [block p=0.455] chunk 3369/8295  123s  (eta 180s)
      [block p=0.455] chunk 3377/8295  179s  (eta 260s)
      [block p=0.455] chunk 3385/8295  236s  (eta 342s)
      [block p=0.455] chunk 3393/8295  293s  (eta 424s)
      [block p=0.455] chunk 3401/8295  353s  (eta 508s)
      [block p=0.455] chunk 3409/8295  417s  (eta 598s)
      [block p=0.455] chunk 3417/8295  482s  (eta 688s)
== phase run-fine: d=2 L=8 grid [0.455] ==
   K = 3865 orbits; done = [0.465, 0.475]
   [block p=0.455] RESUMED at chunk 3418/8295 (state 18:10:06)
      [block p=0.455] chunk 3425/8295  58s  (eta 83s)
      [block p=0.455] chunk 3433/8295  118s  (eta 167s)
      [block p=0.455] chunk 3441/8295  175s  (eta 247s)
      [block p=0.455] chunk 3449/8295  239s  (eta 336s)
      [block p=0.455] chunk 3457/8295  301s  (eta 421s)
      [block p=0.455] chunk 3465/8295  362s  (eta 505s)
      [block p=0.455] chunk 3473/8295  426s  (eta 591s)
      [block p=0.455] chunk 3481/8295  488s  (eta 675s)
== phase run-fine: d=2 L=8 grid [0.455] ==
   K = 3865 orbits; done = [0.465, 0.475]
   [block p=0.455] RESUMED at chunk 3482/8295 (state 18:21:19)
      [block p=0.455] chunk 3489/8295  51s  (eta 70s)
      [block p=0.455] chunk 3497/8295  105s  (eta 144s)
      [block p=0.455] chunk 3505/8295  157s  (eta 214s)
      [block p=0.455] chunk 3513/8295  214s  (eta 291s)
      [block p=0.455] chunk 3521/8295  276s  (eta 374s)
      [block p=0.455] chunk 3529/8295  341s  (eta 461s)
      [block p=0.455] chunk 3537/8295  409s  (eta 551s)
      [block p=0.455] chunk 3545/8295  477s  (eta 639s)
== phase run-fine: d=2 L=8 grid [0.455] ==
   K = 3865 orbits; done = [0.465, 0.475]
   [block p=0.455] RESUMED at chunk 3546/8295 (state 18:29:58)
      [block p=0.455] chunk 3553/8295  53s  (eta 71s)
      [block p=0.455] chunk 3561/8295  106s  (eta 141s)
      [block p=0.455] chunk 3569/8295  164s  (eta 218s)
      [block p=0.455] chunk 3577/8295  225s  (eta 297s)
      [block p=0.455] chunk 3585/8295  277s  (eta 364s)
      [block p=0.455] chunk 3593/8295  332s  (eta 434s)
      [block p=0.455] chunk 3601/8295  384s  (eta 501s)
      [block p=0.455] chunk 3609/8295  440s  (eta 572s)
      [block p=0.455] chunk 3617/8295  498s  (eta 645s)
== phase run-fine: d=2 L=8 grid [0.455] ==
   K = 3865 orbits; done = [0.465, 0.475]
   [block p=0.455] RESUMED at chunk 3618/8295 (state 18:41:33)
      [block p=0.455] chunk 3625/8295  60s  (eta 77s)
      [block p=0.455] chunk 3633/8295  112s  (eta 144s)
      [block p=0.455] chunk 3641/8295  169s  (eta 216s)
      [block p=0.455] chunk 3649/8295  227s  (eta 289s)
      [block p=0.455] chunk 3657/8295  283s  (eta 359s)
      [block p=0.455] chunk 3665/8295  341s  (eta 430s)
      [block p=0.455] chunk 3673/8295  397s  (eta 499s)
      [block p=0.455] chunk 3681/8295  462s  (eta 579s)
== phase run-fine: d=2 L=8 grid [0.455] ==
   K = 3865 orbits; done = [0.465, 0.475]
   [block p=0.455] RESUMED at chunk 3682/8295 (state 18:49:39)
      [block p=0.455] chunk 3689/8295  55s  (eta 69s)
      [block p=0.455] chunk 3697/8295  111s  (eta 138s)
      [block p=0.455] chunk 3705/8295  173s  (eta 214s)
      [block p=0.455] chunk 3713/8295  228s  (eta 282s)
      [block p=0.455] chunk 3721/8295  283s  (eta 348s)
      [block p=0.455] chunk 3729/8295  341s  (eta 418s)
      [block p=0.455] chunk 3737/8295  398s  (eta 486s)
      [block p=0.455] chunk 3745/8295  453s  (eta 550s)
      [block p=0.455] chunk 3753/8295  515s  (eta 623s)
== phase run-fine: d=2 L=8 grid [0.455] ==
   K = 3865 orbits; done = [0.465, 0.475]
   [block p=0.455] RESUMED at chunk 3754/8295 (state 19:01:50)
      [block p=0.455] chunk 3761/8295  61s  (eta 73s)
      [block p=0.455] chunk 3769/8295  121s  (eta 145s)
      [block p=0.455] chunk 3777/8295  185s  (eta 221s)
      [block p=0.455] chunk 3785/8295  248s  (eta 295s)
      [block p=0.455] chunk 3793/8295  313s  (eta 372s)
      [block p=0.455] chunk 3801/8295  378s  (eta 447s)
      [block p=0.455] chunk 3809/8295  434s  (eta 511s)
      [block p=0.455] chunk 3817/8295  500s  (eta 586s)
== phase run-fine: d=2 L=8 grid [0.455] ==
   K = 3865 orbits; done = [0.465, 0.475]
   [block p=0.455] RESUMED at chunk 3818/8295 (state 19:10:17)
      [block p=0.455] chunk 3825/8295  54s  (eta 63s)
      [block p=0.455] chunk 3833/8295  110s  (eta 128s)
      [block p=0.455] chunk 3841/8295  161s  (eta 187s)
      [block p=0.455] chunk 3849/8295  218s  (eta 252s)
      [block p=0.455] chunk 3857/8295  274s  (eta 315s)
      [block p=0.455] chunk 3865/8295  330s  (eta 379s)
      [block p=0.455] chunk 3873/8295  396s  (eta 453s)
      [block p=0.455] chunk 3881/8295  462s  (eta 526s)
== phase run-fine: d=2 L=8 grid [0.455] ==
   K = 3865 orbits; done = [0.465, 0.475]
   [block p=0.455] RESUMED at chunk 3882/8295 (state 19:21:02)
      [block p=0.455] chunk 3889/8295  53s  (eta 60s)
      [block p=0.455] chunk 3897/8295  115s  (eta 129s)
      [block p=0.455] chunk 3905/8295  180s  (eta 202s)
      [block p=0.455] chunk 3913/8295  246s  (eta 276s)
      [block p=0.455] chunk 3921/8295  306s  (eta 342s)
      [block p=0.455] chunk 3929/8295  368s  (eta 409s)
      [block p=0.455] chunk 3937/8295  427s  (eta 473s)
      [block p=0.455] chunk 3945/8295  490s  (eta 540s)
== phase run-fine: d=2 L=8 grid [0.455] ==
   K = 3865 orbits; done = [0.465, 0.475]
   [block p=0.455] RESUMED at chunk 3946/8295 (state 19:30:22)
      [block p=0.455] chunk 3953/8295  52s  (eta 57s)
      [block p=0.455] chunk 3961/8295  105s  (eta 115s)
      [block p=0.455] chunk 3969/8295  168s  (eta 183s)
      [block p=0.455] chunk 3977/8295  221s  (eta 240s)
      [block p=0.455] chunk 3985/8295  278s  (eta 301s)
      [block p=0.455] chunk 3993/8295  337s  (eta 363s)
      [block p=0.455] chunk 4001/8295  396s  (eta 425s)
      [block p=0.455] chunk 4009/8295  455s  (eta 486s)
      [block p=0.455] chunk 4017/8295  509s  (eta 542s)
== phase run-fine: d=2 L=8 grid [0.455] ==
   K = 3865 orbits; done = [0.465, 0.475]
   [block p=0.455] RESUMED at chunk 4018/8295 (state 19:41:43)
      [block p=0.455] chunk 4025/8295  53s  (eta 56s)
      [block p=0.455] chunk 4033/8295  106s  (eta 112s)
      [block p=0.455] chunk 4041/8295  169s  (eta 178s)
      [block p=0.455] chunk 4049/8295  234s  (eta 245s)
      [block p=0.455] chunk 4057/8295  291s  (eta 305s)
      [block p=0.455] chunk 4065/8295  354s  (eta 368s)
      [block p=0.455] chunk 4073/8295  408s  (eta 423s)
      [block p=0.455] chunk 4081/8295  471s  (eta 487s)
== phase run-fine: d=2 L=8 grid [0.455] ==
   K = 3865 orbits; done = [0.465, 0.475]
   [block p=0.455] RESUMED at chunk 4082/8295 (state 19:49:48)
      [block p=0.455] chunk 4089/8295  60s  (eta 62s)
      [block p=0.455] chunk 4097/8295  122s  (eta 125s)
      [block p=0.455] chunk 4105/8295  185s  (eta 188s)
      [block p=0.455] chunk 4113/8295  246s  (eta 250s)
      [block p=0.455] chunk 4121/8295  309s  (eta 312s)
      [block p=0.455] chunk 4129/8295  372s  (eta 375s)
      [block p=0.455] chunk 4137/8295  435s  (eta 437s)
      [block p=0.455] chunk 4145/8295  495s  (eta 495s)
== phase run-fine: d=2 L=8 grid [0.455] ==
   K = 3865 orbits; done = [0.465, 0.475]
   [block p=0.455] RESUMED at chunk 4146/8295 (state 20:01:29)
      [block p=0.455] chunk 4153/8295  56s  (eta 56s)
      [block p=0.455] chunk 4161/8295  113s  (eta 113s)
      [block p=0.455] chunk 4169/8295  168s  (eta 167s)
      [block p=0.455] chunk 4177/8295  225s  (eta 222s)
      [block p=0.455] chunk 4185/8295  288s  (eta 283s)
      [block p=0.455] chunk 4193/8295  353s  (eta 345s)
      [block p=0.455] chunk 4201/8295  415s  (eta 404s)
      [block p=0.455] chunk 4209/8295  480s  (eta 466s)
== phase run-fine: d=2 L=8 grid [0.455] ==
   K = 3865 orbits; done = [0.465, 0.475]
   [block p=0.455] RESUMED at chunk 4210/8295 (state 20:10:01)
      [block p=0.455] chunk 4217/8295  53s  (eta 52s)
      [block p=0.455] chunk 4225/8295  110s  (eta 106s)
      [block p=0.455] chunk 4233/8295  173s  (eta 166s)
      [block p=0.455] chunk 4241/8295  237s  (eta 227s)
      [block p=0.455] chunk 4249/8295  293s  (eta 279s)
      [block p=0.455] chunk 4257/8295  346s  (eta 329s)
      [block p=0.455] chunk 4265/8295  404s  (eta 382s)
      [block p=0.455] chunk 4273/8295  462s  (eta 435s)
      [block p=0.455] chunk 4281/8295  518s  (eta 485s)
== phase run-fine: d=2 L=8 grid [0.455] ==
   K = 3865 orbits; done = [0.465, 0.475]
   [block p=0.455] RESUMED at chunk 4282/8295 (state 20:21:49)
      [block p=0.455] chunk 4289/8295  54s  (eta 50s)
      [block p=0.455] chunk 4297/8295  116s  (eta 108s)
      [block p=0.455] chunk 4305/8295  169s  (eta 157s)
      [block p=0.455] chunk 4313/8295  235s  (eta 217s)
      [block p=0.455] chunk 4321/8295  297s  (eta 273s)
      [block p=0.455] chunk 4329/8295  360s  (eta 330s)
      [block p=0.455] chunk 4337/8295  427s  (eta 390s)
      [block p=0.455] chunk 4345/8295  493s  (eta 448s)
== phase run-fine: d=2 L=8 grid [0.455] ==
   K = 3865 orbits; done = [0.465, 0.475]
   [block p=0.455] RESUMED at chunk 4346/8295 (state 20:30:07)
      [block p=0.455] chunk 4353/8295  61s  (eta 55s)
      [block p=0.455] chunk 4361/8295  121s  (eta 110s)
      [block p=0.455] chunk 4369/8295  186s  (eta 167s)
      [block p=0.455] chunk 4377/8295  248s  (eta 222s)
      [block p=0.455] chunk 4385/8295  303s  (eta 270s)
      [block p=0.455] chunk 4393/8295  367s  (eta 326s)
      [block p=0.455] chunk 4401/8295  428s  (eta 379s)
      [block p=0.455] chunk 4409/8295  495s  (eta 436s)
== phase run-fine: d=2 L=8 grid [0.455] ==
   K = 3865 orbits; done = [0.465, 0.475]
   [block p=0.455] RESUMED at chunk 4410/8295 (state 20:41:35)
      [block p=0.455] chunk 4417/8295  55s  (eta 48s)
      [block p=0.455] chunk 4425/8295  118s  (eta 103s)
      [block p=0.455] chunk 4433/8295  177s  (eta 154s)
      [block p=0.455] chunk 4441/8295  234s  (eta 203s)
      [block p=0.455] chunk 4449/8295  301s  (eta 260s)
      [block p=0.455] chunk 4457/8295  364s  (eta 313s)
      [block p=0.455] chunk 4465/8295  425s  (eta 365s)
      [block p=0.455] chunk 4473/8295  479s  (eta 410s)
== phase run-fine: d=2 L=8 grid [0.455] ==
   K = 3865 orbits; done = [0.465, 0.475]
   [block p=0.455] RESUMED at chunk 4474/8295 (state 20:50:03)
      [block p=0.455] chunk 4481/8295  54s  (eta 46s)
      [block p=0.455] chunk 4489/8295  113s  (eta 96s)
      [block p=0.455] chunk 4497/8295  173s  (eta 146s)
      [block p=0.455] chunk 4505/8295  238s  (eta 200s)
      [block p=0.455] chunk 4513/8295  293s  (eta 246s)
      [block p=0.455] chunk 4521/8295  356s  (eta 297s)
      [block p=0.455] chunk 4529/8295  414s  (eta 344s)
      [block p=0.455] chunk 4537/8295  473s  (eta 391s)
== phase run-fine: d=2 L=8 grid [0.455] ==
   K = 3865 orbits; done = [0.465, 0.475]
   [block p=0.455] RESUMED at chunk 4538/8295 (state 21:01:13)
      [block p=0.455] chunk 4545/8295  63s  (eta 52s)
      [block p=0.455] chunk 4553/8295  129s  (eta 106s)
      [block p=0.455] chunk 4561/8295  194s  (eta 159s)
      [block p=0.455] chunk 4569/8295  258s  (eta 210s)
      [block p=0.455] chunk 4577/8295  320s  (eta 260s)
      [block p=0.455] chunk 4585/8295  383s  (eta 310s)
      [block p=0.455] chunk 4593/8295  447s  (eta 360s)
      [block p=0.455] chunk 4601/8295  510s  (eta 409s)
== phase run-fine: d=2 L=8 grid [0.455] ==
   K = 3865 orbits; done = [0.465, 0.475]
   [block p=0.455] RESUMED at chunk 4602/8295 (state 21:10:34)
      [block p=0.455] chunk 4609/8295  58s  (eta 47s)
      [block p=0.455] chunk 4617/8295  117s  (eta 93s)
      [block p=0.455] chunk 4625/8295  174s  (eta 138s)
      [block p=0.455] chunk 4633/8295  237s  (eta 187s)
      [block p=0.455] chunk 4641/8295  305s  (eta 240s)
      [block p=0.455] chunk 4649/8295  369s  (eta 289s)
      [block p=0.455] chunk 4657/8295  431s  (eta 337s)
      [block p=0.455] chunk 4665/8295  494s  (eta 384s)
== phase run-fine: d=2 L=8 grid [0.455] ==
   K = 3865 orbits; done = [0.465, 0.475]
   [block p=0.455] RESUMED at chunk 4666/8295 (state 21:21:32)
      [block p=0.455] chunk 4673/8295  61s  (eta 48s)
      [block p=0.455] chunk 4681/8295  124s  (eta 96s)
      [block p=0.455] chunk 4689/8295  191s  (eta 147s)
      [block p=0.455] chunk 4697/8295  261s  (eta 200s)
      [block p=0.455] chunk 4705/8295  325s  (eta 248s)
      [block p=0.455] chunk 4713/8295  389s  (eta 295s)
      [block p=0.455] chunk 4721/8295  447s  (eta 338s)
      [block p=0.455] chunk 4729/8295  502s  (eta 379s)
== phase run-fine: d=2 L=8 grid [0.455] ==
   K = 3865 orbits; done = [0.465, 0.475]
   [block p=0.455] RESUMED at chunk 4730/8295 (state 21:30:28)
      [block p=0.455] chunk 4737/8295  52s  (eta 39s)
      [block p=0.455] chunk 4745/8295  104s  (eta 78s)
      [block p=0.455] chunk 4753/8295  159s  (eta 119s)
      [block p=0.455] chunk 4761/8295  218s  (eta 162s)
      [block p=0.455] chunk 4769/8295  282s  (eta 209s)
      [block p=0.455] chunk 4777/8295  342s  (eta 252s)
      [block p=0.455] chunk 4785/8295  399s  (eta 292s)
      [block p=0.455] chunk 4793/8295  454s  (eta 332s)
      [block p=0.455] chunk 4801/8295  515s  (eta 375s)
== phase run-fine: d=2 L=8 grid [0.455] ==
   K = 3865 orbits; done = [0.465, 0.475]
   [block p=0.455] RESUMED at chunk 4802/8295 (state 21:41:46)
      [block p=0.455] chunk 4809/8295  61s  (eta 44s)
      [block p=0.455] chunk 4817/8295  124s  (eta 89s)
      [block p=0.455] chunk 4825/8295  186s  (eta 134s)
      [block p=0.455] chunk 4833/8295  247s  (eta 177s)
      [block p=0.455] chunk 4841/8295  313s  (eta 223s)
      [block p=0.455] chunk 4849/8295  375s  (eta 266s)
      [block p=0.455] chunk 4857/8295  437s  (eta 309s)
      [block p=0.455] chunk 4865/8295  503s  (eta 354s)
== phase run-fine: d=2 L=8 grid [0.455] ==
   K = 3865 orbits; done = [0.465, 0.475]
   [block p=0.455] RESUMED at chunk 4866/8295 (state 21:50:17)
      [block p=0.455] chunk 4873/8295  59s  (eta 41s)
      [block p=0.455] chunk 4881/8295  117s  (eta 82s)
      [block p=0.455] chunk 4889/8295  182s  (eta 127s)
      [block p=0.455] chunk 4897/8295  249s  (eta 173s)
      [block p=0.455] chunk 4905/8295  315s  (eta 218s)
      [block p=0.455] chunk 4913/8295  382s  (eta 263s)
      [block p=0.455] chunk 4921/8295  447s  (eta 307s)
      [block p=0.455] chunk 4929/8295  511s  (eta 349s)
== phase run-fine: d=2 L=8 grid [0.455] ==
   K = 3865 orbits; done = [0.465, 0.475]
   [block p=0.455] RESUMED at chunk 4930/8295 (state 22:01:48)
      [block p=0.455] chunk 4937/8295  63s  (eta 43s)
      [block p=0.455] chunk 4945/8295  125s  (eta 85s)
      [block p=0.455] chunk 4953/8295  187s  (eta 126s)
      [block p=0.455] chunk 4961/8295  249s  (eta 167s)
      [block p=0.455] chunk 4969/8295  310s  (eta 208s)
      [block p=0.455] chunk 4977/8295  370s  (eta 246s)
      [block p=0.455] chunk 4985/8295  436s  (eta 289s)
      [block p=0.455] chunk 4993/8295  496s  (eta 328s)
== phase run-fine: d=2 L=8 grid [0.455] ==
   K = 3865 orbits; done = [0.465, 0.475]
   [block p=0.455] RESUMED at chunk 4994/8295 (state 22:10:16)
      [block p=0.455] chunk 5001/8295  62s  (eta 41s)
      [block p=0.455] chunk 5009/8295  117s  (eta 77s)
      [block p=0.455] chunk 5017/8295  181s  (eta 118s)
      [block p=0.455] chunk 5025/8295  240s  (eta 156s)
      [block p=0.455] chunk 5033/8295  303s  (eta 196s)
      [block p=0.455] chunk 5041/8295  368s  (eta 238s)
      [block p=0.455] chunk 5049/8295  433s  (eta 279s)
      [block p=0.455] chunk 5057/8295  497s  (eta 318s)
== phase run-fine: d=2 L=8 grid [0.455] ==
   K = 3865 orbits; done = [0.465, 0.475]
   [block p=0.455] RESUMED at chunk 5058/8295 (state 22:21:46)
      [block p=0.455] chunk 5065/8295  62s  (eta 40s)
      [block p=0.455] chunk 5073/8295  128s  (eta 81s)
      [block p=0.455] chunk 5081/8295  192s  (eta 122s)
      [block p=0.455] chunk 5089/8295  255s  (eta 161s)
      [block p=0.455] chunk 5097/8295  316s  (eta 198s)
      [block p=0.455] chunk 5105/8295  380s  (eta 237s)
      [block p=0.455] chunk 5113/8295  442s  (eta 275s)
      [block p=0.455] chunk 5121/8295  500s  (eta 310s)
== phase run-fine: d=2 L=8 grid [0.455] ==
   K = 3865 orbits; done = [0.465, 0.475]
   [block p=0.455] RESUMED at chunk 5122/8295 (state 22:30:31)
      [block p=0.455] chunk 5129/8295  59s  (eta 36s)
      [block p=0.455] chunk 5137/8295  122s  (eta 75s)
      [block p=0.455] chunk 5145/8295  176s  (eta 108s)
      [block p=0.455] chunk 5153/8295  230s  (eta 140s)
      [block p=0.455] chunk 5161/8295  292s  (eta 177s)
      [block p=0.455] chunk 5169/8295  347s  (eta 210s)
      [block p=0.455] chunk 5177/8295  403s  (eta 243s)
      [block p=0.455] chunk 5185/8295  458s  (eta 275s)
== phase run-fine: d=2 L=8 grid [0.455] ==
   K = 3865 orbits; done = [0.465, 0.475]
   [block p=0.455] RESUMED at chunk 5186/8295 (state 22:40:51)
      [block p=0.455] chunk 5193/8295  63s  (eta 38s)
      [block p=0.455] chunk 5201/8295  117s  (eta 70s)
      [block p=0.455] chunk 5209/8295  175s  (eta 104s)
      [block p=0.455] chunk 5217/8295  232s  (eta 137s)
      [block p=0.455] chunk 5225/8295  286s  (eta 168s)
      [block p=0.455] chunk 5233/8295  350s  (eta 205s)
      [block p=0.455] chunk 5241/8295  416s  (eta 243s)
      [block p=0.455] chunk 5249/8295  482s  (eta 280s)
== phase run-fine: d=2 L=8 grid [0.455] ==
   K = 3865 orbits; done = [0.465, 0.475]
   [block p=0.455] RESUMED at chunk 5250/8295 (state 22:49:59)
      [block p=0.455] chunk 5257/8295  54s  (eta 31s)
      [block p=0.455] chunk 5265/8295  119s  (eta 68s)
      [block p=0.455] chunk 5273/8295  184s  (eta 105s)
      [block p=0.455] chunk 5281/8295  247s  (eta 141s)
      [block p=0.455] chunk 5289/8295  309s  (eta 176s)
      [block p=0.455] chunk 5297/8295  366s  (eta 207s)
      [block p=0.455] chunk 5305/8295  427s  (eta 241s)
      [block p=0.455] chunk 5313/8295  488s  (eta 274s)
== phase run-fine: d=2 L=8 grid [0.455] ==
   K = 3865 orbits; done = [0.465, 0.475]
   [block p=0.455] RESUMED at chunk 5314/8295 (state 23:01:22)
      [block p=0.455] chunk 5321/8295  61s  (eta 34s)
      [block p=0.455] chunk 5329/8295  123s  (eta 68s)
      [block p=0.455] chunk 5337/8295  177s  (eta 98s)
      [block p=0.455] chunk 5345/8295  234s  (eta 129s)
      [block p=0.455] chunk 5353/8295  295s  (eta 162s)
      [block p=0.455] chunk 5361/8295  358s  (eta 196s)
      [block p=0.455] chunk 5369/8295  424s  (eta 231s)
      [block p=0.455] chunk 5377/8295  488s  (eta 265s)
== phase run-fine: d=2 L=8 grid [0.455] ==
   K = 3865 orbits; done = [0.465, 0.475]
   [block p=0.455] RESUMED at chunk 5378/8295 (state 23:10:05)
      [block p=0.455] chunk 5385/8295  61s  (eta 33s)
      [block p=0.455] chunk 5393/8295  123s  (eta 66s)
      [block p=0.455] chunk 5401/8295  183s  (eta 98s)
      [block p=0.455] chunk 5409/8295  248s  (eta 132s)
      [block p=0.455] chunk 5417/8295  309s  (eta 164s)
      [block p=0.455] chunk 5425/8295  371s  (eta 196s)
      [block p=0.455] chunk 5433/8295  437s  (eta 230s)
      [block p=0.455] chunk 5441/8295  499s  (eta 262s)
== phase run-fine: d=2 L=8 grid [0.455] ==
   K = 3865 orbits; done = [0.465, 0.475]
   [block p=0.455] RESUMED at chunk 5442/8295 (state 23:21:30)
      [block p=0.455] chunk 5449/8295  58s  (eta 30s)
      [block p=0.455] chunk 5457/8295  120s  (eta 62s)
      [block p=0.455] chunk 5465/8295  179s  (eta 92s)
      [block p=0.455] chunk 5473/8295  241s  (eta 124s)
      [block p=0.455] chunk 5481/8295  302s  (eta 155s)
      [block p=0.455] chunk 5489/8295  363s  (eta 186s)
      [block p=0.455] chunk 5497/8295  420s  (eta 214s)
      [block p=0.455] chunk 5505/8295  478s  (eta 242s)
== phase run-fine: d=2 L=8 grid [0.455] ==
   K = 3865 orbits; done = [0.465, 0.475]
   [block p=0.455] RESUMED at chunk 5506/8295 (state 23:29:52)
      [block p=0.455] chunk 5513/8295  61s  (eta 31s)
      [block p=0.455] chunk 5521/8295  120s  (eta 60s)
      [block p=0.455] chunk 5529/8295  184s  (eta 92s)
      [block p=0.455] chunk 5537/8295  250s  (eta 125s)
      [block p=0.455] chunk 5545/8295  312s  (eta 154s)
      [block p=0.455] chunk 5553/8295  373s  (eta 184s)
      [block p=0.455] chunk 5561/8295  428s  (eta 210s)
      [block p=0.455] chunk 5569/8295  482s  (eta 236s)
== phase run-fine: d=2 L=8 grid [0.455] ==
   K = 3865 orbits; done = [0.465, 0.475]
   [block p=0.455] RESUMED at chunk 5570/8295 (state 23:41:14)
      [block p=0.455] chunk 5577/8295  61s  (eta 30s)
      [block p=0.455] chunk 5585/8295  124s  (eta 60s)
      [block p=0.455] chunk 5593/8295  187s  (eta 90s)
      [block p=0.455] chunk 5601/8295  253s  (eta 122s)
      [block p=0.455] chunk 5609/8295  316s  (eta 151s)
      [block p=0.455] chunk 5617/8295  375s  (eta 179s)
      [block p=0.455] chunk 5625/8295  429s  (eta 204s)
      [block p=0.455] chunk 5633/8295  487s  (eta 230s)
== phase run-fine: d=2 L=8 grid [0.455] ==
   K = 3865 orbits; done = [0.465, 0.475]
   [block p=0.455] RESUMED at chunk 5634/8295 (state 23:50:02)
      [block p=0.455] chunk 5641/8295  59s  (eta 28s)
      [block p=0.455] chunk 5649/8295  118s  (eta 55s)
      [block p=0.455] chunk 5657/8295  171s  (eta 80s)
      [block p=0.455] chunk 5665/8295  226s  (eta 105s)
      [block p=0.455] chunk 5673/8295  288s  (eta 133s)
      [block p=0.455] chunk 5681/8295  347s  (eta 160s)
      [block p=0.455] chunk 5689/8295  411s  (eta 188s)
      [block p=0.455] chunk 5697/8295  473s  (eta 216s)
== phase run-fine: d=2 L=8 grid [0.455] ==
   K = 3865 orbits; done = [0.465, 0.475]
   [block p=0.455] RESUMED at chunk 5698/8295 (state 00:01:03)
      [block p=0.455] chunk 5705/8295  61s  (eta 28s)
      [block p=0.455] chunk 5713/8295  116s  (eta 53s)
      [block p=0.455] chunk 5721/8295  179s  (eta 81s)
      [block p=0.455] chunk 5729/8295  243s  (eta 109s)
      [block p=0.455] chunk 5737/8295  307s  (eta 137s)
      [block p=0.455] chunk 5745/8295  373s  (eta 166s)
      [block p=0.455] chunk 5753/8295  437s  (eta 193s)
      [block p=0.455] chunk 5761/8295  499s  (eta 220s)
== phase run-fine: d=2 L=8 grid [0.455] ==
   K = 3865 orbits; done = [0.465, 0.475]
   [block p=0.455] RESUMED at chunk 5762/8295 (state 00:10:12)
      [block p=0.455] chunk 5769/8295  56s  (eta 24s)
      [block p=0.455] chunk 5777/8295  113s  (eta 49s)
      [block p=0.455] chunk 5785/8295  163s  (eta 71s)
      [block p=0.455] chunk 5793/8295  224s  (eta 97s)
      [block p=0.455] chunk 5801/8295  277s  (eta 119s)
      [block p=0.455] chunk 5809/8295  335s  (eta 144s)
      [block p=0.455] chunk 5817/8295  399s  (eta 170s)
      [block p=0.455] chunk 5825/8295  466s  (eta 197s)
      [block p=0.455] chunk 5833/8295  519s  (eta 219s)
== phase run-fine: d=2 L=8 grid [0.455] ==
   K = 3865 orbits; done = [0.465, 0.475]
   [block p=0.455] RESUMED at chunk 5826/8295 (state 00:20:56)
      [block p=0.455] chunk 5833/8295  52s  (eta 22s)
      [block p=0.455] chunk 5841/8295  107s  (eta 45s)
      [block p=0.455] chunk 5849/8295  159s  (eta 67s)
      [block p=0.455] chunk 5857/8295  214s  (eta 89s)
      [block p=0.455] chunk 5865/8295  276s  (eta 114s)
      [block p=0.455] chunk 5873/8295  340s  (eta 140s)
      [block p=0.455] chunk 5881/8295  397s  (eta 163s)
      [block p=0.455] chunk 5889/8295  456s  (eta 186s)
      [block p=0.455] chunk 5897/8295  510s  (eta 207s)
== phase run-fine: d=2 L=8 grid [0.455] ==
   K = 3865 orbits; done = [0.465, 0.475]
   [block p=0.455] RESUMED at chunk 5898/8295 (state 00:30:23)
      [block p=0.455] chunk 5905/8295  53s  (eta 21s)
      [block p=0.455] chunk 5913/8295  107s  (eta 43s)
      [block p=0.455] chunk 5921/8295  160s  (eta 64s)
      [block p=0.455] chunk 5929/8295  215s  (eta 86s)
      [block p=0.455] chunk 5937/8295  268s  (eta 106s)
      [block p=0.455] chunk 5945/8295  329s  (eta 130s)
      [block p=0.455] chunk 5953/8295  393s  (eta 155s)
      [block p=0.455] chunk 5961/8295  457s  (eta 179s)
      [block p=0.455] chunk 5969/8295  517s  (eta 202s)
== phase run-fine: d=2 L=8 grid [0.455] ==
   K = 3865 orbits; done = [0.465, 0.475]
   [block p=0.455] RESUMED at chunk 5970/8295 (state 00:41:47)
      [block p=0.455] chunk 5977/8295  61s  (eta 24s)
      [block p=0.455] chunk 5985/8295  124s  (eta 48s)
      [block p=0.455] chunk 5993/8295  182s  (eta 70s)
      [block p=0.455] chunk 6001/8295  243s  (eta 93s)
      [block p=0.455] chunk 6009/8295  297s  (eta 113s)
      [block p=0.455] chunk 6017/8295  353s  (eta 134s)
      [block p=0.455] chunk 6025/8295  412s  (eta 155s)
      [block p=0.455] chunk 6033/8295  469s  (eta 176s)
== phase run-fine: d=2 L=8 grid [0.455] ==
   K = 3865 orbits; done = [0.465, 0.475]
   [block p=0.455] RESUMED at chunk 6034/8295 (state 00:49:46)
      [block p=0.455] chunk 6041/8295  64s  (eta 24s)
      [block p=0.455] chunk 6049/8295  129s  (eta 48s)
      [block p=0.455] chunk 6057/8295  183s  (eta 68s)
      [block p=0.455] chunk 6065/8295  238s  (eta 87s)
      [block p=0.455] chunk 6073/8295  294s  (eta 108s)
      [block p=0.455] chunk 6081/8295  349s  (eta 127s)
      [block p=0.455] chunk 6089/8295  403s  (eta 146s)
      [block p=0.455] chunk 6097/8295  467s  (eta 168s)
== phase run-fine: d=2 L=8 grid [0.455] ==
   K = 3865 orbits; done = [0.465, 0.475]
   [block p=0.455] RESUMED at chunk 6098/8295 (state 01:00:57)
      [block p=0.455] chunk 6105/8295  55s  (eta 20s)
      [block p=0.455] chunk 6113/8295  111s  (eta 40s)
      [block p=0.455] chunk 6121/8295  172s  (eta 61s)
      [block p=0.455] chunk 6129/8295  233s  (eta 82s)
      [block p=0.455] chunk 6137/8295  291s  (eta 102s)
      [block p=0.455] chunk 6145/8295  354s  (eta 124s)
      [block p=0.455] chunk 6153/8295  408s  (eta 142s)
      [block p=0.455] chunk 6161/8295  462s  (eta 160s)
      [block p=0.455] chunk 6169/8295  518s  (eta 178s)
== phase run-fine: d=2 L=8 grid [0.455] ==
   K = 3865 orbits; done = [0.465, 0.475]
   [block p=0.455] RESUMED at chunk 6170/8295 (state 01:10:30)
      [block p=0.455] chunk 6177/8295  54s  (eta 19s)
      [block p=0.455] chunk 6185/8295  110s  (eta 37s)
      [block p=0.455] chunk 6193/8295  168s  (eta 57s)
      [block p=0.455] chunk 6201/8295  232s  (eta 78s)
      [block p=0.455] chunk 6209/8295  291s  (eta 98s)
      [block p=0.455] chunk 6217/8295  346s  (eta 116s)
      [block p=0.455] chunk 6225/8295  401s  (eta 133s)
      [block p=0.455] chunk 6233/8295  458s  (eta 152s)
== phase run-fine: d=2 L=8 grid [0.455] ==
   K = 3865 orbits; done = [0.465, 0.475]
   [block p=0.455] RESUMED at chunk 6234/8295 (state 01:20:52)
      [block p=0.455] chunk 6241/8295  60s  (eta 20s)
      [block p=0.455] chunk 6249/8295  121s  (eta 39s)
      [block p=0.455] chunk 6257/8295  180s  (eta 59s)
      [block p=0.455] chunk 6265/8295  242s  (eta 79s)
      [block p=0.455] chunk 6273/8295  301s  (eta 97s)
      [block p=0.455] chunk 6281/8295  362s  (eta 116s)
      [block p=0.455] chunk 6289/8295  426s  (eta 136s)
      [block p=0.455] chunk 6297/8295  496s  (eta 157s)
== phase run-fine: d=2 L=8 grid [0.455] ==
   K = 3865 orbits; done = [0.465, 0.475]
   [block p=0.455] RESUMED at chunk 6298/8295 (state 01:30:14)
      [block p=0.455] chunk 6305/8295  53s  (eta 17s)
      [block p=0.455] chunk 6313/8295  105s  (eta 33s)
      [block p=0.455] chunk 6321/8295  162s  (eta 51s)
      [block p=0.455] chunk 6329/8295  222s  (eta 69s)
      [block p=0.455] chunk 6337/8295  273s  (eta 84s)
      [block p=0.455] chunk 6345/8295  324s  (eta 100s)
      [block p=0.455] chunk 6353/8295  376s  (eta 115s)
      [block p=0.455] chunk 6361/8295  438s  (eta 133s)
      [block p=0.455] chunk 6369/8295  500s  (eta 151s)
== phase run-fine: d=2 L=8 grid [0.455] ==
   K = 3865 orbits; done = [0.465, 0.475]
   [block p=0.455] RESUMED at chunk 6370/8295 (state 01:41:32)
      [block p=0.455] chunk 6377/8295  54s  (eta 16s)
      [block p=0.455] chunk 6385/8295  107s  (eta 32s)
      [block p=0.455] chunk 6393/8295  160s  (eta 48s)
      [block p=0.455] chunk 6401/8295  219s  (eta 65s)
      [block p=0.455] chunk 6409/8295  276s  (eta 81s)
      [block p=0.455] chunk 6417/8295  337s  (eta 99s)
      [block p=0.455] chunk 6425/8295  398s  (eta 116s)
      [block p=0.455] chunk 6433/8295  454s  (eta 131s)
      [block p=0.455] chunk 6441/8295  515s  (eta 148s)
== phase run-fine: d=2 L=8 grid [0.455] ==
   K = 3865 orbits; done = [0.465, 0.475]
   [block p=0.455] RESUMED at chunk 6442/8295 (state 01:50:30)
      [block p=0.455] chunk 6449/8295  59s  (eta 17s)
      [block p=0.455] chunk 6457/8295  112s  (eta 32s)
      [block p=0.455] chunk 6465/8295  170s  (eta 48s)
      [block p=0.455] chunk 6473/8295  231s  (eta 65s)
      [block p=0.455] chunk 6481/8295  291s  (eta 82s)
      [block p=0.455] chunk 6489/8295  353s  (eta 98s)
      [block p=0.455] chunk 6497/8295  419s  (eta 116s)
      [block p=0.455] chunk 6505/8295  480s  (eta 132s)
== phase run-fine: d=2 L=8 grid [0.455] ==
   K = 3865 orbits; done = [0.465, 0.475]
   [block p=0.455] RESUMED at chunk 6506/8295 (state 02:01:15)
      [block p=0.455] chunk 6513/8295  58s  (eta 16s)
      [block p=0.455] chunk 6521/8295  117s  (eta 32s)
      [block p=0.455] chunk 6529/8295  177s  (eta 48s)
      [block p=0.455] chunk 6537/8295  238s  (eta 64s)
      [block p=0.455] chunk 6545/8295  290s  (eta 77s)
      [block p=0.455] chunk 6553/8295  350s  (eta 93s)
      [block p=0.455] chunk 6561/8295  413s  (eta 109s)
      [block p=0.455] chunk 6569/8295  473s  (eta 124s)
== phase run-fine: d=2 L=8 grid [0.455] ==
   K = 3865 orbits; done = [0.465, 0.475]
   [block p=0.455] RESUMED at chunk 6570/8295 (state 02:09:51)
      [block p=0.455] chunk 6577/8295  54s  (eta 14s)
      [block p=0.455] chunk 6585/8295  113s  (eta 29s)
      [block p=0.455] chunk 6593/8295  174s  (eta 45s)
      [block p=0.455] chunk 6601/8295  235s  (eta 60s)
      [block p=0.455] chunk 6609/8295  297s  (eta 76s)
      [block p=0.455] chunk 6617/8295  350s  (eta 89s)
      [block p=0.455] chunk 6625/8295  405s  (eta 102s)
      [block p=0.455] chunk 6633/8295  469s  (eta 117s)
== phase run-fine: d=2 L=8 grid [0.455] ==
   K = 3865 orbits; done = [0.465, 0.475]
   [block p=0.455] RESUMED at chunk 6634/8295 (state 02:21:01)
      [block p=0.455] chunk 6641/8295  54s  (eta 13s)
      [block p=0.455] chunk 6649/8295  121s  (eta 30s)
      [block p=0.455] chunk 6657/8295  184s  (eta 45s)
      [block p=0.455] chunk 6665/8295  247s  (eta 61s)
      [block p=0.455] chunk 6673/8295  310s  (eta 75s)
      [block p=0.455] chunk 6681/8295  375s  (eta 91s)
      [block p=0.455] chunk 6689/8295  441s  (eta 106s)
      [block p=0.455] chunk 6697/8295  502s  (eta 120s)
== phase run-fine: d=2 L=8 grid [0.455] ==
   K = 3865 orbits; done = [0.465, 0.475]
   [block p=0.455] RESUMED at chunk 6698/8295 (state 02:30:17)
      [block p=0.455] chunk 6705/8295  61s  (eta 14s)
      [block p=0.455] chunk 6713/8295  121s  (eta 28s)
      [block p=0.455] chunk 6721/8295  185s  (eta 43s)
      [block p=0.455] chunk 6729/8295  248s  (eta 58s)
      [block p=0.455] chunk 6737/8295  312s  (eta 72s)
      [block p=0.455] chunk 6745/8295  375s  (eta 86s)
      [block p=0.455] chunk 6753/8295  438s  (eta 100s)
      [block p=0.455] chunk 6761/8295  503s  (eta 114s)
== phase run-fine: d=2 L=8 grid [0.455] ==
   K = 3865 orbits; done = [0.465, 0.475]
   [block p=0.455] RESUMED at chunk 6762/8295 (state 02:41:40)
      [block p=0.455] chunk 6769/8295  53s  (eta 12s)
      [block p=0.455] chunk 6777/8295  115s  (eta 26s)
      [block p=0.455] chunk 6785/8295  176s  (eta 39s)
      [block p=0.455] chunk 6793/8295  240s  (eta 53s)
      [block p=0.455] chunk 6801/8295  302s  (eta 66s)
      [block p=0.455] chunk 6809/8295  364s  (eta 79s)
      [block p=0.455] chunk 6817/8295  422s  (eta 92s)
      [block p=0.455] chunk 6825/8295  487s  (eta 105s)
== phase run-fine: d=2 L=8 grid [0.455] ==
   K = 3865 orbits; done = [0.465, 0.475]
   [block p=0.455] RESUMED at chunk 6826/8295 (state 02:50:07)
      [block p=0.455] chunk 6833/8295  62s  (eta 13s)
      [block p=0.455] chunk 6841/8295  129s  (eta 27s)
      [block p=0.455] chunk 6849/8295  194s  (eta 41s)
      [block p=0.455] chunk 6857/8295  259s  (eta 54s)
      [block p=0.455] chunk 6865/8295  322s  (eta 67s)
      [block p=0.455] chunk 6873/8295  385s  (eta 80s)
      [block p=0.455] chunk 6881/8295  448s  (eta 92s)
      [block p=0.455] chunk 6889/8295  504s  (eta 103s)
== phase run-fine: d=2 L=8 grid [0.455] ==
   K = 3865 orbits; done = [0.465, 0.475]
   [block p=0.455] RESUMED at chunk 6890/8295 (state 03:01:39)
      [block p=0.455] chunk 6897/8295  53s  (eta 11s)
      [block p=0.455] chunk 6905/8295  107s  (eta 22s)
      [block p=0.455] chunk 6913/8295  166s  (eta 33s)
      [block p=0.455] chunk 6921/8295  230s  (eta 46s)
      [block p=0.455] chunk 6929/8295  290s  (eta 57s)
      [block p=0.455] chunk 6937/8295  346s  (eta 68s)
      [block p=0.455] chunk 6945/8295  403s  (eta 78s)
      [block p=0.455] chunk 6953/8295  467s  (eta 90s)
== phase run-fine: d=2 L=8 grid [0.455] ==
   K = 3865 orbits; done = [0.465, 0.475]
   [block p=0.455] RESUMED at chunk 6954/8295 (state 03:09:50)
      [block p=0.455] chunk 6961/8295  59s  (eta 11s)
      [block p=0.455] chunk 6969/8295  120s  (eta 23s)
      [block p=0.455] chunk 6977/8295  178s  (eta 34s)
      [block p=0.455] chunk 6985/8295  240s  (eta 45s)
      [block p=0.455] chunk 6993/8295  294s  (eta 55s)
      [block p=0.455] chunk 7001/8295  355s  (eta 66s)
      [block p=0.455] chunk 7009/8295  421s  (eta 77s)
      [block p=0.455] chunk 7017/8295  486s  (eta 88s)
== phase run-fine: d=2 L=8 grid [0.455] ==
   K = 3865 orbits; done = [0.465, 0.475]
   [block p=0.455] RESUMED at chunk 7018/8295 (state 03:21:17)
      [block p=0.455] chunk 7025/8295  60s  (eta 11s)
      [block p=0.455] chunk 7033/8295  122s  (eta 22s)
      [block p=0.455] chunk 7041/8295  179s  (eta 32s)
      [block p=0.455] chunk 7049/8295  241s  (eta 43s)
      [block p=0.455] chunk 7057/8295  302s  (eta 53s)
      [block p=0.455] chunk 7065/8295  365s  (eta 64s)
      [block p=0.455] chunk 7073/8295  432s  (eta 75s)
      [block p=0.455] chunk 7081/8295  497s  (eta 85s)
== phase run-fine: d=2 L=8 grid [0.455] ==
   K = 3865 orbits; done = [0.465, 0.475]
   [block p=0.455] RESUMED at chunk 7082/8295 (state 03:30:14)
      [block p=0.455] chunk 7089/8295  60s  (eta 10s)
      [block p=0.455] chunk 7097/8295  121s  (eta 20s)
      [block p=0.455] chunk 7105/8295  181s  (eta 30s)
      [block p=0.455] chunk 7113/8295  243s  (eta 40s)
      [block p=0.455] chunk 7121/8295  297s  (eta 49s)
      [block p=0.455] chunk 7129/8295  352s  (eta 58s)
      [block p=0.455] chunk 7137/8295  410s  (eta 67s)
      [block p=0.455] chunk 7145/8295  467s  (eta 75s)
== phase run-fine: d=2 L=8 grid [0.455] ==
   K = 3865 orbits; done = [0.465, 0.475]
   [block p=0.455] RESUMED at chunk 7146/8295 (state 03:41:01)
      [block p=0.455] chunk 7153/8295  54s  (eta 9s)
      [block p=0.455] chunk 7161/8295  110s  (eta 17s)
      [block p=0.455] chunk 7169/8295  162s  (eta 25s)
      [block p=0.455] chunk 7177/8295  224s  (eta 35s)
      [block p=0.455] chunk 7185/8295  286s  (eta 44s)
      [block p=0.455] chunk 7193/8295  343s  (eta 53s)
      [block p=0.455] chunk 7201/8295  400s  (eta 61s)
      [block p=0.455] chunk 7209/8295  457s  (eta 69s)
      [block p=0.455] chunk 7217/8295  512s  (eta 76s)
== phase run-fine: d=2 L=8 grid [0.455] ==
   K = 3865 orbits; done = [0.465, 0.475]
   [block p=0.455] RESUMED at chunk 7218/8295 (state 03:50:34)
      [block p=0.455] chunk 7225/8295  62s  (eta 9s)
      [block p=0.455] chunk 7233/8295  124s  (eta 18s)
      [block p=0.455] chunk 7241/8295  175s  (eta 25s)
      [block p=0.455] chunk 7249/8295  226s  (eta 33s)
      [block p=0.455] chunk 7257/8295  291s  (eta 42s)
      [block p=0.455] chunk 7265/8295  354s  (eta 50s)
      [block p=0.455] chunk 7273/8295  406s  (eta 57s)
      [block p=0.455] chunk 7281/8295  462s  (eta 64s)
== phase run-fine: d=2 L=8 grid [0.455] ==
   K = 3865 orbits; done = [0.465, 0.475]
   [block p=0.455] RESUMED at chunk 7282/8295 (state 04:01:05)
      [block p=0.455] chunk 7289/8295  60s  (eta 8s)
      [block p=0.455] chunk 7297/8295  122s  (eta 17s)
      [block p=0.455] chunk 7305/8295  183s  (eta 25s)
      [block p=0.455] chunk 7313/8295  240s  (eta 32s)
      [block p=0.455] chunk 7321/8295  299s  (eta 40s)
      [block p=0.455] chunk 7329/8295  362s  (eta 48s)
      [block p=0.455] chunk 7337/8295  423s  (eta 55s)
      [block p=0.455] chunk 7345/8295  487s  (eta 63s)
== phase run-fine: d=2 L=8 grid [0.455] ==
   K = 3865 orbits; done = [0.465, 0.475]
   [block p=0.455] RESUMED at chunk 7346/8295 (state 04:10:41)
      [block p=0.455] chunk 7353/8295  61s  (eta 8s)
      [block p=0.455] chunk 7361/8295  122s  (eta 15s)
      [block p=0.455] chunk 7369/8295  181s  (eta 23s)
      [block p=0.455] chunk 7377/8295  244s  (eta 30s)
      [block p=0.455] chunk 7385/8295  306s  (eta 38s)
      [block p=0.455] chunk 7393/8295  366s  (eta 45s)
      [block p=0.455] chunk 7401/8295  431s  (eta 52s)
      [block p=0.455] chunk 7409/8295  489s  (eta 58s)
== phase run-fine: d=2 L=8 grid [0.455] ==
   K = 3865 orbits; done = [0.465, 0.475]
   [block p=0.455] RESUMED at chunk 7410/8295 (state 04:21:31)
      [block p=0.455] chunk 7417/8295  61s  (eta 7s)
      [block p=0.455] chunk 7425/8295  124s  (eta 14s)
      [block p=0.455] chunk 7433/8295  183s  (eta 21s)
      [block p=0.455] chunk 7441/8295  247s  (eta 28s)
      [block p=0.455] chunk 7449/8295  302s  (eta 34s)
      [block p=0.455] chunk 7457/8295  364s  (eta 41s)
      [block p=0.455] chunk 7465/8295  428s  (eta 48s)
      [block p=0.455] chunk 7473/8295  493s  (eta 54s)
== phase run-fine: d=2 L=8 grid [0.455] ==
   K = 3865 orbits; done = [0.465, 0.475]
   [block p=0.455] RESUMED at chunk 7474/8295 (state 04:30:22)
      [block p=0.455] chunk 7481/8295  52s  (eta 6s)
      [block p=0.455] chunk 7489/8295  115s  (eta 12s)
      [block p=0.455] chunk 7497/8295  177s  (eta 19s)
      [block p=0.455] chunk 7505/8295  241s  (eta 25s)
      [block p=0.455] chunk 7513/8295  295s  (eta 31s)
      [block p=0.455] chunk 7521/8295  357s  (eta 37s)
      [block p=0.455] chunk 7529/8295  420s  (eta 43s)
      [block p=0.455] chunk 7537/8295  484s  (eta 49s)
== phase run-fine: d=2 L=8 grid [0.455] ==
   K = 3865 orbits; done = [0.465, 0.475]
   [block p=0.455] RESUMED at chunk 7538/8295 (state 04:41:16)
      [block p=0.455] chunk 7545/8295  59s  (eta 6s)
      [block p=0.455] chunk 7553/8295  120s  (eta 12s)
      [block p=0.455] chunk 7561/8295  184s  (eta 18s)
      [block p=0.455] chunk 7569/8295  249s  (eta 24s)
      [block p=0.455] chunk 7577/8295  311s  (eta 29s)
      [block p=0.455] chunk 7585/8295  373s  (eta 35s)
      [block p=0.455] chunk 7593/8295  440s  (eta 41s)
      [block p=0.455] chunk 7601/8295  505s  (eta 46s)
== phase run-fine: d=2 L=8 grid [0.455] ==
   K = 3865 orbits; done = [0.465, 0.475]
   [block p=0.455] RESUMED at chunk 7602/8295 (state 04:50:25)
      [block p=0.455] chunk 7609/8295  61s  (eta 6s)
      [block p=0.455] chunk 7617/8295  122s  (eta 11s)
      [block p=0.455] chunk 7625/8295  186s  (eta 16s)
      [block p=0.455] chunk 7633/8295  243s  (eta 21s)
      [block p=0.455] chunk 7641/8295  299s  (eta 26s)
      [block p=0.455] chunk 7649/8295  363s  (eta 31s)
      [block p=0.455] chunk 7657/8295  427s  (eta 36s)
      [block p=0.455] chunk 7665/8295  489s  (eta 40s)
== phase run-fine: d=2 L=8 grid [0.455] ==
   K = 3865 orbits; done = [0.465, 0.475]
   [block p=0.455] RESUMED at chunk 7666/8295 (state 05:01:25)
      [block p=0.455] chunk 7673/8295  60s  (eta 5s)
      [block p=0.455] chunk 7681/8295  123s  (eta 10s)
      [block p=0.455] chunk 7689/8295  184s  (eta 15s)
      [block p=0.455] chunk 7697/8295  250s  (eta 19s)
      [block p=0.455] chunk 7705/8295  315s  (eta 24s)
      [block p=0.455] chunk 7713/8295  376s  (eta 28s)
      [block p=0.455] chunk 7721/8295  441s  (eta 33s)
      [block p=0.455] chunk 7729/8295  506s  (eta 37s)
== phase run-fine: d=2 L=8 grid [0.455] ==
   K = 3865 orbits; done = [0.465, 0.475]
   [block p=0.455] RESUMED at chunk 7730/8295 (state 05:10:31)
      [block p=0.455] chunk 7737/8295  60s  (eta 4s)
      [block p=0.455] chunk 7745/8295  123s  (eta 9s)
      [block p=0.455] chunk 7753/8295  180s  (eta 13s)
      [block p=0.455] chunk 7761/8295  242s  (eta 17s)
      [block p=0.455] chunk 7769/8295  296s  (eta 20s)
      [block p=0.455] chunk 7777/8295  351s  (eta 23s)
      [block p=0.455] chunk 7785/8295  410s  (eta 27s)
      [block p=0.455] chunk 7793/8295  475s  (eta 31s)
== phase run-fine: d=2 L=8 grid [0.455] ==
   K = 3865 orbits; done = [0.465, 0.475]
   [block p=0.455] RESUMED at chunk 7794/8295 (state 05:21:11)
      [block p=0.455] chunk 7801/8295  60s  (eta 4s)
      [block p=0.455] chunk 7809/8295  121s  (eta 8s)
      [block p=0.455] chunk 7817/8295  182s  (eta 11s)
      [block p=0.455] chunk 7825/8295  246s  (eta 15s)
      [block p=0.455] chunk 7833/8295  307s  (eta 18s)
      [block p=0.455] chunk 7841/8295  372s  (eta 22s)
      [block p=0.455] chunk 7849/8295  440s  (eta 25s)
      [block p=0.455] chunk 7857/8295  506s  (eta 28s)
== phase run-fine: d=2 L=8 grid [0.455] ==
   K = 3865 orbits; done = [0.465, 0.475]
   [block p=0.455] RESUMED at chunk 7858/8295 (state 05:30:26)
      [block p=0.455] chunk 7865/8295  59s  (eta 3s)
      [block p=0.455] chunk 7873/8295  120s  (eta 6s)
      [block p=0.455] chunk 7881/8295  179s  (eta 9s)
      [block p=0.455] chunk 7889/8295  244s  (eta 13s)
      [block p=0.455] chunk 7897/8295  298s  (eta 15s)
      [block p=0.455] chunk 7905/8295  361s  (eta 18s)
      [block p=0.455] chunk 7913/8295  420s  (eta 20s)
      [block p=0.455] chunk 7921/8295  482s  (eta 23s)
== phase run-fine: d=2 L=8 grid [0.455] ==
   K = 3865 orbits; done = [0.465, 0.475]
   [block p=0.455] RESUMED at chunk 7922/8295 (state 05:41:22)
      [block p=0.455] chunk 7929/8295  55s  (eta 3s)
      [block p=0.455] chunk 7937/8295  112s  (eta 5s)
      [block p=0.455] chunk 7945/8295  162s  (eta 7s)
      [block p=0.455] chunk 7953/8295  225s  (eta 10s)
      [block p=0.455] chunk 7961/8295  283s  (eta 12s)
      [block p=0.455] chunk 7969/8295  344s  (eta 14s)
      [block p=0.455] chunk 7977/8295  408s  (eta 16s)
      [block p=0.455] chunk 7985/8295  467s  (eta 18s)
== phase run-fine: d=2 L=8 grid [0.455] ==
   K = 3865 orbits; done = [0.465, 0.475]
   [block p=0.455] RESUMED at chunk 7986/8295 (state 05:49:51)
      [block p=0.455] chunk 7993/8295  53s  (eta 2s)
      [block p=0.455] chunk 8001/8295  116s  (eta 4s)
      [block p=0.455] chunk 8009/8295  176s  (eta 6s)
      [block p=0.455] chunk 8017/8295  232s  (eta 8s)
      [block p=0.455] chunk 8025/8295  286s  (eta 10s)
      [block p=0.455] chunk 8033/8295  341s  (eta 11s)
      [block p=0.455] chunk 8041/8295  405s  (eta 13s)
      [block p=0.455] chunk 8049/8295  472s  (eta 14s)
== phase run-fine: d=2 L=8 grid [0.455] ==
   K = 3865 orbits; done = [0.465, 0.475]
   [block p=0.455] RESUMED at chunk 8050/8295 (state 06:01:16)
      [block p=0.455] chunk 8057/8295  53s  (eta 2s)
      [block p=0.455] chunk 8065/8295  108s  (eta 3s)
      [block p=0.455] chunk 8073/8295  161s  (eta 4s)
      [block p=0.455] chunk 8081/8295  217s  (eta 6s)
      [block p=0.455] chunk 8089/8295  270s  (eta 7s)
      [block p=0.455] chunk 8097/8295  333s  (eta 8s)
      [block p=0.455] chunk 8105/8295  393s  (eta 9s)
      [block p=0.455] chunk 8113/8295  451s  (eta 10s)
      [block p=0.455] chunk 8121/8295  514s  (eta 11s)
== phase run-fine: d=2 L=8 grid [0.455] ==
   K = 3865 orbits; done = [0.465, 0.475]
   [block p=0.455] RESUMED at chunk 8122/8295 (state 06:11:14)
      [block p=0.455] chunk 8129/8295  59s  (eta 1s)
      [block p=0.455] chunk 8137/8295  113s  (eta 2s)
      [block p=0.455] chunk 8145/8295  165s  (eta 3s)
      [block p=0.455] chunk 8153/8295  220s  (eta 4s)
      [block p=0.455] chunk 8161/8295  273s  (eta 4s)
      [block p=0.455] chunk 8169/8295  334s  (eta 5s)
      [block p=0.455] chunk 8177/8295  399s  (eta 6s)
      [block p=0.455] chunk 8185/8295  463s  (eta 6s)
== phase run-fine: d=2 L=8 grid [0.455] ==
   K = 3865 orbits; done = [0.465, 0.475]
   [block p=0.455] RESUMED at chunk 8186/8295 (state 06:21:01)
      [block p=0.455] chunk 8193/8295  52s  (eta 1s)
      [block p=0.455] chunk 8201/8295  111s  (eta 1s)
      [block p=0.455] chunk 8209/8295  177s  (eta 2s)
      [block p=0.455] chunk 8217/8295  240s  (eta 2s)
      [block p=0.455] chunk 8225/8295  300s  (eta 3s)
      [block p=0.455] chunk 8233/8295  356s  (eta 3s)
      [block p=0.455] chunk 8241/8295  411s  (eta 3s)
      [block p=0.455] chunk 8249/8295  466s  (eta 3s)
== phase run-fine: d=2 L=8 grid [0.455] ==
   K = 3865 orbits; done = [0.465, 0.475]
   [block p=0.455] RESUMED at chunk 8250/8295 (state 06:29:54)
      [block p=0.455] chunk 8257/8295  62s  (eta 0s)
      [block p=0.455] chunk 8265/8295  124s  (eta 0s)
      [block p=0.455] chunk 8273/8295  187s  (eta 0s)
      [block p=0.455] chunk 8281/8295  248s  (eta 0s)
      [block p=0.455] chunk 8289/8295  309s  (eta 0s)
   p=0.455: lam1=1.91315005e-04 lam2=1.17931819e-04 gap12=0.48381  [361.9s]
