== phase run-d3: d=3 L=8 grid [0.82] ==
   K = 3865 orbits; done = [0.84]
      [block p=0.82] chunk 1/8295  7s  (eta 61653s)
      [block p=0.82] chunk 9/8295  62s  (eta 57089s)
      [block p=0.82] chunk 17/8295  121s  (eta 58747s)
      [block p=0.82] chunk 25/8295  177s  (eta 58542s)
      [block p=0.82] chunk 33/8295  237s  (eta 59391s)
      [block p=0.82] chunk 41/8295  292s  (eta 58847s)
      [block p=0.82] chunk 49/8295  360s  (eta 60522s)
      [block p=0.82] chunk 57/8295  425s  (eta 61406s)
      [block p=0.82] chunk 65/8295  490s  (eta 62022s)
== phase run-d3: d=3 L=8 grid [0.82] ==
   K = 3865 orbits; done = [0.84]
   [block p=0.82] RESUMED at chunk 66/8295 (state 08:21:26)
      [block p=0.82] chunk 73/8295  57s  (eta 6403s)
      [block p=0.82] chunk 81/8295  118s  (eta 11947s)
      [block p=0.82] chunk 89/8295  185s  (eta 17040s)
      [block p=0.82] chunk 97/8295  242s  (eta 20479s)
      [block p=0.82] chunk 105/8295  300s  (eta 23432s)
      [block p=0.82] chunk 113/8295  369s  (eta 26692s)
      [block p=0.82] chunk 121/8295  434s  (eta 29351s)
      [block p=0.82] chunk 129/8295  494s  (eta 31293s)
== phase run-d3: d=3 L=8 grid [0.82] ==
   K = 3865 orbits; done = [0.84]
   [block p=0.82] RESUMED at chunk 130/8295 (state 08:30:13)
      [block p=0.82] chunk 137/8295  63s  (eta 3764s)
      [block p=0.82] chunk 145/8295  117s  (eta 6556s)
      [block p=0.82] chunk 153/8295  176s  (eta 9381s)
      [block p=0.82] chunk 161/8295  238s  (eta 12019s)
      [block p=0.82] chunk 169/8295  294s  (eta 14132s)
      [block p=0.82] chunk 177/8295  350s  (eta 16053s)
      [block p=0.82] chunk 185/8295  404s  (eta 17689s)
      [block p=0.82] chunk 193/8295  462s  (eta 19381s)
      [block p=0.82] chunk 201/8295  518s  (eta 20870s)
== phase run-d3: d=3 L=8 grid [0.82] ==
   K = 3865 orbits; done = [0.84]
   [block p=0.82] RESUMED at chunk 202/8295 (state 08:41:53)
      [block p=0.82] chunk 209/8295  55s  (eta 2119s)
      [block p=0.82] chunk 217/8295  109s  (eta 4053s)
      [block p=0.82] chunk 225/8295  164s  (eta 5892s)
      [block p=0.82] chunk 233/8295  222s  (eta 7694s)
      [block p=0.82] chunk 241/8295  277s  (eta 9256s)
      [block p=0.82] chunk 249/8295  346s  (eta 11184s)
      [block p=0.82] chunk 257/8295  408s  (eta 12765s)
      [block p=0.82] chunk 265/8295  468s  (eta 14195s)
== phase run-d3: d=3 L=8 grid [0.82] ==
   K = 3865 orbits; done = [0.84]
   [block p=0.82] RESUMED at chunk 266/8295 (state 08:49:47)
      [block p=0.82] chunk 273/8295  68s  (eta 1985s)
      [block p=0.82] chunk 281/8295  125s  (eta 3564s)
      [block p=0.82] chunk 289/8295  185s  (eta 5116s)
      [block p=0.82] chunk 297/8295  250s  (eta 6737s)
      [block p=0.82] chunk 305/8295  310s  (eta 8126s)
      [block p=0.82] chunk 313/8295  366s  (eta 9326s)
      [block p=0.82] chunk 321/8295  425s  (eta 10567s)
      [block p=0.82] chunk 329/8295  481s  (eta 11646s)
== phase run-d3: d=3 L=8 grid [0.82] ==
   K = 3865 orbits; done = [0.84]
   [block p=0.82] RESUMED at chunk 330/8295 (state 09:01:11)
      [block p=0.82] chunk 337/8295  56s  (eta 1312s)
      [block p=0.82] chunk 345/8295  114s  (eta 2624s)
      [block p=0.82] chunk 353/8295  172s  (eta 3874s)
      [block p=0.82] chunk 361/8295  226s  (eta 4962s)
      [block p=0.82] chunk 369/8295  285s  (eta 6113s)
      [block p=0.82] chunk 377/8295  343s  (eta 7198s)
      [block p=0.82] chunk 385/8295  401s  (eta 8236s)
      [block p=0.82] chunk 393/8295  464s  (eta 9323s)
== phase run-d3: d=3 L=8 grid [0.82] ==
   K = 3865 orbits; done = [0.84]
      [block p=0.82] chunk 1/8295  8s  (eta 69039s)
      [block p=0.82] chunk 9/8295  65s  (eta 59425s)
      [block p=0.82] chunk 17/8295  124s  (eta 60336s)
      [block p=0.82] chunk 25/8295  184s  (eta 60973s)
      [block p=0.82] chunk 33/8295  249s  (eta 62263s)
      [block p=0.82] chunk 41/8295  309s  (eta 62158s)
      [block p=0.82] chunk 49/8295  368s  (eta 61958s)
      [block p=0.82] chunk 57/8295  437s  (eta 63221s)
      [block p=0.82] chunk 65/8295  498s  (eta 63062s)
== phase run-d3: d=3 L=8 grid [0.82] ==
   K = 3865 orbits; done = [0.84]
   [block p=0.82] RESUMED at chunk 66/8295 (state 09:56:22)
      [block p=0.82] chunk 73/8295  63s  (eta 7146s)
      [block p=0.82] chunk 81/8295  120s  (eta 12218s)
      [block p=0.82] chunk 89/8295  179s  (eta 16496s)
      [block p=0.82] chunk 97/8295  245s  (eta 20734s)
      [block p=0.82] chunk 105/8295  303s  (eta 23629s)
      [block p=0.82] chunk 113/8295  367s  (eta 26554s)
      [block p=0.82] chunk 121/8295  426s  (eta 28745s)
      [block p=0.82] chunk 129/8295  483s  (eta 30580s)
== phase run-d3: d=3 L=8 grid [0.82] ==
   K = 3865 orbits; done = [0.84]
   [block p=0.82] RESUMED at chunk 130/8295 (state 10:07:46)
      [block p=0.82] chunk 137/8295  62s  (eta 3689s)
      [block p=0.82] chunk 145/8295  124s  (eta 6997s)
      [block p=0.82] chunk 153/8295  185s  (eta 9865s)
      [block p=0.82] chunk 161/8295  251s  (eta 12678s)
      [block p=0.82] chunk 169/8295  308s  (eta 14823s)
      [block p=0.82] chunk 177/8295  367s  (eta 16841s)
      [block p=0.82] chunk 185/8295  429s  (eta 18793s)
      [block p=0.82] chunk 193/8295  490s  (eta 20551s)
== phase run-d3: d=3 L=8 grid [0.82] ==
   K = 3865 orbits; done = [0.84]
   [block p=0.82] RESUMED at chunk 194/8295 (state 10:16:36)
      [block p=0.82] chunk 201/8295  58s  (eta 2342s)
      [block p=0.82] chunk 209/8295  119s  (eta 4599s)
      [block p=0.82] chunk 217/8295  181s  (eta 6750s)
      [block p=0.82] chunk 225/8295  246s  (eta 8840s)
      [block p=0.82] chunk 233/8295  304s  (eta 10517s)
      [block p=0.82] chunk 241/8295  362s  (eta 12090s)
      [block p=0.82] chunk 249/8295  429s  (eta 13861s)
      [block p=0.82] chunk 257/8295  495s  (eta 15482s)
== phase run-d3: d=3 L=8 grid [0.82] ==
   K = 3865 orbits; done = [0.84]
   [block p=0.82] RESUMED at chunk 258/8295 (state 10:26:10)
      [block p=0.82] chunk 265/8295  64s  (eta 1944s)
      [block p=0.82] chunk 273/8295  131s  (eta 3849s)
      [block p=0.82] chunk 281/8295  197s  (eta 5629s)
      [block p=0.82] chunk 289/8295  256s  (eta 7093s)
      [block p=0.82] chunk 297/8295  317s  (eta 8530s)
      [block p=0.82] chunk 305/8295  383s  (eta 10031s)
      [block p=0.82] chunk 313/8295  440s  (eta 11225s)
      [block p=0.82] chunk 321/8295  510s  (eta 12657s)
== phase run-d3: d=3 L=8 grid [0.82] ==
   K = 3865 orbits; done = [0.84]
   [block p=0.82] RESUMED at chunk 322/8295 (state 10:35:15)
      [block p=0.82] chunk 329/8295  55s  (eta 1328s)
      [block p=0.82] chunk 337/8295  121s  (eta 2859s)
      [block p=0.82] chunk 345/8295  187s  (eta 4305s)
      [block p=0.82] chunk 353/8295  250s  (eta 5634s)
      [block p=0.82] chunk 361/8295  316s  (eta 6951s)
      [block p=0.82] chunk 369/8295  384s  (eta 8242s)
      [block p=0.82] chunk 377/8295  449s  (eta 9433s)
      [block p=0.82] chunk 385/8295  517s  (eta 10623s)
== phase run-d3: d=3 L=8 grid [0.82] ==
   K = 3865 orbits; done = [0.84]
   [block p=0.82] RESUMED at chunk 386/8295 (state 10:48:24)
      [block p=0.82] chunk 393/8295  62s  (eta 1240s)
      [block p=0.82] chunk 401/8295  125s  (eta 2459s)
      [block p=0.82] chunk 409/8295  188s  (eta 3634s)
      [block p=0.82] chunk 417/8295  247s  (eta 4658s)
      [block p=0.82] chunk 425/8295  308s  (eta 5707s)
      [block p=0.82] chunk 433/8295  374s  (eta 6796s)
      [block p=0.82] chunk 441/8295  445s  (eta 7917s)
      [block p=0.82] chunk 449/8295  513s  (eta 8959s)
== phase run-d3: d=3 L=8 grid [0.82] ==
   K = 3865 orbits; done = [0.84]
   [block p=0.82] RESUMED at chunk 450/8295 (state 10:57:02)
      [block p=0.82] chunk 457/8295  56s  (eta 961s)
      [block p=0.82] chunk 465/8295  119s  (eta 2008s)
      [block p=0.82] chunk 473/8295  186s  (eta 3083s)
      [block p=0.82] chunk 481/8295  251s  (eta 4070s)
      [block p=0.82] chunk 489/8295  314s  (eta 5019s)
      [block p=0.82] chunk 497/8295  375s  (eta 5879s)
      [block p=0.82] chunk 505/8295  440s  (eta 6788s)
      [block p=0.82] chunk 513/8295  502s  (eta 7618s)
== phase run-d3: d=3 L=8 grid [0.82] ==
   K = 3865 orbits; done = [0.84]
   [block p=0.82] RESUMED at chunk 514/8295 (state 11:22:06)
      [block p=0.82] chunk 521/8295  61s  (eta 905s)
      [block p=0.82] chunk 529/8295  125s  (eta 1834s)
      [block p=0.82] chunk 537/8295  192s  (eta 2767s)
      [block p=0.82] chunk 545/8295  250s  (eta 3552s)
      [block p=0.82] chunk 553/8295  316s  (eta 4422s)
      [block p=0.82] chunk 561/8295  386s  (eta 5322s)
      [block p=0.82] chunk 569/8295  447s  (eta 6074s)
      [block p=0.82] chunk 577/8295  506s  (eta 6764s)
== phase run-d3: d=3 L=8 grid [0.82] ==
   K = 3865 orbits; done = [0.84]
   [block p=0.82] RESUMED at chunk 578/8295 (state 11:30:52)
      [block p=0.82] chunk 585/8295  53s  (eta 701s)
      [block p=0.82] chunk 593/8295  110s  (eta 1429s)
      [block p=0.82] chunk 601/8295  171s  (eta 2188s)
      [block p=0.82] chunk 609/8295  234s  (eta 2959s)
      [block p=0.82] chunk 617/8295  297s  (eta 3698s)
      [block p=0.82] chunk 625/8295  355s  (eta 4357s)
      [block p=0.82] chunk 633/8295  421s  (eta 5097s)
      [block p=0.82] chunk 641/8295  480s  (eta 5726s)
== phase run-d3: d=3 L=8 grid [0.82] ==
   K = 3865 orbits; done = [0.84]
   [block p=0.82] RESUMED at chunk 642/8295 (state 11:42:52)
      [block p=0.82] chunk 649/8295  52s  (eta 612s)
      [block p=0.82] chunk 657/8295  117s  (eta 1361s)
      [block p=0.82] chunk 665/8295  172s  (eta 1978s)
      [block p=0.82] chunk 673/8295  242s  (eta 2738s)
      [block p=0.82] chunk 681/8295  309s  (eta 3454s)
      [block p=0.82] chunk 689/8295  374s  (eta 4129s)
      [block p=0.82] chunk 697/8295  441s  (eta 4810s)
      [block p=0.82] chunk 705/8295  507s  (eta 5464s)
== phase run-d3: d=3 L=8 grid [0.82] ==
   K = 3865 orbits; done = [0.84]
   [block p=0.82] RESUMED at chunk 706/8295 (state 11:52:03)
      [block p=0.82] chunk 713/8295  59s  (eta 626s)
      [block p=0.82] chunk 721/8295  123s  (eta 1290s)
      [block p=0.82] chunk 729/8295  186s  (eta 1925s)
      [block p=0.82] chunk 737/8295  249s  (eta 2555s)
      [block p=0.82] chunk 745/8295  312s  (eta 3166s)
      [block p=0.82] chunk 753/8295  372s  (eta 3724s)
      [block p=0.82] chunk 761/8295  432s  (eta 4280s)
      [block p=0.82] chunk 769/8295  498s  (eta 4874s)
== phase run-d3: d=3 L=8 grid [0.82] ==
   K = 3865 orbits; done = [0.84]
   [block p=0.82] RESUMED at chunk 770/8295 (state 12:02:14)
      [block p=0.82] chunk 777/8295  57s  (eta 553s)
      [block p=0.82] chunk 785/8295  123s  (eta 1181s)
      [block p=0.82] chunk 793/8295  187s  (eta 1769s)
      [block p=0.82] chunk 801/8295  246s  (eta 2300s)
      [block p=0.82] chunk 809/8295  314s  (eta 2907s)
      [block p=0.82] chunk 817/8295  379s  (eta 3469s)
      [block p=0.82] chunk 825/8295  447s  (eta 4049s)
      [block p=0.82] chunk 833/8295  510s  (eta 4565s)
== phase run-d3: d=3 L=8 grid [0.82] ==
   K = 3865 orbits; done = [0.84]
   [block p=0.82] RESUMED at chunk 834/8295 (state 12:11:08)
      [block p=0.82] chunk 841/8295  52s  (eta 458s)
      [block p=0.82] chunk 849/8295  107s  (eta 939s)
      [block p=0.82] chunk 857/8295  167s  (eta 1451s)
      [block p=0.82] chunk 865/8295  225s  (eta 1936s)
      [block p=0.82] chunk 873/8295  291s  (eta 2477s)
      [block p=0.82] chunk 881/8295  355s  (eta 2987s)
      [block p=0.82] chunk 889/8295  417s  (eta 3473s)
      [block p=0.82] chunk 897/8295  480s  (eta 3959s)
== phase run-d3: d=3 L=8 grid [0.82] ==
   K = 3865 orbits; done = [0.84]
   [block p=0.82] RESUMED at chunk 898/8295 (state 12:21:20)
      [block p=0.82] chunk 905/8295  62s  (eta 505s)
      [block p=0.82] chunk 913/8295  126s  (eta 1022s)
      [block p=0.82] chunk 921/8295  192s  (eta 1538s)
      [block p=0.82] chunk 929/8295  259s  (eta 2056s)
      [block p=0.82] chunk 937/8295  325s  (eta 2555s)
      [block p=0.82] chunk 945/8295  392s  (eta 3051s)
      [block p=0.82] chunk 953/8295  462s  (eta 3556s)
== phase run-d3: d=3 L=8 grid [0.82] ==
   K = 3865 orbits; done = [0.84]
   [block p=0.82] RESUMED at chunk 954/8295 (state 12:29:45)
      [block p=0.82] chunk 961/8295  54s  (eta 409s)
      [block p=0.82] chunk 969/8295  116s  (eta 877s)
      [block p=0.82] chunk 977/8295  183s  (eta 1371s)
      [block p=0.82] chunk 985/8295  246s  (eta 1822s)
      [block p=0.82] chunk 993/8295  311s  (eta 2287s)
      [block p=0.82] chunk 1001/8295  379s  (eta 2760s)
      [block p=0.82] chunk 1009/8295  438s  (eta 3161s)
      [block p=0.82] chunk 1017/8295  497s  (eta 3553s)
== phase run-d3: d=3 L=8 grid [0.82] ==
   K = 3865 orbits; done = [0.84]
   [block p=0.82] RESUMED at chunk 1018/8295 (state 12:41:29)
      [block p=0.82] chunk 1025/8295  56s  (eta 400s)
      [block p=0.82] chunk 1033/8295  117s  (eta 824s)
      [block p=0.82] chunk 1041/8295  174s  (eta 1210s)
      [block p=0.82] chunk 1049/8295  234s  (eta 1614s)
      [block p=0.82] chunk 1057/8295  299s  (eta 2045s)
      [block p=0.82] chunk 1065/8295  365s  (eta 2480s)
      [block p=0.82] chunk 1073/8295  427s  (eta 2876s)
      [block p=0.82] chunk 1081/8295  490s  (eta 3269s)
== phase run-d3: d=3 L=8 grid [0.82] ==
   K = 3865 orbits; done = [0.84]
   [block p=0.82] RESUMED at chunk 1082/8295 (state 12:50:04)
      [block p=0.82] chunk 1089/8295  67s  (eta 440s)
      [block p=0.82] chunk 1097/8295  138s  (eta 902s)
      [block p=0.82] chunk 1105/8295  202s  (eta 1314s)
      [block p=0.82] chunk 1113/8295  265s  (eta 1713s)
      [block p=0.82] chunk 1121/8295  329s  (eta 2107s)
      [block p=0.82] chunk 1129/8295  387s  (eta 2458s)
      [block p=0.82] chunk 1137/8295  455s  (eta 2862s)
== phase run-d3: d=3 L=8 grid [0.82] ==
   K = 3865 orbits; done = [0.84]
   [block p=0.82] RESUMED at chunk 1138/8295 (state 13:00:50)
      [block p=0.82] chunk 1145/8295  62s  (eta 385s)
      [block p=0.82] chunk 1153/8295  128s  (eta 790s)
      [block p=0.82] chunk 1161/8295  184s  (eta 1132s)
      [block p=0.82] chunk 1169/8295  252s  (eta 1533s)
      [block p=0.82] chunk 1177/8295  311s  (eta 1882s)
      [block p=0.82] chunk 1185/8295  375s  (eta 2251s)
      [block p=0.82] chunk 1193/8295  443s  (eta 2640s)
      [block p=0.82] chunk 1201/8295  515s  (eta 3041s)
== phase run-d3: d=3 L=8 grid [0.82] ==
   K = 3865 orbits; done = [0.84]
   [block p=0.82] RESUMED at chunk 1202/8295 (state 13:10:33)
      [block p=0.82] chunk 1209/8295  62s  (eta 363s)
      [block p=0.82] chunk 1217/8295  128s  (eta 744s)
      [block p=0.82] chunk 1225/8295  192s  (eta 1111s)
      [block p=0.82] chunk 1233/8295  251s  (eta 1439s)
      [block p=0.82] chunk 1241/8295  309s  (eta 1758s)
      [block p=0.82] chunk 1249/8295  368s  (eta 2077s)
      [block p=0.82] chunk 1257/8295  429s  (eta 2401s)
      [block p=0.82] chunk 1265/8295  498s  (eta 2769s)
== phase run-d3: d=3 L=8 grid [0.82] ==
   K = 3865 orbits; done = [0.84]
   [block p=0.82] RESUMED at chunk 1266/8295 (state 13:21:32)
      [block p=0.82] chunk 1273/8295  63s  (eta 347s)
      [block p=0.82] chunk 1281/8295  124s  (eta 678s)
      [block p=0.82] chunk 1289/8295  182s  (eta 988s)
      [block p=0.82] chunk 1297/8295  242s  (eta 1305s)
      [block p=0.82] chunk 1305/8295  299s  (eta 1601s)
      [block p=0.82] chunk 1313/8295  366s  (eta 1945s)
      [block p=0.82] chunk 1321/8295  434s  (eta 2290s)
      [block p=0.82] chunk 1329/8295  495s  (eta 2596s)
== phase run-d3: d=3 L=8 grid [0.82] ==
   K = 3865 orbits; done = [0.84]
   [block p=0.82] RESUMED at chunk 1330/8295 (state 13:30:12)
      [block p=0.82] chunk 1337/8295  55s  (eta 285s)
      [block p=0.82] chunk 1345/8295  120s  (eta 619s)
      [block p=0.82] chunk 1353/8295  183s  (eta 939s)
      [block p=0.82] chunk 1361/8295  251s  (eta 1280s)
      [block p=0.82] chunk 1369/8295  319s  (eta 1614s)
      [block p=0.82] chunk 1377/8295  383s  (eta 1925s)
      [block p=0.82] chunk 1385/8295  453s  (eta 2258s)
== phase run-d3: d=3 L=8 grid [0.82] ==
   K = 3865 orbits; done = [0.84]
   [block p=0.82] RESUMED at chunk 1386/8295 (state 13:40:44)
      [block p=0.82] chunk 1393/8295  63s  (eta 312s)
      [block p=0.82] chunk 1401/8295  121s  (eta 597s)
      [block p=0.82] chunk 1409/8295  177s  (eta 866s)
      [block p=0.82] chunk 1417/8295  246s  (eta 1196s)
      [block p=0.82] chunk 1425/8295  313s  (eta 1511s)
      [block p=0.82] chunk 1433/8295  377s  (eta 1803s)
      [block p=0.82] chunk 1441/8295  448s  (eta 2131s)
== phase run-d3: d=3 L=8 grid [0.82] ==
   K = 3865 orbits; done = [0.84]
   [block p=0.82] RESUMED at chunk 1442/8295 (state 13:49:22)
      [block p=0.82] chunk 1449/8295  67s  (eta 318s)
      [block p=0.82] chunk 1457/8295  135s  (eta 634s)
      [block p=0.82] chunk 1465/8295  199s  (eta 927s)
      [block p=0.82] chunk 1473/8295  269s  (eta 1247s)
      [block p=0.82] chunk 1481/8295  338s  (eta 1554s)
      [block p=0.82] chunk 1489/8295  406s  (eta 1858s)
      [block p=0.82] chunk 1497/8295  470s  (eta 2134s)
== phase run-d3: d=3 L=8 grid [0.82] ==
   K = 3865 orbits; done = [0.84]
   [block p=0.82] RESUMED at chunk 1498/8295 (state 14:01:03)
      [block p=0.82] chunk 1505/8295  55s  (eta 249s)
      [block p=0.82] chunk 1513/8295  119s  (eta 532s)
      [block p=0.82] chunk 1521/8295  189s  (eta 842s)
      [block p=0.82] chunk 1529/8295  258s  (eta 1140s)
      [block p=0.82] chunk 1537/8295  324s  (eta 1424s)
      [block p=0.82] chunk 1545/8295  382s  (eta 1671s)
      [block p=0.82] chunk 1553/8295  442s  (eta 1918s)
      [block p=0.82] chunk 1561/8295  505s  (eta 2178s)
== phase run-d3: d=3 L=8 grid [0.82] ==
   K = 3865 orbits; done = [0.84]
   [block p=0.82] RESUMED at chunk 1562/8295 (state 14:10:20)
      [block p=0.82] chunk 1569/8295  58s  (eta 247s)
      [block p=0.82] chunk 1577/8295  116s  (eta 492s)
      [block p=0.82] chunk 1585/8295  184s  (eta 780s)
      [block p=0.82] chunk 1593/8295  250s  (eta 1051s)
      [block p=0.82] chunk 1601/8295  318s  (eta 1331s)
      [block p=0.82] chunk 1609/8295  387s  (eta 1610s)
      [block p=0.82] chunk 1617/8295  451s  (eta 1862s)
      [block p=0.82] chunk 1625/8295  518s  (eta 2128s)
== phase run-d3: d=3 L=8 grid [0.82] ==
   K = 3865 orbits; done = [0.84]
   [block p=0.82] RESUMED at chunk 1618/8295 (state 14:20:42)
      [block p=0.82] chunk 1625/8295  58s  (eta 238s)
      [block p=0.82] chunk 1633/8295  118s  (eta 483s)
      [block p=0.82] chunk 1641/8295  190s  (eta 769s)
      [block p=0.82] chunk 1649/8295  262s  (eta 1058s)
      [block p=0.82] chunk 1657/8295  333s  (eta 1336s)
      [block p=0.82] chunk 1665/8295  403s  (eta 1604s)
      [block p=0.82] chunk 1673/8295  470s  (eta 1861s)
== phase run-d3: d=3 L=8 grid [0.82] ==
   K = 3865 orbits; done = [0.84]
   [block p=0.82] RESUMED at chunk 1674/8295 (state 14:29:45)
      [block p=0.82] chunk 1681/8295  61s  (eta 240s)
      [block p=0.82] chunk 1689/8295  127s  (eta 497s)
      [block p=0.82] chunk 1697/8295  185s  (eta 719s)
      [block p=0.82] chunk 1705/8295  245s  (eta 948s)
      [block p=0.82] chunk 1713/8295  305s  (eta 1170s)
      [block p=0.82] chunk 1721/8295  364s  (eta 1390s)
      [block p=0.82] chunk 1729/8295  426s  (eta 1619s)
      [block p=0.82] chunk 1737/8295  490s  (eta 1849s)
== phase run-d3: d=3 L=8 grid [0.82] ==
   K = 3865 orbits; done = [0.84]
   [block p=0.82] RESUMED at chunk 1738/8295 (state 14:41:24)
      [block p=0.82] chunk 1745/8295  63s  (eta 237s)
      [block p=0.82] chunk 1753/8295  127s  (eta 475s)
      [block p=0.82] chunk 1761/8295  195s  (eta 723s)
      [block p=0.82] chunk 1769/8295  264s  (eta 976s)
      [block p=0.82] chunk 1777/8295  334s  (eta 1226s)
      [block p=0.82] chunk 1785/8295  406s  (eta 1482s)
      [block p=0.82] chunk 1793/8295  469s  (eta 1702s)
== phase run-d3: d=3 L=8 grid [0.82] ==
   K = 3865 orbits; done = [0.84]
   [block p=0.82] RESUMED at chunk 1794/8295 (state 14:49:47)
      [block p=0.82] chunk 1801/8295  68s  (eta 244s)
      [block p=0.82] chunk 1809/8295  135s  (eta 485s)
      [block p=0.82] chunk 1817/8295  199s  (eta 710s)
      [block p=0.82] chunk 1825/8295  266s  (eta 945s)
      [block p=0.82] chunk 1833/8295  335s  (eta 1180s)
      [block p=0.82] chunk 1841/8295  400s  (eta 1404s)
      [block p=0.82] chunk 1849/8295  462s  (eta 1611s)
== phase run-d3: d=3 L=8 grid [0.82] ==
   K = 3865 orbits; done = [0.84]
   [block p=0.82] RESUMED at chunk 1850/8295 (state 15:00:52)
      [block p=0.82] chunk 1857/8295  57s  (eta 199s)
      [block p=0.82] chunk 1865/8295  127s  (eta 439s)
      [block p=0.82] chunk 1873/8295  188s  (eta 645s)
      [block p=0.82] chunk 1881/8295  261s  (eta 890s)
      [block p=0.82] chunk 1889/8295  320s  (eta 1085s)
      [block p=0.82] chunk 1897/8295  386s  (eta 1303s)
      [block p=0.82] chunk 1905/8295  456s  (eta 1528s)
== phase run-d3: d=3 L=8 grid [0.82] ==
   K = 3865 orbits; done = [0.84]
   [block p=0.82] RESUMED at chunk 1906/8295 (state 15:09:28)
      [block p=0.82] chunk 1913/8295  65s  (eta 218s)
      [block p=0.82] chunk 1921/8295  136s  (eta 452s)
      [block p=0.82] chunk 1929/8295  205s  (eta 676s)
      [block p=0.82] chunk 1937/8295  271s  (eta 889s)
      [block p=0.82] chunk 1945/8295  340s  (eta 1110s)
      [block p=0.82] chunk 1953/8295  405s  (eta 1316s)
      [block p=0.82] chunk 1961/8295  473s  (eta 1527s)
== phase run-d3: d=3 L=8 grid [0.82] ==
   K = 3865 orbits; done = [0.84]
   [block p=0.82] RESUMED at chunk 1962/8295 (state 15:21:02)
      [block p=0.82] chunk 1969/8295  54s  (eta 173s)
      [block p=0.82] chunk 1977/8295  113s  (eta 363s)
      [block p=0.82] chunk 1985/8295  170s  (eta 541s)
      [block p=0.82] chunk 1993/8295  230s  (eta 729s)
      [block p=0.82] chunk 2001/8295  289s  (eta 910s)
      [block p=0.82] chunk 2009/8295  350s  (eta 1096s)
      [block p=0.82] chunk 2017/8295  414s  (eta 1288s)
      [block p=0.82] chunk 2025/8295  475s  (eta 1471s)
== phase run-d3: d=3 L=8 grid [0.82] ==
   K = 3865 orbits; done = [0.84]
   [block p=0.82] RESUMED at chunk 2026/8295 (state 15:29:47)
      [block p=0.82] chunk 2033/8295  54s  (eta 168s)
      [block p=0.82] chunk 2041/8295  115s  (eta 351s)
      [block p=0.82] chunk 2049/8295  180s  (eta 549s)
      [block p=0.82] chunk 2057/8295  250s  (eta 759s)
      [block p=0.82] chunk 2065/8295  318s  (eta 960s)
      [block p=0.82] chunk 2073/8295  384s  (eta 1152s)
      [block p=0.82] chunk 2081/8295  452s  (eta 1350s)
== phase run-d3: d=3 L=8 grid [0.82] ==
   K = 3865 orbits; done = [0.84]
   [block p=0.82] RESUMED at chunk 2082/8295 (state 15:40:56)
      [block p=0.82] chunk 2089/8295  58s  (eta 173s)
      [block p=0.82] chunk 2097/8295  121s  (eta 356s)
      [block p=0.82] chunk 2105/8295  179s  (eta 526s)
      [block p=0.82] chunk 2113/8295  249s  (eta 729s)
      [block p=0.82] chunk 2121/8295  320s  (eta 932s)
      [block p=0.82] chunk 2129/8295  378s  (eta 1096s)
      [block p=0.82] chunk 2137/8295  451s  (eta 1301s)
      [block p=0.82] chunk 2145/8295  515s  (eta 1476s)
== phase run-d3: d=3 L=8 grid [0.82] ==
   K = 3865 orbits; done = [0.84]
   [block p=0.82] RESUMED at chunk 2146/8295 (state 15:50:41)
      [block p=0.82] chunk 2153/8295  56s  (eta 159s)
      [block p=0.82] chunk 2161/8295  122s  (eta 347s)
      [block p=0.82] chunk 2169/8295  178s  (eta 504s)
      [block p=0.82] chunk 2177/8295  239s  (eta 671s)
      [block p=0.82] chunk 2185/8295  307s  (eta 860s)
      [block p=0.82] chunk 2193/8295  376s  (eta 1048s)
      [block p=0.82] chunk 2201/8295  448s  (eta 1240s)
      [block p=0.82] chunk 2209/8295  511s  (eta 1409s)
== phase run-d3: d=3 L=8 grid [0.82] ==
   K = 3865 orbits; done = [0.84]
   [block p=0.82] RESUMED at chunk 2210/8295 (state 16:01:40)
      [block p=0.82] chunk 2217/8295  61s  (eta 167s)
      [block p=0.82] chunk 2225/8295  123s  (eta 336s)
      [block p=0.82] chunk 2233/8295  187s  (eta 508s)
      [block p=0.82] chunk 2241/8295  246s  (eta 666s)
      [block p=0.82] chunk 2249/8295  307s  (eta 825s)
      [block p=0.82] chunk 2257/8295  370s  (eta 989s)
      [block p=0.82] chunk 2265/8295  436s  (eta 1161s)
      [block p=0.82] chunk 2273/8295  504s  (eta 1335s)
== phase run-d3: d=3 L=8 grid [0.82] ==
   K = 3865 orbits; done = [0.84]
   [block p=0.82] RESUMED at chunk 2274/8295 (state 16:10:15)
      [block p=0.82] chunk 2281/8295  59s  (eta 156s)
      [block p=0.82] chunk 2289/8295  130s  (eta 341s)
      [block p=0.82] chunk 2297/8295  200s  (eta 523s)
      [block p=0.82] chunk 2305/8295  269s  (eta 698s)
      [block p=0.82] chunk 2313/8295  341s  (eta 883s)
      [block p=0.82] chunk 2321/8295  411s  (eta 1058s)
      [block p=0.82] chunk 2329/8295  484s  (eta 1240s)
== phase run-d3: d=3 L=8 grid [0.82] ==
   K = 3865 orbits; done = [0.84]
   [block p=0.82] RESUMED at chunk 2330/8295 (state 16:21:13)
      [block p=0.82] chunk 2337/8295  64s  (eta 162s)
      [block p=0.82] chunk 2345/8295  131s  (eta 332s)
      [block p=0.82] chunk 2353/8295  188s  (eta 475s)
      [block p=0.82] chunk 2361/8295  257s  (eta 645s)
      [block p=0.82] chunk 2369/8295  324s  (eta 809s)
      [block p=0.82] chunk 2377/8295  383s  (eta 953s)
      [block p=0.82] chunk 2385/8295  454s  (eta 1125s)
== phase run-d3: d=3 L=8 grid [0.82] ==
   K = 3865 orbits; done = [0.84]
   [block p=0.82] RESUMED at chunk 2386/8295 (state 16:29:26)
      [block p=0.82] chunk 2393/8295  65s  (eta 160s)
      [block p=0.82] chunk 2401/8295  125s  (eta 306s)
      [block p=0.82] chunk 2409/8295  193s  (eta 471s)
      [block p=0.82] chunk 2417/8295  264s  (eta 641s)
      [block p=0.82] chunk 2425/8295  327s  (eta 791s)
      [block p=0.82] chunk 2433/8295  388s  (eta 934s)
      [block p=0.82] chunk 2441/8295  454s  (eta 1089s)
== phase run-d3: d=3 L=8 grid [0.82] ==
   K = 3865 orbits; done = [0.84]
   [block p=0.82] RESUMED at chunk 2442/8295 (state 16:40:46)
      [block p=0.82] chunk 2449/8295  60s  (eta 144s)
      [block p=0.82] chunk 2457/8295  126s  (eta 300s)
      [block p=0.82] chunk 2465/8295  193s  (eta 456s)
      [block p=0.82] chunk 2473/8295  254s  (eta 598s)
      [block p=0.82] chunk 2481/8295  316s  (eta 740s)
      [block p=0.82] chunk 2489/8295  385s  (eta 897s)
      [block p=0.82] chunk 2497/8295  455s  (eta 1057s)
== phase run-d3: d=3 L=8 grid [0.82] ==
   K = 3865 orbits; done = [0.84]
   [block p=0.82] RESUMED at chunk 2498/8295 (state 16:49:30)
      [block p=0.82] chunk 2505/8295  61s  (eta 141s)
      [block p=0.82] chunk 2513/8295  119s  (eta 275s)
      [block p=0.82] chunk 2521/8295  177s  (eta 406s)
      [block p=0.82] chunk 2529/8295  246s  (eta 560s)
      [block p=0.82] chunk 2537/8295  311s  (eta 706s)
      [block p=0.82] chunk 2545/8295  375s  (eta 848s)
      [block p=0.82] chunk 2553/8295  448s  (eta 1007s)
      [block p=0.82] chunk 2561/8295  519s  (eta 1161s)
== phase run-d3: d=3 L=8 grid [0.82] ==
   K = 3865 orbits; done = [0.84]
   [block p=0.82] RESUMED at chunk 2554/8295 (state 17:00:39)
      [block p=0.82] chunk 2561/8295  63s  (eta 140s)
      [block p=0.82] chunk 2569/8295  129s  (eta 287s)
      [block p=0.82] chunk 2577/8295  185s  (eta 411s)
      [block p=0.82] chunk 2585/8295  253s  (eta 560s)
      [block p=0.82] chunk 2593/8295  314s  (eta 690s)
      [block p=0.82] chunk 2601/8295  382s  (eta 836s)
      [block p=0.82] chunk 2609/8295  447s  (eta 974s)
      [block p=0.82] chunk 2617/8295  511s  (eta 1108s)
== phase run-d3: d=3 L=8 grid [0.82] ==
   K = 3865 orbits; done = [0.84]
   [block p=0.82] RESUMED at chunk 2618/8295 (state 17:10:24)
      [block p=0.82] chunk 2625/8295  58s  (eta 125s)
      [block p=0.82] chunk 2633/8295  118s  (eta 254s)
      [block p=0.82] chunk 2641/8295  175s  (eta 375s)
      [block p=0.82] chunk 2649/8295  235s  (eta 501s)
      [block p=0.82] chunk 2657/8295  292s  (eta 619s)
      [block p=0.82] chunk 2665/8295  352s  (eta 745s)
      [block p=0.82] chunk 2673/8295  416s  (eta 874s)
      [block p=0.82] chunk 2681/8295  482s  (eta 1008s)
== phase run-d3: d=3 L=8 grid [0.82] ==
   K = 3865 orbits; done = [0.84]
   [block p=0.82] RESUMED at chunk 2682/8295 (state 17:21:11)
      [block p=0.82] chunk 2689/8295  70s  (eta 145s)
      [block p=0.82] chunk 2697/8295  137s  (eta 284s)
      [block p=0.82] chunk 2705/8295  198s  (eta 409s)
      [block p=0.82] chunk 2713/8295  262s  (eta 540s)
      [block p=0.82] chunk 2721/8295  320s  (eta 655s)
      [block p=0.82] chunk 2729/8295  389s  (eta 793s)
      [block p=0.82] chunk 2737/8295  450s  (eta 913s)
      [block p=0.82] chunk 2745/8295  510s  (eta 1031s)
== phase run-d3: d=3 L=8 grid [0.82] ==
   K = 3865 orbits; done = [0.84]
   [block p=0.82] RESUMED at chunk 2746/8295 (state 17:30:22)
      [block p=0.82] chunk 2753/8295  63s  (eta 127s)
      [block p=0.82] chunk 2761/8295  125s  (eta 251s)
      [block p=0.82] chunk 2769/8295  190s  (eta 380s)
      [block p=0.82] chunk 2777/8295  261s  (eta 518s)
      [block p=0.82] chunk 2785/8295  328s  (eta 650s)
      [block p=0.82] chunk 2793/8295  395s  (eta 778s)
      [block p=0.82] chunk 2801/8295  465s  (eta 913s)
== phase run-d3: d=3 L=8 grid [0.82] ==
   K = 3865 orbits; done = [0.84]
   [block p=0.82] RESUMED at chunk 2802/8295 (state 17:40:55)
      [block p=0.82] chunk 2809/8295  62s  (eta 121s)
      [block p=0.82] chunk 2817/8295  129s  (eta 251s)
      [block p=0.82] chunk 2825/8295  195s  (eta 377s)
      [block p=0.82] chunk 2833/8295  262s  (eta 506s)
      [block p=0.82] chunk 2841/8295  330s  (eta 633s)
      [block p=0.82] chunk 2849/8295  389s  (eta 743s)
      [block p=0.82] chunk 2857/8295  457s  (eta 870s)
== phase run-d3: d=3 L=8 grid [0.82] ==
   K = 3865 orbits; done = [0.84]
   [block p=0.82] RESUMED at chunk 2858/8295 (state 17:49:29)
      [block p=0.82] chunk 2865/8295  53s  (eta 100s)
      [block p=0.82] chunk 2873/8295  119s  (eta 224s)
      [block p=0.82] chunk 2881/8295  184s  (eta 346s)
      [block p=0.82] chunk 2889/8295  243s  (eta 454s)
      [block p=0.82] chunk 2897/8295  310s  (eta 578s)
      [block p=0.82] chunk 2905/8295  379s  (eta 702s)
      [block p=0.82] chunk 2913/8295  437s  (eta 807s)
      [block p=0.82] chunk 2921/8295  506s  (eta 931s)
== phase run-d3: d=3 L=8 grid [0.82] ==
   K = 3865 orbits; done = [0.84]
   [block p=0.82] RESUMED at chunk 2922/8295 (state 18:02:00)
      [block p=0.82] chunk 2929/8295  61s  (eta 112s)
      [block p=0.82] chunk 2937/8295  130s  (eta 236s)
      [block p=0.82] chunk 2945/8295  187s  (eta 339s)
      [block p=0.82] chunk 2953/8295  254s  (eta 460s)
      [block p=0.82] chunk 2961/8295  320s  (eta 577s)
      [block p=0.82] chunk 2969/8295  389s  (eta 698s)
      [block p=0.82] chunk 2977/8295  461s  (eta 824s)
== phase run-d3: d=3 L=8 grid [0.82] ==
   K = 3865 orbits; done = [0.84]
   [block p=0.82] RESUMED at chunk 2978/8295 (state 18:09:59)
      [block p=0.82] chunk 2985/8295  59s  (eta 104s)
      [block p=0.82] chunk 2993/8295  124s  (eta 220s)
      [block p=0.82] chunk 3001/8295  191s  (eta 338s)
      [block p=0.82] chunk 3009/8295  260s  (eta 457s)
      [block p=0.82] chunk 3017/8295  321s  (eta 561s)
      [block p=0.82] chunk 3025/8295  383s  (eta 668s)
      [block p=0.82] chunk 3033/8295  449s  (eta 779s)
== phase run-d3: d=3 L=8 grid [0.82] ==
   K = 3865 orbits; done = [0.84]
   [block p=0.82] RESUMED at chunk 3034/8295 (state 18:20:40)
      [block p=0.82] chunk 3041/8295  66s  (eta 114s)
      [block p=0.82] chunk 3049/8295  135s  (eta 232s)
      [block p=0.82] chunk 3057/8295  200s  (eta 344s)
      [block p=0.82] chunk 3065/8295  268s  (eta 458s)
      [block p=0.82] chunk 3073/8295  339s  (eta 575s)
      [block p=0.82] chunk 3081/8295  413s  (eta 698s)
      [block p=0.82] chunk 3089/8295  487s  (eta 820s)
== phase run-d3: d=3 L=8 grid [0.82] ==
   K = 3865 orbits; done = [0.84]
   [block p=0.82] RESUMED at chunk 3090/8295 (state 18:30:01)
      [block p=0.82] chunk 3097/8295  62s  (eta 105s)
      [block p=0.82] chunk 3105/8295  128s  (eta 214s)
      [block p=0.82] chunk 3113/8295  192s  (eta 319s)
      [block p=0.82] chunk 3121/8295  260s  (eta 431s)
      [block p=0.82] chunk 3129/8295  324s  (eta 535s)
      [block p=0.82] chunk 3137/8295  388s  (eta 639s)
      [block p=0.82] chunk 3145/8295  459s  (eta 751s)
== phase run-d3: d=3 L=8 grid [0.82] ==
   K = 3865 orbits; done = [0.84]
   [block p=0.82] RESUMED at chunk 3146/8295 (state 18:40:49)
      [block p=0.82] chunk 3153/8295  60s  (eta 98s)
      [block p=0.82] chunk 3161/8295  118s  (eta 192s)
      [block p=0.82] chunk 3169/8295  175s  (eta 283s)
      [block p=0.82] chunk 3177/8295  236s  (eta 380s)
      [block p=0.82] chunk 3185/8295  296s  (eta 475s)
      [block p=0.82] chunk 3193/8295  356s  (eta 569s)
      [block p=0.82] chunk 3201/8295  418s  (eta 665s)
      [block p=0.82] chunk 3209/8295  480s  (eta 761s)
== phase run-d3: d=3 L=8 grid [0.82] ==
   K = 3865 orbits; done = [0.84]
   [block p=0.82] RESUMED at chunk 3210/8295 (state 18:49:53)
      [block p=0.82] chunk 3217/8295  63s  (eta 99s)
      [block p=0.82] chunk 3225/8295  129s  (eta 204s)
      [block p=0.82] chunk 3233/8295  195s  (eta 305s)
      [block p=0.82] chunk 3241/8295  264s  (eta 411s)
      [block p=0.82] chunk 3249/8295  327s  (eta 507s)
      [block p=0.82] chunk 3257/8295  397s  (eta 614s)
      [block p=0.82] chunk 3265/8295  459s  (eta 707s)
== phase run-d3: d=3 L=8 grid [0.82] ==
   K = 3865 orbits; done = [0.84]
   [block p=0.82] RESUMED at chunk 3266/8295 (state 19:00:52)
      [block p=0.82] chunk 3273/8295  66s  (eta 102s)
      [block p=0.82] chunk 3281/8295  136s  (eta 208s)
      [block p=0.82] chunk 3289/8295  206s  (eta 314s)
      [block p=0.82] chunk 3297/8295  276s  (eta 419s)
      [block p=0.82] chunk 3305/8295  351s  (eta 531s)
      [block p=0.82] chunk 3313/8295  418s  (eta 628s)
      [block p=0.82] chunk 3321/8295  487s  (eta 729s)
== phase run-d3: d=3 L=8 grid [0.82] ==
   K = 3865 orbits; done = [0.84]
   [block p=0.82] RESUMED at chunk 3322/8295 (state 19:10:04)
      [block p=0.82] chunk 3329/8295  62s  (eta 93s)
      [block p=0.82] chunk 3337/8295  121s  (eta 180s)
      [block p=0.82] chunk 3345/8295  184s  (eta 273s)
      [block p=0.82] chunk 3353/8295  252s  (eta 371s)
      [block p=0.82] chunk 3361/8295  318s  (eta 466s)
      [block p=0.82] chunk 3369/8295  386s  (eta 564s)
      [block p=0.82] chunk 3377/8295  457s  (eta 665s)
== phase run-d3: d=3 L=8 grid [0.82] ==
   K = 3865 orbits; done = [0.84]
   [block p=0.82] RESUMED at chunk 3378/8295 (state 19:20:50)
      [block p=0.82] chunk 3385/8295  55s  (eta 79s)
      [block p=0.82] chunk 3393/8295  120s  (eta 173s)
      [block p=0.82] chunk 3401/8295  184s  (eta 265s)
      [block p=0.82] chunk 3409/8295  252s  (eta 361s)
      [block p=0.82] chunk 3417/8295  317s  (eta 452s)
      [block p=0.82] chunk 3425/8295  375s  (eta 534s)
      [block p=0.82] chunk 3433/8295  437s  (eta 619s)
      [block p=0.82] chunk 3441/8295  500s  (eta 705s)
== phase run-d3: d=3 L=8 grid [0.82] ==
   K = 3865 orbits; done = [0.84]
   [block p=0.82] RESUMED at chunk 3442/8295 (state 19:30:16)
      [block p=0.82] chunk 3449/8295  64s  (eta 90s)
      [block p=0.82] chunk 3457/8295  128s  (eta 179s)
      [block p=0.82] chunk 3465/8295  185s  (eta 258s)
      [block p=0.82] chunk 3473/8295  244s  (eta 339s)
      [block p=0.82] chunk 3481/8295  314s  (eta 434s)
      [block p=0.82] chunk 3489/8295  379s  (eta 521s)
      [block p=0.82] chunk 3497/8295  446s  (eta 612s)
      [block p=0.82] chunk 3505/8295  505s  (eta 690s)
== phase run-d3: d=3 L=8 grid [0.82] ==
   K = 3865 orbits; done = [0.84]
   [block p=0.82] RESUMED at chunk 3506/8295 (state 19:41:35)
      [block p=0.82] chunk 3513/8295  57s  (eta 78s)
      [block p=0.82] chunk 3521/8295  116s  (eta 157s)
      [block p=0.82] chunk 3529/8295  182s  (eta 246s)
      [block p=0.82] chunk 3537/8295  248s  (eta 334s)
      [block p=0.82] chunk 3545/8295  314s  (eta 420s)
      [block p=0.82] chunk 3553/8295  376s  (eta 502s)
      [block p=0.82] chunk 3561/8295  436s  (eta 580s)
      [block p=0.82] chunk 3569/8295  504s  (eta 668s)
== phase run-d3: d=3 L=8 grid [0.82] ==
   K = 3865 orbits; done = [0.84]
   [block p=0.82] RESUMED at chunk 3570/8295 (state 19:50:17)
      [block p=0.82] chunk 3577/8295  64s  (eta 84s)
      [block p=0.82] chunk 3585/8295  122s  (eta 161s)
      [block p=0.82] chunk 3593/8295  192s  (eta 251s)
      [block p=0.82] chunk 3601/8295  262s  (eta 342s)
      [block p=0.82] chunk 3609/8295  335s  (eta 435s)
      [block p=0.82] chunk 3617/8295  403s  (eta 521s)
      [block p=0.82] chunk 3625/8295  467s  (eta 602s)
== phase run-d3: d=3 L=8 grid [0.82] ==
   K = 3865 orbits; done = [0.84]
   [block p=0.82] RESUMED at chunk 3626/8295 (state 20:00:57)
      [block p=0.82] chunk 3633/8295  59s  (eta 76s)
      [block p=0.82] chunk 3641/8295  119s  (eta 152s)
      [block p=0.82] chunk 3649/8295  176s  (eta 224s)
      [block p=0.82] chunk 3657/8295  236s  (eta 299s)
      [block p=0.82] chunk 3665/8295  295s  (eta 373s)
      [block p=0.82] chunk 3673/8295  356s  (eta 447s)
      [block p=0.82] chunk 3681/8295  418s  (eta 524s)
      [block p=0.82] chunk 3689/8295  481s  (eta 601s)
== phase run-d3: d=3 L=8 grid [0.82] ==
   K = 3865 orbits; done = [0.84]
   [block p=0.82] RESUMED at chunk 3690/8295 (state 20:09:56)
      [block p=0.82] chunk 3697/8295  63s  (eta 79s)
      [block p=0.82] chunk 3705/8295  130s  (eta 161s)
      [block p=0.82] chunk 3713/8295  203s  (eta 251s)
      [block p=0.82] chunk 3721/8295  269s  (eta 331s)
      [block p=0.82] chunk 3729/8295  338s  (eta 414s)
      [block p=0.82] chunk 3737/8295  407s  (eta 496s)
      [block p=0.82] chunk 3745/8295  475s  (eta 577s)
== phase run-d3: d=3 L=8 grid [0.82] ==
   K = 3865 orbits; done = [0.84]
   [block p=0.82] RESUMED at chunk 3746/8295 (state 20:21:09)
      [block p=0.82] chunk 3753/8295  65s  (eta 79s)
      [block p=0.82] chunk 3761/8295  134s  (eta 162s)
      [block p=0.82] chunk 3769/8295  195s  (eta 234s)
      [block p=0.82] chunk 3777/8295  265s  (eta 317s)
      [block p=0.82] chunk 3785/8295  335s  (eta 399s)
      [block p=0.82] chunk 3793/8295  406s  (eta 482s)
      [block p=0.82] chunk 3801/8295  478s  (eta 565s)
== phase run-d3: d=3 L=8 grid [0.82] ==
   K = 3865 orbits; done = [0.84]
   [block p=0.82] RESUMED at chunk 3802/8295 (state 20:29:55)
      [block p=0.82] chunk 3809/8295  64s  (eta 75s)
      [block p=0.82] chunk 3817/8295  121s  (eta 142s)
      [block p=0.82] chunk 3825/8295  191s  (eta 224s)
      [block p=0.82] chunk 3833/8295  253s  (eta 294s)
      [block p=0.82] chunk 3841/8295  319s  (eta 370s)
      [block p=0.82] chunk 3849/8295  381s  (eta 440s)
      [block p=0.82] chunk 3857/8295  441s  (eta 507s)
      [block p=0.82] chunk 3865/8295  510s  (eta 585s)
== phase run-d3: d=3 L=8 grid [0.82] ==
   K = 3865 orbits; done = [0.84]
   [block p=0.82] RESUMED at chunk 3866/8295 (state 20:41:43)
      [block p=0.82] chunk 3873/8295  63s  (eta 72s)
      [block p=0.82] chunk 3881/8295  130s  (eta 148s)
      [block p=0.82] chunk 3889/8295  197s  (eta 223s)
      [block p=0.82] chunk 3897/8295  266s  (eta 301s)
      [block p=0.82] chunk 3905/8295  333s  (eta 374s)
      [block p=0.82] chunk 3913/8295  392s  (eta 439s)
      [block p=0.82] chunk 3921/8295  455s  (eta 507s)
== phase run-d3: d=3 L=8 grid [0.82] ==
   K = 3865 orbits; done = [0.84]
   [block p=0.82] RESUMED at chunk 3922/8295 (state 20:49:31)
      [block p=0.82] chunk 3929/8295  63s  (eta 70s)
      [block p=0.82] chunk 3937/8295  133s  (eta 147s)
      [block p=0.82] chunk 3945/8295  196s  (eta 216s)
      [block p=0.82] chunk 3953/8295  257s  (eta 282s)
      [block p=0.82] chunk 3961/8295  319s  (eta 349s)
      [block p=0.82] chunk 3969/8295  376s  (eta 410s)
      [block p=0.82] chunk 3977/8295  444s  (eta 482s)
      [block p=0.82] chunk 3985/8295  515s  (eta 558s)
== phase run-d3: d=3 L=8 grid [0.82] ==
   K = 3865 orbits; done = [0.84]
   [block p=0.82] RESUMED at chunk 3986/8295 (state 21:01:52)
      [block p=0.82] chunk 3993/8295  55s  (eta 59s)
      [block p=0.82] chunk 4001/8295  112s  (eta 120s)
      [block p=0.82] chunk 4009/8295  172s  (eta 184s)
      [block p=0.82] chunk 4017/8295  240s  (eta 256s)
      [block p=0.82] chunk 4025/8295  310s  (eta 328s)
      [block p=0.82] chunk 4033/8295  382s  (eta 403s)
      [block p=0.82] chunk 4041/8295  450s  (eta 473s)
      [block p=0.82] chunk 4049/8295  518s  (eta 543s)
== phase run-d3: d=3 L=8 grid [0.82] ==
   K = 3865 orbits; done = [0.84]
   [block p=0.82] RESUMED at chunk 4042/8295 (state 21:09:30)
      [block p=0.82] chunk 4049/8295  53s  (eta 56s)
      [block p=0.82] chunk 4057/8295  112s  (eta 117s)
      [block p=0.82] chunk 4065/8295  170s  (eta 177s)
      [block p=0.82] chunk 4073/8295  240s  (eta 248s)
      [block p=0.82] chunk 4081/8295  298s  (eta 308s)
      [block p=0.82] chunk 4089/8295  370s  (eta 380s)
      [block p=0.82] chunk 4097/8295  433s  (eta 444s)
      [block p=0.82] chunk 4105/8295  497s  (eta 507s)
== phase run-d3: d=3 L=8 grid [0.82] ==
   K = 3865 orbits; done = [0.84]
   [block p=0.82] RESUMED at chunk 4106/8295 (state 21:21:32)
      [block p=0.82] chunk 4113/8295  53s  (eta 54s)
      [block p=0.82] chunk 4121/8295  119s  (eta 121s)
      [block p=0.82] chunk 4129/8295  175s  (eta 177s)
      [block p=0.82] chunk 4137/8295  236s  (eta 237s)
      [block p=0.82] chunk 4145/8295  303s  (eta 303s)
      [block p=0.82] chunk 4153/8295  370s  (eta 369s)
      [block p=0.82] chunk 4161/8295  440s  (eta 437s)
      [block p=0.82] chunk 4169/8295  510s  (eta 505s)
== phase run-d3: d=3 L=8 grid [0.82] ==
   K = 3865 orbits; done = [0.84]
   [block p=0.82] RESUMED at chunk 4170/8295 (state 21:30:28)
      [block p=0.82] chunk 4177/8295  63s  (eta 62s)
      [block p=0.82] chunk 4185/8295  128s  (eta 126s)
      [block p=0.82] chunk 4193/8295  194s  (eta 190s)
      [block p=0.82] chunk 4201/8295  258s  (eta 252s)
      [block p=0.82] chunk 4209/8295  325s  (eta 316s)
      [block p=0.82] chunk 4217/8295  393s  (eta 380s)
      [block p=0.82] chunk 4225/8295  464s  (eta 447s)
== phase run-d3: d=3 L=8 grid [0.82] ==
   K = 3865 orbits; done = [0.84]
   [block p=0.82] RESUMED at chunk 4226/8295 (state 21:41:00)
      [block p=0.82] chunk 4233/8295  65s  (eta 63s)
      [block p=0.82] chunk 4241/8295  135s  (eta 129s)
      [block p=0.82] chunk 4249/8295  193s  (eta 184s)
      [block p=0.82] chunk 4257/8295  262s  (eta 248s)
      [block p=0.82] chunk 4265/8295  329s  (eta 311s)
      [block p=0.82] chunk 4273/8295  398s  (eta 375s)
      [block p=0.82] chunk 4281/8295  464s  (eta 435s)
== phase run-d3: d=3 L=8 grid [0.82] ==
   K = 3865 orbits; done = [0.84]
   [block p=0.82] RESUMED at chunk 4282/8295 (state 21:49:48)
      [block p=0.82] chunk 4289/8295  62s  (eta 58s)
      [block p=0.82] chunk 4297/8295  127s  (eta 118s)
      [block p=0.82] chunk 4305/8295  193s  (eta 179s)
      [block p=0.82] chunk 4313/8295  259s  (eta 239s)
      [block p=0.82] chunk 4321/8295  319s  (eta 293s)
      [block p=0.82] chunk 4329/8295  381s  (eta 349s)
      [block p=0.82] chunk 4337/8295  436s  (eta 398s)
      [block p=0.82] chunk 4345/8295  498s  (eta 452s)
== phase run-d3: d=3 L=8 grid [0.82] ==
   K = 3865 orbits; done = [0.84]
   [block p=0.82] RESUMED at chunk 4346/8295 (state 22:01:34)
      [block p=0.82] chunk 4353/8295  55s  (eta 49s)
      [block p=0.82] chunk 4361/8295  119s  (eta 108s)
      [block p=0.82] chunk 4369/8295  192s  (eta 172s)
      [block p=0.82] chunk 4377/8295  263s  (eta 236s)
      [block p=0.82] chunk 4385/8295  323s  (eta 288s)
      [block p=0.82] chunk 4393/8295  389s  (eta 346s)
      [block p=0.82] chunk 4401/8295  459s  (eta 406s)
== phase run-d3: d=3 L=8 grid [0.82] ==
   K = 3865 orbits; done = [0.84]
   [block p=0.82] RESUMED at chunk 4402/8295 (state 22:09:39)
      [block p=0.82] chunk 4409/8295  56s  (eta 50s)
      [block p=0.82] chunk 4417/8295  118s  (eta 104s)
      [block p=0.82] chunk 4425/8295  176s  (eta 154s)
      [block p=0.82] chunk 4433/8295  234s  (eta 204s)
      [block p=0.82] chunk 4441/8295  300s  (eta 261s)
      [block p=0.82] chunk 4449/8295  362s  (eta 313s)
      [block p=0.82] chunk 4457/8295  429s  (eta 369s)
      [block p=0.82] chunk 4465/8295  488s  (eta 419s)
== phase run-d3: d=3 L=8 grid [0.82] ==
   K = 3865 orbits; done = [0.84]
   [block p=0.82] RESUMED at chunk 4466/8295 (state 22:21:39)
      [block p=0.82] chunk 4473/8295  68s  (eta 58s)
      [block p=0.82] chunk 4481/8295  128s  (eta 109s)
      [block p=0.82] chunk 4489/8295  197s  (eta 167s)
      [block p=0.82] chunk 4497/8295  266s  (eta 225s)
      [block p=0.82] chunk 4505/8295  324s  (eta 272s)
      [block p=0.82] chunk 4513/8295  383s  (eta 321s)
      [block p=0.82] chunk 4521/8295  443s  (eta 370s)
      [block p=0.82] chunk 4529/8295  513s  (eta 426s)
== phase run-d3: d=3 L=8 grid [0.82] ==
   K = 3865 orbits; done = [0.84]
   [block p=0.82] RESUMED at chunk 4530/8295 (state 22:30:48)
      [block p=0.82] chunk 4537/8295  61s  (eta 51s)
      [block p=0.82] chunk 4545/8295  126s  (eta 104s)
      [block p=0.82] chunk 4553/8295  197s  (eta 162s)
      [block p=0.82] chunk 4561/8295  266s  (eta 217s)
      [block p=0.82] chunk 4569/8295  335s  (eta 274s)
      [block p=0.82] chunk 4577/8295  405s  (eta 329s)
      [block p=0.82] chunk 4585/8295  472s  (eta 382s)
== phase run-d3: d=3 L=8 grid [0.82] ==
   K = 3865 orbits; done = [0.84]
   [block p=0.82] RESUMED at chunk 4586/8295 (state 22:41:05)
      [block p=0.82] chunk 4593/8295  64s  (eta 51s)
      [block p=0.82] chunk 4601/8295  131s  (eta 105s)
      [block p=0.82] chunk 4609/8295  199s  (eta 159s)
      [block p=0.82] chunk 4617/8295  269s  (eta 215s)
      [block p=0.82] chunk 4625/8295  330s  (eta 262s)
      [block p=0.82] chunk 4633/8295  397s  (eta 313s)
      [block p=0.82] chunk 4641/8295  467s  (eta 368s)
== phase run-d3: d=3 L=8 grid [0.82] ==
   K = 3865 orbits; done = [0.84]
   [block p=0.82] RESUMED at chunk 4642/8295 (state 22:49:42)
      [block p=0.82] chunk 4649/8295  67s  (eta 52s)
      [block p=0.82] chunk 4657/8295  138s  (eta 108s)
      [block p=0.82] chunk 4665/8295  207s  (eta 161s)
      [block p=0.82] chunk 4673/8295  273s  (eta 211s)
      [block p=0.82] chunk 4681/8295  345s  (eta 266s)
      [block p=0.82] chunk 4689/8295  401s  (eta 308s)
      [block p=0.82] chunk 4697/8295  463s  (eta 355s)
== phase run-d3: d=3 L=8 grid [0.82] ==
   K = 3865 orbits; done = [0.84]
   [block p=0.82] RESUMED at chunk 4698/8295 (state 23:00:54)
      [block p=0.82] chunk 4705/8295  64s  (eta 49s)
      [block p=0.82] chunk 4713/8295  121s  (eta 92s)
      [block p=0.82] chunk 4721/8295  179s  (eta 136s)
      [block p=0.82] chunk 4729/8295  249s  (eta 188s)
      [block p=0.82] chunk 4737/8295  317s  (eta 238s)
      [block p=0.82] chunk 4745/8295  378s  (eta 283s)
      [block p=0.82] chunk 4753/8295  444s  (eta 331s)
      [block p=0.82] chunk 4761/8295  503s  (eta 374s)
== phase run-d3: d=3 L=8 grid [0.82] ==
   K = 3865 orbits; done = [0.84]
   [block p=0.82] RESUMED at chunk 4762/8295 (state 23:10:17)
      [block p=0.82] chunk 4769/8295  62s  (eta 46s)
      [block p=0.82] chunk 4777/8295  128s  (eta 94s)
      [block p=0.82] chunk 4785/8295  198s  (eta 145s)
      [block p=0.82] chunk 4793/8295  261s  (eta 190s)
      [block p=0.82] chunk 4801/8295  321s  (eta 234s)
      [block p=0.82] chunk 4809/8295  385s  (eta 279s)
      [block p=0.82] chunk 4817/8295  453s  (eta 327s)
== phase run-d3: d=3 L=8 grid [0.82] ==
   K = 3865 orbits; done = [0.84]
   [block p=0.82] RESUMED at chunk 4818/8295 (state 23:20:44)
      [block p=0.82] chunk 4825/8295  54s  (eta 39s)
      [block p=0.82] chunk 4833/8295  119s  (eta 86s)
      [block p=0.82] chunk 4841/8295  177s  (eta 126s)
      [block p=0.82] chunk 4849/8295  238s  (eta 169s)
      [block p=0.82] chunk 4857/8295  298s  (eta 211s)
      [block p=0.82] chunk 4865/8295  370s  (eta 261s)
      [block p=0.82] chunk 4873/8295  443s  (eta 311s)
      [block p=0.82] chunk 4881/8295  515s  (eta 360s)
== phase run-d3: d=3 L=8 grid [0.82] ==
   K = 3865 orbits; done = [0.84]
   [block p=0.82] RESUMED at chunk 4882/8295 (state 23:30:29)
      [block p=0.82] chunk 4889/8295  55s  (eta 38s)
      [block p=0.82] chunk 4897/8295  121s  (eta 84s)
      [block p=0.82] chunk 4905/8295  191s  (eta 132s)
      [block p=0.82] chunk 4913/8295  258s  (eta 177s)
      [block p=0.82] chunk 4921/8295  328s  (eta 225s)
      [block p=0.82] chunk 4929/8295  396s  (eta 270s)
      [block p=0.82] chunk 4937/8295  458s  (eta 312s)
== phase run-d3: d=3 L=8 grid [0.82] ==
   K = 3865 orbits; done = [0.84]
   [block p=0.82] RESUMED at chunk 4938/8295 (state 23:40:48)
      [block p=0.82] chunk 4945/8295  66s  (eta 44s)
      [block p=0.82] chunk 4953/8295  130s  (eta 87s)
      [block p=0.82] chunk 4961/8295  198s  (eta 133s)
      [block p=0.82] chunk 4969/8295  265s  (eta 178s)
      [block p=0.82] chunk 4977/8295  332s  (eta 221s)
      [block p=0.82] chunk 4985/8295  400s  (eta 265s)
      [block p=0.82] chunk 4993/8295  466s  (eta 308s)
== phase run-d3: d=3 L=8 grid [0.82] ==
   K = 3865 orbits; done = [0.84]
   [block p=0.82] RESUMED at chunk 4994/8295 (state 23:49:38)
      [block p=0.82] chunk 5001/8295  55s  (eta 36s)
      [block p=0.82] chunk 5009/8295  114s  (eta 75s)
      [block p=0.82] chunk 5017/8295  174s  (eta 114s)
      [block p=0.82] chunk 5025/8295  242s  (eta 157s)
      [block p=0.82] chunk 5033/8295  310s  (eta 201s)
      [block p=0.82] chunk 5041/8295  372s  (eta 240s)
      [block p=0.82] chunk 5049/8295  440s  (eta 283s)
      [block p=0.82] chunk 5057/8295  500s  (eta 320s)
== phase run-d3: d=3 L=8 grid [0.82] ==
   K = 3865 orbits; done = [0.84]
   [block p=0.82] RESUMED at chunk 5058/8295 (state 00:01:28)
      [block p=0.82] chunk 5065/8295  55s  (eta 35s)
      [block p=0.82] chunk 5073/8295  115s  (eta 73s)
      [block p=0.82] chunk 5081/8295  182s  (eta 115s)
      [block p=0.82] chunk 5089/8295  249s  (eta 157s)
      [block p=0.82] chunk 5097/8295  317s  (eta 199s)
      [block p=0.82] chunk 5105/8295  384s  (eta 240s)
      [block p=0.82] chunk 5113/8295  450s  (eta 280s)
      [block p=0.82] chunk 5121/8295  518s  (eta 321s)
== phase run-d3: d=3 L=8 grid [0.82] ==
   K = 3865 orbits; done = [0.84]
   [block p=0.82] RESUMED at chunk 5114/8295 (state 00:09:21)
      [block p=0.82] chunk 5121/8295  64s  (eta 40s)
      [block p=0.82] chunk 5129/8295  131s  (eta 81s)
      [block p=0.82] chunk 5137/8295  200s  (eta 123s)
      [block p=0.82] chunk 5145/8295  260s  (eta 159s)
      [block p=0.82] chunk 5153/8295  329s  (eta 201s)
      [block p=0.82] chunk 5161/8295  400s  (eta 243s)
      [block p=0.82] chunk 5169/8295  467s  (eta 283s)
== phase run-d3: d=3 L=8 grid [0.82] ==
   K = 3865 orbits; done = [0.84]
   [block p=0.82] RESUMED at chunk 5170/8295 (state 00:20:55)
      [block p=0.82] chunk 5177/8295  61s  (eta 37s)
      [block p=0.82] chunk 5185/8295  126s  (eta 75s)
      [block p=0.82] chunk 5193/8295  196s  (eta 117s)
      [block p=0.82] chunk 5201/8295  265s  (eta 157s)
      [block p=0.82] chunk 5209/8295  336s  (eta 199s)
      [block p=0.82] chunk 5217/8295  402s  (eta 237s)
      [block p=0.82] chunk 5225/8295  461s  (eta 271s)
== phase run-d3: d=3 L=8 grid [0.82] ==
   K = 3865 orbits; done = [0.84]
   [block p=0.82] RESUMED at chunk 5226/8295 (state 00:29:30)
      [block p=0.82] chunk 5233/8295  61s  (eta 36s)
      [block p=0.82] chunk 5241/8295  118s  (eta 69s)
      [block p=0.82] chunk 5249/8295  178s  (eta 104s)
      [block p=0.82] chunk 5257/8295  244s  (eta 141s)
      [block p=0.82] chunk 5265/8295  303s  (eta 175s)
      [block p=0.82] chunk 5273/8295  364s  (eta 209s)
      [block p=0.82] chunk 5281/8295  422s  (eta 241s)
      [block p=0.82] chunk 5289/8295  482s  (eta 274s)
== phase run-d3: d=3 L=8 grid [0.82] ==
   K = 3865 orbits; done = [0.84]
   [block p=0.82] RESUMED at chunk 5290/8295 (state 00:41:10)
      [block p=0.82] chunk 5297/8295  63s  (eta 35s)
      [block p=0.82] chunk 5305/8295  119s  (eta 67s)
      [block p=0.82] chunk 5313/8295  180s  (eta 101s)
      [block p=0.82] chunk 5321/8295  237s  (eta 133s)
      [block p=0.82] chunk 5329/8295  299s  (eta 166s)
      [block p=0.82] chunk 5337/8295  368s  (eta 204s)
      [block p=0.82] chunk 5345/8295  437s  (eta 241s)
      [block p=0.82] chunk 5353/8295  502s  (eta 276s)
== phase run-d3: d=3 L=8 grid [0.82] ==
   K = 3865 orbits; done = [0.84]
   [block p=0.82] RESUMED at chunk 5354/8295 (state 00:50:11)
      [block p=0.82] chunk 5361/8295  66s  (eta 36s)
      [block p=0.82] chunk 5369/8295  129s  (eta 70s)
      [block p=0.82] chunk 5377/8295  189s  (eta 102s)
      [block p=0.82] chunk 5385/8295  247s  (eta 134s)
      [block p=0.82] chunk 5393/8295  315s  (eta 169s)
      [block p=0.82] chunk 5401/8295  384s  (eta 206s)
      [block p=0.82] chunk 5409/8295  454s  (eta 242s)
== phase run-d3: d=3 L=8 grid [0.82] ==
   K = 3865 orbits; done = [0.84]
   [block p=0.82] RESUMED at chunk 5410/8295 (state 01:00:45)
      [block p=0.82] chunk 5417/8295  58s  (eta 31s)
      [block p=0.82] chunk 5425/8295  117s  (eta 62s)
      [block p=0.82] chunk 5433/8295  185s  (eta 97s)
      [block p=0.82] chunk 5441/8295  249s  (eta 130s)
      [block p=0.82] chunk 5449/8295  319s  (eta 166s)
      [block p=0.82] chunk 5457/8295  385s  (eta 200s)
      [block p=0.82] chunk 5465/8295  454s  (eta 235s)
      [block p=0.82] chunk 5473/8295  515s  (eta 265s)
== phase run-d3: d=3 L=8 grid [0.82] ==
   K = 3865 orbits; done = [0.84]
   [block p=0.82] RESUMED at chunk 5474/8295 (state 01:10:27)
      [block p=0.82] chunk 5481/8295  59s  (eta 30s)
      [block p=0.82] chunk 5489/8295  121s  (eta 62s)
      [block p=0.82] chunk 5497/8295  190s  (eta 97s)
      [block p=0.82] chunk 5505/8295  261s  (eta 132s)
      [block p=0.82] chunk 5513/8295  324s  (eta 164s)
      [block p=0.82] chunk 5521/8295  390s  (eta 196s)
      [block p=0.82] chunk 5529/8295  454s  (eta 227s)
== phase run-d3: d=3 L=8 grid [0.82] ==
   K = 3865 orbits; done = [0.84]
   [block p=0.82] RESUMED at chunk 5530/8295 (state 01:20:48)
      [block p=0.82] chunk 5537/8295  52s  (eta 26s)
      [block p=0.82] chunk 5545/8295  109s  (eta 54s)
      [block p=0.82] chunk 5553/8295  166s  (eta 82s)
      [block p=0.82] chunk 5561/8295  224s  (eta 110s)
      [block p=0.82] chunk 5569/8295  282s  (eta 138s)
      [block p=0.82] chunk 5577/8295  346s  (eta 168s)
      [block p=0.82] chunk 5585/8295  414s  (eta 201s)
      [block p=0.82] chunk 5593/8295  477s  (eta 230s)
== phase run-d3: d=3 L=8 grid [0.82] ==
   K = 3865 orbits; done = [0.84]
   [block p=0.82] RESUMED at chunk 5594/8295 (state 01:29:54)
      [block p=0.82] chunk 5601/8295  61s  (eta 29s)
      [block p=0.82] chunk 5609/8295  126s  (eta 61s)
      [block p=0.82] chunk 5617/8295  190s  (eta 91s)
      [block p=0.82] chunk 5625/8295  256s  (eta 122s)
      [block p=0.82] chunk 5633/8295  321s  (eta 152s)
      [block p=0.82] chunk 5641/8295  387s  (eta 182s)
      [block p=0.82] chunk 5649/8295  454s  (eta 213s)
== phase run-d3: d=3 L=8 grid [0.82] ==
   K = 3865 orbits; done = [0.84]
   [block p=0.82] RESUMED at chunk 5650/8295 (state 01:40:47)
      [block p=0.82] chunk 5657/8295  62s  (eta 29s)
      [block p=0.82] chunk 5665/8295  125s  (eta 58s)
      [block p=0.82] chunk 5673/8295  193s  (eta 89s)
      [block p=0.82] chunk 5681/8295  256s  (eta 118s)
      [block p=0.82] chunk 5689/8295  323s  (eta 148s)
      [block p=0.82] chunk 5697/8295  385s  (eta 176s)
      [block p=0.82] chunk 5705/8295  452s  (eta 205s)
      [block p=0.82] chunk 5713/8295  508s  (eta 230s)
== phase run-d3: d=3 L=8 grid [0.82] ==
   K = 3865 orbits; done = [0.84]
   [block p=0.82] RESUMED at chunk 5714/8295 (state 01:50:24)
      [block p=0.82] chunk 5721/8295  61s  (eta 28s)
      [block p=0.82] chunk 5729/8295  129s  (eta 58s)
      [block p=0.82] chunk 5737/8295  197s  (eta 88s)
      [block p=0.82] chunk 5745/8295  264s  (eta 117s)
      [block p=0.82] chunk 5753/8295  324s  (eta 143s)
      [block p=0.82] chunk 5761/8295  384s  (eta 169s)
      [block p=0.82] chunk 5769/8295  443s  (eta 194s)
      [block p=0.82] chunk 5777/8295  498s  (eta 217s)
== phase run-d3: d=3 L=8 grid [0.82] ==
   K = 3865 orbits; done = [0.84]
   [block p=0.82] RESUMED at chunk 5778/8295 (state 02:01:25)
      [block p=0.82] chunk 5785/8295  62s  (eta 27s)
      [block p=0.82] chunk 5793/8295  126s  (eta 54s)
      [block p=0.82] chunk 5801/8295  192s  (eta 82s)
      [block p=0.82] chunk 5809/8295  258s  (eta 110s)
      [block p=0.82] chunk 5817/8295  323s  (eta 138s)
      [block p=0.82] chunk 5825/8295  385s  (eta 163s)
      [block p=0.82] chunk 5833/8295  441s  (eta 186s)
      [block p=0.82] chunk 5841/8295  509s  (eta 214s)
== phase run-d3: d=3 L=8 grid [0.82] ==
   K = 3865 orbits; done = [0.84]
   [block p=0.82] RESUMED at chunk 5842/8295 (state 02:10:19)
      [block p=0.82] chunk 5849/8295  61s  (eta 25s)
      [block p=0.82] chunk 5857/8295  123s  (eta 51s)
      [block p=0.82] chunk 5865/8295  184s  (eta 76s)
      [block p=0.82] chunk 5873/8295  253s  (eta 104s)
      [block p=0.82] chunk 5881/8295  320s  (eta 132s)
      [block p=0.82] chunk 5889/8295  386s  (eta 158s)
      [block p=0.82] chunk 5897/8295  452s  (eta 184s)
== phase run-d3: d=3 L=8 grid [0.82] ==
   K = 3865 orbits; done = [0.84]
   [block p=0.82] RESUMED at chunk 5898/8295 (state 02:20:40)
      [block p=0.82] chunk 5905/8295  63s  (eta 25s)
      [block p=0.82] chunk 5913/8295  127s  (eta 51s)
      [block p=0.82] chunk 5921/8295  187s  (eta 75s)
      [block p=0.82] chunk 5929/8295  254s  (eta 101s)
      [block p=0.82] chunk 5937/8295  314s  (eta 125s)
      [block p=0.82] chunk 5945/8295  374s  (eta 148s)
      [block p=0.82] chunk 5953/8295  434s  (eta 171s)
      [block p=0.82] chunk 5961/8295  491s  (eta 192s)
== phase run-d3: d=3 L=8 grid [0.82] ==
   K = 3865 orbits; done = [0.84]
   [block p=0.82] RESUMED at chunk 5962/8295 (state 02:30:00)
      [block p=0.82] chunk 5969/8295  63s  (eta 24s)
      [block p=0.82] chunk 5977/8295  132s  (eta 51s)
      [block p=0.82] chunk 5985/8295  204s  (eta 79s)
      [block p=0.82] chunk 5993/8295  270s  (eta 104s)
      [block p=0.82] chunk 6001/8295  337s  (eta 129s)
      [block p=0.82] chunk 6009/8295  405s  (eta 154s)
      [block p=0.82] chunk 6017/8295  474s  (eta 179s)
== phase run-d3: d=3 L=8 grid [0.82] ==
   K = 3865 orbits; done = [0.84]
   [block p=0.82] RESUMED at chunk 6018/8295 (state 02:41:07)
      [block p=0.82] chunk 6025/8295  55s  (eta 21s)
      [block p=0.82] chunk 6033/8295  122s  (eta 46s)
      [block p=0.82] chunk 6041/8295  187s  (eta 70s)
      [block p=0.82] chunk 6049/8295  248s  (eta 92s)
      [block p=0.82] chunk 6057/8295  308s  (eta 114s)
      [block p=0.82] chunk 6065/8295  371s  (eta 136s)
      [block p=0.82] chunk 6073/8295  435s  (eta 159s)
      [block p=0.82] chunk 6081/8295  503s  (eta 183s)
== phase run-d3: d=3 L=8 grid [0.82] ==
   K = 3865 orbits; done = [0.84]
   [block p=0.82] RESUMED at chunk 6082/8295 (state 02:50:19)
      [block p=0.82] chunk 6089/8295  54s  (eta 20s)
      [block p=0.82] chunk 6097/8295  114s  (eta 41s)
      [block p=0.82] chunk 6105/8295  177s  (eta 63s)
      [block p=0.82] chunk 6113/8295  245s  (eta 87s)
      [block p=0.82] chunk 6121/8295  312s  (eta 111s)
      [block p=0.82] chunk 6129/8295  371s  (eta 131s)
      [block p=0.82] chunk 6137/8295  431s  (eta 152s)
      [block p=0.82] chunk 6145/8295  489s  (eta 171s)
== phase run-d3: d=3 L=8 grid [0.82] ==
   K = 3865 orbits; done = [0.84]
   [block p=0.82] RESUMED at chunk 6146/8295 (state 03:01:22)
      [block p=0.82] chunk 6153/8295  63s  (eta 22s)
      [block p=0.82] chunk 6161/8295  132s  (eta 46s)
      [block p=0.82] chunk 6169/8295  198s  (eta 68s)
      [block p=0.82] chunk 6177/8295  266s  (eta 91s)
      [block p=0.82] chunk 6185/8295  333s  (eta 114s)
      [block p=0.82] chunk 6193/8295  397s  (eta 135s)
      [block p=0.82] chunk 6201/8295  455s  (eta 154s)
== phase run-d3: d=3 L=8 grid [0.82] ==
   K = 3865 orbits; done = [0.84]
   [block p=0.82] RESUMED at chunk 6202/8295 (state 03:09:30)
      [block p=0.82] chunk 6209/8295  60s  (eta 20s)
      [block p=0.82] chunk 6217/8295  127s  (eta 43s)
      [block p=0.82] chunk 6225/8295  191s  (eta 64s)
      [block p=0.82] chunk 6233/8295  259s  (eta 86s)
      [block p=0.82] chunk 6241/8295  324s  (eta 107s)
      [block p=0.82] chunk 6249/8295  392s  (eta 128s)
      [block p=0.82] chunk 6257/8295  464s  (eta 151s)
== phase run-d3: d=3 L=8 grid [0.82] ==
   K = 3865 orbits; done = [0.84]
   [block p=0.82] RESUMED at chunk 6258/8295 (state 03:20:52)
      [block p=0.82] chunk 6265/8295  61s  (eta 20s)
      [block p=0.82] chunk 6273/8295  125s  (eta 40s)
      [block p=0.82] chunk 6281/8295  188s  (eta 60s)
      [block p=0.82] chunk 6289/8295  248s  (eta 79s)
      [block p=0.82] chunk 6297/8295  306s  (eta 97s)
      [block p=0.82] chunk 6305/8295  365s  (eta 115s)
      [block p=0.82] chunk 6313/8295  427s  (eta 134s)
      [block p=0.82] chunk 6321/8295  488s  (eta 152s)
== phase run-d3: d=3 L=8 grid [0.82] ==
   K = 3865 orbits; done = [0.84]
   [block p=0.82] RESUMED at chunk 6322/8295 (state 03:29:59)
      [block p=0.82] chunk 6329/8295  65s  (eta 20s)
      [block p=0.82] chunk 6337/8295  133s  (eta 41s)
      [block p=0.82] chunk 6345/8295  197s  (eta 60s)
      [block p=0.82] chunk 6353/8295  266s  (eta 81s)
      [block p=0.82] chunk 6361/8295  332s  (eta 101s)
      [block p=0.82] chunk 6369/8295  389s  (eta 118s)
      [block p=0.82] chunk 6377/8295  457s  (eta 137s)
== phase run-d3: d=3 L=8 grid [0.82] ==
   K = 3865 orbits; done = [0.84]
   [block p=0.82] RESUMED at chunk 6378/8295 (state 03:40:47)
      [block p=0.82] chunk 6385/8295  66s  (eta 20s)
      [block p=0.82] chunk 6393/8295  134s  (eta 40s)
      [block p=0.82] chunk 6401/8295  197s  (eta 58s)
      [block p=0.82] chunk 6409/8295  264s  (eta 78s)
      [block p=0.82] chunk 6417/8295  328s  (eta 96s)
      [block p=0.82] chunk 6425/8295  394s  (eta 115s)
      [block p=0.82] chunk 6433/8295  459s  (eta 133s)
== phase run-d3: d=3 L=8 grid [0.82] ==
   K = 3865 orbits; done = [0.84]
   [block p=0.82] RESUMED at chunk 6434/8295 (state 03:49:38)
      [block p=0.82] chunk 6441/8295  64s  (eta 19s)
      [block p=0.82] chunk 6449/8295  128s  (eta 37s)
      [block p=0.82] chunk 6457/8295  197s  (eta 56s)
      [block p=0.82] chunk 6465/8295  263s  (eta 74s)
      [block p=0.82] chunk 6473/8295  327s  (eta 92s)
      [block p=0.82] chunk 6481/8295  397s  (eta 111s)
      [block p=0.82] chunk 6489/8295  466s  (eta 130s)
== phase run-d3: d=3 L=8 grid [0.82] ==
   K = 3865 orbits; done = [0.84]
   [block p=0.82] RESUMED at chunk 6490/8295 (state 04:01:03)
      [block p=0.82] chunk 6497/8295  54s  (eta 15s)
      [block p=0.82] chunk 6505/8295  121s  (eta 33s)
      [block p=0.82] chunk 6513/8295  188s  (eta 51s)
      [block p=0.82] chunk 6521/8295  256s  (eta 70s)
      [block p=0.82] chunk 6529/8295  323s  (eta 87s)
      [block p=0.82] chunk 6537/8295  394s  (eta 106s)
      [block p=0.82] chunk 6545/8295  464s  (eta 124s)
== phase run-d3: d=3 L=8 grid [0.82] ==
   K = 3865 orbits; done = [0.84]
   [block p=0.82] RESUMED at chunk 6546/8295 (state 04:09:51)
      [block p=0.82] chunk 6553/8295  61s  (eta 16s)
      [block p=0.82] chunk 6561/8295  128s  (eta 34s)
      [block p=0.82] chunk 6569/8295  192s  (eta 50s)
      [block p=0.82] chunk 6577/8295  252s  (eta 66s)
      [block p=0.82] chunk 6585/8295  318s  (eta 83s)
      [block p=0.82] chunk 6593/8295  383s  (eta 99s)
      [block p=0.82] chunk 6601/8295  447s  (eta 115s)
      [block p=0.82] chunk 6609/8295  507s  (eta 129s)
== phase run-d3: d=3 L=8 grid [0.82] ==
   K = 3865 orbits; done = [0.84]
   [block p=0.82] RESUMED at chunk 6610/8295 (state 04:21:36)
      [block p=0.82] chunk 6617/8295  61s  (eta 15s)
      [block p=0.82] chunk 6625/8295  120s  (eta 30s)
      [block p=0.82] chunk 6633/8295  177s  (eta 44s)
      [block p=0.82] chunk 6641/8295  243s  (eta 61s)
      [block p=0.82] chunk 6649/8295  309s  (eta 77s)
      [block p=0.82] chunk 6657/8295  379s  (eta 93s)
      [block p=0.82] chunk 6665/8295  449s  (eta 110s)
== phase run-d3: d=3 L=8 grid [0.82] ==
   K = 3865 orbits; done = [0.84]
   [block p=0.82] RESUMED at chunk 6666/8295 (state 04:29:20)
      [block p=0.82] chunk 6673/8295  55s  (eta 13s)
      [block p=0.82] chunk 6681/8295  113s  (eta 27s)
      [block p=0.82] chunk 6689/8295  179s  (eta 43s)
      [block p=0.82] chunk 6697/8295  238s  (eta 57s)
      [block p=0.82] chunk 6705/8295  297s  (eta 70s)
      [block p=0.82] chunk 6713/8295  361s  (eta 85s)
      [block p=0.82] chunk 6721/8295  425s  (eta 100s)
      [block p=0.82] chunk 6729/8295  488s  (eta 114s)
== phase run-d3: d=3 L=8 grid [0.82] ==
   K = 3865 orbits; done = [0.84]
   [block p=0.82] RESUMED at chunk 6730/8295 (state 04:41:18)
      [block p=0.82] chunk 6737/8295  64s  (eta 15s)
      [block p=0.82] chunk 6745/8295  134s  (eta 31s)
      [block p=0.82] chunk 6753/8295  195s  (eta 45s)
      [block p=0.82] chunk 6761/8295  257s  (eta 58s)
      [block p=0.82] chunk 6769/8295  323s  (eta 73s)
      [block p=0.82] chunk 6777/8295  393s  (eta 88s)
      [block p=0.82] chunk 6785/8295  461s  (eta 103s)
== phase run-d3: d=3 L=8 grid [0.82] ==
   K = 3865 orbits; done = [0.84]
   [block p=0.82] RESUMED at chunk 6786/8295 (state 04:49:48)
      [block p=0.82] chunk 6793/8295  65s  (eta 14s)
      [block p=0.82] chunk 6801/8295  133s  (eta 29s)
      [block p=0.82] chunk 6809/8295  202s  (eta 44s)
      [block p=0.82] chunk 6817/8295  273s  (eta 59s)
      [block p=0.82] chunk 6825/8295  342s  (eta 74s)
      [block p=0.82] chunk 6833/8295  405s  (eta 87s)
      [block p=0.82] chunk 6841/8295  470s  (eta 100s)
== phase run-d3: d=3 L=8 grid [0.82] ==
   K = 3865 orbits; done = [0.84]
   [block p=0.82] RESUMED at chunk 6842/8295 (state 05:01:02)
      [block p=0.82] chunk 6849/8295  64s  (eta 14s)
      [block p=0.82] chunk 6857/8295  132s  (eta 28s)
      [block p=0.82] chunk 6865/8295  203s  (eta 42s)
      [block p=0.82] chunk 6873/8295  263s  (eta 55s)
      [block p=0.82] chunk 6881/8295  325s  (eta 67s)
      [block p=0.82] chunk 6889/8295  388s  (eta 79s)
      [block p=0.82] chunk 6897/8295  456s  (eta 92s)
      [block p=0.82] chunk 6905/8295  517s  (eta 104s)
== phase run-d3: d=3 L=8 grid [0.82] ==
   K = 3865 orbits; done = [0.84]
   [block p=0.82] RESUMED at chunk 6906/8295 (state 05:10:32)
      [block p=0.82] chunk 6913/8295  67s  (eta 13s)
      [block p=0.82] chunk 6921/8295  135s  (eta 27s)
      [block p=0.82] chunk 6929/8295  204s  (eta 40s)
      [block p=0.82] chunk 6937/8295  266s  (eta 52s)
      [block p=0.82] chunk 6945/8295  333s  (eta 65s)
      [block p=0.82] chunk 6953/8295  402s  (eta 78s)
      [block p=0.82] chunk 6961/8295  472s  (eta 90s)
== phase run-d3: d=3 L=8 grid [0.82] ==
   K = 3865 orbits; done = [0.84]
   [block p=0.82] RESUMED at chunk 6962/8295 (state 05:21:04)
      [block p=0.82] chunk 6969/8295  54s  (eta 10s)
      [block p=0.82] chunk 6977/8295  121s  (eta 23s)
      [block p=0.82] chunk 6985/8295  186s  (eta 35s)
      [block p=0.82] chunk 6993/8295  248s  (eta 46s)
      [block p=0.82] chunk 7001/8295  307s  (eta 57s)
      [block p=0.82] chunk 7009/8295  368s  (eta 67s)
      [block p=0.82] chunk 7017/8295  430s  (eta 78s)
      [block p=0.82] chunk 7025/8295  492s  (eta 89s)
== phase run-d3: d=3 L=8 grid [0.82] ==
   K = 3865 orbits; done = [0.84]
   [block p=0.82] RESUMED at chunk 7026/8295 (state 05:30:06)
      [block p=0.82] chunk 7033/8295  64s  (eta 12s)
      [block p=0.82] chunk 7041/8295  130s  (eta 23s)
      [block p=0.82] chunk 7049/8295  187s  (eta 33s)
      [block p=0.82] chunk 7057/8295  245s  (eta 43s)
      [block p=0.82] chunk 7065/8295  315s  (eta 55s)
      [block p=0.82] chunk 7073/8295  383s  (eta 66s)
      [block p=0.82] chunk 7081/8295  451s  (eta 77s)
      [block p=0.82] chunk 7089/8295  518s  (eta 88s)
== phase run-d3: d=3 L=8 grid [0.82] ==
   K = 3865 orbits; done = [0.84]
   [block p=0.82] RESUMED at chunk 7082/8295 (state 05:40:43)
      [block p=0.82] chunk 7089/8295  55s  (eta 9s)
      [block p=0.82] chunk 7097/8295  111s  (eta 19s)
      [block p=0.82] chunk 7105/8295  177s  (eta 30s)
      [block p=0.82] chunk 7113/8295  246s  (eta 41s)
      [block p=0.82] chunk 7121/8295  311s  (eta 51s)
      [block p=0.82] chunk 7129/8295  372s  (eta 61s)
      [block p=0.82] chunk 7137/8295  437s  (eta 71s)
      [block p=0.82] chunk 7145/8295  514s  (eta 83s)
== phase run-d3: d=3 L=8 grid [0.82] ==
   K = 3865 orbits; done = [0.84]
   [block p=0.82] RESUMED at chunk 7146/8295 (state 05:50:46)
      [block p=0.82] chunk 7153/8295  63s  (eta 10s)
      [block p=0.82] chunk 7161/8295  129s  (eta 20s)
      [block p=0.82] chunk 7169/8295  192s  (eta 30s)
      [block p=0.82] chunk 7177/8295  252s  (eta 39s)
      [block p=0.82] chunk 7185/8295  309s  (eta 48s)
      [block p=0.82] chunk 7193/8295  371s  (eta 57s)
      [block p=0.82] chunk 7201/8295  429s  (eta 65s)
      [block p=0.82] chunk 7209/8295  495s  (eta 75s)
== phase run-d3: d=3 L=8 grid [0.82] ==
   K = 3865 orbits; done = [0.84]
   [block p=0.82] RESUMED at chunk 7210/8295 (state 06:01:28)
      [block p=0.82] chunk 7217/8295  56s  (eta 8s)
      [block p=0.82] chunk 7225/8295  113s  (eta 17s)
      [block p=0.82] chunk 7233/8295  175s  (eta 26s)
      [block p=0.82] chunk 7241/8295  248s  (eta 36s)
      [block p=0.82] chunk 7249/8295  312s  (eta 45s)
      [block p=0.82] chunk 7257/8295  379s  (eta 54s)
      [block p=0.82] chunk 7265/8295  445s  (eta 63s)
      [block p=0.82] chunk 7273/8295  514s  (eta 72s)
== phase run-d3: d=3 L=8 grid [0.82] ==
   K = 3865 orbits; done = [0.84]
   [block p=0.82] RESUMED at chunk 7274/8295 (state 06:10:30)
      [block p=0.82] chunk 7281/8295  68s  (eta 9s)
      [block p=0.82] chunk 7289/8295  135s  (eta 19s)
      [block p=0.82] chunk 7297/8295  207s  (eta 28s)
      [block p=0.82] chunk 7305/8295  264s  (eta 36s)
      [block p=0.82] chunk 7313/8295  333s  (eta 45s)
      [block p=0.82] chunk 7321/8295  398s  (eta 53s)
      [block p=0.82] chunk 7329/8295  464s  (eta 61s)
== phase run-d3: d=3 L=8 grid [0.82] ==
   K = 3865 orbits; done = [0.84]
   [block p=0.82] RESUMED at chunk 7330/8295 (state 06:20:53)
      [block p=0.82] chunk 7337/8295  65s  (eta 9s)
      [block p=0.82] chunk 7345/8295  139s  (eta 18s)
      [block p=0.82] chunk 7353/8295  208s  (eta 27s)
      [block p=0.82] chunk 7361/8295  281s  (eta 36s)
      [block p=0.82] chunk 7369/8295  352s  (eta 44s)
      [block p=0.82] chunk 7377/8295  421s  (eta 52s)
      [block p=0.82] chunk 7385/8295  492s  (eta 61s)
== phase run-d3: d=3 L=8 grid [0.82] ==
   K = 3865 orbits; done = [0.84]
   [block p=0.82] RESUMED at chunk 7386/8295 (state 06:30:04)
      [block p=0.82] chunk 7393/8295  60s  (eta 7s)
      [block p=0.82] chunk 7401/8295  127s  (eta 15s)
      [block p=0.82] chunk 7409/8295  184s  (eta 22s)
      [block p=0.82] chunk 7417/8295  252s  (eta 30s)
      [block p=0.82] chunk 7425/8295  311s  (eta 36s)
      [block p=0.82] chunk 7433/8295  378s  (eta 44s)
      [block p=0.82] chunk 7441/8295  449s  (eta 51s)
== phase run-d3: d=3 L=8 grid [0.82] ==
   K = 3865 orbits; done = [0.84]
   [block p=0.82] RESUMED at chunk 7442/8295 (state 06:40:37)
      [block p=0.82] chunk 7449/8295  59s  (eta 7s)
      [block p=0.82] chunk 7457/8295  117s  (eta 13s)
      [block p=0.82] chunk 7465/8295  178s  (eta 20s)
      [block p=0.82] chunk 7473/8295  246s  (eta 27s)
      [block p=0.82] chunk 7481/8295  306s  (eta 33s)
      [block p=0.82] chunk 7489/8295  367s  (eta 40s)
      [block p=0.82] chunk 7497/8295  430s  (eta 46s)
      [block p=0.82] chunk 7505/8295  501s  (eta 53s)
== phase run-d3: d=3 L=8 grid [0.82] ==
   K = 3865 orbits; done = [0.84]
   [block p=0.82] RESUMED at chunk 7506/8295 (state 06:50:21)
      [block p=0.82] chunk 7513/8295  63s  (eta 7s)
      [block p=0.82] chunk 7521/8295  120s  (eta 12s)
      [block p=0.82] chunk 7529/8295  180s  (eta 18s)
      [block p=0.82] chunk 7537/8295  240s  (eta 24s)
      [block p=0.82] chunk 7545/8295  300s  (eta 30s)
      [block p=0.82] chunk 7553/8295  370s  (eta 36s)
      [block p=0.82] chunk 7561/8295  436s  (eta 42s)
      [block p=0.82] chunk 7569/8295  497s  (eta 48s)
== phase run-d3: d=3 L=8 grid [0.82] ==
   K = 3865 orbits; done = [0.84]
   [block p=0.82] RESUMED at chunk 7570/8295 (state 07:01:31)
      [block p=0.82] chunk 7577/8295  55s  (eta 5s)
      [block p=0.82] chunk 7585/8295  123s  (eta 12s)
      [block p=0.82] chunk 7593/8295  193s  (eta 18s)
      [block p=0.82] chunk 7601/8295  260s  (eta 24s)
      [block p=0.82] chunk 7609/8295  331s  (eta 30s)
      [block p=0.82] chunk 7617/8295  391s  (eta 35s)
      [block p=0.82] chunk 7625/8295  452s  (eta 40s)
== phase run-d3: d=3 L=8 grid [0.82] ==
   K = 3865 orbits; done = [0.84]
   [block p=0.82] RESUMED at chunk 7626/8295 (state 07:09:29)
      [block p=0.82] chunk 7633/8295  55s  (eta 5s)
      [block p=0.82] chunk 7641/8295  121s  (eta 10s)
      [block p=0.82] chunk 7649/8295  189s  (eta 16s)
      [block p=0.82] chunk 7657/8295  261s  (eta 22s)
      [block p=0.82] chunk 7665/8295  321s  (eta 26s)
      [block p=0.82] chunk 7673/8295  386s  (eta 31s)
      [block p=0.82] chunk 7681/8295  455s  (eta 36s)
== phase run-d3: d=3 L=8 grid [0.82] ==
   K = 3865 orbits; done = [0.84]
   [block p=0.82] RESUMED at chunk 7682/8295 (state 07:22:08)
      [block p=0.82] chunk 7689/8295  54s  (eta 4s)
      [block p=0.82] chunk 7697/8295  120s  (eta 9s)
      [block p=0.82] chunk 7705/8295  184s  (eta 14s)
      [block p=0.82] chunk 7713/8295  256s  (eta 19s)
      [block p=0.82] chunk 7721/8295  314s  (eta 23s)
      [block p=0.82] chunk 7729/8295  376s  (eta 28s)
      [block p=0.82] chunk 7737/8295  439s  (eta 32s)
      [block p=0.82] chunk 7745/8295  503s  (eta 36s)
== phase run-d3: d=3 L=8 grid [0.82] ==
   K = 3865 orbits; done = [0.84]
   [block p=0.82] RESUMED at chunk 7746/8295 (state 07:31:47)
      [block p=0.82] chunk 7753/8295  66s  (eta 5s)
      [block p=0.82] chunk 7761/8295  138s  (eta 9s)
      [block p=0.82] chunk 7769/8295  206s  (eta 14s)
      [block p=0.82] chunk 7777/8295  278s  (eta 19s)
      [block p=0.82] chunk 7785/8295  340s  (eta 22s)
      [block p=0.82] chunk 7793/8295  408s  (eta 26s)
      [block p=0.82] chunk 7801/8295  478s  (eta 30s)
== phase run-d3: d=3 L=8 grid [0.82] ==
   K = 3865 orbits; done = [0.84]
   [block p=0.82] RESUMED at chunk 7802/8295 (state 07:41:23)
      [block p=0.82] chunk 7809/8295  61s  (eta 4s)
      [block p=0.82] chunk 7817/8295  126s  (eta 8s)
      [block p=0.82] chunk 7825/8295  192s  (eta 12s)
      [block p=0.82] chunk 7833/8295  254s  (eta 15s)
      [block p=0.82] chunk 7841/8295  314s  (eta 18s)
      [block p=0.82] chunk 7849/8295  376s  (eta 21s)
      [block p=0.82] chunk 7857/8295  451s  (eta 25s)
== phase run-d3: d=3 L=8 grid [0.82] ==
   K = 3865 orbits; done = [0.84]
   [block p=0.82] RESUMED at chunk 7858/8295 (state 07:49:38)
      [block p=0.82] chunk 7865/8295  61s  (eta 3s)
      [block p=0.82] chunk 7873/8295  122s  (eta 7s)
      [block p=0.82] chunk 7881/8295  180s  (eta 9s)
      [block p=0.82] chunk 7889/8295  253s  (eta 13s)
      [block p=0.82] chunk 7897/8295  311s  (eta 16s)
      [block p=0.82] chunk 7905/8295  371s  (eta 18s)
      [block p=0.82] chunk 7913/8295  439s  (eta 21s)
      [block p=0.82] chunk 7921/8295  507s  (eta 24s)
== phase run-d3: d=3 L=8 grid [0.82] ==
   K = 3865 orbits; done = [0.84]
   [block p=0.82] RESUMED at chunk 7922/8295 (state 08:01:39)
      [block p=0.82] chunk 7929/8295  65s  (eta 3s)
      [block p=0.82] chunk 7937/8295  132s  (eta 6s)
      [block p=0.82] chunk 7945/8295  198s  (eta 9s)
      [block p=0.82] chunk 7953/8295  258s  (eta 11s)
      [block p=0.82] chunk 7961/8295  316s  (eta 13s)
      [block p=0.82] chunk 7969/8295  377s  (eta 15s)
      [block p=0.82] chunk 7977/8295  433s  (eta 17s)
      [block p=0.82] chunk 7985/8295  503s  (eta 20s)
== phase run-d3: d=3 L=8 grid [0.82] ==
   K = 3865 orbits; done = [0.84]
   [block p=0.82] RESUMED at chunk 7986/8295 (state 08:10:18)
      [block p=0.82] chunk 7993/8295  62s  (eta 2s)
      [block p=0.82] chunk 8001/8295  124s  (eta 5s)
      [block p=0.82] chunk 8009/8295  182s  (eta 6s)
      [block p=0.82] chunk 8017/8295  252s  (eta 9s)
      [block p=0.82] chunk 8025/8295  323s  (eta 11s)
      [block p=0.82] chunk 8033/8295  389s  (eta 13s)
      [block p=0.82] chunk 8041/8295  454s  (eta 14s)
== phase run-d3: d=3 L=8 grid [0.82] ==
   K = 3865 orbits; done = [0.84]
   [block p=0.82] RESUMED at chunk 8042/8295 (state 08:20:56)
      [block p=0.82] chunk 8049/8295  68s  (eta 2s)
      [block p=0.82] chunk 8057/8295  129s  (eta 4s)
      [block p=0.82] chunk 8065/8295  200s  (eta 6s)
      [block p=0.82] chunk 8073/8295  273s  (eta 8s)
      [block p=0.82] chunk 8081/8295  342s  (eta 9s)
      [block p=0.82] chunk 8089/8295  401s  (eta 10s)
      [block p=0.82] chunk 8097/8295  472s  (eta 12s)
== phase run-d3: d=3 L=8 grid [0.82] ==
   K = 3865 orbits; done = [0.84]
   [block p=0.82] RESUMED at chunk 8098/8295 (state 08:29:56)
      [block p=0.82] chunk 8105/8295  56s  (eta 1s)
      [block p=0.82] chunk 8113/8295  115s  (eta 3s)
      [block p=0.82] chunk 8121/8295  180s  (eta 4s)
      [block p=0.82] chunk 8129/8295  248s  (eta 5s)
      [block p=0.82] chunk 8137/8295  305s  (eta 6s)
      [block p=0.82] chunk 8145/8295  369s  (eta 7s)
      [block p=0.82] chunk 8153/8295  433s  (eta 8s)
      [block p=0.82] chunk 8161/8295  494s  (eta 8s)
== phase run-d3: d=3 L=8 grid [0.82] ==
   K = 3865 orbits; done = [0.84]
   [block p=0.82] RESUMED at chunk 8162/8295 (state 08:41:27)
      [block p=0.82] chunk 8169/8295  54s  (eta 1s)
      [block p=0.82] chunk 8177/8295  121s  (eta 2s)
      [block p=0.82] chunk 8185/8295  190s  (eta 3s)
      [block p=0.82] chunk 8193/8295  260s  (eta 3s)
      [block p=0.82] chunk 8201/8295  327s  (eta 4s)
      [block p=0.82] chunk 8209/8295  396s  (eta 4s)
      [block p=0.82] chunk 8217/8295  457s  (eta 4s)
== phase run-d3: d=3 L=8 grid [0.82] ==
   K = 3865 orbits; done = [0.84]
   [block p=0.82] RESUMED at chunk 8218/8295 (state 08:49:32)
      [block p=0.82] chunk 8225/8295  64s  (eta 1s)
      [block p=0.82] chunk 8233/8295  133s  (eta 1s)
      [block p=0.82] chunk 8241/8295  194s  (eta 1s)
      [block p=0.82] chunk 8249/8295  263s  (eta 1s)
      [block p=0.82] chunk 8257/8295  321s  (eta 1s)
      [block p=0.82] chunk 8265/8295  381s  (eta 1s)
      [block p=0.82] chunk 8273/8295  453s  (eta 1s)
      [block p=0.82] chunk 8281/8295  513s  (eta 1s)
== phase run-d3: d=3 L=8 grid [0.82] ==
   K = 3865 orbits; done = [0.84]
   [block p=0.82] RESUMED at chunk 8282/8295 (state 09:02:41)
      [block p=0.82] chunk 8289/8295  53s  (eta 0s)
   p=0.82: lam1=3.28429324e-12 lam2=1.27228469e-12 gap12=0.94834  [115.3s]
