== phase run-d3: d=3 L=8 grid [0.86] ==
   K = 3865 orbits; done = [0.82, 0.84]
      [block p=0.86] chunk 1/8295  8s  (eta 70161s)
      [block p=0.86] chunk 9/8295  74s  (eta 67875s)
      [block p=0.86] chunk 17/8295  142s  (eta 69237s)
      [block p=0.86] chunk 25/8295  207s  (eta 68414s)
      [block p=0.86] chunk 33/8295  279s  (eta 69806s)
      [block p=0.86] chunk 41/8295  348s  (eta 70031s)
      [block p=0.86] chunk 49/8295  416s  (eta 70061s)
      [block p=0.86] chunk 57/8295  482s  (eta 69663s)
== phase run-d3: d=3 L=8 grid [0.86] ==
   K = 3865 orbits; done = [0.82, 0.84]
   [block p=0.86] RESUMED at chunk 58/8295 (state 09:21:18)
      [block p=0.86] chunk 65/8295  63s  (eta 7963s)
      [block p=0.86] chunk 73/8295  119s  (eta 13356s)
      [block p=0.86] chunk 81/8295  179s  (eta 18174s)
      [block p=0.86] chunk 89/8295  241s  (eta 22200s)
      [block p=0.86] chunk 97/8295  301s  (eta 25470s)
      [block p=0.86] chunk 105/8295  362s  (eta 28222s)
      [block p=0.86] chunk 113/8295  423s  (eta 30637s)
      [block p=0.86] chunk 121/8295  481s  (eta 32480s)
== phase run-d3: d=3 L=8 grid [0.86] ==
   K = 3865 orbits; done = [0.82, 0.84]
   [block p=0.86] RESUMED at chunk 122/8295 (state 09:30:18)
      [block p=0.86] chunk 129/8295  55s  (eta 3465s)
      [block p=0.86] chunk 137/8295  114s  (eta 6798s)
      [block p=0.86] chunk 145/8295  176s  (eta 9905s)
      [block p=0.86] chunk 153/8295  245s  (eta 13034s)
      [block p=0.86] chunk 161/8295  306s  (eta 15463s)
      [block p=0.86] chunk 169/8295  368s  (eta 17708s)
      [block p=0.86] chunk 177/8295  433s  (eta 19869s)
      [block p=0.86] chunk 185/8295  497s  (eta 21797s)
== phase run-d3: d=3 L=8 grid [0.86] ==
   K = 3865 orbits; done = [0.82, 0.84]
   [block p=0.86] RESUMED at chunk 186/8295 (state 09:41:35)
      [block p=0.86] chunk 193/8295  64s  (eta 2678s)
      [block p=0.86] chunk 201/8295  125s  (eta 5046s)
      [block p=0.86] chunk 209/8295  193s  (eta 7453s)
      [block p=0.86] chunk 217/8295  252s  (eta 9398s)
      [block p=0.86] chunk 225/8295  313s  (eta 11234s)
      [block p=0.86] chunk 233/8295  383s  (eta 13263s)
      [block p=0.86] chunk 241/8295  454s  (eta 15162s)
      [block p=0.86] chunk 249/8295  517s  (eta 16690s)
== phase run-d3: d=3 L=8 grid [0.86] ==
   K = 3865 orbits; done = [0.82, 0.84]
   [block p=0.86] RESUMED at chunk 250/8295 (state 09:50:37)
      [block p=0.86] chunk 257/8295  59s  (eta 1850s)
      [block p=0.86] chunk 265/8295  124s  (eta 3766s)
      [block p=0.86] chunk 273/8295  186s  (eta 5466s)
      [block p=0.86] chunk 281/8295  248s  (eta 7073s)
      [block p=0.86] chunk 289/8295  309s  (eta 8558s)
      [block p=0.86] chunk 297/8295  371s  (eta 9993s)
      [block p=0.86] chunk 305/8295  432s  (eta 11326s)
      [block p=0.86] chunk 313/8295  501s  (eta 12772s)
== phase run-d3: d=3 L=8 grid [0.86] ==
   K = 3865 orbits; done = [0.82, 0.84]
   [block p=0.86] RESUMED at chunk 314/8295 (state 10:01:31)
      [block p=0.86] chunk 321/8295  63s  (eta 1569s)
      [block p=0.86] chunk 329/8295  134s  (eta 3247s)
      [block p=0.86] chunk 337/8295  202s  (eta 4779s)
      [block p=0.86] chunk 345/8295  263s  (eta 6066s)
      [block p=0.86] chunk 353/8295  330s  (eta 7430s)
      [block p=0.86] chunk 361/8295  394s  (eta 8658s)
      [block p=0.86] chunk 369/8295  463s  (eta 9935s)
== phase run-d3: d=3 L=8 grid [0.86] ==
   K = 3865 orbits; done = [0.82, 0.84]
   [block p=0.86] RESUMED at chunk 370/8295 (state 10:09:36)
      [block p=0.86] chunk 377/8295  59s  (eta 1246s)
      [block p=0.86] chunk 385/8295  118s  (eta 2429s)
      [block p=0.86] chunk 393/8295  180s  (eta 3615s)
      [block p=0.86] chunk 401/8295  244s  (eta 4794s)
      [block p=0.86] chunk 409/8295  310s  (eta 5984s)
      [block p=0.86] chunk 417/8295  373s  (eta 7047s)
      [block p=0.86] chunk 425/8295  436s  (eta 8078s)
      [block p=0.86] chunk 433/8295  506s  (eta 9192s)
== phase run-d3: d=3 L=8 grid [0.86] ==
   K = 3865 orbits; done = [0.82, 0.84]
   [block p=0.86] RESUMED at chunk 434/8295 (state 10:21:45)
      [block p=0.86] chunk 441/8295  55s  (eta 982s)
      [block p=0.86] chunk 449/8295  122s  (eta 2136s)
      [block p=0.86] chunk 457/8295  189s  (eta 3234s)
      [block p=0.86] chunk 465/8295  258s  (eta 4337s)
      [block p=0.86] chunk 473/8295  324s  (eta 5361s)
      [block p=0.86] chunk 481/8295  392s  (eta 6363s)
      [block p=0.86] chunk 489/8295  462s  (eta 7370s)
== phase run-d3: d=3 L=8 grid [0.86] ==
   K = 3865 orbits; done = [0.82, 0.84]
   [block p=0.86] RESUMED at chunk 490/8295 (state 10:29:43)
      [block p=0.86] chunk 497/8295  63s  (eta 988s)
      [block p=0.86] chunk 505/8295  129s  (eta 1992s)
      [block p=0.86] chunk 513/8295  201s  (eta 3047s)
      [block p=0.86] chunk 521/8295  272s  (eta 4054s)
      [block p=0.86] chunk 529/8295  336s  (eta 4938s)
      [block p=0.86] chunk 537/8295  396s  (eta 5721s)
      [block p=0.86] chunk 545/8295  465s  (eta 6607s)
== phase run-d3: d=3 L=8 grid [0.86] ==
   K = 3865 orbits; done = [0.82, 0.84]
   [block p=0.86] RESUMED at chunk 546/8295 (state 10:40:54)
      [block p=0.86] chunk 553/8295  58s  (eta 806s)
      [block p=0.86] chunk 561/8295  121s  (eta 1673s)
      [block p=0.86] chunk 569/8295  185s  (eta 2517s)
      [block p=0.86] chunk 577/8295  252s  (eta 3370s)
      [block p=0.86] chunk 585/8295  320s  (eta 4222s)
      [block p=0.86] chunk 593/8295  393s  (eta 5102s)
      [block p=0.86] chunk 601/8295  463s  (eta 5929s)
== phase run-d3: d=3 L=8 grid [0.86] ==
   K = 3865 orbits; done = [0.82, 0.84]
   [block p=0.86] RESUMED at chunk 602/8295 (state 10:49:36)
      [block p=0.86] chunk 609/8295  58s  (eta 735s)
      [block p=0.86] chunk 617/8295  126s  (eta 1566s)
      [block p=0.86] chunk 625/8295  195s  (eta 2393s)
      [block p=0.86] chunk 633/8295  254s  (eta 3073s)
      [block p=0.86] chunk 641/8295  314s  (eta 3748s)
      [block p=0.86] chunk 649/8295  383s  (eta 4509s)
      [block p=0.86] chunk 657/8295  454s  (eta 5277s)
== phase run-d3: d=3 L=8 grid [0.86] ==
   K = 3865 orbits; done = [0.82, 0.84]
   [block p=0.86] RESUMED at chunk 658/8295 (state 11:00:56)
      [block p=0.86] chunk 665/8295  63s  (eta 720s)
      [block p=0.86] chunk 673/8295  130s  (eta 1475s)
      [block p=0.86] chunk 681/8295  198s  (eta 2210s)
      [block p=0.86] chunk 689/8295  269s  (eta 2970s)
      [block p=0.86] chunk 697/8295  335s  (eta 3657s)
      [block p=0.86] chunk 705/8295  406s  (eta 4376s)
      [block p=0.86] chunk 713/8295  479s  (eta 5091s)
== phase run-d3: d=3 L=8 grid [0.86] ==
   K = 3865 orbits; done = [0.82, 0.84]
   [block p=0.86] RESUMED at chunk 714/8295 (state 11:10:09)
      [block p=0.86] chunk 721/8295  68s  (eta 713s)
      [block p=0.86] chunk 729/8295  134s  (eta 1387s)
      [block p=0.86] chunk 737/8295  205s  (eta 2101s)
      [block p=0.86] chunk 745/8295  272s  (eta 2761s)
      [block p=0.86] chunk 753/8295  345s  (eta 3451s)
      [block p=0.86] chunk 761/8295  412s  (eta 4080s)
      [block p=0.86] chunk 769/8295  483s  (eta 4723s)
== phase run-d3: d=3 L=8 grid [0.86] ==
   K = 3865 orbits; done = [0.82, 0.84]
   [block p=0.86] RESUMED at chunk 770/8295 (state 11:21:30)
      [block p=0.86] chunk 777/8295  64s  (eta 623s)
      [block p=0.86] chunk 785/8295  132s  (eta 1262s)
      [block p=0.86] chunk 793/8295  197s  (eta 1864s)
      [block p=0.86] chunk 801/8295  269s  (eta 2517s)
      [block p=0.86] chunk 809/8295  337s  (eta 3116s)
      [block p=0.86] chunk 817/8295  407s  (eta 3722s)
      [block p=0.86] chunk 825/8295  480s  (eta 4345s)
== phase run-d3: d=3 L=8 grid [0.86] ==
   K = 3865 orbits; done = [0.82, 0.84]
   [block p=0.86] RESUMED at chunk 826/8295 (state 11:30:17)
      [block p=0.86] chunk 833/8295  67s  (eta 600s)
      [block p=0.86] chunk 841/8295  126s  (eta 1114s)
      [block p=0.86] chunk 849/8295  187s  (eta 1641s)
      [block p=0.86] chunk 857/8295  252s  (eta 2191s)
      [block p=0.86] chunk 865/8295  321s  (eta 2755s)
      [block p=0.86] chunk 873/8295  383s  (eta 3257s)
      [block p=0.86] chunk 881/8295  449s  (eta 3775s)
      [block p=0.86] chunk 889/8295  514s  (eta 4281s)
== phase run-d3: d=3 L=8 grid [0.86] ==
   K = 3865 orbits; done = [0.82, 0.84]
   [block p=0.86] RESUMED at chunk 890/8295 (state 11:41:51)
      [block p=0.86] chunk 897/8295  57s  (eta 473s)
      [block p=0.86] chunk 905/8295  117s  (eta 957s)
      [block p=0.86] chunk 913/8295  185s  (eta 1497s)
      [block p=0.86] chunk 921/8295  256s  (eta 2046s)
      [block p=0.86] chunk 929/8295  319s  (eta 2528s)
      [block p=0.86] chunk 937/8295  390s  (eta 3059s)
      [block p=0.86] chunk 945/8295  459s  (eta 3568s)
== phase run-d3: d=3 L=8 grid [0.86] ==
   K = 3865 orbits; done = [0.82, 0.84]
   [block p=0.86] RESUMED at chunk 946/8295 (state 11:49:40)
      [block p=0.86] chunk 953/8295  55s  (eta 425s)
      [block p=0.86] chunk 961/8295  115s  (eta 879s)
      [block p=0.86] chunk 969/8295  184s  (eta 1388s)
      [block p=0.86] chunk 977/8295  250s  (eta 1875s)
      [block p=0.86] chunk 985/8295  311s  (eta 2310s)
      [block p=0.86] chunk 993/8295  379s  (eta 2787s)
      [block p=0.86] chunk 1001/8295  449s  (eta 3273s)
      [block p=0.86] chunk 1009/8295  511s  (eta 3693s)
== phase run-d3: d=3 L=8 grid [0.86] ==
   K = 3865 orbits; done = [0.82, 0.84]
   [block p=0.86] RESUMED at chunk 1010/8295 (state 12:01:43)
      [block p=0.86] chunk 1017/8295  61s  (eta 437s)
      [block p=0.86] chunk 1025/8295  126s  (eta 894s)
      [block p=0.86] chunk 1033/8295  195s  (eta 1371s)
      [block p=0.86] chunk 1041/8295  263s  (eta 1831s)
      [block p=0.86] chunk 1049/8295  330s  (eta 2281s)
      [block p=0.86] chunk 1057/8295  391s  (eta 2680s)
      [block p=0.86] chunk 1065/8295  458s  (eta 3110s)
== phase run-d3: d=3 L=8 grid [0.86] ==
   K = 3865 orbits; done = [0.82, 0.84]
   [block p=0.86] RESUMED at chunk 1066/8295 (state 12:09:33)
      [block p=0.86] chunk 1073/8295  55s  (eta 372s)
      [block p=0.86] chunk 1081/8295  115s  (eta 767s)
      [block p=0.86] chunk 1089/8295  173s  (eta 1147s)
      [block p=0.86] chunk 1097/8295  247s  (eta 1619s)
      [block p=0.86] chunk 1105/8295  316s  (eta 2054s)
      [block p=0.86] chunk 1113/8295  383s  (eta 2474s)
      [block p=0.86] chunk 1121/8295  452s  (eta 2894s)
== phase run-d3: d=3 L=8 grid [0.86] ==
   K = 3865 orbits; done = [0.82, 0.84]
   [block p=0.86] RESUMED at chunk 1122/8295 (state 12:20:46)
      [block p=0.86] chunk 1129/8295  61s  (eta 389s)
      [block p=0.86] chunk 1137/8295  129s  (eta 813s)
      [block p=0.86] chunk 1145/8295  186s  (eta 1164s)
      [block p=0.86] chunk 1153/8295  255s  (eta 1581s)
      [block p=0.86] chunk 1161/8295  316s  (eta 1945s)
      [block p=0.86] chunk 1169/8295  379s  (eta 2311s)
      [block p=0.86] chunk 1177/8295  443s  (eta 2677s)
      [block p=0.86] chunk 1185/8295  513s  (eta 3076s)
== phase run-d3: d=3 L=8 grid [0.86] ==
   K = 3865 orbits; done = [0.82, 0.84]
   [block p=0.86] RESUMED at chunk 1186/8295 (state 12:30:30)
      [block p=0.86] chunk 1193/8295  67s  (eta 397s)
      [block p=0.86] chunk 1201/8295  137s  (eta 809s)
      [block p=0.86] chunk 1209/8295  205s  (eta 1201s)
      [block p=0.86] chunk 1217/8295  277s  (eta 1610s)
      [block p=0.86] chunk 1225/8295  340s  (eta 1964s)
      [block p=0.86] chunk 1233/8295  404s  (eta 2311s)
      [block p=0.86] chunk 1241/8295  468s  (eta 2660s)
== phase run-d3: d=3 L=8 grid [0.86] ==
   K = 3865 orbits; done = [0.82, 0.84]
   [block p=0.86] RESUMED at chunk 1242/8295 (state 12:41:02)
      [block p=0.86] chunk 1249/8295  55s  (eta 310s)
      [block p=0.86] chunk 1257/8295  116s  (eta 650s)
      [block p=0.86] chunk 1265/8295  179s  (eta 996s)
      [block p=0.86] chunk 1273/8295  239s  (eta 1319s)
      [block p=0.86] chunk 1281/8295  312s  (eta 1709s)
      [block p=0.86] chunk 1289/8295  387s  (eta 2101s)
      [block p=0.86] chunk 1297/8295  447s  (eta 2412s)
      [block p=0.86] chunk 1305/8295  515s  (eta 2758s)
== phase run-d3: d=3 L=8 grid [0.86] ==
   K = 3865 orbits; done = [0.82, 0.84]
   [block p=0.86] RESUMED at chunk 1306/8295 (state 12:50:33)
      [block p=0.86] chunk 1313/8295  63s  (eta 336s)
      [block p=0.86] chunk 1321/8295  122s  (eta 642s)
      [block p=0.86] chunk 1329/8295  184s  (eta 965s)
      [block p=0.86] chunk 1337/8295  247s  (eta 1283s)
      [block p=0.86] chunk 1345/8295  304s  (eta 1571s)
      [block p=0.86] chunk 1353/8295  364s  (eta 1868s)
      [block p=0.86] chunk 1361/8295  425s  (eta 2166s)
      [block p=0.86] chunk 1369/8295  487s  (eta 2464s)
== phase run-d3: d=3 L=8 grid [0.86] ==
   K = 3865 orbits; done = [0.82, 0.84]
   [block p=0.86] RESUMED at chunk 1370/8295 (state 13:01:27)
      [block p=0.86] chunk 1377/8295  63s  (eta 318s)
      [block p=0.86] chunk 1385/8295  127s  (eta 635s)
      [block p=0.86] chunk 1393/8295  195s  (eta 967s)
      [block p=0.86] chunk 1401/8295  257s  (eta 1262s)
      [block p=0.86] chunk 1409/8295  316s  (eta 1545s)
      [block p=0.86] chunk 1417/8295  388s  (eta 1883s)
      [block p=0.86] chunk 1425/8295  457s  (eta 2204s)
== phase run-d3: d=3 L=8 grid [0.86] ==
   K = 3865 orbits; done = [0.82, 0.84]
   [block p=0.86] RESUMED at chunk 1426/8295 (state 13:09:41)
      [block p=0.86] chunk 1433/8295  63s  (eta 300s)
      [block p=0.86] chunk 1441/8295  122s  (eta 580s)
      [block p=0.86] chunk 1449/8295  179s  (eta 848s)
      [block p=0.86] chunk 1457/8295  240s  (eta 1125s)
      [block p=0.86] chunk 1465/8295  306s  (eta 1425s)
      [block p=0.86] chunk 1473/8295  375s  (eta 1736s)
      [block p=0.86] chunk 1481/8295  445s  (eta 2049s)
      [block p=0.86] chunk 1489/8295  508s  (eta 2323s)
== phase run-d3: d=3 L=8 grid [0.86] ==
   K = 3865 orbits; done = [0.82, 0.84]
   [block p=0.86] RESUMED at chunk 1490/8295 (state 13:21:45)
      [block p=0.86] chunk 1497/8295  57s  (eta 257s)
      [block p=0.86] chunk 1505/8295  117s  (eta 526s)
      [block p=0.86] chunk 1513/8295  183s  (eta 819s)
      [block p=0.86] chunk 1521/8295  251s  (eta 1118s)
      [block p=0.86] chunk 1529/8295  314s  (eta 1391s)
      [block p=0.86] chunk 1537/8295  374s  (eta 1644s)
      [block p=0.86] chunk 1545/8295  441s  (eta 1927s)
      [block p=0.86] chunk 1553/8295  510s  (eta 2216s)
== phase run-d3: d=3 L=8 grid [0.86] ==
   K = 3865 orbits; done = [0.82, 0.84]
   [block p=0.86] RESUMED at chunk 1554/8295 (state 13:30:30)
      [block p=0.86] chunk 1561/8295  65s  (eta 280s)
      [block p=0.86] chunk 1569/8295  132s  (eta 566s)
      [block p=0.86] chunk 1577/8295  202s  (eta 860s)
      [block p=0.86] chunk 1585/8295  274s  (eta 1160s)
      [block p=0.86] chunk 1593/8295  345s  (eta 1451s)
      [block p=0.86] chunk 1601/8295  415s  (eta 1734s)
      [block p=0.86] chunk 1609/8295  484s  (eta 2012s)
== phase run-d3: d=3 L=8 grid [0.86] ==
   K = 3865 orbits; done = [0.82, 0.84]
   [block p=0.86] RESUMED at chunk 1610/8295 (state 13:41:19)
      [block p=0.86] chunk 1617/8295  61s  (eta 250s)
      [block p=0.86] chunk 1625/8295  134s  (eta 548s)
      [block p=0.86] chunk 1633/8295  204s  (eta 831s)
      [block p=0.86] chunk 1641/8295  274s  (eta 1112s)
      [block p=0.86] chunk 1649/8295  347s  (eta 1397s)
      [block p=0.86] chunk 1657/8295  411s  (eta 1646s)
      [block p=0.86] chunk 1665/8295  472s  (eta 1880s)
== phase run-d3: d=3 L=8 grid [0.86] ==
   K = 3865 orbits; done = [0.82, 0.84]
   [block p=0.86] RESUMED at chunk 1666/8295 (state 13:49:55)
      [block p=0.86] chunk 1673/8295  66s  (eta 262s)
      [block p=0.86] chunk 1681/8295  138s  (eta 541s)
      [block p=0.86] chunk 1689/8295  204s  (eta 798s)
      [block p=0.86] chunk 1697/8295  273s  (eta 1062s)
      [block p=0.86] chunk 1705/8295  343s  (eta 1327s)
      [block p=0.86] chunk 1713/8295  408s  (eta 1567s)
      [block p=0.86] chunk 1721/8295  479s  (eta 1828s)
== phase run-d3: d=3 L=8 grid [0.86] ==
   K = 3865 orbits; done = [0.82, 0.84]
   [block p=0.86] RESUMED at chunk 1722/8295 (state 14:01:36)
      [block p=0.86] chunk 1729/8295  54s  (eta 205s)
      [block p=0.86] chunk 1737/8295  112s  (eta 422s)
      [block p=0.86] chunk 1745/8295  169s  (eta 635s)
      [block p=0.86] chunk 1753/8295  228s  (eta 850s)
      [block p=0.86] chunk 1761/8295  286s  (eta 1062s)
      [block p=0.86] chunk 1769/8295  345s  (eta 1272s)
      [block p=0.86] chunk 1777/8295  406s  (eta 1490s)
      [block p=0.86] chunk 1785/8295  473s  (eta 1723s)
== phase run-d3: d=3 L=8 grid [0.86] ==
   K = 3865 orbits; done = [0.82, 0.84]
   [block p=0.86] RESUMED at chunk 1786/8295 (state 14:10:13)
      [block p=0.86] chunk 1793/8295  64s  (eta 234s)
      [block p=0.86] chunk 1801/8295  132s  (eta 478s)
      [block p=0.86] chunk 1809/8295  199s  (eta 714s)
      [block p=0.86] chunk 1817/8295  266s  (eta 947s)
      [block p=0.86] chunk 1825/8295  332s  (eta 1177s)
      [block p=0.86] chunk 1833/8295  397s  (eta 1398s)
      [block p=0.86] chunk 1841/8295  460s  (eta 1614s)
== phase run-d3: d=3 L=8 grid [0.86] ==
   K = 3865 orbits; done = [0.82, 0.84]
   [block p=0.86] RESUMED at chunk 1842/8295 (state 14:21:07)
      [block p=0.86] chunk 1849/8295  61s  (eta 214s)
      [block p=0.86] chunk 1857/8295  128s  (eta 445s)
      [block p=0.86] chunk 1865/8295  195s  (eta 671s)
      [block p=0.86] chunk 1873/8295  265s  (eta 908s)
      [block p=0.86] chunk 1881/8295  334s  (eta 1139s)
      [block p=0.86] chunk 1889/8295  401s  (eta 1361s)
      [block p=0.86] chunk 1897/8295  465s  (eta 1568s)
== phase run-d3: d=3 L=8 grid [0.86] ==
   K = 3865 orbits; done = [0.82, 0.84]
   [block p=0.86] RESUMED at chunk 1898/8295 (state 14:29:58)
      [block p=0.86] chunk 1905/8295  61s  (eta 205s)
      [block p=0.86] chunk 1913/8295  119s  (eta 397s)
      [block p=0.86] chunk 1921/8295  180s  (eta 596s)
      [block p=0.86] chunk 1929/8295  248s  (eta 818s)
      [block p=0.86] chunk 1937/8295  314s  (eta 1030s)
      [block p=0.86] chunk 1945/8295  381s  (eta 1245s)
      [block p=0.86] chunk 1953/8295  451s  (eta 1463s)
== phase run-d3: d=3 L=8 grid [0.86] ==
   K = 3865 orbits; done = [0.82, 0.84]
   [block p=0.86] RESUMED at chunk 1954/8295 (state 14:40:45)
      [block p=0.86] chunk 1961/8295  62s  (eta 199s)
      [block p=0.86] chunk 1969/8295  128s  (eta 410s)
      [block p=0.86] chunk 1977/8295  190s  (eta 607s)
      [block p=0.86] chunk 1985/8295  251s  (eta 798s)
      [block p=0.86] chunk 1993/8295  310s  (eta 982s)
      [block p=0.86] chunk 2001/8295  379s  (eta 1193s)
      [block p=0.86] chunk 2009/8295  453s  (eta 1416s)
      [block p=0.86] chunk 2017/8295  517s  (eta 1610s)
== phase run-d3: d=3 L=8 grid [0.86] ==
   K = 3865 orbits; done = [0.82, 0.84]
   [block p=0.86] RESUMED at chunk 2018/8295 (state 14:50:36)
      [block p=0.86] chunk 2025/8295  64s  (eta 197s)
      [block p=0.86] chunk 2033/8295  130s  (eta 402s)
      [block p=0.86] chunk 2041/8295  197s  (eta 602s)
      [block p=0.86] chunk 2049/8295  265s  (eta 807s)
      [block p=0.86] chunk 2057/8295  337s  (eta 1021s)
      [block p=0.86] chunk 2065/8295  408s  (eta 1232s)
      [block p=0.86] chunk 2073/8295  478s  (eta 1436s)
== phase run-d3: d=3 L=8 grid [0.86] ==
   K = 3865 orbits; done = [0.82, 0.84]
   [block p=0.86] RESUMED at chunk 2074/8295 (state 15:01:12)
      [block p=0.86] chunk 2081/8295  63s  (eta 187s)
      [block p=0.86] chunk 2089/8295  129s  (eta 384s)
      [block p=0.86] chunk 2097/8295  198s  (eta 586s)
      [block p=0.86] chunk 2105/8295  268s  (eta 787s)
      [block p=0.86] chunk 2113/8295  337s  (eta 985s)
      [block p=0.86] chunk 2121/8295  403s  (eta 1174s)
      [block p=0.86] chunk 2129/8295  462s  (eta 1339s)
== phase run-d3: d=3 L=8 grid [0.86] ==
   K = 3865 orbits; done = [0.82, 0.84]
   [block p=0.86] RESUMED at chunk 2130/8295 (state 15:09:40)
      [block p=0.86] chunk 2137/8295  65s  (eta 186s)
      [block p=0.86] chunk 2145/8295  134s  (eta 384s)
      [block p=0.86] chunk 2153/8295  191s  (eta 545s)
      [block p=0.86] chunk 2161/8295  250s  (eta 711s)
      [block p=0.86] chunk 2169/8295  321s  (eta 907s)
      [block p=0.86] chunk 2177/8295  392s  (eta 1102s)
      [block p=0.86] chunk 2185/8295  462s  (eta 1291s)
== phase run-d3: d=3 L=8 grid [0.86] ==
   K = 3865 orbits; done = [0.82, 0.84]
   [block p=0.86] RESUMED at chunk 2186/8295 (state 15:20:52)
      [block p=0.86] chunk 2193/8295  62s  (eta 173s)
      [block p=0.86] chunk 2201/8295  123s  (eta 341s)
      [block p=0.86] chunk 2209/8295  196s  (eta 540s)
      [block p=0.86] chunk 2217/8295  264s  (eta 724s)
      [block p=0.86] chunk 2225/8295  333s  (eta 910s)
      [block p=0.86] chunk 2233/8295  401s  (eta 1089s)
      [block p=0.86] chunk 2241/8295  458s  (eta 1238s)
== phase run-d3: d=3 L=8 grid [0.86] ==
   K = 3865 orbits; done = [0.82, 0.84]
   [block p=0.86] RESUMED at chunk 2242/8295 (state 15:29:35)
      [block p=0.86] chunk 2249/8295  65s  (eta 176s)
      [block p=0.86] chunk 2257/8295  137s  (eta 367s)
      [block p=0.86] chunk 2265/8295  204s  (eta 543s)
      [block p=0.86] chunk 2273/8295  272s  (eta 721s)
      [block p=0.86] chunk 2281/8295  346s  (eta 914s)
      [block p=0.86] chunk 2289/8295  419s  (eta 1099s)
      [block p=0.86] chunk 2297/8295  489s  (eta 1278s)
== phase run-d3: d=3 L=8 grid [0.86] ==
   K = 3865 orbits; done = [0.82, 0.84]
   [block p=0.86] RESUMED at chunk 2298/8295 (state 15:41:22)
      [block p=0.86] chunk 2305/8295  54s  (eta 141s)
      [block p=0.86] chunk 2313/8295  121s  (eta 313s)
      [block p=0.86] chunk 2321/8295  182s  (eta 470s)
      [block p=0.86] chunk 2329/8295  255s  (eta 653s)
      [block p=0.86] chunk 2337/8295  325s  (eta 828s)
      [block p=0.86] chunk 2345/8295  395s  (eta 1002s)
      [block p=0.86] chunk 2353/8295  469s  (eta 1184s)
== phase run-d3: d=3 L=8 grid [0.86] ==
   K = 3865 orbits; done = [0.82, 0.84]
   [block p=0.86] RESUMED at chunk 2354/8295 (state 15:49:44)
      [block p=0.86] chunk 2361/8295  63s  (eta 157s)
      [block p=0.86] chunk 2369/8295  128s  (eta 319s)
      [block p=0.86] chunk 2377/8295  196s  (eta 489s)
      [block p=0.86] chunk 2385/8295  266s  (eta 658s)
      [block p=0.86] chunk 2393/8295  329s  (eta 810s)
      [block p=0.86] chunk 2401/8295  389s  (eta 954s)
      [block p=0.86] chunk 2409/8295  453s  (eta 1106s)
== phase run-d3: d=3 L=8 grid [0.86] ==
   K = 3865 orbits; done = [0.82, 0.84]
   [block p=0.86] RESUMED at chunk 2410/8295 (state 16:00:43)
      [block p=0.86] chunk 2417/8295  58s  (eta 140s)
      [block p=0.86] chunk 2425/8295  120s  (eta 291s)
      [block p=0.86] chunk 2433/8295  190s  (eta 457s)
      [block p=0.86] chunk 2441/8295  246s  (eta 590s)
      [block p=0.86] chunk 2449/8295  306s  (eta 731s)
      [block p=0.86] chunk 2457/8295  370s  (eta 878s)
      [block p=0.86] chunk 2465/8295  442s  (eta 1045s)
      [block p=0.86] chunk 2473/8295  516s  (eta 1215s)
== phase run-d3: d=3 L=8 grid [0.86] ==
   K = 3865 orbits; done = [0.82, 0.84]
   [block p=0.86] RESUMED at chunk 2474/8295 (state 16:10:31)
      [block p=0.86] chunk 2481/8295  64s  (eta 150s)
      [block p=0.86] chunk 2489/8295  135s  (eta 315s)
      [block p=0.86] chunk 2497/8295  205s  (eta 477s)
      [block p=0.86] chunk 2505/8295  272s  (eta 629s)
      [block p=0.86] chunk 2513/8295  330s  (eta 759s)
      [block p=0.86] chunk 2521/8295  391s  (eta 896s)
      [block p=0.86] chunk 2529/8295  460s  (eta 1048s)
== phase run-d3: d=3 L=8 grid [0.86] ==
   K = 3865 orbits; done = [0.82, 0.84]
   [block p=0.86] RESUMED at chunk 2530/8295 (state 16:20:52)
      [block p=0.86] chunk 2537/8295  55s  (eta 126s)
      [block p=0.86] chunk 2545/8295  122s  (eta 276s)
      [block p=0.86] chunk 2553/8295  188s  (eta 423s)
      [block p=0.86] chunk 2561/8295  256s  (eta 573s)
      [block p=0.86] chunk 2569/8295  317s  (eta 706s)
      [block p=0.86] chunk 2577/8295  376s  (eta 835s)
      [block p=0.86] chunk 2585/8295  443s  (eta 977s)
      [block p=0.86] chunk 2593/8295  516s  (eta 1135s)
== phase run-d3: d=3 L=8 grid [0.86] ==
   K = 3865 orbits; done = [0.82, 0.84]
   [block p=0.86] RESUMED at chunk 2594/8295 (state 16:30:32)
      [block p=0.86] chunk 2601/8295  62s  (eta 137s)
      [block p=0.86] chunk 2609/8295  131s  (eta 285s)
      [block p=0.86] chunk 2617/8295  198s  (eta 430s)
      [block p=0.86] chunk 2625/8295  270s  (eta 584s)
      [block p=0.86] chunk 2633/8295  339s  (eta 729s)
      [block p=0.86] chunk 2641/8295  407s  (eta 872s)
      [block p=0.86] chunk 2649/8295  470s  (eta 1002s)
== phase run-d3: d=3 L=8 grid [0.86] ==
   K = 3865 orbits; done = [0.82, 0.84]
   [block p=0.86] RESUMED at chunk 2650/8295 (state 16:41:02)
      [block p=0.86] chunk 2657/8295  61s  (eta 128s)
      [block p=0.86] chunk 2665/8295  118s  (eta 250s)
      [block p=0.86] chunk 2673/8295  180s  (eta 378s)
      [block p=0.86] chunk 2681/8295  245s  (eta 512s)
      [block p=0.86] chunk 2689/8295  308s  (eta 642s)
      [block p=0.86] chunk 2697/8295  369s  (eta 766s)
      [block p=0.86] chunk 2705/8295  430s  (eta 888s)
      [block p=0.86] chunk 2713/8295  493s  (eta 1013s)
== phase run-d3: d=3 L=8 grid [0.86] ==
   K = 3865 orbits; done = [0.82, 0.84]
   [block p=0.86] RESUMED at chunk 2714/8295 (state 16:50:08)
      [block p=0.86] chunk 2721/8295  58s  (eta 118s)
      [block p=0.86] chunk 2729/8295  116s  (eta 237s)
      [block p=0.86] chunk 2737/8295  178s  (eta 361s)
      [block p=0.86] chunk 2745/8295  247s  (eta 499s)
      [block p=0.86] chunk 2753/8295  315s  (eta 635s)
      [block p=0.86] chunk 2761/8295  386s  (eta 773s)
      [block p=0.86] chunk 2769/8295  449s  (eta 897s)
      [block p=0.86] chunk 2777/8295  513s  (eta 1018s)
== phase run-d3: d=3 L=8 grid [0.86] ==
   K = 3865 orbits; done = [0.82, 0.84]
   [block p=0.86] RESUMED at chunk 2778/8295 (state 17:01:44)
      [block p=0.86] chunk 2785/8295  61s  (eta 122s)
      [block p=0.86] chunk 2793/8295  121s  (eta 238s)
      [block p=0.86] chunk 2801/8295  187s  (eta 366s)
      [block p=0.86] chunk 2809/8295  256s  (eta 500s)
      [block p=0.86] chunk 2817/8295  323s  (eta 627s)
      [block p=0.86] chunk 2825/8295  391s  (eta 756s)
      [block p=0.86] chunk 2833/8295  461s  (eta 889s)
== phase run-d3: d=3 L=8 grid [0.86] ==
   K = 3865 orbits; done = [0.82, 0.84]
   [block p=0.86] RESUMED at chunk 2834/8295 (state 17:09:37)
      [block p=0.86] chunk 2841/8295  65s  (eta 124s)
      [block p=0.86] chunk 2849/8295  135s  (eta 257s)
      [block p=0.86] chunk 2857/8295  194s  (eta 369s)
      [block p=0.86] chunk 2865/8295  256s  (eta 484s)
      [block p=0.86] chunk 2873/8295  316s  (eta 596s)
      [block p=0.86] chunk 2881/8295  385s  (eta 724s)
      [block p=0.86] chunk 2889/8295  451s  (eta 845s)
== phase run-d3: d=3 L=8 grid [0.86] ==
   K = 3865 orbits; done = [0.82, 0.84]
   [block p=0.86] RESUMED at chunk 2890/8295 (state 17:20:43)
      [block p=0.86] chunk 2897/8295  61s  (eta 114s)
      [block p=0.86] chunk 2905/8295  129s  (eta 240s)
      [block p=0.86] chunk 2913/8295  196s  (eta 362s)
      [block p=0.86] chunk 2921/8295  258s  (eta 474s)
      [block p=0.86] chunk 2929/8295  324s  (eta 594s)
      [block p=0.86] chunk 2937/8295  396s  (eta 722s)
      [block p=0.86] chunk 2945/8295  473s  (eta 859s)
== phase run-d3: d=3 L=8 grid [0.86] ==
   K = 3865 orbits; done = [0.82, 0.84]
   [block p=0.86] RESUMED at chunk 2946/8295 (state 17:29:47)
      [block p=0.86] chunk 2953/8295  67s  (eta 122s)
      [block p=0.86] chunk 2961/8295  130s  (eta 234s)
      [block p=0.86] chunk 2969/8295  192s  (eta 344s)
      [block p=0.86] chunk 2977/8295  254s  (eta 453s)
      [block p=0.86] chunk 2985/8295  320s  (eta 570s)
      [block p=0.86] chunk 2993/8295  385s  (eta 682s)
      [block p=0.86] chunk 3001/8295  450s  (eta 794s)
== phase run-d3: d=3 L=8 grid [0.86] ==
   K = 3865 orbits; done = [0.82, 0.84]
   [block p=0.86] RESUMED at chunk 3002/8295 (state 17:40:51)
      [block p=0.86] chunk 3009/8295  66s  (eta 116s)
      [block p=0.86] chunk 3017/8295  135s  (eta 237s)
      [block p=0.86] chunk 3025/8295  204s  (eta 355s)
      [block p=0.86] chunk 3033/8295  266s  (eta 462s)
      [block p=0.86] chunk 3041/8295  338s  (eta 583s)
      [block p=0.86] chunk 3049/8295  410s  (eta 705s)
      [block p=0.86] chunk 3057/8295  485s  (eta 831s)
== phase run-d3: d=3 L=8 grid [0.86] ==
   K = 3865 orbits; done = [0.82, 0.84]
   [block p=0.86] RESUMED at chunk 3058/8295 (state 17:50:11)
      [block p=0.86] chunk 3065/8295  69s  (eta 118s)
      [block p=0.86] chunk 3073/8295  136s  (eta 230s)
      [block p=0.86] chunk 3081/8295  198s  (eta 335s)
      [block p=0.86] chunk 3089/8295  269s  (eta 453s)
      [block p=0.86] chunk 3097/8295  333s  (eta 559s)
      [block p=0.86] chunk 3105/8295  396s  (eta 662s)
      [block p=0.86] chunk 3113/8295  465s  (eta 775s)
== phase run-d3: d=3 L=8 grid [0.86] ==
   K = 3865 orbits; done = [0.82, 0.84]
   [block p=0.86] RESUMED at chunk 3114/8295 (state 18:00:57)
      [block p=0.86] chunk 3121/8295  65s  (eta 108s)
      [block p=0.86] chunk 3129/8295  134s  (eta 221s)
      [block p=0.86] chunk 3137/8295  199s  (eta 327s)
      [block p=0.86] chunk 3145/8295  269s  (eta 441s)
      [block p=0.86] chunk 3153/8295  330s  (eta 537s)
      [block p=0.86] chunk 3161/8295  401s  (eta 651s)
      [block p=0.86] chunk 3169/8295  476s  (eta 769s)
== phase run-d3: d=3 L=8 grid [0.86] ==
   K = 3865 orbits; done = [0.82, 0.84]
   [block p=0.86] RESUMED at chunk 3170/8295 (state 18:09:52)
      [block p=0.86] chunk 3177/8295  57s  (eta 93s)
      [block p=0.86] chunk 3185/8295  125s  (eta 200s)
      [block p=0.86] chunk 3193/8295  186s  (eta 297s)
      [block p=0.86] chunk 3201/8295  257s  (eta 409s)
      [block p=0.86] chunk 3209/8295  324s  (eta 513s)
      [block p=0.86] chunk 3217/8295  386s  (eta 610s)
      [block p=0.86] chunk 3225/8295  456s  (eta 717s)
== phase run-d3: d=3 L=8 grid [0.86] ==
   K = 3865 orbits; done = [0.82, 0.84]
   [block p=0.86] RESUMED at chunk 3226/8295 (state 18:20:46)
      [block p=0.86] chunk 3233/8295  64s  (eta 100s)
      [block p=0.86] chunk 3241/8295  122s  (eta 191s)
      [block p=0.86] chunk 3249/8295  189s  (eta 293s)
      [block p=0.86] chunk 3257/8295  253s  (eta 391s)
      [block p=0.86] chunk 3265/8295  313s  (eta 482s)
      [block p=0.86] chunk 3273/8295  377s  (eta 578s)
      [block p=0.86] chunk 3281/8295  445s  (eta 680s)
      [block p=0.86] chunk 3289/8295  516s  (eta 785s)
== phase run-d3: d=3 L=8 grid [0.86] ==
   K = 3865 orbits; done = [0.82, 0.84]
   [block p=0.86] RESUMED at chunk 3290/8295 (state 18:30:32)
      [block p=0.86] chunk 3297/8295  55s  (eta 83s)
      [block p=0.86] chunk 3305/8295  115s  (eta 174s)
      [block p=0.86] chunk 3313/8295  180s  (eta 271s)
      [block p=0.86] chunk 3321/8295  251s  (eta 375s)
      [block p=0.86] chunk 3329/8295  312s  (eta 465s)
      [block p=0.86] chunk 3337/8295  381s  (eta 566s)
      [block p=0.86] chunk 3345/8295  454s  (eta 672s)
== phase run-d3: d=3 L=8 grid [0.86] ==
   K = 3865 orbits; done = [0.82, 0.84]
   [block p=0.86] RESUMED at chunk 3346/8295 (state 18:40:43)
      [block p=0.86] chunk 3353/8295  65s  (eta 96s)
      [block p=0.86] chunk 3361/8295  135s  (eta 198s)
      [block p=0.86] chunk 3369/8295  202s  (eta 295s)
      [block p=0.86] chunk 3377/8295  270s  (eta 393s)
      [block p=0.86] chunk 3385/8295  337s  (eta 488s)
      [block p=0.86] chunk 3393/8295  405s  (eta 585s)
      [block p=0.86] chunk 3401/8295  477s  (eta 686s)
== phase run-d3: d=3 L=8 grid [0.86] ==
   K = 3865 orbits; done = [0.82, 0.84]
   [block p=0.86] RESUMED at chunk 3402/8295 (state 18:49:49)
      [block p=0.86] chunk 3409/8295  65s  (eta 94s)
      [block p=0.86] chunk 3417/8295  132s  (eta 189s)
      [block p=0.86] chunk 3425/8295  201s  (eta 286s)
      [block p=0.86] chunk 3433/8295  272s  (eta 386s)
      [block p=0.86] chunk 3441/8295  334s  (eta 471s)
      [block p=0.86] chunk 3449/8295  397s  (eta 557s)
      [block p=0.86] chunk 3457/8295  460s  (eta 644s)
== phase run-d3: d=3 L=8 grid [0.86] ==
   K = 3865 orbits; done = [0.82, 0.84]
   [block p=0.86] RESUMED at chunk 3458/8295 (state 19:00:50)
      [block p=0.86] chunk 3465/8295  60s  (eta 84s)
      [block p=0.86] chunk 3473/8295  130s  (eta 181s)
      [block p=0.86] chunk 3481/8295  199s  (eta 276s)
      [block p=0.86] chunk 3489/8295  257s  (eta 355s)
      [block p=0.86] chunk 3497/8295  323s  (eta 443s)
      [block p=0.86] chunk 3505/8295  396s  (eta 542s)
      [block p=0.86] chunk 3513/8295  459s  (eta 625s)
== phase run-d3: d=3 L=8 grid [0.86] ==
   K = 3865 orbits; done = [0.82, 0.84]
   [block p=0.86] RESUMED at chunk 3514/8295 (state 19:09:32)
      [block p=0.86] chunk 3521/8295  66s  (eta 90s)
      [block p=0.86] chunk 3529/8295  136s  (eta 183s)
      [block p=0.86] chunk 3537/8295  205s  (eta 275s)
      [block p=0.86] chunk 3545/8295  271s  (eta 363s)
      [block p=0.86] chunk 3553/8295  329s  (eta 440s)
      [block p=0.86] chunk 3561/8295  387s  (eta 515s)
      [block p=0.86] chunk 3569/8295  449s  (eta 595s)
== phase run-d3: d=3 L=8 grid [0.86] ==
   K = 3865 orbits; done = [0.82, 0.84]
   [block p=0.86] RESUMED at chunk 3570/8295 (state 19:20:43)
      [block p=0.86] chunk 3577/8295  61s  (eta 81s)
      [block p=0.86] chunk 3585/8295  124s  (eta 163s)
      [block p=0.86] chunk 3593/8295  192s  (eta 251s)
      [block p=0.86] chunk 3601/8295  257s  (eta 335s)
      [block p=0.86] chunk 3609/8295  319s  (eta 415s)
      [block p=0.86] chunk 3617/8295  385s  (eta 498s)
      [block p=0.86] chunk 3625/8295  445s  (eta 573s)
      [block p=0.86] chunk 3633/8295  512s  (eta 658s)
== phase run-d3: d=3 L=8 grid [0.86] ==
   K = 3865 orbits; done = [0.82, 0.84]
   [block p=0.86] RESUMED at chunk 3634/8295 (state 19:30:33)
      [block p=0.86] chunk 3641/8295  62s  (eta 80s)
      [block p=0.86] chunk 3649/8295  132s  (eta 168s)
      [block p=0.86] chunk 3657/8295  199s  (eta 252s)
      [block p=0.86] chunk 3665/8295  276s  (eta 349s)
      [block p=0.86] chunk 3673/8295  343s  (eta 432s)
      [block p=0.86] chunk 3681/8295  411s  (eta 515s)
      [block p=0.86] chunk 3689/8295  483s  (eta 603s)
== phase run-d3: d=3 L=8 grid [0.86] ==
   K = 3865 orbits; done = [0.82, 0.84]
   [block p=0.86] RESUMED at chunk 3690/8295 (state 19:41:17)
      [block p=0.86] chunk 3697/8295  65s  (eta 81s)
      [block p=0.86] chunk 3705/8295  133s  (eta 164s)
      [block p=0.86] chunk 3713/8295  207s  (eta 255s)
      [block p=0.86] chunk 3721/8295  279s  (eta 343s)
      [block p=0.86] chunk 3729/8295  353s  (eta 432s)
      [block p=0.86] chunk 3737/8295  424s  (eta 517s)
      [block p=0.86] chunk 3745/8295  494s  (eta 600s)
== phase run-d3: d=3 L=8 grid [0.86] ==
   K = 3865 orbits; done = [0.82, 0.84]
   [block p=0.86] RESUMED at chunk 3746/8295 (state 19:50:27)
      [block p=0.86] chunk 3753/8295  65s  (eta 78s)
      [block p=0.86] chunk 3761/8295  134s  (eta 161s)
      [block p=0.86] chunk 3769/8295  200s  (eta 240s)
      [block p=0.86] chunk 3777/8295  267s  (eta 320s)
      [block p=0.86] chunk 3785/8295  329s  (eta 393s)
      [block p=0.86] chunk 3793/8295  390s  (eta 463s)
      [block p=0.86] chunk 3801/8295  458s  (eta 541s)
== phase run-d3: d=3 L=8 grid [0.86] ==
   K = 3865 orbits; done = [0.82, 0.84]
   [block p=0.86] RESUMED at chunk 3802/8295 (state 20:00:57)
      [block p=0.86] chunk 3809/8295  61s  (eta 72s)
      [block p=0.86] chunk 3817/8295  122s  (eta 143s)
      [block p=0.86] chunk 3825/8295  188s  (eta 220s)
      [block p=0.86] chunk 3833/8295  258s  (eta 300s)
      [block p=0.86] chunk 3841/8295  316s  (eta 366s)
      [block p=0.86] chunk 3849/8295  383s  (eta 442s)
      [block p=0.86] chunk 3857/8295  456s  (eta 525s)
== phase run-d3: d=3 L=8 grid [0.86] ==
   K = 3865 orbits; done = [0.82, 0.84]
   [block p=0.86] RESUMED at chunk 3858/8295 (state 20:09:43)
      [block p=0.86] chunk 3865/8295  59s  (eta 68s)
      [block p=0.86] chunk 3873/8295  132s  (eta 151s)
      [block p=0.86] chunk 3881/8295  197s  (eta 224s)
      [block p=0.86] chunk 3889/8295  266s  (eta 301s)
      [block p=0.86] chunk 3897/8295  332s  (eta 375s)
      [block p=0.86] chunk 3905/8295  400s  (eta 450s)
      [block p=0.86] chunk 3913/8295  462s  (eta 517s)
== phase run-d3: d=3 L=8 grid [0.86] ==
   K = 3865 orbits; done = [0.82, 0.84]
   [block p=0.86] RESUMED at chunk 3914/8295 (state 20:20:51)
      [block p=0.86] chunk 3921/8295  62s  (eta 69s)
      [block p=0.86] chunk 3929/8295  130s  (eta 144s)
      [block p=0.86] chunk 3937/8295  192s  (eta 213s)
      [block p=0.86] chunk 3945/8295  253s  (eta 278s)
      [block p=0.86] chunk 3953/8295  311s  (eta 342s)
      [block p=0.86] chunk 3961/8295  370s  (eta 405s)
      [block p=0.86] chunk 3969/8295  434s  (eta 473s)
      [block p=0.86] chunk 3977/8295  507s  (eta 551s)
== phase run-d3: d=3 L=8 grid [0.86] ==
   K = 3865 orbits; done = [0.82, 0.84]
   [block p=0.86] RESUMED at chunk 3978/8295 (state 20:30:24)
      [block p=0.86] chunk 3985/8295  62s  (eta 67s)
      [block p=0.86] chunk 3993/8295  128s  (eta 138s)
      [block p=0.86] chunk 4001/8295  194s  (eta 208s)
      [block p=0.86] chunk 4009/8295  264s  (eta 282s)
      [block p=0.86] chunk 4017/8295  331s  (eta 353s)
      [block p=0.86] chunk 4025/8295  400s  (eta 425s)
      [block p=0.86] chunk 4033/8295  473s  (eta 500s)
== phase run-d3: d=3 L=8 grid [0.86] ==
   K = 3865 orbits; done = [0.82, 0.84]
   [block p=0.86] RESUMED at chunk 4034/8295 (state 20:41:15)
      [block p=0.86] chunk 4041/8295  57s  (eta 60s)
      [block p=0.86] chunk 4049/8295  121s  (eta 127s)
      [block p=0.86] chunk 4057/8295  188s  (eta 197s)
      [block p=0.86] chunk 4065/8295  259s  (eta 269s)
      [block p=0.86] chunk 4073/8295  318s  (eta 330s)
      [block p=0.86] chunk 4081/8295  381s  (eta 394s)
      [block p=0.86] chunk 4089/8295  444s  (eta 456s)
      [block p=0.86] chunk 4097/8295  514s  (eta 527s)
== phase run-d3: d=3 L=8 grid [0.86] ==
   K = 3865 orbits; done = [0.82, 0.84]
   [block p=0.86] RESUMED at chunk 4098/8295 (state 20:50:45)
      [block p=0.86] chunk 4105/8295  60s  (eta 61s)
      [block p=0.86] chunk 4113/8295  124s  (eta 126s)
      [block p=0.86] chunk 4121/8295  194s  (eta 197s)
      [block p=0.86] chunk 4129/8295  268s  (eta 270s)
      [block p=0.86] chunk 4137/8295  341s  (eta 342s)
      [block p=0.86] chunk 4145/8295  404s  (eta 404s)
      [block p=0.86] chunk 4153/8295  465s  (eta 464s)
== phase run-d3: d=3 L=8 grid [0.86] ==
   K = 3865 orbits; done = [0.82, 0.84]
   [block p=0.86] RESUMED at chunk 4154/8295 (state 21:00:55)
      [block p=0.86] chunk 4161/8295  65s  (eta 64s)
      [block p=0.86] chunk 4169/8295  125s  (eta 124s)
      [block p=0.86] chunk 4177/8295  192s  (eta 189s)
      [block p=0.86] chunk 4185/8295  258s  (eta 254s)
      [block p=0.86] chunk 4193/8295  327s  (eta 320s)
      [block p=0.86] chunk 4201/8295  397s  (eta 387s)
      [block p=0.86] chunk 4209/8295  469s  (eta 456s)
== phase run-d3: d=3 L=8 grid [0.86] ==
   K = 3865 orbits; done = [0.82, 0.84]
   [block p=0.86] RESUMED at chunk 4210/8295 (state 21:09:42)
      [block p=0.86] chunk 4217/8295  54s  (eta 52s)
      [block p=0.86] chunk 4225/8295  113s  (eta 109s)
      [block p=0.86] chunk 4233/8295  180s  (eta 173s)
      [block p=0.86] chunk 4241/8295  252s  (eta 241s)
      [block p=0.86] chunk 4249/8295  319s  (eta 304s)
      [block p=0.86] chunk 4257/8295  386s  (eta 366s)
      [block p=0.86] chunk 4265/8295  458s  (eta 433s)
== phase run-d3: d=3 L=8 grid [0.86] ==
   K = 3865 orbits; done = [0.82, 0.84]
   [block p=0.86] RESUMED at chunk 4266/8295 (state 21:20:48)
      [block p=0.86] chunk 4273/8295  67s  (eta 63s)
      [block p=0.86] chunk 4281/8295  135s  (eta 127s)
      [block p=0.86] chunk 4289/8295  204s  (eta 191s)
      [block p=0.86] chunk 4297/8295  273s  (eta 254s)
      [block p=0.86] chunk 4305/8295  335s  (eta 310s)
      [block p=0.86] chunk 4313/8295  397s  (eta 366s)
      [block p=0.86] chunk 4321/8295  464s  (eta 426s)
== phase run-d3: d=3 L=8 grid [0.86] ==
   K = 3865 orbits; done = [0.82, 0.84]
   [block p=0.86] RESUMED at chunk 4322/8295 (state 21:29:37)
      [block p=0.86] chunk 4329/8295  54s  (eta 50s)
      [block p=0.86] chunk 4337/8295  120s  (eta 110s)
      [block p=0.86] chunk 4345/8295  190s  (eta 173s)
      [block p=0.86] chunk 4353/8295  252s  (eta 228s)
      [block p=0.86] chunk 4361/8295  312s  (eta 281s)
      [block p=0.86] chunk 4369/8295  376s  (eta 338s)
      [block p=0.86] chunk 4377/8295  433s  (eta 388s)
      [block p=0.86] chunk 4385/8295  502s  (eta 448s)
== phase run-d3: d=3 L=8 grid [0.86] ==
   K = 3865 orbits; done = [0.82, 0.84]
   [block p=0.86] RESUMED at chunk 4386/8295 (state 21:41:33)
      [block p=0.86] chunk 4393/8295  61s  (eta 54s)
      [block p=0.86] chunk 4401/8295  125s  (eta 110s)
      [block p=0.86] chunk 4409/8295  190s  (eta 167s)
      [block p=0.86] chunk 4417/8295  259s  (eta 227s)
      [block p=0.86] chunk 4425/8295  326s  (eta 285s)
      [block p=0.86] chunk 4433/8295  393s  (eta 342s)
      [block p=0.86] chunk 4441/8295  456s  (eta 396s)
== phase run-d3: d=3 L=8 grid [0.86] ==
   K = 3865 orbits; done = [0.82, 0.84]
   [block p=0.86] RESUMED at chunk 4442/8295 (state 21:49:33)
      [block p=0.86] chunk 4449/8295  64s  (eta 55s)
      [block p=0.86] chunk 4457/8295  125s  (eta 107s)
      [block p=0.86] chunk 4465/8295  182s  (eta 156s)
      [block p=0.86] chunk 4473/8295  243s  (eta 208s)
      [block p=0.86] chunk 4481/8295  312s  (eta 266s)
      [block p=0.86] chunk 4489/8295  381s  (eta 323s)
      [block p=0.86] chunk 4497/8295  440s  (eta 372s)
      [block p=0.86] chunk 4505/8295  502s  (eta 422s)
== phase run-d3: d=3 L=8 grid [0.86] ==
   K = 3865 orbits; done = [0.82, 0.84]
   [block p=0.86] RESUMED at chunk 4506/8295 (state 22:01:39)
      [block p=0.86] chunk 4513/8295  62s  (eta 52s)
      [block p=0.86] chunk 4521/8295  127s  (eta 106s)
      [block p=0.86] chunk 4529/8295  197s  (eta 164s)
      [block p=0.86] chunk 4537/8295  261s  (eta 216s)
      [block p=0.86] chunk 4545/8295  327s  (eta 270s)
      [block p=0.86] chunk 4553/8295  397s  (eta 326s)
      [block p=0.86] chunk 4561/8295  469s  (eta 384s)
== phase run-d3: d=3 L=8 grid [0.86] ==
   K = 3865 orbits; done = [0.82, 0.84]
   [block p=0.86] RESUMED at chunk 4562/8295 (state 22:09:55)
      [block p=0.86] chunk 4569/8295  65s  (eta 53s)
      [block p=0.86] chunk 4577/8295  131s  (eta 107s)
      [block p=0.86] chunk 4585/8295  200s  (eta 162s)
      [block p=0.86] chunk 4593/8295  262s  (eta 212s)
      [block p=0.86] chunk 4601/8295  322s  (eta 259s)
      [block p=0.86] chunk 4609/8295  382s  (eta 306s)
      [block p=0.86] chunk 4617/8295  454s  (eta 362s)
== phase run-d3: d=3 L=8 grid [0.86] ==
   K = 3865 orbits; done = [0.82, 0.84]
   [block p=0.86] RESUMED at chunk 4618/8295 (state 22:20:49)
      [block p=0.86] chunk 4625/8295  55s  (eta 44s)
      [block p=0.86] chunk 4633/8295  114s  (eta 90s)
      [block p=0.86] chunk 4641/8295  178s  (eta 140s)
      [block p=0.86] chunk 4649/8295  248s  (eta 194s)
      [block p=0.86] chunk 4657/8295  316s  (eta 247s)
      [block p=0.86] chunk 4665/8295  376s  (eta 293s)
      [block p=0.86] chunk 4673/8295  445s  (eta 345s)
      [block p=0.86] chunk 4681/8295  516s  (eta 399s)
== phase run-d3: d=3 L=8 grid [0.86] ==
   K = 3865 orbits; done = [0.82, 0.84]
   [block p=0.86] RESUMED at chunk 4682/8295 (state 22:30:41)
      [block p=0.86] chunk 4689/8295  65s  (eta 50s)
      [block p=0.86] chunk 4697/8295  131s  (eta 101s)
      [block p=0.86] chunk 4705/8295  204s  (eta 155s)
      [block p=0.86] chunk 4713/8295  267s  (eta 203s)
      [block p=0.86] chunk 4721/8295  328s  (eta 248s)
      [block p=0.86] chunk 4729/8295  395s  (eta 298s)
      [block p=0.86] chunk 4737/8295  454s  (eta 341s)
      [block p=0.86] chunk 4745/8295  513s  (eta 384s)
== phase run-d3: d=3 L=8 grid [0.86] ==
   K = 3865 orbits; done = [0.82, 0.84]
   [block p=0.86] RESUMED at chunk 4746/8295 (state 22:41:50)
      [block p=0.86] chunk 4753/8295  62s  (eta 46s)
      [block p=0.86] chunk 4761/8295  118s  (eta 88s)
      [block p=0.86] chunk 4769/8295  180s  (eta 133s)
      [block p=0.86] chunk 4777/8295  255s  (eta 188s)
      [block p=0.86] chunk 4785/8295  323s  (eta 237s)
      [block p=0.86] chunk 4793/8295  391s  (eta 286s)
      [block p=0.86] chunk 4801/8295  458s  (eta 334s)
== phase run-d3: d=3 L=8 grid [0.86] ==
   K = 3865 orbits; done = [0.82, 0.84]
   [block p=0.86] RESUMED at chunk 4802/8295 (state 22:49:43)
      [block p=0.86] chunk 4809/8295  66s  (eta 48s)
      [block p=0.86] chunk 4817/8295  134s  (eta 97s)
      [block p=0.86] chunk 4825/8295  203s  (eta 146s)
      [block p=0.86] chunk 4833/8295  273s  (eta 195s)
      [block p=0.86] chunk 4841/8295  341s  (eta 244s)
      [block p=0.86] chunk 4849/8295  413s  (eta 294s)
      [block p=0.86] chunk 4857/8295  482s  (eta 341s)
== phase run-d3: d=3 L=8 grid [0.86] ==
   K = 3865 orbits; done = [0.82, 0.84]
   [block p=0.86] RESUMED at chunk 4858/8295 (state 23:01:24)
      [block p=0.86] chunk 4865/8295  65s  (eta 46s)
      [block p=0.86] chunk 4873/8295  133s  (eta 93s)
      [block p=0.86] chunk 4881/8295  199s  (eta 139s)
      [block p=0.86] chunk 4889/8295  270s  (eta 188s)
      [block p=0.86] chunk 4897/8295  332s  (eta 230s)
      [block p=0.86] chunk 4905/8295  395s  (eta 273s)
      [block p=0.86] chunk 4913/8295  454s  (eta 313s)
== phase run-d3: d=3 L=8 grid [0.86] ==
   K = 3865 orbits; done = [0.82, 0.84]
   [block p=0.86] RESUMED at chunk 4914/8295 (state 23:09:42)
      [block p=0.86] chunk 4921/8295  56s  (eta 39s)
      [block p=0.86] chunk 4929/8295  124s  (eta 85s)
      [block p=0.86] chunk 4937/8295  187s  (eta 127s)
      [block p=0.86] chunk 4945/8295  253s  (eta 171s)
      [block p=0.86] chunk 4953/8295  311s  (eta 210s)
      [block p=0.86] chunk 4961/8295  380s  (eta 256s)
      [block p=0.86] chunk 4969/8295  439s  (eta 294s)
      [block p=0.86] chunk 4977/8295  507s  (eta 338s)
== phase run-d3: d=3 L=8 grid [0.86] ==
   K = 3865 orbits; done = [0.82, 0.84]
   [block p=0.86] RESUMED at chunk 4978/8295 (state 23:21:37)
      [block p=0.86] chunk 4985/8295  58s  (eta 39s)
      [block p=0.86] chunk 4993/8295  118s  (eta 78s)
      [block p=0.86] chunk 5001/8295  176s  (eta 116s)
      [block p=0.86] chunk 5009/8295  241s  (eta 158s)
      [block p=0.86] chunk 5017/8295  304s  (eta 198s)
      [block p=0.86] chunk 5025/8295  374s  (eta 243s)
      [block p=0.86] chunk 5033/8295  443s  (eta 287s)
      [block p=0.86] chunk 5041/8295  509s  (eta 328s)
== phase run-d3: d=3 L=8 grid [0.86] ==
   K = 3865 orbits; done = [0.82, 0.84]
   [block p=0.86] RESUMED at chunk 5042/8295 (state 23:30:22)
      [block p=0.86] chunk 5049/8295  58s  (eta 37s)
      [block p=0.86] chunk 5057/8295  131s  (eta 84s)
      [block p=0.86] chunk 5065/8295  200s  (eta 127s)
      [block p=0.86] chunk 5073/8295  262s  (eta 167s)
      [block p=0.86] chunk 5081/8295  330s  (eta 209s)
      [block p=0.86] chunk 5089/8295  389s  (eta 245s)
      [block p=0.86] chunk 5097/8295  448s  (eta 281s)
      [block p=0.86] chunk 5105/8295  509s  (eta 318s)
== phase run-d3: d=3 L=8 grid [0.86] ==
   K = 3865 orbits; done = [0.82, 0.84]
   [block p=0.86] RESUMED at chunk 5106/8295 (state 23:41:38)
      [block p=0.86] chunk 5113/8295  68s  (eta 42s)
      [block p=0.86] chunk 5121/8295  141s  (eta 88s)
      [block p=0.86] chunk 5129/8295  201s  (eta 124s)
      [block p=0.86] chunk 5137/8295  264s  (eta 162s)
      [block p=0.86] chunk 5145/8295  324s  (eta 199s)
      [block p=0.86] chunk 5153/8295  389s  (eta 237s)
      [block p=0.86] chunk 5161/8295  448s  (eta 272s)
      [block p=0.86] chunk 5169/8295  508s  (eta 307s)
== phase run-d3: d=3 L=8 grid [0.86] ==
   K = 3865 orbits; done = [0.82, 0.84]
   [block p=0.86] RESUMED at chunk 5170/8295 (state 23:50:24)
      [block p=0.86] chunk 5177/8295  62s  (eta 37s)
      [block p=0.86] chunk 5185/8295  122s  (eta 73s)
      [block p=0.86] chunk 5193/8295  181s  (eta 108s)
      [block p=0.86] chunk 5201/8295  242s  (eta 144s)
      [block p=0.86] chunk 5209/8295  309s  (eta 183s)
      [block p=0.86] chunk 5217/8295  377s  (eta 223s)
      [block p=0.86] chunk 5225/8295  450s  (eta 264s)
== phase run-d3: d=3 L=8 grid [0.86] ==
   K = 3865 orbits; done = [0.82, 0.84]
   [block p=0.86] RESUMED at chunk 5226/8295 (state 00:00:38)
      [block p=0.86] chunk 5233/8295  60s  (eta 35s)
      [block p=0.86] chunk 5241/8295  126s  (eta 74s)
      [block p=0.86] chunk 5249/8295  192s  (eta 111s)
      [block p=0.86] chunk 5257/8295  262s  (eta 151s)
      [block p=0.86] chunk 5265/8295  322s  (eta 185s)
      [block p=0.86] chunk 5273/8295  389s  (eta 223s)
      [block p=0.86] chunk 5281/8295  462s  (eta 264s)
== phase run-d3: d=3 L=8 grid [0.86] ==
   K = 3865 orbits; done = [0.82, 0.84]
   [block p=0.86] RESUMED at chunk 5282/8295 (state 00:09:34)
      [block p=0.86] chunk 5289/8295  64s  (eta 37s)
      [block p=0.86] chunk 5297/8295  132s  (eta 75s)
      [block p=0.86] chunk 5305/8295  197s  (eta 111s)
      [block p=0.86] chunk 5313/8295  264s  (eta 148s)
      [block p=0.86] chunk 5321/8295  330s  (eta 185s)
      [block p=0.86] chunk 5329/8295  401s  (eta 223s)
      [block p=0.86] chunk 5337/8295  473s  (eta 262s)
== phase run-d3: d=3 L=8 grid [0.86] ==
   K = 3865 orbits; done = [0.82, 0.84]
   [block p=0.86] RESUMED at chunk 5338/8295 (state 00:21:03)
      [block p=0.86] chunk 5345/8295  63s  (eta 35s)
      [block p=0.86] chunk 5353/8295  127s  (eta 70s)
      [block p=0.86] chunk 5361/8295  197s  (eta 108s)
      [block p=0.86] chunk 5369/8295  266s  (eta 145s)
      [block p=0.86] chunk 5377/8295  334s  (eta 181s)
      [block p=0.86] chunk 5385/8295  404s  (eta 218s)
      [block p=0.86] chunk 5393/8295  469s  (eta 252s)
== phase run-d3: d=3 L=8 grid [0.86] ==
   K = 3865 orbits; done = [0.82, 0.84]
   [block p=0.86] RESUMED at chunk 5394/8295 (state 00:29:41)
      [block p=0.86] chunk 5401/8295  53s  (eta 29s)
      [block p=0.86] chunk 5409/8295  112s  (eta 60s)
      [block p=0.86] chunk 5417/8295  170s  (eta 91s)
      [block p=0.86] chunk 5425/8295  230s  (eta 122s)
      [block p=0.86] chunk 5433/8295  288s  (eta 152s)
      [block p=0.86] chunk 5441/8295  346s  (eta 181s)
      [block p=0.86] chunk 5449/8295  406s  (eta 212s)
      [block p=0.86] chunk 5457/8295  475s  (eta 247s)
== phase run-d3: d=3 L=8 grid [0.86] ==
   K = 3865 orbits; done = [0.82, 0.84]
   [block p=0.86] RESUMED at chunk 5458/8295 (state 00:41:06)
      [block p=0.86] chunk 5465/8295  63s  (eta 33s)
      [block p=0.86] chunk 5473/8295  128s  (eta 66s)
      [block p=0.86] chunk 5481/8295  198s  (eta 102s)
      [block p=0.86] chunk 5489/8295  270s  (eta 138s)
      [block p=0.86] chunk 5497/8295  340s  (eta 173s)
      [block p=0.86] chunk 5505/8295  412s  (eta 209s)
      [block p=0.86] chunk 5513/8295  470s  (eta 237s)
== phase run-d3: d=3 L=8 grid [0.86] ==
   K = 3865 orbits; done = [0.82, 0.84]
   [block p=0.86] RESUMED at chunk 5514/8295 (state 00:49:43)
      [block p=0.86] chunk 5521/8295  61s  (eta 31s)
      [block p=0.86] chunk 5529/8295  132s  (eta 66s)
      [block p=0.86] chunk 5537/8295  200s  (eta 100s)
      [block p=0.86] chunk 5545/8295  268s  (eta 133s)
      [block p=0.86] chunk 5553/8295  336s  (eta 166s)
      [block p=0.86] chunk 5561/8295  409s  (eta 201s)
      [block p=0.86] chunk 5569/8295  479s  (eta 234s)
== phase run-d3: d=3 L=8 grid [0.86] ==
   K = 3865 orbits; done = [0.82, 0.84]
   [block p=0.86] RESUMED at chunk 5570/8295 (state 01:01:08)
      [block p=0.86] chunk 5577/8295  63s  (eta 31s)
      [block p=0.86] chunk 5585/8295  129s  (eta 63s)
      [block p=0.86] chunk 5593/8295  197s  (eta 95s)
      [block p=0.86] chunk 5601/8295  265s  (eta 127s)
      [block p=0.86] chunk 5609/8295  335s  (eta 160s)
      [block p=0.86] chunk 5617/8295  407s  (eta 194s)
      [block p=0.86] chunk 5625/8295  480s  (eta 228s)
== phase run-d3: d=3 L=8 grid [0.86] ==
   K = 3865 orbits; done = [0.82, 0.84]
   [block p=0.86] RESUMED at chunk 5626/8295 (state 01:09:55)
      [block p=0.86] chunk 5633/8295  63s  (eta 30s)
      [block p=0.86] chunk 5641/8295  129s  (eta 61s)
      [block p=0.86] chunk 5649/8295  197s  (eta 92s)
      [block p=0.86] chunk 5657/8295  266s  (eta 124s)
      [block p=0.86] chunk 5665/8295  334s  (eta 155s)
      [block p=0.86] chunk 5673/8295  408s  (eta 188s)
      [block p=0.86] chunk 5681/8295  475s  (eta 218s)
== phase run-d3: d=3 L=8 grid [0.86] ==
   K = 3865 orbits; done = [0.82, 0.84]
   [block p=0.86] RESUMED at chunk 5682/8295 (state 01:21:05)
      [block p=0.86] chunk 5689/8295  63s  (eta 29s)
      [block p=0.86] chunk 5697/8295  132s  (eta 60s)
      [block p=0.86] chunk 5705/8295  196s  (eta 89s)
      [block p=0.86] chunk 5713/8295  257s  (eta 116s)
      [block p=0.86] chunk 5721/8295  314s  (eta 141s)
      [block p=0.86] chunk 5729/8295  383s  (eta 171s)
      [block p=0.86] chunk 5737/8295  454s  (eta 203s)
== phase run-d3: d=3 L=8 grid [0.86] ==
   K = 3865 orbits; done = [0.82, 0.84]
   [block p=0.86] RESUMED at chunk 5738/8295 (state 01:29:27)
      [block p=0.86] chunk 5745/8295  62s  (eta 28s)
      [block p=0.86] chunk 5753/8295  129s  (eta 57s)
      [block p=0.86] chunk 5761/8295  194s  (eta 85s)
      [block p=0.86] chunk 5769/8295  256s  (eta 112s)
      [block p=0.86] chunk 5777/8295  322s  (eta 140s)
      [block p=0.86] chunk 5785/8295  389s  (eta 169s)
      [block p=0.86] chunk 5793/8295  458s  (eta 198s)
== phase run-d3: d=3 L=8 grid [0.86] ==
   K = 3865 orbits; done = [0.82, 0.84]
   [block p=0.86] RESUMED at chunk 5794/8295 (state 01:40:51)
      [block p=0.86] chunk 5801/8295  61s  (eta 26s)
      [block p=0.86] chunk 5809/8295  126s  (eta 54s)
      [block p=0.86] chunk 5817/8295  194s  (eta 83s)
      [block p=0.86] chunk 5825/8295  264s  (eta 112s)
      [block p=0.86] chunk 5833/8295  337s  (eta 142s)
      [block p=0.86] chunk 5841/8295  408s  (eta 171s)
      [block p=0.86] chunk 5849/8295  472s  (eta 197s)
== phase run-d3: d=3 L=8 grid [0.86] ==
   K = 3865 orbits; done = [0.82, 0.84]
   [block p=0.86] RESUMED at chunk 5850/8295 (state 01:49:48)
      [block p=0.86] chunk 5857/8295  59s  (eta 25s)
      [block p=0.86] chunk 5865/8295  122s  (eta 51s)
      [block p=0.86] chunk 5873/8295  187s  (eta 77s)
      [block p=0.86] chunk 5881/8295  252s  (eta 103s)
      [block p=0.86] chunk 5889/8295  318s  (eta 130s)
      [block p=0.86] chunk 5897/8295  386s  (eta 157s)
      [block p=0.86] chunk 5905/8295  457s  (eta 185s)
== phase run-d3: d=3 L=8 grid [0.86] ==
   K = 3865 orbits; done = [0.82, 0.84]
   [block p=0.86] RESUMED at chunk 5906/8295 (state 02:00:47)
      [block p=0.86] chunk 5913/8295  63s  (eta 26s)
      [block p=0.86] chunk 5921/8295  129s  (eta 52s)
      [block p=0.86] chunk 5929/8295  192s  (eta 76s)
      [block p=0.86] chunk 5937/8295  254s  (eta 101s)
      [block p=0.86] chunk 5945/8295  315s  (eta 125s)
      [block p=0.86] chunk 5953/8295  377s  (eta 148s)
      [block p=0.86] chunk 5961/8295  443s  (eta 173s)
      [block p=0.86] chunk 5969/8295  509s  (eta 198s)
== phase run-d3: d=3 L=8 grid [0.86] ==
   K = 3865 orbits; done = [0.82, 0.84]
   [block p=0.86] RESUMED at chunk 5970/8295 (state 02:10:24)
      [block p=0.86] chunk 5977/8295  61s  (eta 24s)
      [block p=0.86] chunk 5985/8295  124s  (eta 48s)
      [block p=0.86] chunk 5993/8295  193s  (eta 74s)
      [block p=0.86] chunk 6001/8295  260s  (eta 100s)
      [block p=0.86] chunk 6009/8295  331s  (eta 126s)
      [block p=0.86] chunk 6017/8295  396s  (eta 150s)
      [block p=0.86] chunk 6025/8295  458s  (eta 172s)
== phase run-d3: d=3 L=8 grid [0.86] ==
   K = 3865 orbits; done = [0.82, 0.84]
   [block p=0.86] RESUMED at chunk 6026/8295 (state 02:20:50)
      [block p=0.86] chunk 6033/8295  56s  (eta 21s)
      [block p=0.86] chunk 6041/8295  125s  (eta 47s)
      [block p=0.86] chunk 6049/8295  198s  (eta 74s)
      [block p=0.86] chunk 6057/8295  265s  (eta 98s)
      [block p=0.86] chunk 6065/8295  327s  (eta 120s)
      [block p=0.86] chunk 6073/8295  389s  (eta 142s)
      [block p=0.86] chunk 6081/8295  448s  (eta 163s)
== phase run-d3: d=3 L=8 grid [0.86] ==
   K = 3865 orbits; done = [0.82, 0.84]
   [block p=0.86] RESUMED at chunk 6082/8295 (state 02:29:23)
      [block p=0.86] chunk 6089/8295  55s  (eta 20s)
      [block p=0.86] chunk 6097/8295  121s  (eta 43s)
      [block p=0.86] chunk 6105/8295  185s  (eta 66s)
      [block p=0.86] chunk 6113/8295  253s  (eta 90s)
      [block p=0.86] chunk 6121/8295  318s  (eta 113s)
      [block p=0.86] chunk 6129/8295  379s  (eta 134s)
      [block p=0.86] chunk 6137/8295  447s  (eta 157s)
== phase run-d3: d=3 L=8 grid [0.86] ==
   K = 3865 orbits; done = [0.82, 0.84]
   [block p=0.86] RESUMED at chunk 6138/8295 (state 02:40:40)
      [block p=0.86] chunk 6145/8295  63s  (eta 22s)
      [block p=0.86] chunk 6153/8295  133s  (eta 46s)
      [block p=0.86] chunk 6161/8295  197s  (eta 68s)
      [block p=0.86] chunk 6169/8295  265s  (eta 91s)
      [block p=0.86] chunk 6177/8295  336s  (eta 115s)
      [block p=0.86] chunk 6185/8295  408s  (eta 139s)
      [block p=0.86] chunk 6193/8295  479s  (eta 163s)
== phase run-d3: d=3 L=8 grid [0.86] ==
   K = 3865 orbits; done = [0.82, 0.84]
   [block p=0.86] RESUMED at chunk 6194/8295 (state 02:49:56)
      [block p=0.86] chunk 6201/8295  53s  (eta 18s)
      [block p=0.86] chunk 6209/8295  112s  (eta 38s)
      [block p=0.86] chunk 6217/8295  176s  (eta 59s)
      [block p=0.86] chunk 6225/8295  247s  (eta 82s)
      [block p=0.86] chunk 6233/8295  316s  (eta 104s)
      [block p=0.86] chunk 6241/8295  386s  (eta 127s)
      [block p=0.86] chunk 6249/8295  449s  (eta 147s)
      [block p=0.86] chunk 6257/8295  512s  (eta 167s)
== phase run-d3: d=3 L=8 grid [0.86] ==
   K = 3865 orbits; done = [0.82, 0.84]
   [block p=0.86] RESUMED at chunk 6258/8295 (state 03:01:43)
      [block p=0.86] chunk 6265/8295  61s  (eta 20s)
      [block p=0.86] chunk 6273/8295  119s  (eta 38s)
      [block p=0.86] chunk 6281/8295  174s  (eta 56s)
      [block p=0.86] chunk 6289/8295  242s  (eta 77s)
      [block p=0.86] chunk 6297/8295  309s  (eta 98s)
      [block p=0.86] chunk 6305/8295  377s  (eta 119s)
      [block p=0.86] chunk 6313/8295  451s  (eta 142s)
== phase run-d3: d=3 L=8 grid [0.86] ==
   K = 3865 orbits; done = [0.82, 0.84]
   [block p=0.86] RESUMED at chunk 6314/8295 (state 03:09:25)
      [block p=0.86] chunk 6321/8295  63s  (eta 20s)
      [block p=0.86] chunk 6329/8295  132s  (eta 41s)
      [block p=0.86] chunk 6337/8295  195s  (eta 60s)
      [block p=0.86] chunk 6345/8295  262s  (eta 80s)
      [block p=0.86] chunk 6353/8295  328s  (eta 100s)
      [block p=0.86] chunk 6361/8295  398s  (eta 121s)
      [block p=0.86] chunk 6369/8295  473s  (eta 143s)
== phase run-d3: d=3 L=8 grid [0.86] ==
   K = 3865 orbits; done = [0.82, 0.84]
   [block p=0.86] RESUMED at chunk 6370/8295 (state 03:21:03)
      [block p=0.86] chunk 6377/8295  66s  (eta 20s)
      [block p=0.86] chunk 6385/8295  136s  (eta 41s)
      [block p=0.86] chunk 6393/8295  199s  (eta 59s)
      [block p=0.86] chunk 6401/8295  259s  (eta 77s)
      [block p=0.86] chunk 6409/8295  329s  (eta 97s)
      [block p=0.86] chunk 6417/8295  398s  (eta 117s)
      [block p=0.86] chunk 6425/8295  460s  (eta 134s)
== phase run-d3: d=3 L=8 grid [0.86] ==
   K = 3865 orbits; done = [0.82, 0.84]
   [block p=0.86] RESUMED at chunk 6426/8295 (state 03:29:35)
      [block p=0.86] chunk 6433/8295  54s  (eta 16s)
      [block p=0.86] chunk 6441/8295  113s  (eta 33s)
      [block p=0.86] chunk 6449/8295  171s  (eta 49s)
      [block p=0.86] chunk 6457/8295  232s  (eta 66s)
      [block p=0.86] chunk 6465/8295  291s  (eta 82s)
      [block p=0.86] chunk 6473/8295  359s  (eta 101s)
      [block p=0.86] chunk 6481/8295  429s  (eta 120s)
      [block p=0.86] chunk 6489/8295  501s  (eta 139s)
== phase run-d3: d=3 L=8 grid [0.86] ==
   K = 3865 orbits; done = [0.82, 0.84]
   [block p=0.86] RESUMED at chunk 6490/8295 (state 03:41:36)
      [block p=0.86] chunk 6497/8295  54s  (eta 15s)
      [block p=0.86] chunk 6505/8295  113s  (eta 31s)
      [block p=0.86] chunk 6513/8295  177s  (eta 48s)
      [block p=0.86] chunk 6521/8295  239s  (eta 65s)
      [block p=0.86] chunk 6529/8295  303s  (eta 82s)
      [block p=0.86] chunk 6537/8295  373s  (eta 100s)
      [block p=0.86] chunk 6545/8295  440s  (eta 118s)
      [block p=0.86] chunk 6553/8295  508s  (eta 135s)
== phase run-d3: d=3 L=8 grid [0.86] ==
   K = 3865 orbits; done = [0.82, 0.84]
   [block p=0.86] RESUMED at chunk 6554/8295 (state 03:50:26)
      [block p=0.86] chunk 6561/8295  57s  (eta 15s)
      [block p=0.86] chunk 6569/8295  116s  (eta 30s)
      [block p=0.86] chunk 6577/8295  174s  (eta 45s)
      [block p=0.86] chunk 6585/8295  233s  (eta 60s)
      [block p=0.86] chunk 6593/8295  295s  (eta 76s)
      [block p=0.86] chunk 6601/8295  356s  (eta 91s)
      [block p=0.86] chunk 6609/8295  415s  (eta 106s)
      [block p=0.86] chunk 6617/8295  476s  (eta 121s)
== phase run-d3: d=3 L=8 grid [0.86] ==
   K = 3865 orbits; done = [0.82, 0.84]
   [block p=0.86] RESUMED at chunk 6618/8295 (state 04:01:09)
      [block p=0.86] chunk 6625/8295  64s  (eta 16s)
      [block p=0.86] chunk 6633/8295  132s  (eta 33s)
      [block p=0.86] chunk 6641/8295  199s  (eta 50s)
      [block p=0.86] chunk 6649/8295  255s  (eta 63s)
      [block p=0.86] chunk 6657/8295  317s  (eta 78s)
      [block p=0.86] chunk 6665/8295  381s  (eta 93s)
      [block p=0.86] chunk 6673/8295  451s  (eta 110s)
== phase run-d3: d=3 L=8 grid [0.86] ==
   K = 3865 orbits; done = [0.82, 0.84]
   [block p=0.86] RESUMED at chunk 6674/8295 (state 04:09:27)
      [block p=0.86] chunk 6681/8295  64s  (eta 15s)
      [block p=0.86] chunk 6689/8295  131s  (eta 31s)
      [block p=0.86] chunk 6697/8295  205s  (eta 49s)
      [block p=0.86] chunk 6705/8295  263s  (eta 62s)
      [block p=0.86] chunk 6713/8295  333s  (eta 79s)
      [block p=0.86] chunk 6721/8295  392s  (eta 92s)
      [block p=0.86] chunk 6729/8295  460s  (eta 107s)
== phase run-d3: d=3 L=8 grid [0.86] ==
   K = 3865 orbits; done = [0.82, 0.84]
   [block p=0.86] RESUMED at chunk 6730/8295 (state 04:20:50)
      [block p=0.86] chunk 6737/8295  53s  (eta 12s)
      [block p=0.86] chunk 6745/8295  116s  (eta 27s)
      [block p=0.86] chunk 6753/8295  175s  (eta 40s)
      [block p=0.86] chunk 6761/8295  245s  (eta 56s)
      [block p=0.86] chunk 6769/8295  311s  (eta 70s)
      [block p=0.86] chunk 6777/8295  379s  (eta 85s)
      [block p=0.86] chunk 6785/8295  452s  (eta 101s)
      [block p=0.86] chunk 6793/8295  515s  (eta 114s)
== phase run-d3: d=3 L=8 grid [0.86] ==
   K = 3865 orbits; done = [0.82, 0.84]
   [block p=0.86] RESUMED at chunk 6794/8295 (state 04:30:28)
      [block p=0.86] chunk 6801/8295  64s  (eta 14s)
      [block p=0.86] chunk 6809/8295  132s  (eta 29s)
      [block p=0.86] chunk 6817/8295  198s  (eta 43s)
      [block p=0.86] chunk 6825/8295  268s  (eta 58s)
      [block p=0.86] chunk 6833/8295  338s  (eta 72s)
      [block p=0.86] chunk 6841/8295  407s  (eta 87s)
      [block p=0.86] chunk 6849/8295  466s  (eta 98s)
== phase run-d3: d=3 L=8 grid [0.86] ==
   K = 3865 orbits; done = [0.82, 0.84]
   [block p=0.86] RESUMED at chunk 6850/8295 (state 04:40:54)
      [block p=0.86] chunk 6857/8295  53s  (eta 11s)
      [block p=0.86] chunk 6865/8295  119s  (eta 25s)
      [block p=0.86] chunk 6873/8295  191s  (eta 39s)
      [block p=0.86] chunk 6881/8295  263s  (eta 54s)
      [block p=0.86] chunk 6889/8295  322s  (eta 66s)
      [block p=0.86] chunk 6897/8295  383s  (eta 78s)
      [block p=0.86] chunk 6905/8295  440s  (eta 89s)
      [block p=0.86] chunk 6913/8295  501s  (eta 100s)
== phase run-d3: d=3 L=8 grid [0.86] ==
   K = 3865 orbits; done = [0.82, 0.84]
   [block p=0.86] RESUMED at chunk 6914/8295 (state 04:50:12)
      [block p=0.86] chunk 6921/8295  56s  (eta 11s)
      [block p=0.86] chunk 6929/8295  117s  (eta 23s)
      [block p=0.86] chunk 6937/8295  180s  (eta 35s)
      [block p=0.86] chunk 6945/8295  250s  (eta 49s)
      [block p=0.86] chunk 6953/8295  322s  (eta 62s)
      [block p=0.86] chunk 6961/8295  386s  (eta 74s)
      [block p=0.86] chunk 6969/8295  446s  (eta 85s)
== phase run-d3: d=3 L=8 grid [0.86] ==
   K = 3865 orbits; done = [0.82, 0.84]
   [block p=0.86] RESUMED at chunk 6970/8295 (state 05:00:40)
      [block p=0.86] chunk 6977/8295  66s  (eta 12s)
      [block p=0.86] chunk 6985/8295  138s  (eta 26s)
      [block p=0.86] chunk 6993/8295  212s  (eta 39s)
      [block p=0.86] chunk 7001/8295  281s  (eta 52s)
      [block p=0.86] chunk 7009/8295  352s  (eta 65s)
      [block p=0.86] chunk 7017/8295  421s  (eta 77s)
      [block p=0.86] chunk 7025/8295  489s  (eta 88s)
== phase run-d3: d=3 L=8 grid [0.86] ==
   K = 3865 orbits; done = [0.82, 0.84]
   [block p=0.86] RESUMED at chunk 7026/8295 (state 05:10:06)
      [block p=0.86] chunk 7033/8295  62s  (eta 11s)
      [block p=0.86] chunk 7041/8295  128s  (eta 23s)
      [block p=0.86] chunk 7049/8295  193s  (eta 34s)
      [block p=0.86] chunk 7057/8295  260s  (eta 46s)
      [block p=0.86] chunk 7065/8295  330s  (eta 57s)
      [block p=0.86] chunk 7073/8295  400s  (eta 69s)
      [block p=0.86] chunk 7081/8295  472s  (eta 81s)
== phase run-d3: d=3 L=8 grid [0.86] ==
   K = 3865 orbits; done = [0.82, 0.84]
   [block p=0.86] RESUMED at chunk 7082/8295 (state 05:21:06)
      [block p=0.86] chunk 7089/8295  63s  (eta 11s)
      [block p=0.86] chunk 7097/8295  129s  (eta 22s)
      [block p=0.86] chunk 7105/8295  200s  (eta 34s)
      [block p=0.86] chunk 7113/8295  269s  (eta 45s)
      [block p=0.86] chunk 7121/8295  340s  (eta 56s)
      [block p=0.86] chunk 7129/8295  412s  (eta 67s)
      [block p=0.86] chunk 7137/8295  481s  (eta 78s)
== phase run-d3: d=3 L=8 grid [0.86] ==
   K = 3865 orbits; done = [0.82, 0.84]
   [block p=0.86] RESUMED at chunk 7138/8295 (state 05:29:59)
      [block p=0.86] chunk 7145/8295  68s  (eta 11s)
      [block p=0.86] chunk 7153/8295  137s  (eta 22s)
      [block p=0.86] chunk 7161/8295  205s  (eta 32s)
      [block p=0.86] chunk 7169/8295  273s  (eta 43s)
      [block p=0.86] chunk 7177/8295  342s  (eta 53s)
      [block p=0.86] chunk 7185/8295  412s  (eta 64s)
      [block p=0.86] chunk 7193/8295  484s  (eta 74s)
== phase run-d3: d=3 L=8 grid [0.86] ==
   K = 3865 orbits; done = [0.82, 0.84]
   [block p=0.86] RESUMED at chunk 7194/8295 (state 05:41:13)
      [block p=0.86] chunk 7201/8295  61s  (eta 9s)
      [block p=0.86] chunk 7209/8295  124s  (eta 19s)
      [block p=0.86] chunk 7217/8295  191s  (eta 29s)
      [block p=0.86] chunk 7225/8295  265s  (eta 39s)
      [block p=0.86] chunk 7233/8295  336s  (eta 49s)
      [block p=0.86] chunk 7241/8295  412s  (eta 60s)
      [block p=0.86] chunk 7249/8295  485s  (eta 70s)
== phase run-d3: d=3 L=8 grid [0.86] ==
   K = 3865 orbits; done = [0.82, 0.84]
   [block p=0.86] RESUMED at chunk 7250/8295 (state 05:50:03)
      [block p=0.86] chunk 7257/8295  61s  (eta 9s)
      [block p=0.86] chunk 7265/8295  125s  (eta 18s)
      [block p=0.86] chunk 7273/8295  188s  (eta 26s)
      [block p=0.86] chunk 7281/8295  253s  (eta 35s)
      [block p=0.86] chunk 7289/8295  318s  (eta 44s)
      [block p=0.86] chunk 7297/8295  387s  (eta 53s)
      [block p=0.86] chunk 7305/8295  456s  (eta 62s)
== phase run-d3: d=3 L=8 grid [0.86] ==
   K = 3865 orbits; done = [0.82, 0.84]
   [block p=0.86] RESUMED at chunk 7306/8295 (state 06:00:49)
      [block p=0.86] chunk 7313/8295  66s  (eta 9s)
      [block p=0.86] chunk 7321/8295  132s  (eta 18s)
      [block p=0.86] chunk 7329/8295  197s  (eta 26s)
      [block p=0.86] chunk 7337/8295  264s  (eta 35s)
      [block p=0.86] chunk 7345/8295  335s  (eta 43s)
      [block p=0.86] chunk 7353/8295  398s  (eta 51s)
      [block p=0.86] chunk 7361/8295  467s  (eta 59s)
== phase run-d3: d=3 L=8 grid [0.86] ==
   K = 3865 orbits; done = [0.82, 0.84]
   [block p=0.86] RESUMED at chunk 7362/8295 (state 06:09:49)
      [block p=0.86] chunk 7369/8295  59s  (eta 7s)
      [block p=0.86] chunk 7377/8295  130s  (eta 16s)
      [block p=0.86] chunk 7385/8295  193s  (eta 24s)
      [block p=0.86] chunk 7393/8295  255s  (eta 31s)
      [block p=0.86] chunk 7401/8295  315s  (eta 38s)
      [block p=0.86] chunk 7409/8295  378s  (eta 45s)
      [block p=0.86] chunk 7417/8295  446s  (eta 53s)
== phase run-d3: d=3 L=8 grid [0.86] ==
   K = 3865 orbits; done = [0.82, 0.84]
   [block p=0.86] RESUMED at chunk 7418/8295 (state 06:20:36)
      [block p=0.86] chunk 7425/8295  68s  (eta 8s)
      [block p=0.86] chunk 7433/8295  142s  (eta 16s)
      [block p=0.86] chunk 7441/8295  210s  (eta 24s)
      [block p=0.86] chunk 7449/8295  281s  (eta 32s)
      [block p=0.86] chunk 7457/8295  349s  (eta 39s)
      [block p=0.86] chunk 7465/8295  420s  (eta 47s)
      [block p=0.86] chunk 7473/8295  489s  (eta 54s)
== phase run-d3: d=3 L=8 grid [0.86] ==
   K = 3865 orbits; done = [0.82, 0.84]
   [block p=0.86] RESUMED at chunk 7474/8295 (state 06:30:03)
      [block p=0.86] chunk 7481/8295  62s  (eta 7s)
      [block p=0.86] chunk 7489/8295  129s  (eta 14s)
      [block p=0.86] chunk 7497/8295  202s  (eta 21s)
      [block p=0.86] chunk 7505/8295  274s  (eta 29s)
      [block p=0.86] chunk 7513/8295  348s  (eta 36s)
      [block p=0.86] chunk 7521/8295  417s  (eta 43s)
      [block p=0.86] chunk 7529/8295  486s  (eta 49s)
== phase run-d3: d=3 L=8 grid [0.86] ==
   K = 3865 orbits; done = [0.82, 0.84]
   [block p=0.86] RESUMED at chunk 7530/8295 (state 06:41:19)
      [block p=0.86] chunk 7537/8295  63s  (eta 6s)
      [block p=0.86] chunk 7545/8295  133s  (eta 13s)
      [block p=0.86] chunk 7553/8295  199s  (eta 20s)
      [block p=0.86] chunk 7561/8295  269s  (eta 26s)
      [block p=0.86] chunk 7569/8295  338s  (eta 32s)
      [block p=0.86] chunk 7577/8295  411s  (eta 39s)
      [block p=0.86] chunk 7585/8295  482s  (eta 45s)
== phase run-d3: d=3 L=8 grid [0.86] ==
   K = 3865 orbits; done = [0.82, 0.84]
   [block p=0.86] RESUMED at chunk 7586/8295 (state 06:50:02)
      [block p=0.86] chunk 7593/8295  54s  (eta 5s)
      [block p=0.86] chunk 7601/8295  119s  (eta 11s)
      [block p=0.86] chunk 7609/8295  189s  (eta 17s)
      [block p=0.86] chunk 7617/8295  258s  (eta 23s)
      [block p=0.86] chunk 7625/8295  330s  (eta 29s)
      [block p=0.86] chunk 7633/8295  400s  (eta 35s)
      [block p=0.86] chunk 7641/8295  470s  (eta 40s)
== phase run-d3: d=3 L=8 grid [0.86] ==
   K = 3865 orbits; done = [0.82, 0.84]
   [block p=0.86] RESUMED at chunk 7642/8295 (state 07:01:09)
      [block p=0.86] chunk 7649/8295  57s  (eta 5s)
      [block p=0.86] chunk 7657/8295  127s  (eta 11s)
      [block p=0.86] chunk 7665/8295  194s  (eta 16s)
      [block p=0.86] chunk 7673/8295  255s  (eta 21s)
      [block p=0.86] chunk 7681/8295  324s  (eta 26s)
      [block p=0.86] chunk 7689/8295  397s  (eta 31s)
      [block p=0.86] chunk 7697/8295  466s  (eta 36s)
== phase run-d3: d=3 L=8 grid [0.86] ==
   K = 3865 orbits; done = [0.82, 0.84]
   [block p=0.86] RESUMED at chunk 7698/8295 (state 07:09:54)
      [block p=0.86] chunk 7705/8295  64s  (eta 5s)
      [block p=0.86] chunk 7713/8295  124s  (eta 9s)
      [block p=0.86] chunk 7721/8295  185s  (eta 14s)
      [block p=0.86] chunk 7729/8295  250s  (eta 18s)
      [block p=0.86] chunk 7737/8295  310s  (eta 22s)
      [block p=0.86] chunk 7745/8295  372s  (eta 26s)
      [block p=0.86] chunk 7753/8295  446s  (eta 31s)
      [block p=0.86] chunk 7761/8295  516s  (eta 35s)
== phase run-d3: d=3 L=8 grid [0.86] ==
   K = 3865 orbits; done = [0.82, 0.84]
   [block p=0.86] RESUMED at chunk 7762/8295 (state 07:21:54)
      [block p=0.86] chunk 7769/8295  55s  (eta 4s)
      [block p=0.86] chunk 7777/8295  119s  (eta 8s)
      [block p=0.86] chunk 7785/8295  177s  (eta 12s)
      [block p=0.86] chunk 7793/8295  239s  (eta 15s)
      [block p=0.86] chunk 7801/8295  300s  (eta 19s)
      [block p=0.86] chunk 7809/8295  363s  (eta 23s)
      [block p=0.86] chunk 7817/8295  429s  (eta 26s)
      [block p=0.86] chunk 7825/8295  501s  (eta 30s)
== phase run-d3: d=3 L=8 grid [0.86] ==
   K = 3865 orbits; done = [0.82, 0.84]
   [block p=0.86] RESUMED at chunk 7826/8295 (state 07:30:22)
      [block p=0.86] chunk 7833/8295  64s  (eta 4s)
      [block p=0.86] chunk 7841/8295  139s  (eta 8s)
      [block p=0.86] chunk 7849/8295  206s  (eta 12s)
      [block p=0.86] chunk 7857/8295  275s  (eta 15s)
      [block p=0.86] chunk 7865/8295  345s  (eta 19s)
      [block p=0.86] chunk 7873/8295  416s  (eta 22s)
      [block p=0.86] chunk 7881/8295  487s  (eta 26s)
== phase run-d3: d=3 L=8 grid [0.86] ==
   K = 3865 orbits; done = [0.82, 0.84]
   [block p=0.86] RESUMED at chunk 7882/8295 (state 07:42:08)
      [block p=0.86] chunk 7889/8295  54s  (eta 3s)
      [block p=0.86] chunk 7897/8295  116s  (eta 6s)
      [block p=0.86] chunk 7905/8295  187s  (eta 9s)
      [block p=0.86] chunk 7913/8295  247s  (eta 12s)
      [block p=0.86] chunk 7921/8295  307s  (eta 15s)
      [block p=0.86] chunk 7929/8295  368s  (eta 17s)
      [block p=0.86] chunk 7937/8295  430s  (eta 19s)
      [block p=0.86] chunk 7945/8295  495s  (eta 22s)
== phase run-d3: d=3 L=8 grid [0.86] ==
   K = 3865 orbits; done = [0.82, 0.84]
   [block p=0.86] RESUMED at chunk 7946/8295 (state 07:51:00)
      [block p=0.86] chunk 7953/8295  60s  (eta 3s)
      [block p=0.86] chunk 7961/8295  128s  (eta 5s)
      [block p=0.86] chunk 7969/8295  199s  (eta 8s)
      [block p=0.86] chunk 7977/8295  264s  (eta 11s)
      [block p=0.86] chunk 7985/8295  334s  (eta 13s)
      [block p=0.86] chunk 7993/8295  405s  (eta 15s)
      [block p=0.86] chunk 8001/8295  474s  (eta 17s)
== phase run-d3: d=3 L=8 grid [0.86] ==
   K = 3865 orbits; done = [0.82, 0.84]
   [block p=0.86] RESUMED at chunk 8002/8295 (state 08:01:14)
      [block p=0.86] chunk 8009/8295  63s  (eta 2s)
      [block p=0.86] chunk 8017/8295  122s  (eta 4s)
      [block p=0.86] chunk 8025/8295  186s  (eta 6s)
      [block p=0.86] chunk 8033/8295  249s  (eta 8s)
      [block p=0.86] chunk 8041/8295  309s  (eta 10s)
      [block p=0.86] chunk 8049/8295  379s  (eta 12s)
      [block p=0.86] chunk 8057/8295  447s  (eta 13s)
== phase run-d3: d=3 L=8 grid [0.86] ==
   K = 3865 orbits; done = [0.82, 0.84]
   [block p=0.86] RESUMED at chunk 8058/8295 (state 08:09:30)
      [block p=0.86] chunk 8065/8295  55s  (eta 2s)
      [block p=0.86] chunk 8073/8295  123s  (eta 3s)
      [block p=0.86] chunk 8081/8295  189s  (eta 5s)
      [block p=0.86] chunk 8089/8295  257s  (eta 7s)
      [block p=0.86] chunk 8097/8295  325s  (eta 8s)
      [block p=0.86] chunk 8105/8295  394s  (eta 9s)
      [block p=0.86] chunk 8113/8295  467s  (eta 10s)
== phase run-d3: d=3 L=8 grid [0.86] ==
   K = 3865 orbits; done = [0.82, 0.84]
   [block p=0.86] RESUMED at chunk 8114/8295 (state 08:21:03)
      [block p=0.86] chunk 8121/8295  55s  (eta 1s)
      [block p=0.86] chunk 8129/8295  113s  (eta 2s)
      [block p=0.86] chunk 8137/8295  173s  (eta 3s)
      [block p=0.86] chunk 8145/8295  232s  (eta 4s)
      [block p=0.86] chunk 8153/8295  297s  (eta 5s)
      [block p=0.86] chunk 8161/8295  361s  (eta 6s)
      [block p=0.86] chunk 8169/8295  431s  (eta 7s)
      [block p=0.86] chunk 8177/8295  506s  (eta 7s)
== phase run-d3: d=3 L=8 grid [0.86] ==
   K = 3865 orbits; done = [0.82, 0.84]
   [block p=0.86] RESUMED at chunk 8178/8295 (state 08:30:28)
      [block p=0.86] chunk 8185/8295  57s  (eta 1s)
      [block p=0.86] chunk 8193/8295  117s  (eta 1s)
      [block p=0.86] chunk 8201/8295  176s  (eta 2s)
      [block p=0.86] chunk 8209/8295  249s  (eta 3s)
      [block p=0.86] chunk 8217/8295  320s  (eta 3s)
      [block p=0.86] chunk 8225/8295  388s  (eta 3s)
      [block p=0.86] chunk 8233/8295  448s  (eta 3s)
      [block p=0.86] chunk 8241/8295  511s  (eta 3s)
== phase run-d3: d=3 L=8 grid [0.86] ==
   K = 3865 orbits; done = [0.82, 0.84]
   [block p=0.86] RESUMED at chunk 8242/8295 (state 08:41:55)
      [block p=0.86] chunk 8249/8295  55s  (eta 0s)
      [block p=0.86] chunk 8257/8295  113s  (eta 1s)
      [block p=0.86] chunk 8265/8295  175s  (eta 1s)
      [block p=0.86] chunk 8273/8295  236s  (eta 1s)
      [block p=0.86] chunk 8281/8295  296s  (eta 0s)
      [block p=0.86] chunk 8289/8295  367s  (eta 0s)
   p=0.86: lam1=1.38538955e-13 lam2=8.24568487e-14 gap12=0.51888  [435.7s]
