Traceback (most recent call last):
  File "/home/z/my-project/quantum-circuits/research/scripts/v22-exactZ3-n5L8/v25_n5_L8_ext_v1.py", line 198, in <module>
    rc = {'validate-d3': phase_validate_d3,
         ^^^^^^^^^^^^^^^^^^^^^^^^^^^^^^^^^^
  File "/home/z/my-project/quantum-circuits/research/scripts/v22-exactZ3-n5L8/v25_n5_L8_ext_v1.py", line 187, in phase_run_fine
    _phase_run_grid('fine', 2, args)
  File "/home/z/my-project/quantum-circuits/research/scripts/v22-exactZ3-n5L8/v25_n5_L8_ext_v1.py", line 142, in _phase_run_grid
    ids = np_load_ids()
          ^^^^^^^^^^^^^
  File "/home/z/my-project/quantum-circuits/research/scripts/v22-exactZ3-n5L8/v25_n5_L8_ext_v1.py", line 179, in np_load_ids
    return np.load(os.path.join(TMP, 'ids_nb4.npy'), mmap_mode='r')
           ^^^^^^^^^^^^^^^^^^^^^^^^^^^^^^^^^^^^^^^^^^^^^^^^^^^^^^^^
  File "/home/z/.venv/lib/python3.12/site-packages/numpy/lib/_npyio_impl.py", line 459, in load
    fid = stack.enter_context(open(os.fspath(file), "rb"))
                              ^^^^^^^^^^^^^^^^^^^^^^^^^^^
FileNotFoundError: [Errno 2] No such file or directory: '/home/z/my-project/quantum-circuits/research/scripts/v22-exactZ3-n5L8/../../results/v22-exactZ3-n5L8/tmp_n5L8block/ids_nb4.npy'
== phase run-fine: d=2 L=8 grid [0.485] ==
   K = 3865 orbits; done = [0.455, 0.465, 0.475]
      [block p=0.485] chunk 1/8295  8s  (eta 63277s)
      [block p=0.485] chunk 9/8295  69s  (eta 63628s)
      [block p=0.485] chunk 17/8295  140s  (eta 68336s)
      [block p=0.485] chunk 25/8295  213s  (eta 70567s)
      [block p=0.485] chunk 33/8295  283s  (eta 70970s)
      [block p=0.485] chunk 41/8295  356s  (eta 71749s)
      [block p=0.485] chunk 49/8295  428s  (eta 72032s)
      [block p=0.485] chunk 57/8295  497s  (eta 71850s)
== phase run-fine: d=2 L=8 grid [0.485] ==
   K = 3865 orbits; done = [0.455, 0.465, 0.475]
   [block p=0.485] RESUMED at chunk 58/8295 (state 10:21:35)
      [block p=0.485] chunk 65/8295  66s  (eta 8327s)
      [block p=0.485] chunk 73/8295  132s  (eta 14877s)
      [block p=0.485] chunk 81/8295  203s  (eta 20605s)
      [block p=0.485] chunk 89/8295  273s  (eta 25177s)
      [block p=0.485] chunk 97/8295  345s  (eta 29142s)
      [block p=0.485] chunk 105/8295  416s  (eta 32415s)
      [block p=0.485] chunk 113/8295  486s  (eta 35220s)
== phase run-fine: d=2 L=8 grid [0.485] ==
   K = 3865 orbits; done = [0.455, 0.465, 0.475]
   [block p=0.485] RESUMED at chunk 114/8295 (state 10:30:12)
      [block p=0.485] chunk 121/8295  67s  (eta 4520s)
      [block p=0.485] chunk 129/8295  139s  (eta 8787s)
      [block p=0.485] chunk 137/8295  209s  (eta 12440s)
      [block p=0.485] chunk 145/8295  279s  (eta 15706s)
      [block p=0.485] chunk 153/8295  346s  (eta 18388s)
      [block p=0.485] chunk 161/8295  409s  (eta 20666s)
      [block p=0.485] chunk 169/8295  470s  (eta 22576s)
== phase run-fine: d=2 L=8 grid [0.485] ==
   K = 3865 orbits; done = [0.455, 0.465, 0.475]
   [block p=0.485] RESUMED at chunk 170/8295 (state 10:41:10)
      [block p=0.485] chunk 177/8295  54s  (eta 2486s)
      [block p=0.485] chunk 185/8295  114s  (eta 4988s)
      [block p=0.485] chunk 193/8295  175s  (eta 7351s)
      [block p=0.485] chunk 201/8295  234s  (eta 9439s)
      [block p=0.485] chunk 209/8295  295s  (eta 11395s)
      [block p=0.485] chunk 217/8295  354s  (eta 13179s)
      [block p=0.485] chunk 225/8295  422s  (eta 15152s)
      [block p=0.485] chunk 233/8295  496s  (eta 17158s)
== phase run-fine: d=2 L=8 grid [0.485] ==
   K = 3865 orbits; done = [0.455, 0.465, 0.475]
   [block p=0.485] RESUMED at chunk 234/8295 (state 10:50:24)
      [block p=0.485] chunk 241/8295  64s  (eta 2138s)
      [block p=0.485] chunk 249/8295  126s  (eta 4067s)
      [block p=0.485] chunk 257/8295  186s  (eta 5804s)
      [block p=0.485] chunk 265/8295  251s  (eta 7617s)
      [block p=0.485] chunk 273/8295  318s  (eta 9344s)
      [block p=0.485] chunk 281/8295  377s  (eta 10750s)
      [block p=0.485] chunk 289/8295  437s  (eta 12111s)
      [block p=0.485] chunk 297/8295  495s  (eta 13335s)
== phase run-fine: d=2 L=8 grid [0.485] ==
   K = 3865 orbits; done = [0.455, 0.465, 0.475]
   [block p=0.485] RESUMED at chunk 298/8295 (state 11:01:31)
      [block p=0.485] chunk 305/8295  57s  (eta 1495s)
      [block p=0.485] chunk 313/8295  117s  (eta 2979s)
      [block p=0.485] chunk 321/8295  174s  (eta 4326s)
      [block p=0.485] chunk 329/8295  234s  (eta 5659s)
      [block p=0.485] chunk 337/8295  303s  (eta 7147s)
      [block p=0.485] chunk 345/8295  363s  (eta 8372s)
      [block p=0.485] chunk 353/8295  427s  (eta 9617s)
      [block p=0.485] chunk 361/8295  497s  (eta 10919s)
== phase run-fine: d=2 L=8 grid [0.485] ==
   K = 3865 orbits; done = [0.455, 0.465, 0.475]
   [block p=0.485] RESUMED at chunk 362/8295 (state 11:10:21)
      [block p=0.485] chunk 369/8295  60s  (eta 1279s)
      [block p=0.485] chunk 377/8295  123s  (eta 2590s)
      [block p=0.485] chunk 385/8295  179s  (eta 3677s)
      [block p=0.485] chunk 393/8295  244s  (eta 4899s)
      [block p=0.485] chunk 401/8295  304s  (eta 5982s)
      [block p=0.485] chunk 409/8295  362s  (eta 6976s)
      [block p=0.485] chunk 417/8295  422s  (eta 7975s)
      [block p=0.485] chunk 425/8295  483s  (eta 8939s)
== phase run-fine: d=2 L=8 grid [0.485] ==
   K = 3865 orbits; done = [0.455, 0.465, 0.475]
   [block p=0.485] RESUMED at chunk 426/8295 (state 11:21:43)
      [block p=0.485] chunk 433/8295  56s  (eta 1009s)
      [block p=0.485] chunk 441/8295  124s  (eta 2214s)
      [block p=0.485] chunk 449/8295  198s  (eta 3464s)
      [block p=0.485] chunk 457/8295  269s  (eta 4612s)
      [block p=0.485] chunk 465/8295  331s  (eta 5575s)
      [block p=0.485] chunk 473/8295  393s  (eta 6502s)
      [block p=0.485] chunk 481/8295  456s  (eta 7414s)
== phase run-fine: d=2 L=8 grid [0.485] ==
   K = 3865 orbits; done = [0.455, 0.465, 0.475]
   [block p=0.485] RESUMED at chunk 482/8295 (state 11:30:03)
      [block p=0.485] chunk 489/8295  54s  (eta 858s)
      [block p=0.485] chunk 497/8295  118s  (eta 1846s)
      [block p=0.485] chunk 505/8295  188s  (eta 2905s)
      [block p=0.485] chunk 513/8295  259s  (eta 3935s)
      [block p=0.485] chunk 521/8295  320s  (eta 4770s)
      [block p=0.485] chunk 529/8295  384s  (eta 5636s)
      [block p=0.485] chunk 537/8295  444s  (eta 6414s)
      [block p=0.485] chunk 545/8295  514s  (eta 7307s)
== phase run-fine: d=2 L=8 grid [0.485] ==
   K = 3865 orbits; done = [0.455, 0.465, 0.475]
   [block p=0.485] RESUMED at chunk 546/8295 (state 11:41:52)
      [block p=0.485] chunk 553/8295  56s  (eta 782s)
      [block p=0.485] chunk 561/8295  116s  (eta 1600s)
      [block p=0.485] chunk 569/8295  172s  (eta 2340s)
      [block p=0.485] chunk 577/8295  232s  (eta 3102s)
      [block p=0.485] chunk 585/8295  297s  (eta 3915s)
      [block p=0.485] chunk 593/8295  368s  (eta 4777s)
      [block p=0.485] chunk 601/8295  440s  (eta 5632s)
      [block p=0.485] chunk 609/8295  500s  (eta 6312s)
== phase run-fine: d=2 L=8 grid [0.485] ==
   K = 3865 orbits; done = [0.455, 0.465, 0.475]
   [block p=0.485] RESUMED at chunk 610/8295 (state 11:50:25)
      [block p=0.485] chunk 617/8295  53s  (eta 663s)
      [block p=0.485] chunk 625/8295  117s  (eta 1438s)
      [block p=0.485] chunk 633/8295  172s  (eta 2076s)
      [block p=0.485] chunk 641/8295  232s  (eta 2769s)
      [block p=0.485] chunk 649/8295  291s  (eta 3431s)
      [block p=0.485] chunk 657/8295  350s  (eta 4071s)
      [block p=0.485] chunk 665/8295  420s  (eta 4820s)
      [block p=0.485] chunk 673/8295  489s  (eta 5535s)
== phase run-fine: d=2 L=8 grid [0.485] ==
   K = 3865 orbits; done = [0.455, 0.465, 0.475]
   [block p=0.485] RESUMED at chunk 674/8295 (state 12:01:21)
      [block p=0.485] chunk 681/8295  60s  (eta 673s)
      [block p=0.485] chunk 689/8295  126s  (eta 1396s)
      [block p=0.485] chunk 697/8295  186s  (eta 2027s)
      [block p=0.485] chunk 705/8295  241s  (eta 2600s)
      [block p=0.485] chunk 713/8295  300s  (eta 3193s)
      [block p=0.485] chunk 721/8295  365s  (eta 3839s)
      [block p=0.485] chunk 729/8295  433s  (eta 4491s)
      [block p=0.485] chunk 737/8295  500s  (eta 5132s)
== phase run-fine: d=2 L=8 grid [0.485] ==
   K = 3865 orbits; done = [0.455, 0.465, 0.475]
   [block p=0.485] RESUMED at chunk 738/8295 (state 12:10:22)
      [block p=0.485] chunk 745/8295  59s  (eta 599s)
      [block p=0.485] chunk 753/8295  124s  (eta 1240s)
      [block p=0.485] chunk 761/8295  185s  (eta 1836s)
      [block p=0.485] chunk 769/8295  258s  (eta 2525s)
      [block p=0.485] chunk 777/8295  323s  (eta 3121s)
      [block p=0.485] chunk 785/8295  395s  (eta 3776s)
      [block p=0.485] chunk 793/8295  466s  (eta 4405s)
== phase run-fine: d=2 L=8 grid [0.485] ==
   K = 3865 orbits; done = [0.455, 0.465, 0.475]
   [block p=0.485] RESUMED at chunk 794/8295 (state 12:21:03)
      [block p=0.485] chunk 801/8295  67s  (eta 629s)
      [block p=0.485] chunk 809/8295  140s  (eta 1295s)
      [block p=0.485] chunk 817/8295  206s  (eta 1886s)
      [block p=0.485] chunk 825/8295  270s  (eta 2447s)
      [block p=0.485] chunk 833/8295  337s  (eta 3022s)
      [block p=0.485] chunk 841/8295  397s  (eta 3521s)
      [block p=0.485] chunk 849/8295  457s  (eta 4006s)
      [block p=0.485] chunk 857/8295  518s  (eta 4492s)
== phase run-fine: d=2 L=8 grid [0.485] ==
   K = 3865 orbits; done = [0.455, 0.465, 0.475]
   [block p=0.485] RESUMED at chunk 858/8295 (state 12:30:47)
      [block p=0.485] chunk 865/8295  54s  (eta 465s)
      [block p=0.485] chunk 873/8295  118s  (eta 1001s)
      [block p=0.485] chunk 881/8295  189s  (eta 1590s)
      [block p=0.485] chunk 889/8295  259s  (eta 2156s)
      [block p=0.485] chunk 897/8295  325s  (eta 2681s)
      [block p=0.485] chunk 905/8295  389s  (eta 3173s)
      [block p=0.485] chunk 913/8295  456s  (eta 3685s)
== phase run-fine: d=2 L=8 grid [0.485] ==
   K = 3865 orbits; done = [0.455, 0.465, 0.475]
   [block p=0.485] RESUMED at chunk 914/8295 (state 12:44:16)
      [block p=0.485] chunk 921/8295  61s  (eta 487s)
      [block p=0.485] chunk 929/8295  126s  (eta 998s)
      [block p=0.485] chunk 937/8295  196s  (eta 1539s)
      [block p=0.485] chunk 945/8295  265s  (eta 2060s)
      [block p=0.485] chunk 953/8295  336s  (eta 2588s)
      [block p=0.485] chunk 961/8295  405s  (eta 3092s)
      [block p=0.485] chunk 969/8295  469s  (eta 3547s)
== phase run-fine: d=2 L=8 grid [0.485] ==
   K = 3865 orbits; done = [0.455, 0.465, 0.475]
   [block p=0.485] RESUMED at chunk 970/8295 (state 12:53:18)
      [block p=0.485] chunk 977/8295  60s  (eta 450s)
      [block p=0.485] chunk 985/8295  125s  (eta 931s)
      [block p=0.485] chunk 993/8295  196s  (eta 1441s)
      [block p=0.485] chunk 1001/8295  270s  (eta 1969s)
      [block p=0.485] chunk 1009/8295  336s  (eta 2424s)
      [block p=0.485] chunk 1017/8295  396s  (eta 2831s)
      [block p=0.485] chunk 1025/8295  454s  (eta 3218s)
== phase run-fine: d=2 L=8 grid [0.485] ==
   K = 3865 orbits; done = [0.455, 0.465, 0.475]
   [block p=0.485] RESUMED at chunk 1026/8295 (state 13:03:03)
      [block p=0.485] chunk 1033/8295  66s  (eta 462s)
      [block p=0.485] chunk 1041/8295  135s  (eta 943s)
      [block p=0.485] chunk 1049/8295  201s  (eta 1390s)
      [block p=0.485] chunk 1057/8295  263s  (eta 1801s)
      [block p=0.485] chunk 1065/8295  329s  (eta 2236s)
      [block p=0.485] chunk 1073/8295  396s  (eta 2666s)
      [block p=0.485] chunk 1081/8295  464s  (eta 3093s)
== phase run-fine: d=2 L=8 grid [0.485] ==
   K = 3865 orbits; done = [0.455, 0.465, 0.475]
   [block p=0.485] RESUMED at chunk 1082/8295 (state 13:12:01)
      [block p=0.485] chunk 1089/8295  60s  (eta 400s)
      [block p=0.485] chunk 1097/8295  129s  (eta 847s)
      [block p=0.485] chunk 1105/8295  195s  (eta 1266s)
      [block p=0.485] chunk 1113/8295  262s  (eta 1694s)
      [block p=0.485] chunk 1121/8295  328s  (eta 2102s)
      [block p=0.485] chunk 1129/8295  397s  (eta 2522s)
      [block p=0.485] chunk 1137/8295  469s  (eta 2953s)
== phase run-fine: d=2 L=8 grid [0.485] ==
   K = 3865 orbits; done = [0.455, 0.465, 0.475]
   [block p=0.485] RESUMED at chunk 1138/8295 (state 13:21:57)
      [block p=0.485] chunk 1145/8295  61s  (eta 382s)
      [block p=0.485] chunk 1153/8295  127s  (eta 784s)
      [block p=0.485] chunk 1161/8295  194s  (eta 1190s)
      [block p=0.485] chunk 1169/8295  256s  (eta 1563s)
      [block p=0.485] chunk 1177/8295  315s  (eta 1907s)
      [block p=0.485] chunk 1185/8295  384s  (eta 2303s)
      [block p=0.485] chunk 1193/8295  447s  (eta 2661s)
      [block p=0.485] chunk 1201/8295  508s  (eta 3001s)
== phase run-fine: d=2 L=8 grid [0.485] ==
   K = 3865 orbits; done = [0.455, 0.465, 0.475]
   [block p=0.485] RESUMED at chunk 1202/8295 (state 13:31:20)
      [block p=0.485] chunk 1209/8295  65s  (eta 380s)
      [block p=0.485] chunk 1217/8295  125s  (eta 725s)
      [block p=0.485] chunk 1225/8295  190s  (eta 1097s)
      [block p=0.485] chunk 1233/8295  261s  (eta 1493s)
      [block p=0.485] chunk 1241/8295  332s  (eta 1886s)
      [block p=0.485] chunk 1249/8295  397s  (eta 2240s)
      [block p=0.485] chunk 1257/8295  462s  (eta 2587s)
== phase run-fine: d=2 L=8 grid [0.485] ==
   K = 3865 orbits; done = [0.455, 0.465, 0.475]
   [block p=0.485] RESUMED at chunk 1258/8295 (state 13:41:51)
      [block p=0.485] chunk 1265/8295  55s  (eta 305s)
      [block p=0.485] chunk 1273/8295  122s  (eta 673s)
      [block p=0.485] chunk 1281/8295  190s  (eta 1041s)
      [block p=0.485] chunk 1289/8295  260s  (eta 1415s)
      [block p=0.485] chunk 1297/8295  324s  (eta 1747s)
      [block p=0.485] chunk 1305/8295  393s  (eta 2102s)
      [block p=0.485] chunk 1313/8295  455s  (eta 2419s)
      [block p=0.485] chunk 1321/8295  517s  (eta 2729s)
== phase run-fine: d=2 L=8 grid [0.485] ==
   K = 3865 orbits; done = [0.455, 0.465, 0.475]
   [block p=0.485] RESUMED at chunk 1322/8295 (state 13:51:33)
      [block p=0.485] chunk 1329/8295  62s  (eta 326s)
      [block p=0.485] chunk 1337/8295  130s  (eta 677s)
      [block p=0.485] chunk 1345/8295  189s  (eta 975s)
      [block p=0.485] chunk 1353/8295  260s  (eta 1336s)
      [block p=0.485] chunk 1361/8295  329s  (eta 1675s)
      [block p=0.485] chunk 1369/8295  398s  (eta 2011s)
      [block p=0.485] chunk 1377/8295  472s  (eta 2369s)
== phase run-fine: d=2 L=8 grid [0.485] ==
   K = 3865 orbits; done = [0.455, 0.465, 0.475]
   [block p=0.485] RESUMED at chunk 1378/8295 (state 14:01:05)
      [block p=0.485] chunk 1385/8295  57s  (eta 286s)
      [block p=0.485] chunk 1393/8295  127s  (eta 630s)
      [block p=0.485] chunk 1401/8295  196s  (eta 964s)
      [block p=0.485] chunk 1409/8295  266s  (eta 1298s)
      [block p=0.485] chunk 1417/8295  328s  (eta 1593s)
      [block p=0.485] chunk 1425/8295  393s  (eta 1895s)
      [block p=0.485] chunk 1433/8295  464s  (eta 2223s)
== phase run-fine: d=2 L=8 grid [0.485] ==
   K = 3865 orbits; done = [0.455, 0.465, 0.475]
   [block p=0.485] RESUMED at chunk 1434/8295 (state 14:09:44)
      [block p=0.485] chunk 1441/8295  56s  (eta 264s)
      [block p=0.485] chunk 1449/8295  126s  (eta 594s)
      [block p=0.485] chunk 1457/8295  185s  (eta 867s)
      [block p=0.485] chunk 1465/8295  246s  (eta 1148s)
      [block p=0.485] chunk 1473/8295  315s  (eta 1458s)
      [block p=0.485] chunk 1481/8295  385s  (eta 1770s)
      [block p=0.485] chunk 1489/8295  450s  (eta 2055s)
      [block p=0.485] chunk 1497/8295  514s  (eta 2333s)
== phase run-fine: d=2 L=8 grid [0.485] ==
   K = 3865 orbits; done = [0.455, 0.465, 0.475]
   [block p=0.485] RESUMED at chunk 1498/8295 (state 14:21:47)
      [block p=0.485] chunk 1505/8295  63s  (eta 286s)
      [block p=0.485] chunk 1513/8295  133s  (eta 595s)
      [block p=0.485] chunk 1521/8295  200s  (eta 891s)
      [block p=0.485] chunk 1529/8295  271s  (eta 1201s)
      [block p=0.485] chunk 1537/8295  338s  (eta 1487s)
      [block p=0.485] chunk 1545/8295  403s  (eta 1759s)
      [block p=0.485] chunk 1553/8295  468s  (eta 2030s)
== phase run-fine: d=2 L=8 grid [0.485] ==
   K = 3865 orbits; done = [0.455, 0.465, 0.475]
   [block p=0.485] RESUMED at chunk 1554/8295 (state 14:29:45)
      [block p=0.485] chunk 1561/8295  65s  (eta 282s)
      [block p=0.485] chunk 1569/8295  135s  (eta 578s)
      [block p=0.485] chunk 1577/8295  196s  (eta 835s)
      [block p=0.485] chunk 1585/8295  262s  (eta 1107s)
      [block p=0.485] chunk 1593/8295  324s  (eta 1362s)
      [block p=0.485] chunk 1601/8295  388s  (eta 1622s)
      [block p=0.485] chunk 1609/8295  451s  (eta 1872s)
== phase run-fine: d=2 L=8 grid [0.485] ==
   K = 3865 orbits; done = [0.455, 0.465, 0.475]
   [block p=0.485] RESUMED at chunk 1610/8295 (state 14:40:43)
      [block p=0.485] chunk 1617/8295  63s  (eta 260s)
      [block p=0.485] chunk 1625/8295  129s  (eta 531s)
      [block p=0.485] chunk 1633/8295  196s  (eta 801s)
      [block p=0.485] chunk 1641/8295  266s  (eta 1077s)
      [block p=0.485] chunk 1649/8295  334s  (eta 1346s)
      [block p=0.485] chunk 1657/8295  405s  (eta 1622s)
      [block p=0.485] chunk 1665/8295  472s  (eta 1880s)
== phase run-fine: d=2 L=8 grid [0.485] ==
   K = 3865 orbits; done = [0.455, 0.465, 0.475]
   [block p=0.485] RESUMED at chunk 1666/8295 (state 14:49:51)
      [block p=0.485] chunk 1673/8295  63s  (eta 248s)
      [block p=0.485] chunk 1681/8295  132s  (eta 520s)
      [block p=0.485] chunk 1689/8295  207s  (eta 809s)
      [block p=0.485] chunk 1697/8295  275s  (eta 1071s)
      [block p=0.485] chunk 1705/8295  344s  (eta 1329s)
      [block p=0.485] chunk 1713/8295  406s  (eta 1559s)
      [block p=0.485] chunk 1721/8295  478s  (eta 1824s)
== phase run-fine: d=2 L=8 grid [0.485] ==
   K = 3865 orbits; done = [0.455, 0.465, 0.475]
   [block p=0.485] RESUMED at chunk 1722/8295 (state 15:01:09)
      [block p=0.485] chunk 1729/8295  65s  (eta 248s)
      [block p=0.485] chunk 1737/8295  128s  (eta 484s)
      [block p=0.485] chunk 1745/8295  187s  (eta 703s)
      [block p=0.485] chunk 1753/8295  262s  (eta 979s)
      [block p=0.485] chunk 1761/8295  326s  (eta 1209s)
      [block p=0.485] chunk 1769/8295  393s  (eta 1449s)
      [block p=0.485] chunk 1777/8295  463s  (eta 1698s)
== phase run-fine: d=2 L=8 grid [0.485] ==
   K = 3865 orbits; done = [0.455, 0.465, 0.475]
   [block p=0.485] RESUMED at chunk 1778/8295 (state 15:09:40)
      [block p=0.485] chunk 1785/8295  67s  (eta 246s)
      [block p=0.485] chunk 1793/8295  138s  (eta 501s)
      [block p=0.485] chunk 1801/8295  205s  (eta 740s)
      [block p=0.485] chunk 1809/8295  278s  (eta 998s)
      [block p=0.485] chunk 1817/8295  345s  (eta 1231s)
      [block p=0.485] chunk 1825/8295  416s  (eta 1474s)
      [block p=0.485] chunk 1833/8295  486s  (eta 1712s)
== phase run-fine: d=2 L=8 grid [0.485] ==
   K = 3865 orbits; done = [0.455, 0.465, 0.475]
   [block p=0.485] RESUMED at chunk 1834/8295 (state 15:21:18)
      [block p=0.485] chunk 1841/8295  69s  (eta 243s)
      [block p=0.485] chunk 1849/8295  135s  (eta 471s)
      [block p=0.485] chunk 1857/8295  203s  (eta 705s)
      [block p=0.485] chunk 1865/8295  269s  (eta 929s)
      [block p=0.485] chunk 1873/8295  337s  (eta 1154s)
      [block p=0.485] chunk 1881/8295  401s  (eta 1366s)
      [block p=0.485] chunk 1889/8295  465s  (eta 1577s)
== phase run-fine: d=2 L=8 grid [0.485] ==
   K = 3865 orbits; done = [0.455, 0.465, 0.475]
   [block p=0.485] RESUMED at chunk 1890/8295 (state 15:29:47)
      [block p=0.485] chunk 1897/8295  59s  (eta 199s)
      [block p=0.485] chunk 1905/8295  121s  (eta 407s)
      [block p=0.485] chunk 1913/8295  183s  (eta 609s)
      [block p=0.485] chunk 1921/8295  255s  (eta 845s)
      [block p=0.485] chunk 1929/8295  322s  (eta 1064s)
      [block p=0.485] chunk 1937/8295  393s  (eta 1290s)
      [block p=0.485] chunk 1945/8295  465s  (eta 1519s)
== phase run-fine: d=2 L=8 grid [0.485] ==
   K = 3865 orbits; done = [0.455, 0.465, 0.475]
   [block p=0.485] RESUMED at chunk 1946/8295 (state 15:41:02)
      [block p=0.485] chunk 1953/8295  68s  (eta 220s)
      [block p=0.485] chunk 1961/8295  137s  (eta 442s)
      [block p=0.485] chunk 1969/8295  199s  (eta 638s)
      [block p=0.485] chunk 1977/8295  271s  (eta 868s)
      [block p=0.485] chunk 1985/8295  341s  (eta 1084s)
      [block p=0.485] chunk 1993/8295  420s  (eta 1328s)
      [block p=0.485] chunk 2001/8295  501s  (eta 1576s)
== phase run-fine: d=2 L=8 grid [0.485] ==
   K = 3865 orbits; done = [0.455, 0.465, 0.475]
   [block p=0.485] RESUMED at chunk 2002/8295 (state 15:50:23)
      [block p=0.485] chunk 2009/8295  67s  (eta 209s)
      [block p=0.485] chunk 2017/8295  131s  (eta 408s)
      [block p=0.485] chunk 2025/8295  200s  (eta 618s)
      [block p=0.485] chunk 2033/8295  277s  (eta 854s)
      [block p=0.485] chunk 2041/8295  349s  (eta 1069s)
      [block p=0.485] chunk 2049/8295  419s  (eta 1276s)
      [block p=0.485] chunk 2057/8295  489s  (eta 1484s)
== phase run-fine: d=2 L=8 grid [0.485] ==
   K = 3865 orbits; done = [0.455, 0.465, 0.475]
   [block p=0.485] RESUMED at chunk 2058/8295 (state 16:01:20)
      [block p=0.485] chunk 2065/8295  68s  (eta 204s)
      [block p=0.485] chunk 2073/8295  137s  (eta 411s)
      [block p=0.485] chunk 2081/8295  198s  (eta 593s)
      [block p=0.485] chunk 2089/8295  258s  (eta 766s)
      [block p=0.485] chunk 2097/8295  329s  (eta 973s)
      [block p=0.485] chunk 2105/8295  401s  (eta 1179s)
      [block p=0.485] chunk 2113/8295  471s  (eta 1378s)
== phase run-fine: d=2 L=8 grid [0.485] ==
   K = 3865 orbits; done = [0.455, 0.465, 0.475]
   [block p=0.485] RESUMED at chunk 2114/8295 (state 16:09:46)
      [block p=0.485] chunk 2121/8295  64s  (eta 187s)
      [block p=0.485] chunk 2129/8295  137s  (eta 397s)
      [block p=0.485] chunk 2137/8295  198s  (eta 569s)
      [block p=0.485] chunk 2145/8295  263s  (eta 755s)
      [block p=0.485] chunk 2153/8295  336s  (eta 957s)
      [block p=0.485] chunk 2161/8295  410s  (eta 1165s)
      [block p=0.485] chunk 2169/8295  479s  (eta 1352s)
== phase run-fine: d=2 L=8 grid [0.485] ==
   K = 3865 orbits; done = [0.455, 0.465, 0.475]
   [block p=0.485] RESUMED at chunk 2170/8295 (state 16:21:07)
      [block p=0.485] chunk 2177/8295  56s  (eta 158s)
      [block p=0.485] chunk 2185/8295  127s  (eta 355s)
      [block p=0.485] chunk 2193/8295  197s  (eta 548s)
      [block p=0.485] chunk 2201/8295  264s  (eta 732s)
      [block p=0.485] chunk 2209/8295  335s  (eta 922s)
      [block p=0.485] chunk 2217/8295  403s  (eta 1106s)
      [block p=0.485] chunk 2225/8295  475s  (eta 1295s)
== phase run-fine: d=2 L=8 grid [0.485] ==
   K = 3865 orbits; done = [0.455, 0.465, 0.475]
   [block p=0.485] RESUMED at chunk 2226/8295 (state 16:29:45)
      [block p=0.485] chunk 2233/8295  53s  (eta 144s)
      [block p=0.485] chunk 2241/8295  110s  (eta 297s)
      [block p=0.485] chunk 2249/8295  171s  (eta 460s)
      [block p=0.485] chunk 2257/8295  234s  (eta 627s)
      [block p=0.485] chunk 2265/8295  305s  (eta 811s)
      [block p=0.485] chunk 2273/8295  373s  (eta 990s)
      [block p=0.485] chunk 2281/8295  446s  (eta 1176s)
      [block p=0.485] chunk 2289/8295  510s  (eta 1339s)
== phase run-fine: d=2 L=8 grid [0.485] ==
   K = 3865 orbits; done = [0.455, 0.465, 0.475]
   [block p=0.485] RESUMED at chunk 2290/8295 (state 16:41:44)
      [block p=0.485] chunk 2297/8295  58s  (eta 151s)
      [block p=0.485] chunk 2305/8295  122s  (eta 317s)
      [block p=0.485] chunk 2313/8295  186s  (eta 482s)
      [block p=0.485] chunk 2321/8295  260s  (eta 669s)
      [block p=0.485] chunk 2329/8295  328s  (eta 840s)
      [block p=0.485] chunk 2337/8295  400s  (eta 1019s)
      [block p=0.485] chunk 2345/8295  476s  (eta 1207s)
== phase run-fine: d=2 L=8 grid [0.485] ==
   K = 3865 orbits; done = [0.455, 0.465, 0.475]
   [block p=0.485] RESUMED at chunk 2346/8295 (state 16:49:54)
      [block p=0.485] chunk 2353/8295  56s  (eta 141s)
      [block p=0.485] chunk 2361/8295  117s  (eta 293s)
      [block p=0.485] chunk 2369/8295  175s  (eta 438s)
      [block p=0.485] chunk 2377/8295  245s  (eta 609s)
      [block p=0.485] chunk 2385/8295  313s  (eta 776s)
      [block p=0.485] chunk 2393/8295  378s  (eta 932s)
      [block p=0.485] chunk 2401/8295  450s  (eta 1105s)
      [block p=0.485] chunk 2409/8295  515s  (eta 1259s)
== phase run-fine: d=2 L=8 grid [0.485] ==
   K = 3865 orbits; done = [0.455, 0.465, 0.475]
   [block p=0.485] RESUMED at chunk 2410/8295 (state 17:01:50)
      [block p=0.485] chunk 2417/8295  54s  (eta 130s)
      [block p=0.485] chunk 2425/8295  123s  (eta 297s)
      [block p=0.485] chunk 2433/8295  188s  (eta 453s)
      [block p=0.485] chunk 2441/8295  264s  (eta 632s)
      [block p=0.485] chunk 2449/8295  324s  (eta 773s)
      [block p=0.485] chunk 2457/8295  385s  (eta 914s)
      [block p=0.485] chunk 2465/8295  459s  (eta 1085s)
== phase run-fine: d=2 L=8 grid [0.485] ==
   K = 3865 orbits; done = [0.455, 0.465, 0.475]
   [block p=0.485] RESUMED at chunk 2466/8295 (state 17:09:41)
      [block p=0.485] chunk 2473/8295  56s  (eta 131s)
      [block p=0.485] chunk 2481/8295  122s  (eta 287s)
      [block p=0.485] chunk 2489/8295  184s  (eta 430s)
      [block p=0.485] chunk 2497/8295  246s  (eta 571s)
      [block p=0.485] chunk 2505/8295  319s  (eta 737s)
      [block p=0.485] chunk 2513/8295  388s  (eta 893s)
      [block p=0.485] chunk 2521/8295  449s  (eta 1028s)
      [block p=0.485] chunk 2529/8295  512s  (eta 1168s)
== phase run-fine: d=2 L=8 grid [0.485] ==
   K = 3865 orbits; done = [0.455, 0.465, 0.475]
   [block p=0.485] RESUMED at chunk 2530/8295 (state 17:21:42)
      [block p=0.485] chunk 2537/8295  67s  (eta 152s)
      [block p=0.485] chunk 2545/8295  132s  (eta 299s)
      [block p=0.485] chunk 2553/8295  207s  (eta 466s)
      [block p=0.485] chunk 2561/8295  285s  (eta 637s)
      [block p=0.485] chunk 2569/8295  356s  (eta 794s)
      [block p=0.485] chunk 2577/8295  427s  (eta 946s)
      [block p=0.485] chunk 2585/8295  494s  (eta 1092s)
== phase run-fine: d=2 L=8 grid [0.485] ==
   K = 3865 orbits; done = [0.455, 0.465, 0.475]
   [block p=0.485] RESUMED at chunk 2586/8295 (state 17:30:13)
      [block p=0.485] chunk 2593/8295  55s  (eta 121s)
      [block p=0.485] chunk 2601/8295  115s  (eta 252s)
      [block p=0.485] chunk 2609/8295  180s  (eta 393s)
      [block p=0.485] chunk 2617/8295  250s  (eta 543s)
      [block p=0.485] chunk 2625/8295  318s  (eta 688s)
      [block p=0.485] chunk 2633/8295  387s  (eta 833s)
      [block p=0.485] chunk 2641/8295  453s  (eta 969s)
      [block p=0.485] chunk 2649/8295  516s  (eta 1100s)
== phase run-fine: d=2 L=8 grid [0.485] ==
   K = 3865 orbits; done = [0.455, 0.465, 0.475]
   [block p=0.485] RESUMED at chunk 2650/8295 (state 17:41:49)
      [block p=0.485] chunk 2657/8295  62s  (eta 132s)
      [block p=0.485] chunk 2665/8295  130s  (eta 275s)
      [block p=0.485] chunk 2673/8295  199s  (eta 419s)
      [block p=0.485] chunk 2681/8295  266s  (eta 558s)
      [block p=0.485] chunk 2689/8295  338s  (eta 705s)
      [block p=0.485] chunk 2697/8295  408s  (eta 847s)
      [block p=0.485] chunk 2705/8295  473s  (eta 977s)
== phase run-fine: d=2 L=8 grid [0.485] ==
   K = 3865 orbits; done = [0.455, 0.465, 0.475]
   [block p=0.485] RESUMED at chunk 2706/8295 (state 17:49:51)
      [block p=0.485] chunk 2713/8295  61s  (eta 126s)
      [block p=0.485] chunk 2721/8295  128s  (eta 262s)
      [block p=0.485] chunk 2729/8295  195s  (eta 398s)
      [block p=0.485] chunk 2737/8295  259s  (eta 525s)
      [block p=0.485] chunk 2745/8295  321s  (eta 649s)
      [block p=0.485] chunk 2753/8295  393s  (eta 790s)
      [block p=0.485] chunk 2761/8295  469s  (eta 940s)
== phase run-fine: d=2 L=8 grid [0.485] ==
   K = 3865 orbits; done = [0.455, 0.465, 0.475]
   [block p=0.485] RESUMED at chunk 2762/8295 (state 18:01:05)
      [block p=0.485] chunk 2769/8295  67s  (eta 133s)
      [block p=0.485] chunk 2777/8295  133s  (eta 264s)
      [block p=0.485] chunk 2785/8295  196s  (eta 388s)
      [block p=0.485] chunk 2793/8295  256s  (eta 504s)
      [block p=0.485] chunk 2801/8295  319s  (eta 626s)
      [block p=0.485] chunk 2809/8295  391s  (eta 763s)
      [block p=0.485] chunk 2817/8295  462s  (eta 898s)
== phase run-fine: d=2 L=8 grid [0.485] ==
   K = 3865 orbits; done = [0.455, 0.465, 0.475]
   [block p=0.485] RESUMED at chunk 2818/8295 (state 18:09:45)
      [block p=0.485] chunk 2825/8295  63s  (eta 123s)
      [block p=0.485] chunk 2833/8295  128s  (eta 247s)
      [block p=0.485] chunk 2841/8295  194s  (eta 372s)
      [block p=0.485] chunk 2849/8295  258s  (eta 493s)
      [block p=0.485] chunk 2857/8295  322s  (eta 613s)
      [block p=0.485] chunk 2865/8295  394s  (eta 746s)
      [block p=0.485] chunk 2873/8295  454s  (eta 857s)
== phase run-fine: d=2 L=8 grid [0.485] ==
   K = 3865 orbits; done = [0.455, 0.465, 0.475]
   [block p=0.485] RESUMED at chunk 2874/8295 (state 18:20:51)
      [block p=0.485] chunk 2881/8295  63s  (eta 118s)
      [block p=0.485] chunk 2889/8295  128s  (eta 239s)
      [block p=0.485] chunk 2897/8295  199s  (eta 370s)
      [block p=0.485] chunk 2905/8295  262s  (eta 486s)
      [block p=0.485] chunk 2913/8295  334s  (eta 616s)
      [block p=0.485] chunk 2921/8295  395s  (eta 727s)
      [block p=0.485] chunk 2929/8295  456s  (eta 836s)
== phase run-fine: d=2 L=8 grid [0.485] ==
   K = 3865 orbits; done = [0.455, 0.465, 0.475]
   [block p=0.485] RESUMED at chunk 2930/8295 (state 18:29:52)
      [block p=0.485] chunk 2937/8295  54s  (eta 99s)
      [block p=0.485] chunk 2945/8295  115s  (eta 209s)
      [block p=0.485] chunk 2953/8295  182s  (eta 329s)
      [block p=0.485] chunk 2961/8295  255s  (eta 459s)
      [block p=0.485] chunk 2969/8295  324s  (eta 582s)
      [block p=0.485] chunk 2977/8295  389s  (eta 695s)
      [block p=0.485] chunk 2985/8295  454s  (eta 808s)
== phase run-fine: d=2 L=8 grid [0.485] ==
   K = 3865 orbits; done = [0.455, 0.465, 0.475]
   [block p=0.485] RESUMED at chunk 2986/8295 (state 18:40:44)
      [block p=0.485] chunk 2993/8295  63s  (eta 111s)
      [block p=0.485] chunk 3001/8295  121s  (eta 213s)
      [block p=0.485] chunk 3009/8295  194s  (eta 341s)
      [block p=0.485] chunk 3017/8295  264s  (eta 463s)
      [block p=0.485] chunk 3025/8295  336s  (eta 585s)
      [block p=0.485] chunk 3033/8295  406s  (eta 704s)
      [block p=0.485] chunk 3041/8295  476s  (eta 823s)
== phase run-fine: d=2 L=8 grid [0.485] ==
   K = 3865 orbits; done = [0.455, 0.465, 0.475]
   [block p=0.485] RESUMED at chunk 3042/8295 (state 18:49:53)
      [block p=0.485] chunk 3049/8295  66s  (eta 114s)
      [block p=0.485] chunk 3057/8295  133s  (eta 228s)
      [block p=0.485] chunk 3065/8295  195s  (eta 334s)
      [block p=0.485] chunk 3073/8295  266s  (eta 452s)
      [block p=0.485] chunk 3081/8295  339s  (eta 574s)
      [block p=0.485] chunk 3089/8295  415s  (eta 699s)
      [block p=0.485] chunk 3097/8295  486s  (eta 816s)
== phase run-fine: d=2 L=8 grid [0.485] ==
   K = 3865 orbits; done = [0.455, 0.465, 0.475]
   [block p=0.485] RESUMED at chunk 3098/8295 (state 19:01:21)
      [block p=0.485] chunk 3105/8295  66s  (eta 111s)
      [block p=0.485] chunk 3113/8295  137s  (eta 228s)
      [block p=0.485] chunk 3121/8295  206s  (eta 341s)
      [block p=0.485] chunk 3129/8295  270s  (eta 446s)
      [block p=0.485] chunk 3137/8295  331s  (eta 545s)
      [block p=0.485] chunk 3145/8295  402s  (eta 659s)
      [block p=0.485] chunk 3153/8295  474s  (eta 773s)
== phase run-fine: d=2 L=8 grid [0.485] ==
   K = 3865 orbits; done = [0.455, 0.465, 0.475]
   [block p=0.485] RESUMED at chunk 3154/8295 (state 19:09:58)
      [block p=0.485] chunk 3161/8295  64s  (eta 103s)
      [block p=0.485] chunk 3169/8295  133s  (eta 215s)
      [block p=0.485] chunk 3177/8295  207s  (eta 334s)
      [block p=0.485] chunk 3185/8295  283s  (eta 454s)
      [block p=0.485] chunk 3193/8295  357s  (eta 571s)
      [block p=0.485] chunk 3201/8295  418s  (eta 665s)
      [block p=0.485] chunk 3209/8295  487s  (eta 772s)
== phase run-fine: d=2 L=8 grid [0.485] ==
   K = 3865 orbits; done = [0.455, 0.465, 0.475]
   [block p=0.485] RESUMED at chunk 3210/8295 (state 19:21:22)
      [block p=0.485] chunk 3217/8295  68s  (eta 107s)
      [block p=0.485] chunk 3225/8295  142s  (eta 223s)
      [block p=0.485] chunk 3233/8295  215s  (eta 336s)
      [block p=0.485] chunk 3241/8295  281s  (eta 438s)
      [block p=0.485] chunk 3249/8295  352s  (eta 546s)
      [block p=0.485] chunk 3257/8295  426s  (eta 660s)
      [block p=0.485] chunk 3265/8295  491s  (eta 756s)
== phase run-fine: d=2 L=8 grid [0.485] ==
   K = 3865 orbits; done = [0.455, 0.465, 0.475]
   [block p=0.485] RESUMED at chunk 3266/8295 (state 19:30:13)
      [block p=0.485] chunk 3273/8295  55s  (eta 84s)
      [block p=0.485] chunk 3281/8295  113s  (eta 172s)
      [block p=0.485] chunk 3289/8295  183s  (eta 279s)
      [block p=0.485] chunk 3297/8295  251s  (eta 381s)
      [block p=0.485] chunk 3305/8295  321s  (eta 485s)
      [block p=0.485] chunk 3313/8295  390s  (eta 587s)
      [block p=0.485] chunk 3321/8295  462s  (eta 692s)
== phase run-fine: d=2 L=8 grid [0.485] ==
   K = 3865 orbits; done = [0.455, 0.465, 0.475]
   [block p=0.485] RESUMED at chunk 3322/8295 (state 19:42:23)
      [block p=0.485] chunk 3329/8295  60s  (eta 90s)
      [block p=0.485] chunk 3337/8295  129s  (eta 192s)
      [block p=0.485] chunk 3345/8295  200s  (eta 296s)
      [block p=0.485] chunk 3353/8295  261s  (eta 385s)
      [block p=0.485] chunk 3361/8295  306s  (eta 450s)
      [block p=0.485] chunk 3369/8295  350s  (eta 511s)
      [block p=0.485] chunk 3377/8295  394s  (eta 573s)
      [block p=0.485] chunk 3385/8295  437s  (eta 634s)
      [block p=0.485] chunk 3393/8295  484s  (eta 700s)
== phase run-fine: d=2 L=8 grid [0.485] ==
   K = 3865 orbits; done = [0.455, 0.465, 0.475]
   [block p=0.485] RESUMED at chunk 3394/8295 (state 19:51:31)
      [block p=0.485] chunk 3401/8295  57s  (eta 82s)
      [block p=0.485] chunk 3409/8295  118s  (eta 169s)
      [block p=0.485] chunk 3417/8295  181s  (eta 258s)
      [block p=0.485] chunk 3425/8295  242s  (eta 344s)
      [block p=0.485] chunk 3433/8295  302s  (eta 427s)
      [block p=0.485] chunk 3441/8295  361s  (eta 509s)
      [block p=0.485] chunk 3449/8295  421s  (eta 592s)
      [block p=0.485] chunk 3457/8295  479s  (eta 671s)
== phase run-fine: d=2 L=8 grid [0.485] ==
   K = 3865 orbits; done = [0.455, 0.465, 0.475]
   [block p=0.485] RESUMED at chunk 3458/8295 (state 20:01:17)
      [block p=0.485] chunk 3465/8295  56s  (eta 77s)
      [block p=0.485] chunk 3473/8295  114s  (eta 158s)
      [block p=0.485] chunk 3481/8295  171s  (eta 237s)
      [block p=0.485] chunk 3489/8295  231s  (eta 318s)
      [block p=0.485] chunk 3497/8295  295s  (eta 405s)
      [block p=0.485] chunk 3505/8295  362s  (eta 494s)
      [block p=0.485] chunk 3513/8295  429s  (eta 584s)
      [block p=0.485] chunk 3521/8295  492s  (eta 668s)
== phase run-fine: d=2 L=8 grid [0.485] ==
   K = 3865 orbits; done = [0.455, 0.465, 0.475]
   [block p=0.485] RESUMED at chunk 3522/8295 (state 20:10:17)
      [block p=0.485] chunk 3529/8295  62s  (eta 84s)
      [block p=0.485] chunk 3537/8295  126s  (eta 170s)
      [block p=0.485] chunk 3545/8295  195s  (eta 261s)
      [block p=0.485] chunk 3553/8295  262s  (eta 349s)
      [block p=0.485] chunk 3561/8295  327s  (eta 435s)
      [block p=0.485] chunk 3569/8295  394s  (eta 521s)
      [block p=0.485] chunk 3577/8295  460s  (eta 606s)
== phase run-fine: d=2 L=8 grid [0.485] ==
   K = 3865 orbits; done = [0.455, 0.465, 0.475]
   [block p=0.485] RESUMED at chunk 3578/8295 (state 20:20:48)
      [block p=0.485] chunk 3585/8295  68s  (eta 90s)
      [block p=0.485] chunk 3593/8295  127s  (eta 166s)
      [block p=0.485] chunk 3601/8295  185s  (eta 241s)
      [block p=0.485] chunk 3609/8295  242s  (eta 315s)
      [block p=0.485] chunk 3617/8295  300s  (eta 388s)
      [block p=0.485] chunk 3625/8295  358s  (eta 461s)
      [block p=0.485] chunk 3633/8295  419s  (eta 538s)
      [block p=0.485] chunk 3641/8295  487s  (eta 623s)
== phase run-fine: d=2 L=8 grid [0.485] ==
   K = 3865 orbits; done = [0.455, 0.465, 0.475]
   [block p=0.485] RESUMED at chunk 3642/8295 (state 20:30:03)
      [block p=0.485] chunk 3649/8295  55s  (eta 70s)
      [block p=0.485] chunk 3657/8295  109s  (eta 138s)
      [block p=0.485] chunk 3665/8295  168s  (eta 212s)
      [block p=0.485] chunk 3673/8295  227s  (eta 285s)
      [block p=0.485] chunk 3681/8295  285s  (eta 357s)
      [block p=0.485] chunk 3689/8295  339s  (eta 423s)
      [block p=0.485] chunk 3697/8295  393s  (eta 489s)
      [block p=0.485] chunk 3705/8295  457s  (eta 566s)
      [block p=0.485] chunk 3713/8295  515s  (eta 635s)
== phase run-fine: d=2 L=8 grid [0.485] ==
   K = 3865 orbits; done = [0.455, 0.465, 0.475]
   [block p=0.485] RESUMED at chunk 3714/8295 (state 20:41:52)
      [block p=0.485] chunk 3721/8295  55s  (eta 67s)
      [block p=0.485] chunk 3729/8295  109s  (eta 133s)
      [block p=0.485] chunk 3737/8295  174s  (eta 213s)
      [block p=0.485] chunk 3745/8295  234s  (eta 284s)
      [block p=0.485] chunk 3753/8295  292s  (eta 353s)
      [block p=0.485] chunk 3761/8295  349s  (eta 420s)
      [block p=0.485] chunk 3769/8295  412s  (eta 494s)
      [block p=0.485] chunk 3777/8295  476s  (eta 569s)
== phase run-fine: d=2 L=8 grid [0.485] ==
   K = 3865 orbits; done = [0.455, 0.465, 0.475]
   [block p=0.485] RESUMED at chunk 3778/8295 (state 20:50:02)
      [block p=0.485] chunk 3785/8295  64s  (eta 76s)
      [block p=0.485] chunk 3793/8295  119s  (eta 142s)
      [block p=0.485] chunk 3801/8295  188s  (eta 222s)
      [block p=0.485] chunk 3809/8295  252s  (eta 297s)
      [block p=0.485] chunk 3817/8295  316s  (eta 371s)
      [block p=0.485] chunk 3825/8295  383s  (eta 447s)
      [block p=0.485] chunk 3833/8295  449s  (eta 522s)
      [block p=0.485] chunk 3841/8295  515s  (eta 598s)
== phase run-fine: d=2 L=8 grid [0.485] ==
   K = 3865 orbits; done = [0.455, 0.465, 0.475]
   [block p=0.485] RESUMED at chunk 3842/8295 (state 21:01:55)
      [block p=0.485] chunk 3849/8295  62s  (eta 72s)
      [block p=0.485] chunk 3857/8295  124s  (eta 142s)
      [block p=0.485] chunk 3865/8295  189s  (eta 217s)
      [block p=0.485] chunk 3873/8295  255s  (eta 292s)
      [block p=0.485] chunk 3881/8295  316s  (eta 359s)
      [block p=0.485] chunk 3889/8295  383s  (eta 434s)
      [block p=0.485] chunk 3897/8295  447s  (eta 505s)
      [block p=0.485] chunk 3905/8295  509s  (eta 572s)
== phase run-fine: d=2 L=8 grid [0.485] ==
   K = 3865 orbits; done = [0.455, 0.465, 0.475]
   [block p=0.485] RESUMED at chunk 3906/8295 (state 21:10:40)
      [block p=0.485] chunk 3913/8295  66s  (eta 74s)
      [block p=0.485] chunk 3921/8295  130s  (eta 145s)
      [block p=0.485] chunk 3929/8295  196s  (eta 217s)
      [block p=0.485] chunk 3937/8295  262s  (eta 290s)
      [block p=0.485] chunk 3945/8295  329s  (eta 363s)
      [block p=0.485] chunk 3953/8295  393s  (eta 432s)
      [block p=0.485] chunk 3961/8295  458s  (eta 502s)
== phase run-fine: d=2 L=8 grid [0.485] ==
   K = 3865 orbits; done = [0.455, 0.465, 0.475]
   [block p=0.485] RESUMED at chunk 3962/8295 (state 21:20:52)
      [block p=0.485] chunk 3969/8295  66s  (eta 72s)
      [block p=0.485] chunk 3977/8295  129s  (eta 140s)
      [block p=0.485] chunk 3985/8295  192s  (eta 208s)
      [block p=0.485] chunk 3993/8295  258s  (eta 278s)
      [block p=0.485] chunk 4001/8295  321s  (eta 344s)
      [block p=0.485] chunk 4009/8295  384s  (eta 410s)
      [block p=0.485] chunk 4017/8295  446s  (eta 475s)
      [block p=0.485] chunk 4025/8295  510s  (eta 541s)
== phase run-fine: d=2 L=8 grid [0.485] ==
   K = 3865 orbits; done = [0.455, 0.465, 0.475]
   [block p=0.485] RESUMED at chunk 4026/8295 (state 21:30:30)
      [block p=0.485] chunk 4033/8295  56s  (eta 60s)
      [block p=0.485] chunk 4041/8295  115s  (eta 121s)
      [block p=0.485] chunk 4049/8295  172s  (eta 181s)
      [block p=0.485] chunk 4057/8295  231s  (eta 241s)
      [block p=0.485] chunk 4065/8295  297s  (eta 309s)
      [block p=0.485] chunk 4073/8295  359s  (eta 372s)
      [block p=0.485] chunk 4081/8295  425s  (eta 439s)
      [block p=0.485] chunk 4089/8295  489s  (eta 503s)
== phase run-fine: d=2 L=8 grid [0.485] ==
   K = 3865 orbits; done = [0.455, 0.465, 0.475]
   [block p=0.485] RESUMED at chunk 4090/8295 (state 21:41:21)
      [block p=0.485] chunk 4097/8295  63s  (eta 65s)
      [block p=0.485] chunk 4105/8295  121s  (eta 124s)
      [block p=0.485] chunk 4113/8295  174s  (eta 177s)
      [block p=0.485] chunk 4121/8295  238s  (eta 241s)
      [block p=0.485] chunk 4129/8295  303s  (eta 306s)
      [block p=0.485] chunk 4137/8295  368s  (eta 369s)
      [block p=0.485] chunk 4145/8295  435s  (eta 436s)
      [block p=0.485] chunk 4153/8295  499s  (eta 498s)
== phase run-fine: d=2 L=8 grid [0.485] ==
   K = 3865 orbits; done = [0.455, 0.465, 0.475]
   [block p=0.485] RESUMED at chunk 4154/8295 (state 21:50:27)
      [block p=0.485] chunk 4161/8295  54s  (eta 54s)
      [block p=0.485] chunk 4169/8295  110s  (eta 109s)
      [block p=0.485] chunk 4177/8295  163s  (eta 160s)
      [block p=0.485] chunk 4185/8295  225s  (eta 221s)
      [block p=0.485] chunk 4193/8295  280s  (eta 274s)
      [block p=0.485] chunk 4201/8295  344s  (eta 335s)
      [block p=0.485] chunk 4209/8295  412s  (eta 400s)
      [block p=0.485] chunk 4217/8295  478s  (eta 463s)
== phase run-fine: d=2 L=8 grid [0.485] ==
   K = 3865 orbits; done = [0.455, 0.465, 0.475]
   [block p=0.485] RESUMED at chunk 4218/8295 (state 22:01:12)
      [block p=0.485] chunk 4225/8295  64s  (eta 61s)
      [block p=0.485] chunk 4233/8295  131s  (eta 126s)
      [block p=0.485] chunk 4241/8295  197s  (eta 188s)
      [block p=0.485] chunk 4249/8295  260s  (eta 248s)
      [block p=0.485] chunk 4257/8295  323s  (eta 306s)
      [block p=0.485] chunk 4265/8295  388s  (eta 366s)
      [block p=0.485] chunk 4273/8295  453s  (eta 427s)
      [block p=0.485] chunk 4281/8295  517s  (eta 485s)
== phase run-fine: d=2 L=8 grid [0.485] ==
   K = 3865 orbits; done = [0.455, 0.465, 0.475]
   [block p=0.485] RESUMED at chunk 4282/8295 (state 22:10:35)
      [block p=0.485] chunk 4289/8295  59s  (eta 56s)
      [block p=0.485] chunk 4297/8295  122s  (eta 114s)
      [block p=0.485] chunk 4305/8295  183s  (eta 170s)
      [block p=0.485] chunk 4313/8295  246s  (eta 227s)
      [block p=0.485] chunk 4321/8295  307s  (eta 282s)
      [block p=0.485] chunk 4329/8295  362s  (eta 332s)
      [block p=0.485] chunk 4337/8295  422s  (eta 385s)
      [block p=0.485] chunk 4345/8295  480s  (eta 437s)
== phase run-fine: d=2 L=8 grid [0.485] ==
   K = 3865 orbits; done = [0.455, 0.465, 0.475]
   [block p=0.485] RESUMED at chunk 4346/8295 (state 22:21:10)
      [block p=0.485] chunk 4353/8295  54s  (eta 49s)
      [block p=0.485] chunk 4361/8295  110s  (eta 99s)
      [block p=0.485] chunk 4369/8295  177s  (eta 159s)
      [block p=0.485] chunk 4377/8295  243s  (eta 217s)
      [block p=0.485] chunk 4385/8295  306s  (eta 273s)
      [block p=0.485] chunk 4393/8295  370s  (eta 329s)
      [block p=0.485] chunk 4401/8295  437s  (eta 386s)
      [block p=0.485] chunk 4409/8295  503s  (eta 444s)
== phase run-fine: d=2 L=8 grid [0.485] ==
   K = 3865 orbits; done = [0.455, 0.465, 0.475]
   [block p=0.485] RESUMED at chunk 4410/8295 (state 22:30:21)
      [block p=0.485] chunk 4417/8295  64s  (eta 56s)
      [block p=0.485] chunk 4425/8295  127s  (eta 111s)
      [block p=0.485] chunk 4433/8295  195s  (eta 170s)
      [block p=0.485] chunk 4441/8295  261s  (eta 227s)
      [block p=0.485] chunk 4449/8295  326s  (eta 282s)
      [block p=0.485] chunk 4457/8295  391s  (eta 337s)
      [block p=0.485] chunk 4465/8295  454s  (eta 389s)
== phase run-fine: d=2 L=8 grid [0.485] ==
   K = 3865 orbits; done = [0.455, 0.465, 0.475]
   [block p=0.485] RESUMED at chunk 4466/8295 (state 22:40:52)
      [block p=0.485] chunk 4473/8295  54s  (eta 46s)
      [block p=0.485] chunk 4481/8295  115s  (eta 98s)
      [block p=0.485] chunk 4489/8295  176s  (eta 149s)
      [block p=0.485] chunk 4497/8295  232s  (eta 196s)
      [block p=0.485] chunk 4505/8295  291s  (eta 245s)
      [block p=0.485] chunk 4513/8295  357s  (eta 299s)
      [block p=0.485] chunk 4521/8295  420s  (eta 350s)
      [block p=0.485] chunk 4529/8295  481s  (eta 400s)
== phase run-fine: d=2 L=8 grid [0.485] ==
   K = 3865 orbits; done = [0.455, 0.465, 0.475]
   [block p=0.485] RESUMED at chunk 4530/8295 (state 22:50:04)
      [block p=0.485] chunk 4537/8295  65s  (eta 54s)
      [block p=0.485] chunk 4545/8295  133s  (eta 110s)
      [block p=0.485] chunk 4553/8295  190s  (eta 156s)
      [block p=0.485] chunk 4561/8295  249s  (eta 204s)
      [block p=0.485] chunk 4569/8295  307s  (eta 250s)
      [block p=0.485] chunk 4577/8295  364s  (eta 295s)
      [block p=0.485] chunk 4585/8295  423s  (eta 342s)
      [block p=0.485] chunk 4593/8295  488s  (eta 393s)
== phase run-fine: d=2 L=8 grid [0.485] ==
   K = 3865 orbits; done = [0.455, 0.465, 0.475]
   [block p=0.485] RESUMED at chunk 4594/8295 (state 23:01:31)
      [block p=0.485] chunk 4601/8295  53s  (eta 43s)
      [block p=0.485] chunk 4609/8295  110s  (eta 88s)
      [block p=0.485] chunk 4617/8295  164s  (eta 130s)
      [block p=0.485] chunk 4625/8295  222s  (eta 176s)
      [block p=0.485] chunk 4633/8295  285s  (eta 225s)
      [block p=0.485] chunk 4641/8295  351s  (eta 276s)
      [block p=0.485] chunk 4649/8295  418s  (eta 327s)
      [block p=0.485] chunk 4657/8295  484s  (eta 378s)
== phase run-fine: d=2 L=8 grid [0.485] ==
   K = 3865 orbits; done = [0.455, 0.465, 0.475]
   [block p=0.485] RESUMED at chunk 4658/8295 (state 23:10:10)
      [block p=0.485] chunk 4665/8295  64s  (eta 50s)
      [block p=0.485] chunk 4673/8295  117s  (eta 90s)
      [block p=0.485] chunk 4681/8295  171s  (eta 132s)
      [block p=0.485] chunk 4689/8295  231s  (eta 177s)
      [block p=0.485] chunk 4697/8295  296s  (eta 227s)
      [block p=0.485] chunk 4705/8295  355s  (eta 271s)
      [block p=0.485] chunk 4713/8295  412s  (eta 313s)
      [block p=0.485] chunk 4721/8295  467s  (eta 354s)
== phase run-fine: d=2 L=8 grid [0.485] ==
   K = 3865 orbits; done = [0.455, 0.465, 0.475]
   [block p=0.485] RESUMED at chunk 4722/8295 (state 23:20:58)
      [block p=0.485] chunk 4729/8295  62s  (eta 46s)
      [block p=0.485] chunk 4737/8295  118s  (eta 88s)
      [block p=0.485] chunk 4745/8295  177s  (eta 133s)
      [block p=0.485] chunk 4753/8295  239s  (eta 178s)
      [block p=0.485] chunk 4761/8295  302s  (eta 224s)
      [block p=0.485] chunk 4769/8295  366s  (eta 270s)
      [block p=0.485] chunk 4777/8295  434s  (eta 319s)
      [block p=0.485] chunk 4785/8295  502s  (eta 368s)
== phase run-fine: d=2 L=8 grid [0.485] ==
   K = 3865 orbits; done = [0.455, 0.465, 0.475]
   [block p=0.485] RESUMED at chunk 4786/8295 (state 23:30:20)
      [block p=0.485] chunk 4793/8295  58s  (eta 42s)
      [block p=0.485] chunk 4801/8295  116s  (eta 84s)
      [block p=0.485] chunk 4809/8295  178s  (eta 129s)
      [block p=0.485] chunk 4817/8295  239s  (eta 173s)
      [block p=0.485] chunk 4825/8295  297s  (eta 214s)
      [block p=0.485] chunk 4833/8295  351s  (eta 251s)
      [block p=0.485] chunk 4841/8295  407s  (eta 291s)
      [block p=0.485] chunk 4849/8295  473s  (eta 336s)
== phase run-fine: d=2 L=8 grid [0.485] ==
   K = 3865 orbits; done = [0.455, 0.465, 0.475]
   [block p=0.485] RESUMED at chunk 4850/8295 (state 23:41:05)
      [block p=0.485] chunk 4857/8295  63s  (eta 45s)
      [block p=0.485] chunk 4865/8295  131s  (eta 92s)
      [block p=0.485] chunk 4873/8295  193s  (eta 136s)
      [block p=0.485] chunk 4881/8295  254s  (eta 178s)
      [block p=0.485] chunk 4889/8295  320s  (eta 223s)
      [block p=0.485] chunk 4897/8295  385s  (eta 267s)
      [block p=0.485] chunk 4905/8295  454s  (eta 314s)
== phase run-fine: d=2 L=8 grid [0.485] ==
   K = 3865 orbits; done = [0.455, 0.465, 0.475]
   [block p=0.485] RESUMED at chunk 4906/8295 (state 23:49:29)
      [block p=0.485] chunk 4913/8295  63s  (eta 43s)
      [block p=0.485] chunk 4921/8295  126s  (eta 87s)
      [block p=0.485] chunk 4929/8295  189s  (eta 129s)
      [block p=0.485] chunk 4937/8295  254s  (eta 173s)
      [block p=0.485] chunk 4945/8295  308s  (eta 209s)
      [block p=0.485] chunk 4953/8295  363s  (eta 245s)
      [block p=0.485] chunk 4961/8295  423s  (eta 284s)
      [block p=0.485] chunk 4969/8295  481s  (eta 322s)
== phase run-fine: d=2 L=8 grid [0.485] ==
   K = 3865 orbits; done = [0.455, 0.465, 0.475]
   [block p=0.485] RESUMED at chunk 4970/8295 (state 00:01:36)
      [block p=0.485] chunk 4977/8295  55s  (eta 36s)
      [block p=0.485] chunk 4985/8295  119s  (eta 79s)
      [block p=0.485] chunk 4993/8295  181s  (eta 119s)
      [block p=0.485] chunk 5001/8295  239s  (eta 157s)
      [block p=0.485] chunk 5009/8295  293s  (eta 192s)
      [block p=0.485] chunk 5017/8295  349s  (eta 228s)
      [block p=0.485] chunk 5025/8295  407s  (eta 265s)
      [block p=0.485] chunk 5033/8295  464s  (eta 301s)
== phase run-fine: d=2 L=8 grid [0.485] ==
   K = 3865 orbits; done = [0.455, 0.465, 0.475]
   [block p=0.485] RESUMED at chunk 5034/8295 (state 00:10:02)
      [block p=0.485] chunk 5041/8295  54s  (eta 35s)
      [block p=0.485] chunk 5049/8295  110s  (eta 71s)
      [block p=0.485] chunk 5057/8295  164s  (eta 105s)
      [block p=0.485] chunk 5065/8295  222s  (eta 142s)
      [block p=0.485] chunk 5073/8295  286s  (eta 182s)
      [block p=0.485] chunk 5081/8295  349s  (eta 221s)
      [block p=0.485] chunk 5089/8295  415s  (eta 261s)
      [block p=0.485] chunk 5097/8295  472s  (eta 296s)
== phase run-fine: d=2 L=8 grid [0.485] ==
   K = 3865 orbits; done = [0.455, 0.465, 0.475]
   [block p=0.485] RESUMED at chunk 5098/8295 (state 00:21:03)
      [block p=0.485] chunk 5105/8295  62s  (eta 39s)
      [block p=0.485] chunk 5113/8295  128s  (eta 80s)
      [block p=0.485] chunk 5121/8295  192s  (eta 119s)
      [block p=0.485] chunk 5129/8295  251s  (eta 155s)
      [block p=0.485] chunk 5137/8295  306s  (eta 188s)
      [block p=0.485] chunk 5145/8295  363s  (eta 222s)
      [block p=0.485] chunk 5153/8295  421s  (eta 257s)
      [block p=0.485] chunk 5161/8295  478s  (eta 290s)
== phase run-fine: d=2 L=8 grid [0.485] ==
   K = 3865 orbits; done = [0.455, 0.465, 0.475]
   [block p=0.485] RESUMED at chunk 5162/8295 (state 00:29:52)
      [block p=0.485] chunk 5169/8295  60s  (eta 36s)
      [block p=0.485] chunk 5177/8295  115s  (eta 69s)
      [block p=0.485] chunk 5185/8295  177s  (eta 106s)
      [block p=0.485] chunk 5193/8295  241s  (eta 144s)
      [block p=0.485] chunk 5201/8295  295s  (eta 175s)
      [block p=0.485] chunk 5209/8295  362s  (eta 214s)
      [block p=0.485] chunk 5217/8295  425s  (eta 251s)
      [block p=0.485] chunk 5225/8295  489s  (eta 287s)
== phase run-fine: d=2 L=8 grid [0.485] ==
   K = 3865 orbits; done = [0.455, 0.465, 0.475]
   [block p=0.485] RESUMED at chunk 5226/8295 (state 00:41:22)
      [block p=0.485] chunk 5233/8295  60s  (eta 35s)
      [block p=0.485] chunk 5241/8295  120s  (eta 70s)
      [block p=0.485] chunk 5249/8295  186s  (eta 108s)
      [block p=0.485] chunk 5257/8295  243s  (eta 140s)
      [block p=0.485] chunk 5265/8295  309s  (eta 178s)
      [block p=0.485] chunk 5273/8295  376s  (eta 215s)
      [block p=0.485] chunk 5281/8295  433s  (eta 247s)
      [block p=0.485] chunk 5289/8295  491s  (eta 279s)
== phase run-fine: d=2 L=8 grid [0.485] ==
   K = 3865 orbits; done = [0.455, 0.465, 0.475]
   [block p=0.485] RESUMED at chunk 5290/8295 (state 00:50:08)
      [block p=0.485] chunk 5297/8295  63s  (eta 36s)
      [block p=0.485] chunk 5305/8295  122s  (eta 69s)
      [block p=0.485] chunk 5313/8295  186s  (eta 105s)
      [block p=0.485] chunk 5321/8295  256s  (eta 143s)
      [block p=0.485] chunk 5329/8295  314s  (eta 175s)
      [block p=0.485] chunk 5337/8295  381s  (eta 211s)
      [block p=0.485] chunk 5345/8295  436s  (eta 241s)
      [block p=0.485] chunk 5353/8295  491s  (eta 270s)
== phase run-fine: d=2 L=8 grid [0.485] ==
   K = 3865 orbits; done = [0.455, 0.465, 0.475]
   [block p=0.485] RESUMED at chunk 5354/8295 (state 01:01:21)
      [block p=0.485] chunk 5361/8295  63s  (eta 34s)
      [block p=0.485] chunk 5369/8295  125s  (eta 68s)
      [block p=0.485] chunk 5377/8295  185s  (eta 101s)
      [block p=0.485] chunk 5385/8295  250s  (eta 135s)
      [block p=0.485] chunk 5393/8295  313s  (eta 168s)
      [block p=0.485] chunk 5401/8295  377s  (eta 202s)
      [block p=0.485] chunk 5409/8295  443s  (eta 236s)
      [block p=0.485] chunk 5417/8295  510s  (eta 271s)
== phase run-fine: d=2 L=8 grid [0.485] ==
   K = 3865 orbits; done = [0.455, 0.465, 0.475]
   [block p=0.485] RESUMED at chunk 5418/8295 (state 01:10:23)
      [block p=0.485] chunk 5425/8295  61s  (eta 32s)
      [block p=0.485] chunk 5433/8295  125s  (eta 66s)
      [block p=0.485] chunk 5441/8295  185s  (eta 97s)
      [block p=0.485] chunk 5449/8295  241s  (eta 126s)
      [block p=0.485] chunk 5457/8295  303s  (eta 158s)
      [block p=0.485] chunk 5465/8295  356s  (eta 185s)
      [block p=0.485] chunk 5473/8295  412s  (eta 212s)
      [block p=0.485] chunk 5481/8295  469s  (eta 241s)
== phase run-fine: d=2 L=8 grid [0.485] ==
   K = 3865 orbits; done = [0.455, 0.465, 0.475]
   [block p=0.485] RESUMED at chunk 5482/8295 (state 01:21:03)
      [block p=0.485] chunk 5489/8295  57s  (eta 29s)
      [block p=0.485] chunk 5497/8295  120s  (eta 61s)
      [block p=0.485] chunk 5505/8295  182s  (eta 92s)
      [block p=0.485] chunk 5513/8295  247s  (eta 125s)
      [block p=0.485] chunk 5521/8295  314s  (eta 158s)
      [block p=0.485] chunk 5529/8295  378s  (eta 189s)
      [block p=0.485] chunk 5537/8295  443s  (eta 221s)
      [block p=0.485] chunk 5545/8295  505s  (eta 251s)
== phase run-fine: d=2 L=8 grid [0.485] ==
   K = 3865 orbits; done = [0.455, 0.465, 0.475]
   [block p=0.485] RESUMED at chunk 5546/8295 (state 01:30:23)
      [block p=0.485] chunk 5553/8295  54s  (eta 26s)
      [block p=0.485] chunk 5561/8295  110s  (eta 54s)
      [block p=0.485] chunk 5569/8295  164s  (eta 80s)
      [block p=0.485] chunk 5577/8295  220s  (eta 107s)
      [block p=0.485] chunk 5585/8295  275s  (eta 133s)
      [block p=0.485] chunk 5593/8295  332s  (eta 160s)
      [block p=0.485] chunk 5601/8295  391s  (eta 188s)
      [block p=0.485] chunk 5609/8295  449s  (eta 215s)
      [block p=0.485] chunk 5617/8295  504s  (eta 241s)
== phase run-fine: d=2 L=8 grid [0.485] ==
   K = 3865 orbits; done = [0.455, 0.465, 0.475]
   [block p=0.485] RESUMED at chunk 5618/8295 (state 01:41:40)
      [block p=0.485] chunk 5625/8295  61s  (eta 29s)
      [block p=0.485] chunk 5633/8295  115s  (eta 54s)
      [block p=0.485] chunk 5641/8295  172s  (eta 81s)
      [block p=0.485] chunk 5649/8295  227s  (eta 107s)
      [block p=0.485] chunk 5657/8295  284s  (eta 132s)
      [block p=0.485] chunk 5665/8295  340s  (eta 158s)
      [block p=0.485] chunk 5673/8295  398s  (eta 184s)
      [block p=0.485] chunk 5681/8295  455s  (eta 209s)
      [block p=0.485] chunk 5689/8295  510s  (eta 234s)
== phase run-fine: d=2 L=8 grid [0.485] ==
   K = 3865 orbits; done = [0.455, 0.465, 0.475]
   [block p=0.485] RESUMED at chunk 5690/8295 (state 01:50:29)
      [block p=0.485] chunk 5697/8295  53s  (eta 24s)
      [block p=0.485] chunk 5705/8295  109s  (eta 49s)
      [block p=0.485] chunk 5713/8295  161s  (eta 73s)
      [block p=0.485] chunk 5721/8295  216s  (eta 97s)
      [block p=0.485] chunk 5729/8295  271s  (eta 121s)
      [block p=0.485] chunk 5737/8295  327s  (eta 146s)
      [block p=0.485] chunk 5745/8295  386s  (eta 171s)
      [block p=0.485] chunk 5753/8295  445s  (eta 197s)
      [block p=0.485] chunk 5761/8295  501s  (eta 220s)
== phase run-fine: d=2 L=8 grid [0.485] ==
   K = 3865 orbits; done = [0.455, 0.465, 0.475]
   [block p=0.485] RESUMED at chunk 5762/8295 (state 02:01:34)
      [block p=0.485] chunk 5769/8295  63s  (eta 28s)
      [block p=0.485] chunk 5777/8295  119s  (eta 52s)
      [block p=0.485] chunk 5785/8295  182s  (eta 79s)
      [block p=0.485] chunk 5793/8295  244s  (eta 106s)
      [block p=0.485] chunk 5801/8295  309s  (eta 133s)
      [block p=0.485] chunk 5809/8295  372s  (eta 159s)
      [block p=0.485] chunk 5817/8295  431s  (eta 184s)
      [block p=0.485] chunk 5825/8295  494s  (eta 209s)
== phase run-fine: d=2 L=8 grid [0.485] ==
   K = 3865 orbits; done = [0.455, 0.465, 0.475]
   [block p=0.485] RESUMED at chunk 5826/8295 (state 02:10:11)
      [block p=0.485] chunk 5833/8295  55s  (eta 23s)
      [block p=0.485] chunk 5841/8295  113s  (eta 47s)
      [block p=0.485] chunk 5849/8295  165s  (eta 69s)
      [block p=0.485] chunk 5857/8295  217s  (eta 90s)
      [block p=0.485] chunk 5865/8295  275s  (eta 114s)
      [block p=0.485] chunk 5873/8295  332s  (eta 137s)
      [block p=0.485] chunk 5881/8295  391s  (eta 160s)
      [block p=0.485] chunk 5889/8295  450s  (eta 184s)
      [block p=0.485] chunk 5897/8295  506s  (eta 206s)
== phase run-fine: d=2 L=8 grid [0.485] ==
   K = 3865 orbits; done = [0.455, 0.465, 0.475]
   [block p=0.485] RESUMED at chunk 5898/8295 (state 02:21:41)
      [block p=0.485] chunk 5905/8295  55s  (eta 22s)
      [block p=0.485] chunk 5913/8295  112s  (eta 45s)
      [block p=0.485] chunk 5921/8295  169s  (eta 68s)
      [block p=0.485] chunk 5929/8295  227s  (eta 91s)
      [block p=0.485] chunk 5937/8295  285s  (eta 113s)
      [block p=0.485] chunk 5945/8295  339s  (eta 134s)
      [block p=0.485] chunk 5953/8295  395s  (eta 155s)
      [block p=0.485] chunk 5961/8295  455s  (eta 178s)
      [block p=0.485] chunk 5969/8295  513s  (eta 200s)
== phase run-fine: d=2 L=8 grid [0.485] ==
   K = 3865 orbits; done = [0.455, 0.465, 0.475]
   [block p=0.485] RESUMED at chunk 5970/8295 (state 02:30:31)
      [block p=0.485] chunk 5977/8295  62s  (eta 24s)
      [block p=0.485] chunk 5985/8295  116s  (eta 45s)
      [block p=0.485] chunk 5993/8295  174s  (eta 67s)
      [block p=0.485] chunk 6001/8295  229s  (eta 87s)
      [block p=0.485] chunk 6009/8295  285s  (eta 109s)
      [block p=0.485] chunk 6017/8295  340s  (eta 129s)
      [block p=0.485] chunk 6025/8295  399s  (eta 150s)
      [block p=0.485] chunk 6033/8295  455s  (eta 171s)
== phase run-fine: d=2 L=8 grid [0.485] ==
   K = 3865 orbits; done = [0.455, 0.465, 0.475]
   [block p=0.485] RESUMED at chunk 6034/8295 (state 02:41:23)
      [block p=0.485] chunk 6041/8295  54s  (eta 20s)
      [block p=0.485] chunk 6049/8295  108s  (eta 40s)
      [block p=0.485] chunk 6057/8295  171s  (eta 63s)
      [block p=0.485] chunk 6065/8295  235s  (eta 86s)
      [block p=0.485] chunk 6073/8295  300s  (eta 110s)
      [block p=0.485] chunk 6081/8295  363s  (eta 132s)
      [block p=0.485] chunk 6089/8295  426s  (eta 154s)
      [block p=0.485] chunk 6097/8295  488s  (eta 176s)
== phase run-fine: d=2 L=8 grid [0.485] ==
   K = 3865 orbits; done = [0.455, 0.465, 0.475]
   [block p=0.485] RESUMED at chunk 6098/8295 (state 02:50:39)
      [block p=0.485] chunk 6105/8295  63s  (eta 23s)
      [block p=0.485] chunk 6113/8295  122s  (eta 44s)
      [block p=0.485] chunk 6121/8295  176s  (eta 62s)
      [block p=0.485] chunk 6129/8295  234s  (eta 83s)
      [block p=0.485] chunk 6137/8295  295s  (eta 104s)
      [block p=0.485] chunk 6145/8295  360s  (eta 126s)
      [block p=0.485] chunk 6153/8295  424s  (eta 148s)
      [block p=0.485] chunk 6161/8295  484s  (eta 168s)
== phase run-fine: d=2 L=8 grid [0.485] ==
   K = 3865 orbits; done = [0.455, 0.465, 0.475]
   [block p=0.485] RESUMED at chunk 6162/8295 (state 03:01:17)
      [block p=0.485] chunk 6169/8295  65s  (eta 22s)
      [block p=0.485] chunk 6177/8295  126s  (eta 43s)
      [block p=0.485] chunk 6185/8295  190s  (eta 65s)
      [block p=0.485] chunk 6193/8295  255s  (eta 87s)
      [block p=0.485] chunk 6201/8295  322s  (eta 109s)
      [block p=0.485] chunk 6209/8295  386s  (eta 130s)
      [block p=0.485] chunk 6217/8295  453s  (eta 152s)
== phase run-fine: d=2 L=8 grid [0.485] ==
   K = 3865 orbits; done = [0.455, 0.465, 0.475]
   [block p=0.485] RESUMED at chunk 6218/8295 (state 03:09:29)
      [block p=0.485] chunk 6225/8295  59s  (eta 19s)
      [block p=0.485] chunk 6233/8295  118s  (eta 39s)
      [block p=0.485] chunk 6241/8295  176s  (eta 58s)
      [block p=0.485] chunk 6249/8295  242s  (eta 79s)
      [block p=0.485] chunk 6257/8295  305s  (eta 99s)
      [block p=0.485] chunk 6265/8295  370s  (eta 120s)
      [block p=0.485] chunk 6273/8295  432s  (eta 139s)
      [block p=0.485] chunk 6281/8295  496s  (eta 159s)
== phase run-fine: d=2 L=8 grid [0.485] ==
   K = 3865 orbits; done = [0.455, 0.465, 0.475]
   [block p=0.485] RESUMED at chunk 6282/8295 (state 03:21:28)
      [block p=0.485] chunk 6289/8295  61s  (eta 19s)
      [block p=0.485] chunk 6297/8295  122s  (eta 39s)
      [block p=0.485] chunk 6305/8295  189s  (eta 59s)
      [block p=0.485] chunk 6313/8295  254s  (eta 80s)
      [block p=0.485] chunk 6321/8295  318s  (eta 99s)
      [block p=0.485] chunk 6329/8295  382s  (eta 119s)
      [block p=0.485] chunk 6337/8295  447s  (eta 138s)
      [block p=0.485] chunk 6345/8295  507s  (eta 156s)
== phase run-fine: d=2 L=8 grid [0.485] ==
   K = 3865 orbits; done = [0.455, 0.465, 0.475]
   [block p=0.485] RESUMED at chunk 6346/8295 (state 03:30:22)
      [block p=0.485] chunk 6353/8295  54s  (eta 16s)
      [block p=0.485] chunk 6361/8295  116s  (eta 35s)
      [block p=0.485] chunk 6369/8295  177s  (eta 54s)
      [block p=0.485] chunk 6377/8295  240s  (eta 72s)
      [block p=0.485] chunk 6385/8295  299s  (eta 90s)
      [block p=0.485] chunk 6393/8295  364s  (eta 108s)
      [block p=0.485] chunk 6401/8295  420s  (eta 124s)
      [block p=0.485] chunk 6409/8295  477s  (eta 140s)
== phase run-fine: d=2 L=8 grid [0.485] ==
   K = 3865 orbits; done = [0.455, 0.465, 0.475]
   [block p=0.485] RESUMED at chunk 6410/8295 (state 03:41:14)
      [block p=0.485] chunk 6417/8295  60s  (eta 18s)
      [block p=0.485] chunk 6425/8295  125s  (eta 36s)
      [block p=0.485] chunk 6433/8295  186s  (eta 54s)
      [block p=0.485] chunk 6441/8295  248s  (eta 71s)
      [block p=0.485] chunk 6449/8295  303s  (eta 87s)
      [block p=0.485] chunk 6457/8295  358s  (eta 102s)
      [block p=0.485] chunk 6465/8295  416s  (eta 118s)
      [block p=0.485] chunk 6473/8295  473s  (eta 133s)
== phase run-fine: d=2 L=8 grid [0.485] ==
   K = 3865 orbits; done = [0.455, 0.465, 0.475]
   [block p=0.485] RESUMED at chunk 6474/8295 (state 03:49:54)
      [block p=0.485] chunk 6481/8295  60s  (eta 17s)
      [block p=0.485] chunk 6489/8295  122s  (eta 34s)
      [block p=0.485] chunk 6497/8295  188s  (eta 52s)
      [block p=0.485] chunk 6505/8295  254s  (eta 70s)
      [block p=0.485] chunk 6513/8295  317s  (eta 87s)
      [block p=0.485] chunk 6521/8295  387s  (eta 105s)
      [block p=0.485] chunk 6529/8295  453s  (eta 123s)
      [block p=0.485] chunk 6537/8295  517s  (eta 139s)
== phase run-fine: d=2 L=8 grid [0.485] ==
   K = 3865 orbits; done = [0.455, 0.465, 0.475]
   [block p=0.485] RESUMED at chunk 6538/8295 (state 04:01:58)
      [block p=0.485] chunk 6545/8295  60s  (eta 16s)
      [block p=0.485] chunk 6553/8295  121s  (eta 32s)
      [block p=0.485] chunk 6561/8295  182s  (eta 48s)
      [block p=0.485] chunk 6569/8295  247s  (eta 65s)
      [block p=0.485] chunk 6577/8295  303s  (eta 79s)
      [block p=0.485] chunk 6585/8295  360s  (eta 94s)
      [block p=0.485] chunk 6593/8295  419s  (eta 108s)
      [block p=0.485] chunk 6601/8295  478s  (eta 123s)
== phase run-fine: d=2 L=8 grid [0.485] ==
   K = 3865 orbits; done = [0.455, 0.465, 0.475]
   [block p=0.485] RESUMED at chunk 6602/8295 (state 04:10:03)
      [block p=0.485] chunk 6609/8295  57s  (eta 14s)
      [block p=0.485] chunk 6617/8295  114s  (eta 29s)
      [block p=0.485] chunk 6625/8295  168s  (eta 42s)
      [block p=0.485] chunk 6633/8295  236s  (eta 59s)
      [block p=0.485] chunk 6641/8295  300s  (eta 75s)
      [block p=0.485] chunk 6649/8295  363s  (eta 90s)
      [block p=0.485] chunk 6657/8295  423s  (eta 104s)
      [block p=0.485] chunk 6665/8295  489s  (eta 120s)
== phase run-fine: d=2 L=8 grid [0.485] ==
   K = 3865 orbits; done = [0.455, 0.465, 0.475]
   [block p=0.485] RESUMED at chunk 6666/8295 (state 04:21:28)
      [block p=0.485] chunk 6673/8295  56s  (eta 14s)
      [block p=0.485] chunk 6681/8295  109s  (eta 26s)
      [block p=0.485] chunk 6689/8295  164s  (eta 39s)
      [block p=0.485] chunk 6697/8295  222s  (eta 53s)
      [block p=0.485] chunk 6705/8295  277s  (eta 66s)
      [block p=0.485] chunk 6713/8295  343s  (eta 81s)
      [block p=0.485] chunk 6721/8295  406s  (eta 95s)
      [block p=0.485] chunk 6729/8295  469s  (eta 109s)
== phase run-fine: d=2 L=8 grid [0.485] ==
   K = 3865 orbits; done = [0.455, 0.465, 0.475]
   [block p=0.485] RESUMED at chunk 6730/8295 (state 04:29:52)
      [block p=0.485] chunk 6737/8295  63s  (eta 15s)
      [block p=0.485] chunk 6745/8295  125s  (eta 29s)
      [block p=0.485] chunk 6753/8295  187s  (eta 43s)
      [block p=0.485] chunk 6761/8295  251s  (eta 57s)
      [block p=0.485] chunk 6769/8295  316s  (eta 71s)
      [block p=0.485] chunk 6777/8295  380s  (eta 85s)
      [block p=0.485] chunk 6785/8295  445s  (eta 99s)
      [block p=0.485] chunk 6793/8295  508s  (eta 112s)
== phase run-fine: d=2 L=8 grid [0.485] ==
   K = 3865 orbits; done = [0.455, 0.465, 0.475]
   [block p=0.485] RESUMED at chunk 6794/8295 (state 04:41:48)
      [block p=0.485] chunk 6801/8295  57s  (eta 13s)
      [block p=0.485] chunk 6809/8295  124s  (eta 27s)
      [block p=0.485] chunk 6817/8295  188s  (eta 41s)
      [block p=0.485] chunk 6825/8295  256s  (eta 55s)
      [block p=0.485] chunk 6833/8295  322s  (eta 69s)
      [block p=0.485] chunk 6841/8295  379s  (eta 81s)
      [block p=0.485] chunk 6849/8295  434s  (eta 92s)
      [block p=0.485] chunk 6857/8295  490s  (eta 103s)
== phase run-fine: d=2 L=8 grid [0.485] ==
   K = 3865 orbits; done = [0.455, 0.465, 0.475]
   [block p=0.485] RESUMED at chunk 6858/8295 (state 04:50:25)
      [block p=0.485] chunk 6865/8295  61s  (eta 13s)
      [block p=0.485] chunk 6873/8295  122s  (eta 25s)
      [block p=0.485] chunk 6881/8295  186s  (eta 38s)
      [block p=0.485] chunk 6889/8295  251s  (eta 51s)
      [block p=0.485] chunk 6897/8295  317s  (eta 64s)
      [block p=0.485] chunk 6905/8295  379s  (eta 76s)
      [block p=0.485] chunk 6913/8295  444s  (eta 89s)
      [block p=0.485] chunk 6921/8295  508s  (eta 101s)
== phase run-fine: d=2 L=8 grid [0.485] ==
   K = 3865 orbits; done = [0.455, 0.465, 0.475]
   [block p=0.485] RESUMED at chunk 6922/8295 (state 05:01:44)
      [block p=0.485] chunk 6929/8295  62s  (eta 12s)
      [block p=0.485] chunk 6937/8295  116s  (eta 23s)
      [block p=0.485] chunk 6945/8295  175s  (eta 34s)
      [block p=0.485] chunk 6953/8295  231s  (eta 45s)
      [block p=0.485] chunk 6961/8295  290s  (eta 56s)
      [block p=0.485] chunk 6969/8295  348s  (eta 66s)
      [block p=0.485] chunk 6977/8295  401s  (eta 76s)
      [block p=0.485] chunk 6985/8295  458s  (eta 86s)
      [block p=0.485] chunk 6993/8295  517s  (eta 96s)
== phase run-fine: d=2 L=8 grid [0.485] ==
   K = 3865 orbits; done = [0.455, 0.465, 0.475]
   [block p=0.485] RESUMED at chunk 6994/8295 (state 05:10:42)
      [block p=0.485] chunk 7001/8295  65s  (eta 12s)
      [block p=0.485] chunk 7009/8295  134s  (eta 25s)
      [block p=0.485] chunk 7017/8295  194s  (eta 35s)
      [block p=0.485] chunk 7025/8295  264s  (eta 48s)
      [block p=0.485] chunk 7033/8295  325s  (eta 58s)
      [block p=0.485] chunk 7041/8295  389s  (eta 69s)
      [block p=0.485] chunk 7049/8295  453s  (eta 80s)
      [block p=0.485] chunk 7057/8295  517s  (eta 91s)
== phase run-fine: d=2 L=8 grid [0.485] ==
   K = 3865 orbits; done = [0.455, 0.465, 0.475]
   [block p=0.485] RESUMED at chunk 7058/8295 (state 05:22:01)
      [block p=0.485] chunk 7065/8295  63s  (eta 11s)
      [block p=0.485] chunk 7073/8295  126s  (eta 22s)
      [block p=0.485] chunk 7081/8295  187s  (eta 32s)
      [block p=0.485] chunk 7089/8295  250s  (eta 42s)
      [block p=0.485] chunk 7097/8295  310s  (eta 52s)
      [block p=0.485] chunk 7105/8295  373s  (eta 62s)
      [block p=0.485] chunk 7113/8295  438s  (eta 73s)
      [block p=0.485] chunk 7121/8295  504s  (eta 83s)
== phase run-fine: d=2 L=8 grid [0.485] ==
   K = 3865 orbits; done = [0.455, 0.465, 0.475]
   [block p=0.485] RESUMED at chunk 7122/8295 (state 05:30:38)
      [block p=0.485] chunk 7129/8295  62s  (eta 10s)
      [block p=0.485] chunk 7137/8295  122s  (eta 20s)
      [block p=0.485] chunk 7145/8295  188s  (eta 30s)
      [block p=0.485] chunk 7153/8295  249s  (eta 40s)
      [block p=0.485] chunk 7161/8295  312s  (eta 49s)
      [block p=0.485] chunk 7169/8295  369s  (eta 58s)
      [block p=0.485] chunk 7177/8295  429s  (eta 67s)
      [block p=0.485] chunk 7185/8295  496s  (eta 77s)
== phase run-fine: d=2 L=8 grid [0.485] ==
   K = 3865 orbits; done = [0.455, 0.465, 0.475]
   [block p=0.485] RESUMED at chunk 7186/8295 (state 05:41:36)
      [block p=0.485] chunk 7193/8295  62s  (eta 9s)
      [block p=0.485] chunk 7201/8295  125s  (eta 19s)
      [block p=0.485] chunk 7209/8295  187s  (eta 28s)
      [block p=0.485] chunk 7217/8295  252s  (eta 38s)
      [block p=0.485] chunk 7225/8295  316s  (eta 47s)
      [block p=0.485] chunk 7233/8295  381s  (eta 56s)
      [block p=0.485] chunk 7241/8295  440s  (eta 64s)
      [block p=0.485] chunk 7249/8295  498s  (eta 72s)
== phase run-fine: d=2 L=8 grid [0.485] ==
   K = 3865 orbits; done = [0.455, 0.465, 0.475]
   [block p=0.485] RESUMED at chunk 7250/8295 (state 05:50:31)
      [block p=0.485] chunk 7257/8295  57s  (eta 8s)
      [block p=0.485] chunk 7265/8295  123s  (eta 17s)
      [block p=0.485] chunk 7273/8295  175s  (eta 25s)
      [block p=0.485] chunk 7281/8295  231s  (eta 32s)
      [block p=0.485] chunk 7289/8295  289s  (eta 40s)
      [block p=0.485] chunk 7297/8295  344s  (eta 47s)
      [block p=0.485] chunk 7305/8295  402s  (eta 54s)
      [block p=0.485] chunk 7313/8295  459s  (eta 62s)
      [block p=0.485] chunk 7321/8295  518s  (eta 69s)
== phase run-fine: d=2 L=8 grid [0.485] ==
   K = 3865 orbits; done = [0.455, 0.465, 0.475]
   [block p=0.485] RESUMED at chunk 7322/8295 (state 06:01:54)
      [block p=0.485] chunk 7329/8295  54s  (eta 7s)
      [block p=0.485] chunk 7337/8295  112s  (eta 15s)
      [block p=0.485] chunk 7345/8295  173s  (eta 22s)
      [block p=0.485] chunk 7353/8295  230s  (eta 29s)
      [block p=0.485] chunk 7361/8295  287s  (eta 36s)
      [block p=0.485] chunk 7369/8295  355s  (eta 45s)
      [block p=0.485] chunk 7377/8295  417s  (eta 52s)
      [block p=0.485] chunk 7385/8295  479s  (eta 59s)
== phase run-fine: d=2 L=8 grid [0.485] ==
   K = 3865 orbits; done = [0.455, 0.465, 0.475]
   [block p=0.485] RESUMED at chunk 7386/8295 (state 06:10:03)
      [block p=0.485] chunk 7393/8295  53s  (eta 6s)
      [block p=0.485] chunk 7401/8295  108s  (eta 13s)
      [block p=0.485] chunk 7409/8295  162s  (eta 19s)
      [block p=0.485] chunk 7417/8295  220s  (eta 26s)
      [block p=0.485] chunk 7425/8295  274s  (eta 32s)
      [block p=0.485] chunk 7433/8295  331s  (eta 38s)
      [block p=0.485] chunk 7441/8295  389s  (eta 45s)
      [block p=0.485] chunk 7449/8295  454s  (eta 52s)
      [block p=0.485] chunk 7457/8295  515s  (eta 58s)
== phase run-fine: d=2 L=8 grid [0.485] ==
   K = 3865 orbits; done = [0.455, 0.465, 0.475]
   [block p=0.485] RESUMED at chunk 7458/8295 (state 06:21:58)
      [block p=0.485] chunk 7465/8295  58s  (eta 6s)
      [block p=0.485] chunk 7473/8295  114s  (eta 13s)
      [block p=0.485] chunk 7481/8295  168s  (eta 18s)
      [block p=0.485] chunk 7489/8295  225s  (eta 24s)
      [block p=0.485] chunk 7497/8295  284s  (eta 30s)
      [block p=0.485] chunk 7505/8295  347s  (eta 37s)
      [block p=0.485] chunk 7513/8295  409s  (eta 43s)
      [block p=0.485] chunk 7521/8295  471s  (eta 49s)
== phase run-fine: d=2 L=8 grid [0.485] ==
   K = 3865 orbits; done = [0.455, 0.465, 0.475]
   [block p=0.485] RESUMED at chunk 7522/8295 (state 06:30:23)
      [block p=0.485] chunk 7529/8295  59s  (eta 6s)
      [block p=0.485] chunk 7537/8295  119s  (eta 12s)
      [block p=0.485] chunk 7545/8295  184s  (eta 18s)
      [block p=0.485] chunk 7553/8295  250s  (eta 25s)
      [block p=0.485] chunk 7561/8295  316s  (eta 31s)
      [block p=0.485] chunk 7569/8295  383s  (eta 37s)
      [block p=0.485] chunk 7577/8295  452s  (eta 43s)
      [block p=0.485] chunk 7585/8295  515s  (eta 48s)
== phase run-fine: d=2 L=8 grid [0.485] ==
   K = 3865 orbits; done = [0.455, 0.465, 0.475]
   [block p=0.485] RESUMED at chunk 7586/8295 (state 06:41:54)
      [block p=0.485] chunk 7593/8295  62s  (eta 6s)
      [block p=0.485] chunk 7601/8295  125s  (eta 11s)
      [block p=0.485] chunk 7609/8295  186s  (eta 17s)
      [block p=0.485] chunk 7617/8295  251s  (eta 22s)
      [block p=0.485] chunk 7625/8295  314s  (eta 28s)
      [block p=0.485] chunk 7633/8295  379s  (eta 33s)
      [block p=0.485] chunk 7641/8295  446s  (eta 38s)
      [block p=0.485] chunk 7649/8295  512s  (eta 43s)
== phase run-fine: d=2 L=8 grid [0.485] ==
   K = 3865 orbits; done = [0.455, 0.465, 0.475]
   [block p=0.485] RESUMED at chunk 7650/8295 (state 06:50:41)
      [block p=0.485] chunk 7657/8295  55s  (eta 5s)
      [block p=0.485] chunk 7665/8295  109s  (eta 9s)
      [block p=0.485] chunk 7673/8295  162s  (eta 13s)
      [block p=0.485] chunk 7681/8295  215s  (eta 17s)
      [block p=0.485] chunk 7689/8295  280s  (eta 22s)
      [block p=0.485] chunk 7697/8295  341s  (eta 26s)
      [block p=0.485] chunk 7705/8295  407s  (eta 31s)
      [block p=0.485] chunk 7713/8295  472s  (eta 36s)
== phase run-fine: d=2 L=8 grid [0.485] ==
   K = 3865 orbits; done = [0.455, 0.465, 0.475]
   [block p=0.485] RESUMED at chunk 7714/8295 (state 07:02:30)
      [block p=0.485] chunk 7721/8295  55s  (eta 4s)
      [block p=0.485] chunk 7729/8295  115s  (eta 8s)
      [block p=0.485] chunk 7737/8295  178s  (eta 13s)
      [block p=0.485] chunk 7745/8295  241s  (eta 17s)
      [block p=0.485] chunk 7753/8295  302s  (eta 21s)
      [block p=0.485] chunk 7761/8295  362s  (eta 25s)
      [block p=0.485] chunk 7769/8295  416s  (eta 28s)
      [block p=0.485] chunk 7777/8295  470s  (eta 31s)
== phase run-fine: d=2 L=8 grid [0.485] ==
   K = 3865 orbits; done = [0.455, 0.465, 0.475]
   [block p=0.485] RESUMED at chunk 7778/8295 (state 07:12:15)
      [block p=0.485] chunk 7785/8295  59s  (eta 4s)
      [block p=0.485] chunk 7793/8295  120s  (eta 8s)
      [block p=0.485] chunk 7801/8295  188s  (eta 12s)
      [block p=0.485] chunk 7809/8295  251s  (eta 16s)
      [block p=0.485] chunk 7817/8295  315s  (eta 19s)
      [block p=0.485] chunk 7825/8295  382s  (eta 23s)
      [block p=0.485] chunk 7833/8295  445s  (eta 26s)
      [block p=0.485] chunk 7841/8295  511s  (eta 30s)
== phase run-fine: d=2 L=8 grid [0.485] ==
   K = 3865 orbits; done = [0.455, 0.465, 0.475]
   [block p=0.485] RESUMED at chunk 7842/8295 (state 07:24:38)
      [block p=0.485] chunk 7849/8295  62s  (eta 4s)
      [block p=0.485] chunk 7857/8295  120s  (eta 7s)
      [block p=0.485] chunk 7865/8295  183s  (eta 10s)
      [block p=0.485] chunk 7873/8295  246s  (eta 13s)
      [block p=0.485] chunk 7881/8295  308s  (eta 16s)
      [block p=0.485] chunk 7889/8295  367s  (eta 19s)
      [block p=0.485] chunk 7897/8295  435s  (eta 22s)
      [block p=0.485] chunk 7905/8295  498s  (eta 25s)
== phase run-fine: d=2 L=8 grid [0.485] ==
   K = 3865 orbits; done = [0.455, 0.465, 0.475]
   [block p=0.485] RESUMED at chunk 7906/8295 (state 07:33:10)
      [block p=0.485] chunk 7913/8295  65s  (eta 3s)
      [block p=0.485] chunk 7921/8295  130s  (eta 6s)
      [block p=0.485] chunk 7929/8295  192s  (eta 9s)
      [block p=0.485] chunk 7937/8295  254s  (eta 11s)
      [block p=0.485] chunk 7945/8295  316s  (eta 14s)
      [block p=0.485] chunk 7953/8295  381s  (eta 16s)
      [block p=0.485] chunk 7961/8295  449s  (eta 19s)
      [block p=0.485] chunk 7969/8295  515s  (eta 21s)
== phase run-fine: d=2 L=8 grid [0.485] ==
   K = 3865 orbits; done = [0.455, 0.465, 0.475]
   [block p=0.485] RESUMED at chunk 7970/8295 (state 07:43:01)
      [block p=0.485] chunk 7977/8295  62s  (eta 2s)
      [block p=0.485] chunk 7985/8295  123s  (eta 5s)
      [block p=0.485] chunk 7993/8295  185s  (eta 7s)
      [block p=0.485] chunk 8001/8295  243s  (eta 9s)
      [block p=0.485] chunk 8009/8295  305s  (eta 11s)
      [block p=0.485] chunk 8017/8295  360s  (eta 12s)
      [block p=0.485] chunk 8025/8295  413s  (eta 14s)
      [block p=0.485] chunk 8033/8295  469s  (eta 15s)
== phase run-fine: d=2 L=8 grid [0.485] ==
   K = 3865 orbits; done = [0.455, 0.465, 0.475]
   [block p=0.485] RESUMED at chunk 8034/8295 (state 07:51:01)
      [block p=0.485] chunk 8041/8295  60s  (eta 2s)
      [block p=0.485] chunk 8049/8295  120s  (eta 4s)
      [block p=0.485] chunk 8057/8295  184s  (eta 5s)
      [block p=0.485] chunk 8065/8295  249s  (eta 7s)
      [block p=0.485] chunk 8073/8295  313s  (eta 9s)
      [block p=0.485] chunk 8081/8295  378s  (eta 10s)
      [block p=0.485] chunk 8089/8295  439s  (eta 11s)
      [block p=0.485] chunk 8097/8295  500s  (eta 12s)
== phase run-fine: d=2 L=8 grid [0.485] ==
   K = 3865 orbits; done = [0.455, 0.465, 0.475]
   [block p=0.485] RESUMED at chunk 8098/8295 (state 08:01:35)
      [block p=0.485] chunk 8105/8295  66s  (eta 2s)
      [block p=0.485] chunk 8113/8295  130s  (eta 3s)
      [block p=0.485] chunk 8121/8295  200s  (eta 4s)
      [block p=0.485] chunk 8129/8295  264s  (eta 5s)
      [block p=0.485] chunk 8137/8295  320s  (eta 6s)
      [block p=0.485] chunk 8145/8295  387s  (eta 7s)
      [block p=0.485] chunk 8153/8295  452s  (eta 8s)
      [block p=0.485] chunk 8161/8295  509s  (eta 8s)
== phase run-fine: d=2 L=8 grid [0.485] ==
   K = 3865 orbits; done = [0.455, 0.465, 0.475]
   [block p=0.485] RESUMED at chunk 8162/8295 (state 08:10:30)
      [block p=0.485] chunk 8169/8295  60s  (eta 1s)
      [block p=0.485] chunk 8177/8295  125s  (eta 2s)
      [block p=0.485] chunk 8185/8295  186s  (eta 3s)
      [block p=0.485] chunk 8193/8295  251s  (eta 3s)
      [block p=0.485] chunk 8201/8295  308s  (eta 4s)
      [block p=0.485] chunk 8209/8295  366s  (eta 4s)
      [block p=0.485] chunk 8217/8295  426s  (eta 4s)
      [block p=0.485] chunk 8225/8295  485s  (eta 4s)
== phase run-fine: d=2 L=8 grid [0.485] ==
   K = 3865 orbits; done = [0.455, 0.465, 0.475]
   [block p=0.485] RESUMED at chunk 8226/8295 (state 08:21:32)
      [block p=0.485] chunk 8233/8295  64s  (eta 0s)
      [block p=0.485] chunk 8241/8295  118s  (eta 1s)
      [block p=0.485] chunk 8249/8295  174s  (eta 1s)
      [block p=0.485] chunk 8257/8295  238s  (eta 1s)
      [block p=0.485] chunk 8265/8295  293s  (eta 1s)
      [block p=0.485] chunk 8273/8295  349s  (eta 1s)
      [block p=0.485] chunk 8281/8295  413s  (eta 1s)
      [block p=0.485] chunk 8289/8295  476s  (eta 0s)
== phase run-fine: d=2 L=8 grid [0.485] ==
   K = 3865 orbits; done = [0.455, 0.465, 0.475]
   [block p=0.485] RESUMED at chunk 8296/8295 (state 08:30:45)
   p=0.485: lam1=1.00839275e-04 lam2=6.10798263e-05 gap12=0.50135  [17.5s]
